mosfet voltages
[2.3396566635850884, 2.336411637086642, 2.3367361397364865, 2.3325176052885066, 2.330246086739594, 2.324080536392546, 2.323107028443012, 2.3201865045944103, 2.3182394886953426, 2.3149944621968963, 2.308179906550159, 2.3085044092000038, 2.3020143562031112, 2.302987864152645, 2.2981203244049757, 2.293252784657306, 2.2887097475594813, 2.2864382290105687, 2.282868699862278, 2.27670314951523, 2.2708621018180266, 2.2692395885688033, 2.2666435673700462, 2.2646965514709785, 2.258531001123931, 2.2598290117233093, 2.2520409481270383, 2.247497911029213, 2.240034350082787, 2.237113826234185, 2.234842307685273, 2.2315972811868265, 2.2228357096410214, 2.2202396884422644, 2.2156966513444396, 2.2127761274958377, 2.205312566549411, 2.201094032101431, 2.1991470162023634, 2.1913589526060924, 2.189736439356869, 2.1855179049088886, 2.180974867811064, 2.1787033492621517, 2.165723243268366, 2.16247821676992, 2.157935179672095, 2.153067639924426, 2.144630571028465, 2.1400875339306404, 2.1381405180315727, 2.131001459734991, 2.1241869040882535, 2.120617374939963, 2.1144518245929147, 2.10990878749509, 2.102769729198508, 2.0959551735517707, 2.094008157652703, 2.087193602005966, 2.080054543709384, 2.0725909827629576, 2.068047945665133, 2.0609088873685506, 2.053769829071969, 2.0424122363274066, 2.038518204529271, 2.0349486753809805, 2.028458622384088, 2.0242400879361075, 2.017750034939215, 2.0093129660432547, 2.008014955443876, 1.9969818653491584, 1.9898428070525764, 1.9840017593553732, 1.9784852143080145, 1.9681011295129862, 1.9658296109640738, 1.9577170447179582, 1.9479819652226191, 1.9395448963266588, 1.9369488751279018, 1.9281873035820967, 1.9220217532350488, 1.9158562028880008, 1.9044986101434387, 1.8983330597963908, 1.8921675094493429, 1.8876244723515179, 1.8782138955060237, 1.8733463557583543, 1.8623132656636368, 1.8564722179664335, 1.8457636305215606, 1.8353795457265325, 1.8321345192280862, 1.8253199635813488, 1.8162338893856993, 1.8120153549377191, 1.8055253019408264, 1.794492211846109, 1.7841081270510808, 1.7811876032024792, 1.770803518407451, 1.7597704283127336, 1.7526313700161518, 1.7490618408678609, 1.7393267613725218, 1.7299161845270277, 1.723426131530135, 1.7101215228865052, 1.7026579619400786, 1.6968169142428753, 1.6893533532964489, 1.6831878029494007, 1.670856702255305, 1.663717643958723, 1.6530090565138502, 1.6474925114664916, 1.636459421371774, 1.6302938710247261, 1.6182872729804747, 1.610174706734359, 1.604982664336845, 1.5955720874913506, 1.586486013295701, 1.576750933800362, 1.5709098861031587, 1.5621483145573536, 1.54787019796419, 1.5443006688158991, 1.5322940707716477, 1.527751033673823, 1.5157444356295715, 1.5095788852825236, 1.4978967898881168, 1.488161710392778, 1.480049144146662, 1.470638567301168, 1.4634995090045861, 1.4537644295092471, 1.4427313394145298, 1.4326717572693461, 1.4304002387204338, 1.4167711274269592, 1.4076850532313097, 1.3966519631365921, 1.3852943703920302, 1.3784798147452928, 1.368744735249954, 1.3593341584044596, 1.3515460948081885, 1.3457050471109853, 1.3314269305178215, 1.3181223218741915, 1.3103342582779205, 1.3048177132305618, 1.2934601204859997, 1.2846985489401948, 1.273016453545788, 1.2681489137981186, 1.2548443051544886, 1.2444602203594606, 1.2337516329145877, 1.2266125746180059, 1.2181755057220456, 1.2032483838291925, 1.1983808440815231, 1.1905927804852519, 1.1798841930403792, 1.1669040870465939, 1.1574935102010997, 1.1490564413051392, 1.139645864459645, 1.1334803141125969, 1.118553192219744, 1.1097916206739389, 1.1020035570776678, 1.091294969632795, 1.0815598901374561, 1.0721493132919617, 1.0585202019984874, 1.0504076357523715, 1.0364540218090526, 1.0286659582127813, 1.0173083654682193, 1.01244082572055, 0.9981627091273862, 0.9906991481809597, 0.979017052786553, 0.9718779944899711, 0.9592223911460306, 0.9514343275497594, 0.940401237455042, 0.9339111844581494, 0.9209310784643642, 0.9124940095684038, 0.9001629088743078, 0.8914013373285028, 0.8767987180854945, 0.8696596597889126, 0.857004056444972, 0.850838506097924, 0.8388319080536727, 0.8310438444574015, 0.8216332676119072, 0.8106001775171898, 0.79729556887356, 0.7908055158766674, 0.7804214310816392, 0.770037346286611, 0.7564082349931366, 0.7489446740467101, 0.7427791236996621, 0.7297990177058769, 0.7229844620591397, 0.707732837516442, 0.6992957686204816, 0.6876136732260749, 0.6746335672322897, 0.669117022184931, 0.6606799532889707, 0.648997857894564, 0.6376402651500018, 0.6314747148029539, 0.6197926194085472, 0.6097330372633637, 0.5986999471686463, 0.5889648676733074, 0.5769582696290559, 0.5717662272315419, 0.5565146026888442, 0.5519715655910195, 0.5393159622470789, 0.5305543907012739, 0.5140047555591977, 0.5094617184613729, 0.5016736548651017, 0.49193857536976277, 0.4805809826252007, 0.4721439137292403, 0.4633823421834353, 0.4520247494388732, 0.44228966994353436, 0.4332035957478847, 0.42444202420207966, 0.41340893410736224, 0.4033493519621787, 0.39231626186746127, 0.3822566797222777, 0.3734951081764727, 0.3637600286811338, 0.35272693858641635, 0.34591238293967913, 0.33520379549480633, 0.32449520804993354, 0.31346211795521606, 0.302104525210654, 0.2969124828131399, 0.287177403317801, 0.28003834502121916, 0.2699787628760356, 0.2615416939800752, 0.25115760918504704, 0.23980001644048501, 0.2281179210460783, 0.22227687334887497, 0.2151378150522931, 0.2024822117083525, 0.1937206401625475, 0.18268755006783008, 0.1745749838217143, 0.16711142287528782, 0.15380681423165796, 0.15056178773321166, 0.13660817378989257, 0.1294691154933107, 0.11876052804843787, 0.11129696710201137, 0.10415790880542951, 0.0934493213605567, 0.08403874451506242, 0.07592617826894667, 0.06943612527205406, 0.06002554842655978, 0.045098426533706784, 0.040230886786037326, 0.029522299341164522, 0.020760727795359504, 0.015244182748000788, 0.004535595303127986, -0.006172992141744816, -0.011365034539258903, -0.02564315113242264, -0.032782209429004505, -0.037649749176673956, -0.04900734192123602, -0.06004043201595345, -0.06717949031253533, -0.07074901946082626, -0.08113310425585443, -0.09086818375119335, -0.09930525264715373, -0.10936483479233727, -0.11553038513938525, -0.12266944343596713, -0.13143101498177212, -0.1408415918272664, -0.14895415807338216, -0.15187468192198383, -0.16485478791576905, -0.17296735416188483, -0.17653688331017575, -0.18594746015567004, -0.19341102110209654, -0.20249709529774618, -0.20866264564479417, -0.21904673043982234, -0.22553678343671493, -0.23494736028220922, -0.2420864185787911, -0.2514969954242854, -0.2527950060236639, -0.26577511201744913, -0.27161615971465247, -0.2813512392099914, -0.2868677842573501, -0.2933578372542427, -0.3008213982006692, -0.30893396444678495, -0.31477501214398834, -0.3241855889894826, -0.32905312873715203, -0.34041072148171414, -0.34527826122938354, -0.3530663248256547, -0.3582583672231688, -0.3670199387689738, -0.37675501826431274, -0.38032454741260363, -0.38356957391104995, -0.39298015075654424, -0.39817219315405833, -0.4082317752992419, -0.41342381769675596, -0.4202383733434932, -0.42964895018898747, -0.4312714634382106, -0.44035753763386026, -0.4478210985802868, -0.4533376436276455, -0.4556091621765579, -0.4653442416718968, -0.46891377082018776, -0.4786488503155267, -0.4825428821136622, -0.48481440066257464, -0.49292696690869037, -0.49974152255542764, -0.508178591451388, -0.510774612650145, -0.5205096921454839, -0.5227812106943963, -0.5266752424925318, -0.5331652954894245, -0.5390063431866279, -0.5438738829342973, -0.5510129412308792, -0.5549069730290147, -0.5620460313255966, -0.5672380737231106, -0.5724301161206248, -0.5737281267200033, -0.5808671850165852, -0.5883307459630117, -0.5938472910103704, -0.5974168201586613, -0.6019598572564862, -0.6052048837549324, -0.6133174500010482, -0.615264465900116, -0.6188339950484069, -0.6256485506951441, -0.6308405930926583, -0.6357081328403277, -0.6379796513892401, -0.6441452017362881, -0.6480392335344236, -0.6532312759319377, -0.6580988156796072, -0.6584233183294518, -0.6678338951749461, -0.6697809110740138, -0.6714034243232371, -0.672376932272771, -0.681138503818576, -0.6847080329668669, -0.6882775621151578, -0.6915225886136042, -0.6973636363108074, -0.7009331654590985, -0.7009331654590985, -0.7025556787083216, -0.7090457317052141, -0.7145622767525729, -0.716184790001796, -0.718780811200553, -0.722350340348844, -0.7272178800965134, -0.7275423827463581, -0.7301384039451151, -0.7327344251438722, -0.7388999754909201, -0.7382509701912309, -0.7431185099389004, -0.746039033787502, -0.7489595576361037, -0.7509065735351714, -0.7557741132828409, -0.7535025947339286, -0.7580456318317533, -0.7625886689295782, -0.764535684828646, -0.7638866795289567, -0.7668072033775584, -0.7690787219264708, -0.7713502404753831, -0.7719992457750724, -0.775893277573208, -0.7755687749233634, -0.7794628067214989, -0.7807608173208774, -0.7830323358697899, -0.7830323358697899, -0.7866018650180808, -0.7846548491190131, -0.788224378267304, -0.7901713941663717, -0.7891978862168378, -0.7934164206648181, -0.7934164206648181, -0.7934164206648181, -0.7937409233146627, -0.7940654259645074, -0.7950389339140412, -0.7953634365638859, -0.7973104524629536, -0.7966614471632644, -0.799581971011866, -0.7986084630623321, -0.7986084630623321, -0.7999064736617106, -0.7999064736617106, -0.8005554789613999, -0.799581971011866, -0.8008799816112445, -0.8044495107595355, -0.8028269975103123, -0.8025024948604677, -0.7989329657121768, -0.8038005054598463, -0.8005554789613999, -0.8008799816112445, -0.8008799816112445, -0.8025024948604677, -0.7989329657121768, -0.7992574683620214, -0.7986084630623321, -0.8005554789613999, -0.8028269975103123, -0.7982839604124875, -0.7950389339140412, -0.7963369445134197, -0.7940654259645074, -0.7901713941663717, -0.7917939074155949, -0.7921184100654395, -0.7898468915165271, -0.7843303464691684, -0.7862773623682362, -0.785628357068547, -0.7875753729676147, -0.7830323358697899, -0.7810853199707221, -0.7797873093713436, -0.7794628067214989, -0.7810853199707221, -0.7745952669738295, -0.7726482510747618, -0.7707012351756939, -0.7684297166267815, -0.7700522298760046, -0.7664827007277137, -0.758370134481598, -0.7612906583301996, -0.7593436424311318, -0.7570721238822194, -0.7492840602859483, -0.7489595576361037, -0.748635054986259, -0.7418204993395219, -0.7418204993395219, -0.7405224887401433, -0.7363039542921631, -0.7353304463426292, -0.7333834304435615, -0.7288403933457366, -0.7294893986454258, -0.7220258376989994, -0.7200788217999315, -0.7181318059008638, -0.7126152608535051, -0.7077477211058356, -0.707423218455991, -0.7032046840080108, -0.6976881389606521, -0.6963901283612736, -0.6918470912634488, -0.6911980859637595, -0.681138503818576, -0.6804894985188867, -0.6759464614210619, -0.6714034243232371, -0.6681583978247907, -0.6678338951749461, -0.6616683448278982, -0.6580988156796072, -0.6509597573830254, -0.6441452017362881, -0.6409001752378418, -0.6379796513892401, -0.6347346248907938, -0.6285690745437458, -0.6259730533449888, -0.6237015347960764, -0.6123439420515143, -0.6084499102533787, -0.6074764023038448, -0.6009863493069523, -0.5964433122091274, -0.594171793660215, -0.5844367141648761, -0.5831387035654976, -0.5766486505686049, -0.5717811108209355, -0.5665890684234214, -0.5610725233760627, -0.5549069730290147, -0.5487414226819668, -0.5474434120825883, -0.5396553484863171, -0.5338143007891137, -0.5276487504420658, -0.5227812106943963, -0.5188871788962608, -0.513370633848902, -0.5049335649529416, -0.49811900930620445, -0.4939004748582243, -0.48838392981086554, -0.48351639006319613, -0.4750793211672357, -0.46891377082018776, -0.4643707337223629, -0.45528465952671326, -0.44879460652982067, -0.44554958003137435, -0.4374370137852586, -0.4312714634382106, -0.4238079024917841, -0.4205628759933378, -0.41569533624566835, -0.40628475940017406, -0.3968741825546798, -0.39200664280701036, -0.38746360570918553, -0.3796755421129144, -0.3702649652674201, -0.36345040962068287, -0.3585828698730134, -0.35371533012534395, -0.3446292559296943, -0.33749019763311244, -0.3287286260873074, -0.32386108633963795, -0.3125034935950759, -0.3069869485477172, -0.29919888495144603, -0.2933578372542427, -0.28621877895766085, -0.2761591968124773, -0.26707312261682764, -0.266748619966983, -0.25636453517195484, -0.2485764715756837, -0.23851688943050015, -0.22975531788469514, -0.2229407622379579, -0.21677521189090992, -0.20833814299494952, -0.20249709529774618, -0.1953580370011643, -0.18497395220613613, -0.17653688331017575, -0.16907332236374925, -0.1599872481680996, -0.15706672431949792, -0.14570913157493587, -0.13500054413006307, -0.12948399908270436, -0.12039792488705471, -0.11228535864093896, -0.1074178188932695, -0.09508671819917354, -0.08989467580165945, -0.07918608835678666, -0.07042451681098164, -0.06393446381408903, -0.05614640021781789, -0.04543781277294509, -0.03862325712620785, -0.02823917233117968, -0.020775611384753184, -0.013312050438326685, -0.0026034629934538825, 0.00810512445141892, 0.01654219334737931, 0.024654759593495067, 0.03309182848945546, 0.043475913284483636, 0.04931696098168698, 0.0613235590259383, 0.07073413587143258, 0.07754869151816982, 0.08793277631319799, 0.09474733195993522, 0.10610492470449728, 0.11259497770138989, 0.12103204659735028, 0.12979361814315532, 0.1401777029381835, 0.1508862903830563, 0.1583498513294828, 0.16840943347466633, 0.17587299442109283, 0.18755508981549954, 0.19761467196068305, 0.20215770905850788, 0.21286629650338068, 0.224872894547632, 0.2320119528442139, 0.24336954558877594, 0.2505086038853578, 0.2612171913302306, 0.2719257787751034, 0.2819853609202869, 0.29074693246609196, 0.29821049341251843, 0.3147601285545946, 0.31897866300257477, 0.32806473719822443, 0.3348792928449617, 0.34591238293967913, 0.3588924889334643, 0.3683030657789586, 0.37933615587367603, 0.3845281982711901, 0.4007533307634216, 0.4049718652114018, 0.4143824420568961, 0.42703804540083673, 0.4354751142967971, 0.4455346964419806, 0.45267375473856253, 0.46273333688374607, 0.48122998792488997, 0.48772004092178256, 0.49615710981774297, 0.5045941787137034, 0.513680252909353, 0.5208193112059349, 0.5305543907012739, 0.54710402584335, 0.5552165920894657, 0.5633291583355815, 0.5763092643293667, 0.5789052855281238, 0.5935079047711321, 0.6012959683674033, 0.6126535611119653, 0.619143614108858, 0.63050120685342, 0.6438058154970498, 0.6506203711437871, 0.6642494824372616, 0.6720375460335327, 0.6811236202291824, 0.6934547209232783, 0.7005937792198602, 0.7145473931631793, 0.7272029965071198, 0.732395038904634, 0.7421301183999729, 0.7554347270436027, 0.7658188118386309, 0.770037346286611, 0.7849644681794641, 0.7930770344255799, 0.8054081351196758, 0.8161167225645486, 0.8232557808611305, 0.8326663577066247, 0.8449974584007207, 0.8527855219969918, 0.8644676173913985, 0.8787457339845622, 0.8871828028805226, 0.8946463638269492, 0.9037324380225987, 0.9173615493160733, 0.9251496129123444, 0.9348846924076832, 0.9475402957516239, 0.9540303487485164, 0.9660369467927679, 0.976421031587796, 0.9848581004837563, 0.9923216614301829, 1.0040037568245894, 1.017632868118064, 1.028990460862626, 1.0345070059099848, 1.0445665880551682, 1.0555996781498858, 1.06501025499538, 1.0753943397904082, 1.086102927235281, 1.0942154934813968, 1.1055730862259587, 1.114010155121919, 1.1286127743649275, 1.1334803141125969, 1.1425663883082466, 1.1532749757531193, 1.16593057909706, 1.1691756055955063, 1.1815067062896023, 1.189619272535718, 1.2038973891288818, 1.209738436826085, 1.2210960295706472, 1.2340761355644323, 1.2412151938610143, 1.2528972892554209, 1.2610098555015368, 1.269446924397497, 1.2778839932934576, 1.2908640992872427, 1.3015726867321156, 1.3103342582779205, 1.3171488139246577, 1.3281819040193752, 1.3336984490667338, 1.3470030577103638, 1.360956671653683, 1.366148714051197, 1.3752347882468465, 1.383671857142807, 1.3956784551870582, 1.4031420161334849, 1.4115790850294452, 1.4219631698244735, 1.4316982493198123, 1.4407843235154618, 1.4514929109603347, 1.4550624401086256, 1.468042546102411, 1.4755061070488373, 1.4858901918438656, 1.4930292501404474, 1.503088832285631, 1.5128239117809699, 1.522234488626464, 1.5313205628221138, 1.5378106158190064, 1.5494927112134131, 1.5589032880589073, 1.567989362254557, 1.5731814046520711, 1.5851880026963225, 1.5923270609929043, 1.5981681086901076, 1.6066051775860681, 1.6192607809300086, 1.6257508339269013, 1.6371084266714633, 1.6397044478702203, 1.6556050777126072, 1.663717643958723, 1.670856702255305, 1.6753997393531297, 1.6844858135487792, 1.6948698983438075, 1.7026579619400786, 1.711095030836039, 1.7195320997319994, 1.7299161845270277, 1.7341347189750078, 1.7422472852211235, 1.7519823647164625, 1.7607439362622674, 1.769181005158228, 1.774373047555742, 1.7815121058523238, 1.7909226826978182, 1.8013067674928462, 1.8074723178398941, 1.8136378681869423, 1.8220749370829026, 1.8311610112785524, 1.840247085474202, 1.8460881331714052, 1.855174207367055, 1.8623132656636368, 1.869127821310374, 1.8791874034555576, 1.8872999697016732, 1.891194001499809, 1.8976840544967015, 1.9048231127932833, 1.9135846843390885, 1.9216972505852041, 1.9281873035820967, 1.933379345979611, 1.9434389281247944, 1.9470084572730852, 1.9564190341185796, 1.962260081815783, 1.9729686692606558, 1.9778362090083252, 1.9830282514058393, 1.9917898229516442, 1.9986043785983816, 2.001849405096828, 2.009637468693099, 2.01742553228937, 2.0216440667373505, 2.02651160648502, 2.0339751674314464, 2.0398162151286496, 2.0463062681255426, 2.0514983105230566, 2.0618823953180847, 2.0670744377155987, 2.072915485412802, 2.083624072857675, 2.085246586106898, 2.088816115255189, 2.094332660302548, 2.099200200050217, 2.107961771596022, 2.1138028192932254, 2.1215908828894965, 2.1241869040882535, 2.1313259623848357, 2.1358689994826605, 2.142034549829708, 2.1472265922272227, 2.1491736081262904, 2.1576106770222507, 2.163127222069609, 2.1692927724166573, 2.1718887936154143, 2.1777298413126176, 2.181623873110753, 2.189736439356869, 2.1936304711550045, 2.1991470162023634, 2.1997960215020527, 2.2101801062970807, 2.2114781168964592, 2.213749635445372, 2.2218622016914873, 2.225756233489623, 2.230299270587448, 2.2384118368335635, 2.2393853447830976, 2.246848905729524, 2.2500939322279705, 2.253663461376261, 2.256259482575018, 2.2624250329220663, 2.2621005302722215, 2.2672925726697355, 2.268590583269114, 2.2757296415656962, 2.2812461866130547, 2.285464721061035, 2.28514021841119, 2.2883852449096365, 2.295199800556374, 2.2964978111557524, 2.2997428376541986, 2.3042858747520234, 2.3114249330486056, 2.3104514250990715, 2.313696451597518, 2.3185639913451874, 2.323107028443012, 2.324080536392546, 2.3270010602411477, 2.331219594689128, 2.3334911132380403, 2.3386831556355543, 2.339007658285399, 2.339981166234933, 2.343550695383224, 2.34679572188167, 2.348742737780738, 2.3490672404305823, 2.353934780178252, 2.3552327907776305, 2.3562062987271646, 2.36431886497328, 2.359451325225611, 2.3623718490742123, 2.3656168755726585, 2.3682128967714156, 2.3717824259197067, 2.3701599126704833, 2.3737294418187744, 2.371457923269862, 2.3727559338692408, 2.3769744683172207, 2.3789214842162885, 2.380219494815667, 2.3789214842162885, 2.3841135266138025, 2.386385045162715, 2.3824910133645796, 2.3876830557620936, 2.390603579610695, 2.3896300716611614, 2.3873585531122488, 2.39092808226054, 2.3919015902100735, 2.3925505955097632, 2.3931996008094525, 2.3928750981596076, 2.397093632607588, 2.3957956220082095, 2.3957956220082095, 2.393524103459297, 2.397093632607588, 2.394497611408831, 2.3990406485066558, 2.3957956220082095, 2.3977426379072773, 2.3954711193583647, 2.394497611408831, 2.3957956220082095, 2.397093632607588, 2.3928750981596076, 2.394497611408831, 2.3951466167085202, 2.394497611408831, 2.3922260928599184, 2.3899545743110058, 2.3928750981596076, 2.393524103459297, 2.3870340504624044, 2.39092808226054, 2.3870340504624044, 2.386385045162715, 2.382815516014424, 2.3896300716611614, 2.3847625319134917, 2.385411537213181, 2.3824910133645796, 2.381193002765201, 2.37762347361691, 2.377947976266755, 2.37762347361691, 2.3763254630175314, 2.3685373994212604, 2.3721069285695515, 2.367239388821882, 2.369510907370794, 2.3623718490742123, 2.3649678702729693, 2.362047346424368, 2.3613983411246786, 2.3552327907776305, 2.353934780178252, 2.354259282828097, 2.3526367695788735, 2.346146716581981, 2.345173208632447, 2.3422526847838454, 2.340954674184467, 2.337385145036176, 2.333815615887885, 2.3351136264872636, 2.330246086739594, 2.3260275522916136, 2.322133520493478, 2.322133520493478, 2.317914986045498, 2.3140209542473626, 2.311100430398761, 2.3078554039003145, 2.303961372102179, 2.297795821755131, 2.295848805856063, 2.298769329704665, 2.2922792767077724, 2.2887097475594813, 2.2841667104616565, 2.28514021841119, 2.2786501654142977, 2.269564091218648, 2.2718356097675607, 2.263723043521445, 2.2601535143731537, 2.258855503773775, 2.2500939322279705, 2.2494449269282812, 2.247822413679058, 2.2384118368335635, 2.237113826234185, 2.2315972811868265, 2.226729741439157, 2.2225112069911765, 2.216021153994284, 2.213749635445372, 2.2098556036472363, 2.2023920427008097, 2.1991470162023634, 2.194279476454694, 2.1916834552559368, 2.186815915508267, 2.1825973810602872, 2.17578282541355, 2.1709152856658807, 2.1647497353188325, 2.1615047088203863, 2.152743137274581, 2.1507961213755133, 2.1456040789779993, 2.1384650206814175, 2.13165046503468, 2.1277564332365446, 2.1193193643405843, 2.113478316643381, 2.10990878749509, 2.1030942318483525, 2.0972531841511493, 2.0956306709019263, 2.0858955914065875, 2.0797300410595394, 2.073239988062647, 2.0683724483149772, 2.065451924466376, 2.0560413476208814, 2.049226791974144, 2.0443592522264744, 2.036895691280048, 2.031054643582845, 2.0239155852862627, 2.02229307203704, 2.009637468693099, 2.007041447494342, 1.9992533838980708, 1.9930878335510227, 1.983352754055684, 1.979783224907393, 1.9723196639609664, 1.9651806056643846, 1.9564190341185796, 1.95155149437091, 1.943763430774639, 1.9346773565789894, 1.9327303406799217, 1.9207237426356703, 1.9187767267366025, 1.907743636641885, 1.8954125359477891, 1.8934655200487214, 1.8869754670518286, 1.878862900805713, 1.872697350458665, 1.8632867736131706, 1.8587437365153459, 1.848035149070473, 1.8395980801745127, 1.8350550430766879, 1.8311610112785524, 1.8194789158841456, 1.8110418469881853, 1.8039027886916033, 1.7967637303950215, 1.787353153549527, 1.7785915820037221, 1.7695055078080726, 1.7669094866093153, 1.7571744071139765, 1.7490618408678609, 1.7386777560728326, 1.7338102163251632, 1.723426131530135, 1.713691052034796, 1.7055784857886802, 1.69714141689272, 1.6887043479967596, 1.6822142949998669, 1.6721547128546834, 1.6685851837063925, 1.6582010989113642, 1.6474925114664916, 1.6358104160720848, 1.634836908122551, 1.6263998392265906, 1.6130952305829607, 1.603035648437777, 1.5955720874913506, 1.5887575318446134, 1.576750933800362, 1.570585383453314, 1.560850303957975, 1.553062240361704, 1.5465721873648115, 1.5348900919704047, 1.5228834939261533, 1.5173669488787946, 1.5089298799828343, 1.496923281938583, 1.490757731591535, 1.4839431759447979, 1.4719365779005464, 1.4576584613073826, 1.4553869427584702, 1.4394863129160833, 1.4342942705185693, 1.4291022281210553, 1.4157976194774253, 1.4063870426319312, 1.4005459949347279, 1.3869168836412533, 1.3804268306443608, 1.3684202326001094, 1.3596586610543044, 1.3515460948081885, 1.339863999413782, 1.3314269305178215, 1.322340856322172, 1.3135792847763668, 1.2980031575838245, 1.2937846231358443, 1.2869700674891071, 1.2785329985931468, 1.2674999084984293, 1.255493310454178, 1.2477052468579068, 1.2399171832616358, 1.2314801143656753, 1.2181755057220456, 1.2077914209270173, 1.199354352031057, 1.189619272535718, 1.1802086956902238, 1.1695001082453509, 1.1552219916521873, 1.1513279598540516, 1.1419173830085574, 1.1302352876141506, 1.1182286895698994, 1.1075201021250265, 1.1003810438284447, 1.0890234510838825, 1.0844804139860578, 1.06922878944336, 1.0575466940489535, 1.0494341278028376, 1.0396990483074988, 1.0293149635124705, 1.0205533919666656, 1.01244082572055, 0.9997852223766094, 0.9919971587803382, 0.9809640686856208, 0.976421031587796, 0.9621429149946322, 0.9507853222500702, 0.942997258653799, 0.9319641685590816, 0.9212555811142088, 0.9111959989690253, 0.901785422123531, 0.8917258399783474, 0.88069274988363, 0.8767987180854945, 0.8589510723440398, 0.8540835325963704, 0.8404544213028958, 0.8307193418075569, 0.8216332676119072, 0.8099511722175006, 0.8028121139209188, 0.7898320079271335, 0.7778254098828822, 0.7732823727850574, 0.7593287588417382, 0.7492691766965547, 0.741156610450439, 0.7327195415544786, 0.7184414249613148, 0.7096798534155098, 0.6970242500715692, 0.6869646679263857, 0.6782030963805806, 0.6710640380839988, 0.6616534612385045, 0.6506203711437871, 0.6412097942982928, 0.6324482227524878, 0.6158985876104116, 0.6090840319636744, 0.6009714657175587, 0.591885391521909, 0.5769582696290559, 0.5685212007330956, 0.5610576397866691, 0.5487265390925732, 0.5389914595972343, 0.5282828721523615, 0.5240643377043812, 0.5120577396601299, 0.5007001469155679, 0.49064056477038426, 0.48220349587442385, 0.4721439137292403, 0.46500485543265846, 0.44975323088996083, 0.44196516729368973, 0.4335280983977293, 0.42703804540083673, 0.4117864208581391, 0.4020513413628002, 0.3958857910157522, 0.38258118237212235, 0.37446861612600657, 0.3637600286811338, 0.3553229597851734, 0.34591238293967913, 0.33390578489542777, 0.3303362557471369, 0.31638264180381775, 0.3089190808573912, 0.29593897486360604, 0.28782640861749026, 0.27581981057323895, 0.2670582390274339, 0.26219069927976446, 0.2482370853364454, 0.2407735243900189, 0.22909142899561222, 0.2213033653993411, 0.21124378325415755, 0.20150870375881863, 0.1989126825600616, 0.1830120527176747, 0.1732769732223358, 0.16289288842730762, 0.15445581953134724, 0.14958827978367778, 0.13660817378989257, 0.12914461284346607, 0.12135654924719491, 0.11162146975185601, 0.09961487170760468, 0.0934493213605567, 0.08436324716490705, 0.0752771729692574, 0.06424408287453998, 0.057429527227802736, 0.04964146363153161, 0.039581881486348065, 0.03146931524023231, 0.024005754293805807, 0.011350150949865223, 0.004535595303127986, -0.004874981542366295, -0.014285558387860576, -0.025318648482578008, -0.030186188230247463, -0.04057027302527563, -0.044464304823411196, -0.058417918766730303, -0.06198744791502123, -0.07204703006020478, -0.08243111485523295, -0.08859666520228093, -0.09930525264715373, -0.10968933744218191, -0.11358336924031748, -0.12429195668519027, -0.13564954942975233, -0.1372720626789755, -0.1502521686727607, -0.1567422216696533, -0.16582829586530295, -0.1739408621114187, -0.17978190980862205, -0.18497395220613613, -0.19438452905163042, -0.20639112709588175, -0.21093416419370656, -0.21807322249028843, -0.22780830198562735, -0.2346228576323646, -0.2420864185787911, -0.2495499795252176, -0.2557155298722656, -0.26707312261682764, -0.27161615971465247, -0.27778171006170044, -0.28524527100812697, -0.29433134520377663, -0.3004968955508246, -0.30893396444678495, -0.31607302274336685, -0.32386108633963795, -0.332622657885443, -0.33878820823249095, -0.34430475327984966, -0.3507948062767423, -0.3582583672231688, -0.36182789637145973, -0.37415899706555567, -0.3796755421129144, -0.3881126110088748, -0.3939536587060781, -0.4017417223023493, -0.4082317752992419, -0.4163443415453576, -0.42121188129302706, -0.4277019342899197, -0.4332184793372784, -0.4374370137852586, -0.44684759063075286, -0.4513906277285777, -0.45820518337531496, -0.46599324697158606, -0.4734568079180126, -0.47443031586754647, -0.4812448715142837, -0.48838392981086554, -0.4961719934071367, -0.5007150305049615, -0.5072050835018541, -0.5146686444482805, -0.5205096921454839, -0.5214832000950178, -0.5273242477922212, -0.5325162901897352, -0.5393308458364725, -0.5451718935336758, -0.5490659253318114, -0.5562049836283932, -0.561721528675752, -0.566913571073266, -0.5740526293698479, -0.5789201691175174, -0.5841122115150315, -0.5870327353636331, -0.5931982857106811, -0.5983903281081951, -0.6000128413574184, -0.6068273970041556, -0.6103969261524466, -0.6175359844490284, -0.6237015347960764, -0.6259730533449888, -0.6324631063418814, -0.6357081328403277, -0.6418736831873757, -0.6418736831873757, -0.6499862494334915, -0.6522577679824039, -0.6571253077300733, -0.6610193395282089, -0.6668603872254122, -0.66880740312448, -0.6746484508216833, -0.6791914879195081, -0.6830855197176438, -0.6869795515157793, -0.6876285568154685, -0.6918470912634488, -0.6941186098123612, -0.7009331654590985, -0.702231176058477, -0.7080722237556802, -0.7129397635033498, -0.7129397635033498, -0.718780811200553, -0.7200788217999315, -0.7233238482983779, -0.7272178800965134, -0.7317609171943383, -0.7330589277937168, -0.7366284569420077, -0.7385754728410755, -0.7414959966896771, -0.7476615470367252, -0.7479860496865698, -0.7463635364373467, -0.7512310761850161, -0.7554496106329963, -0.7557741132828409, -0.7606416530305103, -0.7596681450809765, -0.7655091927781799, -0.7642111821788014, -0.7700522298760046, -0.7713502404753831, -0.7723237484249171, -0.7742707643239849, -0.775893277573208, -0.7778402934722758, -0.7781647961221204, -0.7794628067214989, -0.7810853199707221, -0.7840058438193238, -0.7866018650180808, -0.7833568385196346, -0.7885488809171486, -0.7911449021159056, -0.7927674153651288, -0.7937409233146627, -0.7956879392137305, -0.7937409233146627, -0.7973104524629536, -0.7950389339140412, -0.7960124418635751, -0.7999064736617106, -0.8044495107595355, -0.7982839604124875, -0.7982839604124875, -0.7989329657121768, -0.8041250081096909, -0.7999064736617106, -0.7999064736617106, -0.8034760028100016, -0.802177992210623, -0.7989329657121768, -0.802177992210623, -0.8034760028100016, -0.8008799816112445, -0.8044495107595355, -0.8038005054598463, -0.802177992210623, -0.8012044842610891, -0.803151500160157, -0.7989329657121768, -0.7989329657121768, -0.802177992210623, -0.7999064736617106, -0.7989329657121768, -0.7989329657121768, -0.7940654259645074, -0.7960124418635751, -0.7927674153651288, -0.7953634365638859, -0.7927674153651288, -0.7937409233146627, -0.7904958968162163, -0.7895223888666825, -0.7862773623682362, -0.7901713941663717, -0.7872508703177701, -0.7823833305701006, -0.7849793517688577, -0.7830323358697899, -0.7794628067214989, -0.7791383040716543, -0.7768667855227419, -0.7755687749233634, -0.7755687749233634, -0.7703767325258493, -0.7690787219264708, -0.7661581980778691, -0.7622641662797336, -0.7648601874784906, -0.7629131715794228, -0.7606416530305103, -0.7570721238822194, -0.7557741132828409, -0.7525290867843947, -0.7489595576361037, -0.748635054986259, -0.7392244781407648, -0.7421450019893665, -0.7395489807906094, -0.7343569383930953, -0.731111911894649, -0.7281913880460473, -0.7255953668472903, -0.7200788217999315, -0.722350340348844, -0.7152112820522621, -0.7155357847021068, -0.7106682449544373, -0.7061252078566125, -0.7045026946073893, -0.6996351548597198, -0.6989861495600306, -0.6911980859637595, -0.688926567414847, -0.6850325356167115, -0.6817875091182652, -0.6727014349226156, -0.6727014349226156, -0.6675093925251014, -0.665237873976189, -0.6574498103799179, -0.6584233183294518, -0.6490127414839575, -0.6506352547331807, -0.6402511699381526, -0.6418736831873757, -0.635383630190483, -0.6321386036920368, -0.626622058644678, -0.6198075029979409, -0.6181849897487176, -0.6133174500010482, -0.6084499102533787, -0.6013108519567969, -0.5964433122091274, -0.5938472910103704, -0.5870327353636331, -0.5837877088651868, -0.5740526293698479, -0.5734036240701587, -0.5682115816726446, -0.5604235180763735, -0.5581519995274611, -0.5503639359311899, -0.5454963961835204, -0.5373838299374047, -0.5334897981392691, -0.5266752424925318, -0.5214832000950178, -0.5146686444482805, -0.513370633848902, -0.504609062303097, -0.5023375437541846, -0.4919534589591565, -0.4896819404102441, -0.4812448715142837, -0.4773508397161481, -0.46696675492111994, -0.4663177496214307, -0.45820518337531496, -0.4526886383279562, -0.44295355883261733, -0.4380860190849479, -0.43192046873789985, -0.4260794210406965, -0.41894036274411467, -0.41050329384815426, -0.4046622461509509, -0.39557617195530126, -0.39168214015716574, -0.38486758451042846, -0.37837753151353587, -0.3718874785166433, -0.3683179493683523, -0.3582583672231688, -0.3491722930275191, -0.34041072148171414, -0.3384637055826463, -0.3297021340368413, -0.32158956779072556, -0.31477501214398834, -0.30893396444678495, -0.29984789025113534, -0.2975763717022229, -0.28621877895766085, -0.27778171006170044, -0.2706426517651186, -0.2602585669700904, -0.2560400325221102, -0.24695395832646053, -0.2411129106292572, -0.2326758417332968, -0.22780830198562735, -0.22034474103920085, -0.20996065624417268, -0.20249709529774618, -0.19178850785287338, -0.18302693630706834, -0.17783489390955426, -0.17621238066033112, -0.16355677731639054, -0.1567422216696533, -0.14895415807338216, -0.138570073278354, -0.13143101498177212, -0.12364295138550101, -0.11196085599109432, -0.1074178188932695, -0.09865624734746448, -0.08859666520228093, -0.07788807775740814, -0.07107352211067089, -0.06231195056486587, -0.05387488166890548, -0.04673582337232361, -0.036351738577295435, -0.024994145832733378, -0.020775611384753184, -0.013312050438326685, -0.0016299550439199913, 0.004211092653283356, 0.015244182748000788, 0.024654759593495067, 0.034714341738678614, 0.04087989208572659, 0.0506149715810655, 0.0613235590259383, 0.06846261732252017, 0.07560167561910203, 0.0827407339156839, 0.09539633725962449, 0.10350890350574024, 0.11356848565092378, 0.12168105189703954, 0.12914461284346607, 0.14082670823787274, 0.15056178773321166, 0.15899885662917204, 0.16970744407404487, 0.17911802091953913, 0.18885310041487804, 0.19436964546223676, 0.2063762435064881, 0.21643582565167163, 0.2235748839482535, 0.23038943959499072, 0.23915101114079576, 0.25310462508411485, 0.2644622178286769, 0.2686807522766571, 0.28003834502121916, 0.29334295366484897, 0.29918400136205237, 0.30794557290785735, 0.32060117625179796, 0.3287137424979137, 0.3413693458418543, 0.346885890889213, 0.36083950483253213, 0.3708990869777157, 0.3777136426244529, 0.38809772741948106, 0.39556128836590754, 0.40691888111046964, 0.4173029659054978, 0.42703804540083673, 0.4345016063472632, 0.4448856911422914, 0.4520247494388732, 0.4643558501329692, 0.47668695082706514, 0.48285250117411316, 0.49583260716789834, 0.5055676866632373, 0.5146537608588869, 0.5211438138557796, 0.5328259092501862, 0.5467795231935054, 0.5522960682408641, 0.5633291583355815, 0.5743622484302989, 0.5863688464745502, 0.5925343968215983, 0.6012959683674033, 0.618170106159324, 0.624335656506372, 0.6334217307020217, 0.645428328746273, 0.6519183817431656, 0.6694415248347757, 0.6769050857812021, 0.681448122879027, 0.6934547209232783, 0.7048123136678404, 0.7126003772641115, 0.7255804832578967, 0.7359645680529249, 0.7447261395987299, 0.7531632084946903, 0.764845303889097, 0.7749048860342805, 0.7839909602299302, 0.7969710662237154, 0.8015141033215402, 0.8161167225645486, 0.8242292888106644, 0.8368848921546049, 0.8453219610505653, 0.8576530617446613, 0.8644676173913985, 0.8767987180854945, 0.8839377763820763, 0.8952953691266384, 0.9089244804201129, 0.916712544016384, 0.9225535917135873, 0.9358582003572172, 0.9472157931017793, 0.955328359347895, 0.9631164229441661, 0.9751230209884174, 0.9848581004837563, 0.9965401958781631, 1.005301767423968, 1.019255381367287, 1.0283414555629367, 1.0374275297585864, 1.0497586304526823, 1.0530036569511287, 1.0672817735442923, 1.0766923503897867, 1.086102927235281, 1.0945399961312414, 1.1078446047748711, 1.1182286895698994, 1.1292617796646167, 1.136076335311354, 1.147433928055916, 1.1552219916521873, 1.1643080658478369, 1.1730696373936418, 1.1847517327880486, 1.1935133043338535, 1.2025993785295033, 1.2142814739239098, 1.2217450348703365, 1.2305066064161414, 1.2428377071102374, 1.2496522627569746, 1.2623078661009153, 1.2717184429464095, 1.2824270303912824, 1.2911886019370873, 1.2993011681832032, 1.3135792847763668, 1.3181223218741915, 1.3304534225682876, 1.3375924808648694, 1.3492745762592762, 1.3583606504549257, 1.3684202326001094, 1.3762082961963804, 1.384645365092341, 1.3966519631365921, 1.3992479843353491, 1.4102810744300667, 1.4242346883733858, 1.4323472546195015, 1.441757831464996, 1.4501949003609562, 1.4625260010550523, 1.4683670487522555, 1.4803736467965067, 1.4888107156924673, 1.496923281938583, 1.5063338587840773, 1.5131484144308145, 1.5199629700775517, 1.531969568121803, 1.5413801449672972, 1.5517642297623255, 1.5553337589106164, 1.567989362254557, 1.5773999391000513, 1.5851880026963225, 1.5945985795418167, 1.6007641298888646, 1.6121217226334268, 1.6186117756303193, 1.6247773259773672, 1.6371084266714633, 1.6465190035169577, 1.6526845538640056, 1.6594991095107428, 1.670856702255305, 1.6799427764509545, 1.6887043479967596, 1.693571887744429, 1.7062274910883695, 1.7117440361357283, 1.7195320997319994, 1.7289426765774938, 1.738353253422988, 1.7454923117195698, 1.7565254018142873, 1.7607439362622674, 1.7721015290068296, 1.7792405873034114, 1.7905981800479736, 1.7899491747482843, 1.8013067674928462, 1.808445825789428, 1.8185054079346117, 1.824346455631815, 1.8350550430766879, 1.8408960907738912, 1.8464126358212498, 1.852578186168298, 1.8623132656636368, 1.8746443663577328, 1.8759423769571113, 1.8860019591022947, 1.8924920120991875, 1.9028760968942156, 1.9057966207428172, 1.914882694938467, 1.9216972505852041, 1.9275382982824074, 1.9340283512793002, 1.9447369387241729, 1.9492799758219976, 1.9573925420681135, 1.963882595065006, 1.9739421772101897, 1.9778362090083252, 1.988544796453198, 1.9924388282513334, 2.0028229130463617, 2.0028229130463617, 2.015154013740458, 2.0190480455385935, 2.025862601185331, 2.0313791462326893, 2.0372201939298926, 2.0446837548763193, 2.0472797760750763, 2.0550678396713473, 2.0638294112171525, 2.068047945665133, 2.0716174748134235, 2.080054543709384, 2.086544596706277, 2.091736639103791, 2.100173707999751, 2.1014717185991296, 2.110882295444624, 2.11834585639105, 2.125809417337477, 2.1277564332365446, 2.1339219835835928, 2.139763031280796, 2.1410610418801745, 2.151120624025358, 2.1550146558234937, 2.157935179672095, 2.1644252326689877, 2.1728623015649484, 2.173835809514482, 2.18000135986153, 2.1887629314073354, 2.190060942006714, 2.194279476454694, 2.199471518852208, 2.2075840850983237, 2.2095311009973915, 2.214398640745061, 2.2182926725431966, 2.2244582228902443, 2.229650265287759, 2.2309482758871373, 2.239709847432942, 2.243279376581233, 2.24587539777999, 2.2494449269282812, 2.2546369693257953, 2.258531001123931, 2.260802519672843, 2.2676170753195803, 2.2682660806192696, 2.275080636266007, 2.2744316309663177, 2.2812461866130547, 2.2861137263607243, 2.2864382290105687, 2.29000775815886, 2.2945507952566846, 2.298769329704665, 2.302987864152645, 2.311100430398761, 2.3085044092000038, 2.312073938348295, 2.316941478095964, 2.320511007244255, 2.322133520493478, 2.3244050390423907, 2.331219594689128, 2.3321931026386618, 2.332842107938351, 2.3393321609352435, 2.340954674184467, 2.3393321609352435, 2.3471202245315146, 2.3454977112822917, 2.3506897536798057, 2.3552327907776305, 2.354908288127786, 2.3562062987271646, 2.3607493358249894, 2.3610738384748338, 2.3633453570237464, 2.3659413782225034, 2.369510907370794, 2.366914886172037, 2.369510907370794, 2.3721069285695515, 2.375351955067998, 2.377947976266755, 2.378272478916599, 2.3792459868661333, 2.3847625319134917, 2.3860605425128703, 2.3847625319134917, 2.385411537213181, 2.383789023963958, 2.388332061061783, 2.3886565637116273, 2.3886565637116273, 2.3919015902100735, 2.3931996008094525, 2.391577087560229, 2.396120124658054, 2.394497611408831, 2.3922260928599184, 2.397093632607588, 2.3938486061091417, 2.3980671405571217, 2.397093632607588, 2.3977426379072773, 2.4000141564561894, 2.3990406485066558, 2.4000141564561894, 2.3983916432069665, 2.396769129957743, 2.396120124658054, 2.4009876644057235, 2.3974181352574324, 2.397093632607588, 2.396120124658054, 2.397093632607588, 2.3977426379072773, 2.3990406485066558, 2.394497611408831, 2.397093632607588, 2.3919015902100735, 2.3893055690113165, 2.3919015902100735, 2.397093632607588, 2.3899545743110058, 2.3925505955097632, 2.3860605425128703, 2.3870340504624044, 2.3850870345633366, 2.3886565637116273, 2.3815175054150455, 2.381193002765201, 2.3834645213141132, 2.378272478916599, 2.3766499656673763, 2.3798949921658226, 2.37762347361691, 2.3747029497683085, 2.367239388821882, 2.3727559338692408, 2.367239388821882, 2.3659413782225034, 2.362696351724057, 2.3584778172760767, 2.3601003305253, 2.359126822575766, 2.3529612722287183, 2.351987764279184, 2.349391743080427, 2.3490672404305823, 2.345822213932136, 2.3386831556355543, 2.3412791768343113, 2.337385145036176, 2.332842107938351, 2.3308950920392832, 2.3325176052885066, 2.3279745681906814, 2.3234315310928566, 2.317914986045498, 2.3156434674965856, 2.3133719489476734, 2.3101269224492267, 2.306557393300936, 2.3078554039003145, 2.301365350903422, 2.2990938323545094, 2.293577287307151, 2.290656763458549, 2.2861137263607243, 2.279299170713987, 2.2786501654142977, 2.2780011601146084, 2.2702130965183374, 2.268590583269114, 2.2601535143731537, 2.2595045090734645, 2.256259482575018, 2.251391942827349, 2.24587539777999, 2.243279376581233, 2.238087334183719, 2.234842307685273, 2.226405238789312, 2.2244582228902443, 2.2173191645936625, 2.2156966513444396, 2.2101801062970807, 2.2066105771487896, 2.194928481754383, 2.195901989703917, 2.190709947306403, 2.1874649208079564, 2.181623873110753, 2.179352354561841, 2.172213296265259, 2.1683192644671236, 2.157935179672095, 2.1563126664228722, 2.151120624025358, 2.144630571028465, 2.1400875339306404, 2.134570988883282, 2.1277564332365446, 2.122888893488875, 2.1189948616907395, 2.1112067980944684, 2.1063392583467992, 2.099200200050217, 2.0930346497031693, 2.0901141258545675, 2.083624072857675, 2.075511506611559, 2.0690214536146665, 2.0628559032676184, 2.056365850270726, 2.049226791974144, 2.046630770775387, 2.0375446965797375, 2.0323526541822234, 2.027485114434554, 2.02229307203704, 2.0158030190401472, 2.007365950144187, 2.0005513944974496, 1.9943858441504014, 1.987571288503664, 1.9814057381566161, 1.9723196639609664, 1.9703726480618986, 1.9616110765160937, 1.9505779864213761, 1.9473329599229299, 1.9405184042761927, 1.931432330080543, 1.9268892929827182, 1.9191012293864471, 1.9087171445914188, 1.902551594244371, 1.8931410173988767, 1.8872999697016732, 1.8801609114050915, 1.8720483451589758, 1.8684788160106847, 1.8580947312156566, 1.8503066676193856, 1.8421941013732697, 1.8347305404268432, 1.8288894927296397, 1.8240219529819703, 1.81136634963803, 1.8035782860417586, 1.7967637303950215, 1.7899491747482843, 1.7808631005526345, 1.7756710581551205, 1.7678829945588492, 1.7510088567669286, 1.748088332918327, 1.7386777560728326, 1.7312141951264062, 1.7221281209307564, 1.7169360785332424, 1.7091480149369713, 1.6981149248422538, 1.6877308400472257, 1.6835123055992454, 1.6779957605518867, 1.6656646598577907, 1.6556050777126072, 1.6507375379649378, 1.6435984796683558, 1.6315918816241046, 1.623154812728144, 1.6150422464820284, 1.6088766961349805, 1.597843606040263, 1.587459521245235, 1.580320462948653, 1.5699363781536249, 1.563446325156732, 1.5520887324121702, 1.5420291502669865, 1.5352145946202493, 1.527751033673823, 1.519638467427707, 1.510876895881902, 1.4982212925379614, 1.4930292501404474, 1.481022652096196, 1.4725855832002357, 1.4631750063547415, 1.4544134348089364, 1.4463008685628207, 1.4352677784681032, 1.4255326989727644, 1.42034065657525, 1.4080095558811543, 1.3982744763858153, 1.386267878341564, 1.3797778253446713, 1.3742612802973126, 1.3603076663539937, 1.3508970895084993, 1.3421355179626944, 1.3304534225682876, 1.3259103854704628, 1.3161753059751238, 1.3067647291296296, 1.2944336284355336, 1.2863210621894179, 1.2772349879937681, 1.267824411148274, 1.2610098555015368, 1.2480297495077515, 1.2412151938610143, 1.2288840931669183, 1.2172019977725117, 1.2087649288765512, 1.1990298493812124, 1.1905927804852519, 1.178261679791156, 1.1682020976459724, 1.1604140340497013, 1.14840743600545, 1.1412683777088681, 1.1286127743649275, 1.1182286895698994, 1.112387641872696, 1.102652562377357, 1.0919439749324842, 1.0838314086863685, 1.0757188424402528, 1.0656592602950692, 1.05170564635175, 1.0422950695062558, 1.0374275297585864, 1.0212023972663549, 1.0127653283703946, 1.0033547515249002, 0.9936196720295614, 0.9806395660357762, 0.9767455342376407, 0.9634409255940107, 0.9527323381491379, 0.9407257401048866, 0.9313151632593923, 0.9209310784643642, 0.9144410254674715, 0.9024344274232202, 0.8907523320288135, 0.8826397657826978, 0.8751762048362713, 0.8634941094418646, 0.8524610193471471, 0.8401299186530512, 0.8349378762555372, 0.8232557808611305, 0.8151432146150147, 0.8015141033215402, 0.7924280291258906, 0.7804214310816392, 0.7716598595358343, 0.7599777641414275, 0.7515406952454672, 0.7408321078005943, 0.7314215309551001, 0.7187659276111594, 0.7109778640148884, 0.702540795118928, 0.6911832023743659, 0.681448122879027, 0.6697660274846203, 0.6632759744877277, 0.6532163923425441, 0.640236286348759, 0.6288786936041969, 0.6168720955599455, 0.6113555505125868, 0.6003224604178694, 0.5905873809225305, 0.580527798777347, 0.5717662272315419, 0.5623556503860476, 0.5484020364427286, 0.538342454297545, 0.5315278986508077, 0.5211438138557796, 0.5091372158115283, 0.5032961681143249, 0.49453459656851984, 0.4792829720258222, 0.47246841637908493, 0.460137315684989, 0.44975323088996083, 0.4461837017416699, 0.43482610899710783, 0.421521500353478, 0.41470694470674074, 0.4056208705110911, 0.39426327776652903, 0.3842036956213455, 0.3725216002269388, 0.36635604987989084, 0.3543494518356395, 0.34883290678828077, 0.33779981669356335, 0.32806473719822443, 0.3183296577028855, 0.3076210702580127, 0.29593897486360604, 0.28944892186671345, 0.27809132912215134, 0.2670582390274339, 0.2599191807308521, 0.25018410123551316, 0.23980001644048501, 0.23266095814390314, 0.22227687334887497, 0.21124378325415755, 0.20183320640866326, 0.1914491216136351, 0.1820385447681408, 0.1755484917712482, 0.16646241757559854, 0.15672733808025963, 0.1531578089319687, 0.13758168173942645, 0.13044262344284457, 0.12362806779610733, 0.10805194060356507, 0.1009128823069832, 0.09507183460977986, 0.0827407339156839, 0.0720321464708111, 0.06359507757485071, 0.05775402987764737, 0.04866795568199772, 0.03860837353681418, 0.029522299341164522, 0.024979262243339698, 0.011350150949865223, 0.005184600602817247, -0.006497494791589446, -0.013961055738015945, -0.021749119334287075, -0.02823917233117968, -0.03894775977605248, -0.044464304823411196, -0.05744441081719641, -0.0668549876626907, -0.0743185486091172, -0.0817821095555437, -0.09086818375119335, -0.09768273939793058, -0.10774232154311413, -0.11455687718985136, -0.12202043813627786, -0.129808501732549, -0.13921907857804325, -0.14895415807338216, -0.1577157296191872, -0.16258326936685663, -0.17458986741110796, -0.1814044230578452, -0.18821897870458246, -0.19568253965100893, -0.20411960854696934, -0.20768913769526026, -0.221967254288424, -0.22813280463547198, -0.23202683643360755, -0.24176191592894644, -0.25409301662304246, -0.257987048421178, -0.2654506093676045, -0.26902013851589546, -0.2813512392099914, -0.2901128107557964, -0.2923843293047088, -0.3014704035003585, -0.3102319750461635, -0.32029155719134705, -0.32678161018823965, -0.32905312873715203, -0.33976171618202483, -0.34722527712845136, -0.35111930892658694, -0.36052988577208117, -0.36734444141881845, -0.3744834997154003, -0.3796755421129144, -0.38649009775965165, -0.3968741825546798, -0.3991457011035922, -0.4075827699995526, -0.41439732564628984, -0.4225098918924056, -0.4299734528388321, -0.43256947403758916, -0.43905952703448176, -0.4439270667821512, -0.4559336648264025, -0.4588541886750042, -0.4643707337223629, -0.4747548185173911, -0.4799468609149052, -0.48351639006319613, -0.48838392981086554, -0.49422497750806893, -0.5065560782021649, -0.5052580676027862, -0.5156421523978144, -0.515966655047659, -0.5302447716408228, -0.5269997451423766, -0.5357613166881815, -0.5416023643853849, -0.5441983855841419, -0.5526354544801023, -0.5581519995274611, -0.5584765021773057, -0.5678870790228, -0.5737281267200033, -0.5811916876664298, -0.5860592274140992, -0.5883307459630117, -0.594171793660215, -0.5974168201586613, -0.6022843599063308, -0.605529386404777, -0.6116949367518251, -0.6172114817991837, -0.6217545188970086, -0.624026037445921, -0.6311650957425029, -0.6366816407898616, -0.6415491805375311, -0.6438206990864435, -0.6490127414839575, -0.6551782918310055, -0.6580988156796072, -0.6668603872254122, -0.6671848898752568, -0.6675093925251014, -0.6727014349226156, -0.6785424826198189, -0.6830855197176438, -0.68633054621609, -0.6876285568154685, -0.6934696045126719, -0.6967146310111182, -0.6976881389606521, -0.7035291866578555, -0.7093702343550587, -0.7103437423045926, -0.7132642661531944, -0.7181318059008638, -0.7200788217999315, -0.7249463615476011, -0.7272178800965134, -0.7340324357432507, -0.7294893986454258, -0.7359794516423185, -0.7356549489924739, -0.7414959966896771, -0.7447410231881235, -0.748635054986259, -0.748635054986259, -0.7509065735351714, -0.7580456318317533, -0.758370134481598, -0.7616151609800442, -0.7616151609800442, -0.7632376742292675, -0.767131706027403, -0.7668072033775584, -0.7687542192766261, -0.7716747431252278, -0.7726482510747618, -0.7771912881725865, -0.7794628067214989, -0.7814098226205667, -0.7807608173208774, -0.7846548491190131, -0.7866018650180808, -0.788224378267304, -0.7866018650180808, -0.7914694047657502, -0.7849793517688577, -0.7891978862168378, -0.7934164206648181, -0.7937409233146627, -0.7937409233146627, -0.7976349551127982, -0.7953634365638859, -0.7966614471632644, -0.8005554789613999, -0.8015289869109338, -0.8002309763115553, -0.802177992210623, -0.8054230187090694, -0.8005554789613999, -0.803151500160157, -0.8067210293084479, -0.805747521358914, -0.802177992210623, -0.8041250081096909, -0.8044495107595355, -0.8025024948604677, -0.8008799816112445, -0.8008799816112445, -0.803151500160157, -0.8041250081096909, -0.805747521358914, -0.8044495107595355, -0.7992574683620214, -0.8028269975103123, -0.7986084630623321, -0.8002309763115553, -0.8025024948604677, -0.7989329657121768, -0.8002309763115553, -0.7973104524629536, -0.7953634365638859, -0.7956879392137305, -0.796985949813109, -0.7953634365638859, -0.7901713941663717, -0.7891978862168378, -0.7878998756174593, -0.788224378267304, -0.7872508703177701, -0.785628357068547, -0.7820588279202559, -0.7807608173208774, -0.7788138014218097, -0.7797873093713436, -0.7745952669738295, -0.775893277573208, -0.7749197696236741, -0.7707012351756939, -0.76972772722616, -0.7687542192766261, -0.7664827007277137, -0.7629131715794228, -0.7635621768791121, -0.7573966265320641, -0.7554496106329963, -0.7557741132828409, -0.7502575682354822, -0.7496085629357929, -0.746039033787502, -0.743443012588745, -0.7401979860902986, -0.7359794516423185, -0.7330589277937168, -0.7307874092448043, -0.728515890695892, -0.7233238482983779, -0.7213768323993102, -0.7236483509482226, -0.7200788217999315, -0.7129397635033498, -0.7129397635033498, -0.7080722237556802, -0.6999596575095645, -0.6973636363108074, -0.698661646910186, -0.6921715939132934, -0.6876285568154685, -0.6824365144179545, -0.681138503818576, -0.6772444720204404, -0.6736749428721495, -0.6704299163737032, -0.6593968262789857, -0.659072323629141, -0.6571253077300733, -0.6509597573830254, -0.6490127414839575, -0.6454432123356666, -0.642522688487065, -0.6366816407898616, -0.6285690745437458, -0.624026037445921, -0.6224035241966979, -0.617860487098873, -0.6116949367518251, -0.6061783917044663, -0.600337344007263, -0.5974168201586613, -0.5919002751113026, -0.5883307459630117, -0.5834632062153422, -0.5759996452689157, -0.5701585975717124, -0.5665890684234214, -0.5610725233760627, -0.5558804809785486, -0.5500394332813453, -0.5438738829342973, -0.5393308458364725, -0.5325162901897352, -0.529271263691289, -0.5247282265934641, -0.515966655047659, -0.5117481205996789, -0.5013640358046507, -0.5003905278551168, -0.493251469558535, -0.48838392981086554, -0.48092036886443906, -0.47410581321770184, -0.4705362840694109, -0.4637217284226737, -0.4559336648264025, -0.4500926171291992, -0.44554958003137435, -0.4380860190849479, -0.43192046873789985, -0.4277019342899197, -0.4182913574444254, -0.4111522991478435, -0.4082317752992419, -0.3988211984537476, -0.39330465340638887, -0.38486758451042846, -0.38032454741260363, -0.37253648381633253, -0.36312590697083824, -0.35793386457332416, -0.35274182217581007, -0.34527826122938354, -0.3384637055826463, -0.3287286260873074, -0.32386108633963795, -0.3154240174436776, -0.3086094617969403, -0.3017949061502031, -0.29465584785362126, -0.28232474715952527, -0.2761591968124773, -0.27129165706480785, -0.26317909081869206, -0.25960956167040117, -0.25182149807413, -0.2411129106292572, -0.2346228576323646, -0.22683479403609347, -0.21612620659122064, -0.20768913769526026, -0.2060666244460371, -0.19568253965100893, -0.18497395220613613, -0.18107992040800058, -0.1706958356129724, -0.16355677731639054, -0.15122567662229458, -0.14570913157493587, -0.138570073278354, -0.13078200968208287, -0.12202043813627786, -0.11358336924031748, -0.10611980829389098, -0.09541122084901817, -0.09086818375119335, -0.07659006715802961, -0.07139802476051553, -0.06198744791502123, -0.054199384318750106, -0.04349079687387731, -0.03862325712620785, -0.02759016703149042, -0.020775611384753184, -0.01623257428692836, -0.0026034629934538825, 0.009727637700642071, 0.012323658899399114, 0.01881371189629172, 0.02854879139163063, 0.042826907984794375, 0.05093947423091013, 0.057429527227802736, 0.06586659612376312, 0.07949570741723759, 0.08403874451506242, 0.09507183460977986, 0.10156188760667247, 0.11356848565092378, 0.12200555454688418, 0.13433665524098015, 0.14082670823787274, 0.14926377713383315, 0.16029686722855058, 0.1693829414242002, 0.17944252356938376, 0.18560807391643175, 0.1969656666609938, 0.2076742541058666, 0.21254179385353605, 0.22227687334887497, 0.23882650849095113, 0.24207153498939743, 0.2563496515825611, 0.26511122312836616, 0.272250281424948, 0.2793893397215299, 0.2913959377657812, 0.29853499606236306, 0.3128131126555268, 0.3199521709521087, 0.3303362557471369, 0.3416938484916989, 0.34850840413843615, 0.3575944783340858, 0.3692765737284925, 0.37414411347616194, 0.3874487221197918, 0.39848181221450923, 0.40919039965938203, 0.41503144735658537, 0.4263890401011474, 0.43904464344508803, 0.44748171234104844, 0.457541294486232, 0.46468035278281383, 0.4763624481772205, 0.48415051177349167, 0.49291208331929665, 0.5052431840133926, 0.5143292582090423, 0.5253623483037597, 0.5328259092501862, 0.5432099940452144, 0.5555410947393103, 0.5649516715848046, 0.5740377457804543, 0.583123819976104, 0.5941569100708214, 0.6074615187144512, 0.6162230902602562, 0.624335656506372, 0.6334217307020217, 0.6451038260964284, 0.6561369161911458, 0.6626269691880384, 0.6743090645824451, 0.6811236202291824, 0.6947527315226568, 0.7038388057183065, 0.71389838786349, 0.7255804832578967, 0.7359645680529249, 0.7434281289993514, 0.7564082349931366, 0.7658188118386309, 0.7765273992835037, 0.7823684469807071, 0.7940505423751137, 0.806057140419365, 0.8161167225645486, 0.8242292888106644, 0.8346133736056925, 0.8446729557508761, 0.8579775643945059, 0.8660901306406217, 0.8758252101359606, 0.8839377763820763, 0.8978913903253954, 0.9050304486219773, 0.9170370466662287, 0.9283946394107907, 0.935209195057528, 0.942997258653799, 0.9575998778968074, 0.9660369467927679, 0.9793415554363977, 0.9838845925342224, 0.9968646985280077, 1.005301767423968, 1.015036846919307, 1.026394439663869, 1.035156011209674, 1.0448910907050128, 1.0543016675505072, 1.0643612496956907, 1.0757188424402528, 1.0857784245854363, 1.0971360173299984, 1.106222091525648, 1.116930678970521, 1.1240697372671027, 1.1386723565101111, 1.143215393607936, 1.1542484837026532, 1.1662550817469046, 1.1750166532927095, 1.1821557115892916, 1.194811314933232, 1.2038973891288818, 1.2155794845232883, 1.223043045469715, 1.234400638214277, 1.2434867124099267, 1.2538707972049548, 1.2623078661009153, 1.2717184429464095, 1.2850230515900394, 1.2918376072367765, 1.305466718530251, 1.3103342582779205, 1.319744835123415, 1.3278574013695306, 1.3388904914642479, 1.3447315391614514, 1.3567381372057026, 1.3677712273004201, 1.3742612802973126, 1.3830228518431178, 1.3934069366381459, 1.4060625399820865, 1.412552592978979, 1.4196916512755609, 1.431049244020123, 1.438837307616394, 1.449545895061267, 1.4602544825061397, 1.4657710275534985, 1.4768041176482158, 1.4852411865441764, 1.495949773989049, 1.505684853484388, 1.5163934409292608, 1.5245060071753767, 1.5313205628221138, 1.5404066370177634, 1.551439727112481, 1.556631769509995, 1.567989362254557, 1.5744794152514496, 1.5877840238950796, 1.5949230821916613, 1.6062806749362235, 1.6114727173337375, 1.623154812728144, 1.6283468551256584, 1.6387309399206864, 1.644247484968045, 1.6530090565138502, 1.6633931413088783, 1.6721547128546834, 1.6809162844004883, 1.687406337397381, 1.6981149248422538, 1.7052539831388356, 1.7133665493849515, 1.7205056076815333, 1.7286181739276492, 1.7386777560728326, 1.7464658196691036, 1.7555518938647534, 1.7613929415619567, 1.7685319998585387, 1.7798895926031006, 1.785730640300304, 1.7922206932971967, 1.8061743072405156, 1.8097438363888068, 1.8146113761364762, 1.8223994397327472, 1.8350550430766879, 1.8412205934237358, 1.8467371384710944, 1.857770228565812, 1.8626377683134814, 1.8743198637078882, 1.8759423769571113, 1.8837304405533823, 1.8944390279982553, 1.8960615412474784, 1.904174107493594, 1.9161807055378455, 1.922670758534738, 1.9301343194811644, 1.935001859228834, 1.9457104466737067, 1.9518759970207546, 1.9564190341185796, 1.9661541136139185, 1.9687501348126755, 1.979783224907393, 1.9830282514058393, 1.9940613415005568, 1.9992533838980708, 2.009637468693099, 2.0086639607435655, 2.0187235428887487, 2.0242400879361075, 2.0313791462326893, 2.0375446965797375, 2.046630770775387, 2.0482532840246104, 2.0576638608701043, 2.059935379419017, 2.062531400617774, 2.075511506611559, 2.076485014561093, 2.0875181046558104, 2.09238564440348, 2.09660417885146, 2.1066637609966437, 2.1102332901449348, 2.116074337842138, 2.1248359093879428, 2.1277564332365446, 2.133597480933748, 2.139763031280796, 2.147875597526912, 2.1514451266752026, 2.153716645224115, 2.1618292114702307, 2.1673457565175895, 2.173186804214793, 2.176756333363084, 2.1851934022590442, 2.181948375760598, 2.1955774870540723, 2.1991470162023634, 2.2014185347512756, 2.2033655506503433, 2.2124516248459933, 2.213425132795527, 2.221537699041643, 2.2244582228902443, 2.2312727785369817, 2.2335442970858943, 2.2410078580323205, 2.2419813659818546, 2.2445773871806116, 2.2517164454771934, 2.2572329905245523, 2.260802519672843, 2.2621005302722215, 2.2672925726697355, 2.2708621018180266, 2.2754051389158514, 2.2783256627644533, 2.2861137263607243, 2.2903322608087047, 2.289683255509015, 2.2929282820074617, 2.2971468164554416, 2.3026633615028005, 2.3026633615028005, 2.3101269224492267, 2.308828911849848, 2.3133719489476734, 2.317265980745809, 2.3185639913451874, 2.320511007244255, 2.325703049641769, 2.3279745681906814, 2.3325176052885066, 2.333815615887885, 2.3370606423863314, 2.339007658285399, 2.340954674184467, 2.347769229831204, 2.3471202245315146, 2.351338758979495, 2.3529612722287183, 2.3571798066766982, 2.3562062987271646, 2.3597758278754553, 2.3613983411246786, 2.3607493358249894, 2.365292372922814, 2.367888394121571, 2.3682128967714156, 2.3747029497683085, 2.37340493916893, 2.373080436519085, 2.375676457717842, 2.380219494815667, 2.3789214842162885, 2.383789023963958, 2.382815516014424, 2.3850870345633366, 2.3847625319134917, 2.385411537213181, 2.390603579610695, 2.39092808226054, 2.388332061061783, 2.3899545743110058, 2.393524103459297, 2.3938486061091417, 2.3948221140586754, 2.3919015902100735, 2.3912525849103843, 2.394173108758986, 2.3931996008094525, 2.394173108758986, 2.3954711193583647, 2.3990406485066558, 2.3980671405571217, 2.3954711193583647, 2.401312167055568, 2.3957956220082095, 2.4006631617558787, 2.3983916432069665, 2.3993651511565, 2.4006631617558787, 2.4009876644057235, 2.3990406485066558, 2.3957956220082095, 2.3980671405571217, 2.3964446273078988, 2.394173108758986, 2.3912525849103843, 2.3954711193583647, 2.3925505955097632, 2.3922260928599184, 2.3919015902100735, 2.3886565637116273, 2.393524103459297, 2.3886565637116273, 2.388332061061783, 2.3873585531122488, 2.3886565637116273, 2.3834645213141132, 2.3824910133645796, 2.3815175054150455, 2.378596981566444, 2.375676457717842, 2.37762347361691, 2.37340493916893, 2.375351955067998, 2.375676457717842, 2.37340493916893, 2.3649678702729693, 2.366914886172037, 2.365292372922814, 2.3607493358249894, 2.3613983411246786, 2.3562062987271646, 2.353934780178252, 2.351338758979495, 2.349391743080427, 2.344199700682913, 2.3454977112822917, 2.347769229831204, 2.3386831556355543, 2.337385145036176, 2.3347891238374188, 2.3315440973389725, 2.3279745681906814, 2.323107028443012, 2.324080536392546, 2.321484515193789, 2.317265980745809, 2.3107759277489164, 2.3114249330486056, 2.3042858747520234, 2.303636869452334, 2.2990938323545094, 2.293252784657306, 2.293252784657306, 2.290981266108394, 2.287087234310258, 2.2822196945625888, 2.2789746680641425, 2.2734581230167836, 2.2676170753195803, 2.268915085918959, 2.2633985408716, 2.2621005302722215, 2.2533389587264168, 2.251391942827349, 2.2481469163289023, 2.2410078580323205, 2.2361403182846513, 2.232895291786205, 2.226729741439157, 2.2254317308397784, 2.219590683142575, 2.2147231433949055, 2.21082911159677, 2.2066105771487896, 2.1981735082528293, 2.1972000003032957, 2.190060942006714, 2.1851934022590442, 2.1803258625113746, 2.1780543439624624, 2.1699417777163466, 2.1683192644671236, 2.1615047088203863, 2.153716645224115, 2.152094131974892, 2.1426835551293975, 2.139763031280796, 2.1348954915331264, 2.1303524544353016, 2.120617374939963, 2.1189948616907395, 2.1121803060440025, 2.1060147556969544, 2.0988756974003726, 2.09238564440348, 2.087193602005966, 2.0839485755075193, 2.0745379986620254, 2.068696950964822, 2.065127421816531, 2.0560413476208814, 2.049551294623989, 2.0443592522264744, 2.0391672098289604, 2.0323526541822234, 2.0245645905859524, 2.0183990402389043, 2.015154013740458, 2.005418934245119, 2.0005513944974496, 1.9969818653491584, 1.985948775254441, 1.9814057381566161, 1.9749156851597236, 1.962260081815783, 1.961286573866249, 1.9551210235192011, 1.9457104466737067, 1.9372733777777464, 1.9301343194811644, 1.925266779733495, 1.9181277214369132, 1.9074191339920403, 1.9009290809951478, 1.896386043897323, 1.8860019591022947, 1.8827569326038485, 1.8723728478088204, 1.8649092868623938, 1.857770228565812, 1.851604678218764, 1.8421941013732697, 1.8324590218779309, 1.826942476830572, 1.820776926483524, 1.8136378681869423, 1.8029292807420694, 1.7961147250953322, 1.7850816350006147, 1.7802140952529453, 1.7721015290068296, 1.7656114760099368, 1.7604194336124228, 1.747114824968793, 1.7377042481232987, 1.7282936712778045, 1.7237506341799795, 1.717260581183087, 1.706551993738214, 1.6994129354416323, 1.6942208930441183, 1.6815652897001776, 1.6737772261039066, 1.6669626704571694, 1.6624196333593444, 1.6500885326652486, 1.6410024584695988, 1.6306183736745707, 1.6221813047786102, 1.6160157544315623, 1.6014131351885539, 1.6001151245891754, 1.5887575318446134, 1.5838899920969438, 1.5731814046520711, 1.5637708278065767, 1.5543602509610825, 1.5468966900146561, 1.5326185734214923, 1.5232079965759981, 1.518015954178484, 1.5069828640837666, 1.4991948004874953, 1.4862146944937102, 1.4826451653454193, 1.4719365779005464, 1.4589564719067611, 1.452141916260024, 1.4424068367646852, 1.436241286417637, 1.428453222821366, 1.4174201327266485, 1.4076850532313097, 1.3960029578369029, 1.3921089260387673, 1.3794533226948267, 1.3697182431994879, 1.3622546822530615, 1.3531686080574117, 1.3431090259122282, 1.3330494437670446, 1.3210428457227934, 1.3174733165745023, 1.3051422158804065, 1.2947581310853782, 1.2837250409906609, 1.2752879720947004, 1.2645793846498277, 1.2561423157538671, 1.245758230958839, 1.2369966594130342, 1.2269370772678505, 1.217851003072201, 1.2103874421257743, 1.1977318387818339, 1.1909172831350965, 1.1821557115892916, 1.1688511029456616, 1.1636590605481476, 1.1490564413051392, 1.147433928055916, 1.1312087955636845, 1.1217982187181903, 1.1104406259736281, 1.0990830332290662, 1.0906459643331057, 1.08253339808699, 1.073771826541185, 1.058844704648332, 1.0520301490015946, 1.0432685774557897, 1.030612974111849, 1.0205533919666656, 1.0117918204208605, 1.0049772647741233, 0.9929706667298721, 0.9835600898843778, 0.9709044865404373, 0.9575998778968074, 0.9504608196002255, 0.9436462639534883, 0.9306661579597031, 0.9222290890637427, 0.9121695069185591, 0.9008119141739971, 0.8926993479278813, 0.8839377763820763, 0.8732291889372035, 0.8579775643945059, 0.8518120140474579, 0.8411034266025851, 0.8313683471072462, 0.8219577702617519, 0.8135207013657916, 0.8002160927221617, 0.7904810132268227, 0.7791234204822607, 0.7719843621856789, 0.7609512720909614, 0.7492691766965547, 0.7382360866018373, 0.7314215309551001, 0.7220109541096058, 0.707732837516442, 0.6970242500715692, 0.6895606891251427, 0.681448122879027, 0.6697660274846203, 0.6610044559388153, 0.6483488525948746, 0.6408852916484482, 0.6298522015537308, 0.6194681167587026, 0.6120045558122761, 0.5993489524683355, 0.5909118835723751, 0.5802032961275023, 0.5685212007330956, 0.5630046556857369, 0.550673554991641, 0.5386669569473896, 0.5318524013006524, 0.5208193112059349, 0.5127067449598192, 0.5019981575149464, 0.4922630780196074, 0.4805809826252007, 0.4718194110793957, 0.46500485543265846, 0.45299825738840716, 0.44196516729368973, 0.43482610899710783, 0.4234685162525458, 0.41470694470674074, 0.4056208705110911, 0.3949122830662183, 0.3861507115204133, 0.37446861612600657, 0.36765406047926935, 0.3546739544854841, 0.3455878802898345, 0.3384488219932526, 0.32936274779760294, 0.3160581391539731, 0.30697206495832347, 0.2969124828131399, 0.28944892186671345, 0.2806873503209084, 0.27030326552588024, 0.263488709879143, 0.2505086038853578, 0.23980001644048501, 0.23071394224483535, 0.22195237069903034, 0.21156828590400217, 0.20280671435819714, 0.19339613751270288, 0.18268755006783008, 0.17360147587218042, 0.16613791492575392, 0.15445581953134724, 0.14829026918429924, 0.13855518968896033, 0.12849560754377679, 0.11843602539859324, 0.11259497770138989, 0.10285989820605099, 0.08987979221226577, 0.08436324716490705, 0.07365465972003425, 0.06521759082407386, 0.056780521928113475, 0.04769444773246383, 0.0399063841361927, 0.030495807290698413, 0.023356748994116546, 0.013621669498777635, 0.0006415635049924213, -0.004225976242677034, -0.013636553088171315, -0.022073621984131705, -0.031484198829625984, -0.03959676507574174, -0.04576231542278972, -0.05744441081719641, -0.06425896646393366, -0.07626556450818497, -0.08697415195305779, -0.08859666520228093, -0.09606022614870743, -0.10936483479233727, -0.11228535864093896, -0.12039792488705471, -0.13272902558115066, -0.138570073278354, -0.14895415807338216, -0.15511970842043016, -0.16485478791576905, -0.1739408621114187, -0.17751039125970963, -0.18919248665411634, -0.1940600264017858, -0.20574212179619247, -0.21255667744292972, -0.2209937463388901, -0.22423877283733643, -0.23819238678065552, -0.24403343447785886, -0.24890097422552832, -0.2573380431214887, -0.26577511201744913, -0.2719406623644971, -0.2794042233109236, -0.2868677842573501, -0.2962783611028444, -0.3004968955508246, -0.30796045649725107, -0.31704653069290073, -0.3206160598411917, -0.3358676843838893, -0.3410597267814034, -0.3433312453303158, -0.3540398327751886, -0.362476901671149, -0.3683179493683523, -0.3705894679172647, -0.38032454741260363, -0.38876161630856404, -0.3939536587060781, -0.3991457011035922, -0.4085562779490865, -0.4124503097472221, -0.4205628759933378, -0.4277019342899197, -0.430946960788366, -0.4419800508830834, -0.4500926171291992, -0.4526886383279562, -0.4620992151734505, -0.46891377082018776, -0.4705362840694109, -0.47767534236599274, -0.48092036886443906, -0.49260246425884574, -0.4974700040065152, -0.4990925172557384, -0.5072050835018541, -0.5091520994009219, -0.516940162997193, -0.5253772318931533, -0.5299202689909782, -0.5360858193380261, -0.5403043537860064, -0.5497149306315007, -0.5523109518302577, -0.5588010048271503, -0.561721528675752, -0.5678870790228, -0.5759996452689157, -0.5795691744172067, -0.58541022211441, -0.5899532592122348, -0.5906022645119241, -0.5990393334078845, -0.6039068731555539, -0.6071518996540002, -0.6133174500010482, -0.6165624764994945, -0.6230525294963871, -0.6262975559948334, -0.6321386036920368, -0.635383630190483, -0.6415491805375311, -0.6464167202852005, -0.6509597573830254, -0.6525822706322485, -0.6580988156796072, -0.6584233183294518, -0.6619928474777428, -0.6714034243232371, -0.672376932272771, -0.6782179799699742, -0.6827610170677991, -0.6834100223674884, -0.6915225886136042, -0.6967146310111182, -0.6967146310111182, -0.7025556787083216, -0.7054762025569232, -0.7045026946073893, -0.7113172502541266, -0.7155357847021068, -0.7204033244497762, -0.7194298165002423, -0.7213768323993102, -0.7272178800965134, -0.7307874092448043, -0.73468144104294, -0.7369529595918524, -0.7366284569420077, -0.7450655258379681, -0.7427940072890558, -0.7473370443868805, -0.748635054986259, -0.7567476212323748, -0.7554496106329963, -0.7586946371314426, -0.7616151609800442, -0.7635621768791121, -0.764535684828646, -0.7658336954280245, -0.7674562086772476, -0.7713502404753831, -0.7723237484249171, -0.7719992457750724, -0.7775157908224312, -0.775893277573208, -0.7823833305701006, -0.7788138014218097, -0.7794628067214989, -0.7846548491190131, -0.7891978862168378, -0.7904958968162163, -0.7898468915165271, -0.7898468915165271, -0.7940654259645074, -0.7924429127152841, -0.7891978862168378, -0.7953634365638859, -0.8005554789613999, -0.7953634365638859, -0.7982839604124875, -0.8002309763115553, -0.7986084630623321, -0.8005554789613999, -0.7986084630623321, -0.8008799816112445, -0.8044495107595355, -0.8034760028100016, -0.802177992210623, -0.8012044842610891, -0.8041250081096909, -0.8041250081096909, -0.8041250081096909, -0.8015289869109338, -0.8060720240087587, -0.8028269975103123, -0.802177992210623, -0.8028269975103123, -0.802177992210623, -0.803151500160157, -0.799581971011866, -0.8008799816112445, -0.8008799816112445, -0.802177992210623, -0.7999064736617106, -0.7989329657121768, -0.7973104524629536, -0.7999064736617106, -0.7989329657121768, -0.796985949813109, -0.7953634365638859, -0.7950389339140412, -0.7914694047657502, -0.7898468915165271, -0.7898468915165271, -0.7904958968162163, -0.7862773623682362, -0.7840058438193238, -0.7846548491190131, -0.7820588279202559, -0.7804363146710328, -0.778489298771965, -0.7771912881725865, -0.7749197696236741, -0.7723237484249171, -0.7739462616741403, -0.7687542192766261, -0.7674562086772476, -0.7616151609800442, -0.7651846901283352, -0.7632376742292675, -0.760966155680355, -0.7593436424311318, -0.7544761026834624, -0.7557741132828409, -0.7479860496865698, -0.746039033787502, -0.7414959966896771, -0.7414959966896771, -0.7382509701912309, -0.73468144104294, -0.7337079330934061, -0.7275423827463581, -0.7304629065949597, -0.7200788217999315, -0.722350340348844, -0.7197543191500869, -0.7122907582036605, -0.7129397635033498, -0.7045026946073893, -0.7035291866578555, -0.7009331654590985, -0.6963901283612736, -0.6899000753643809, -0.6882775621151578, -0.6830855197176438, -0.6856815409164008, -0.6785424826198189, -0.6714034243232371, -0.6691319057743246, -0.6649133713263444, -0.6603703342285197, -0.6574498103799179, -0.6496617467836469, -0.6486882388341129, -0.6402511699381526, -0.6396021646384633, -0.6321386036920368, -0.6314895983923475, -0.6246750427456103, -0.6207810109474747, -0.6155889685499606, -0.6116949367518251, -0.6074764023038448, -0.6013108519567969, -0.5977413228085059, -0.594171793660215, -0.5902777618620795, -0.5834632062153422, -0.5789201691175174, -0.5717811108209355, -0.5675625763729553, -0.564317549874509, -0.5568539889280825, -0.5506884385810346, -0.5451718935336758, -0.5416023643853849, -0.5328407928395799, -0.5308937769405121, -0.5237547186439302, -0.5201851894956393, -0.5130461311990574, -0.5075295861516987, -0.5029865490538739, -0.49422497750806893, -0.4880594271610209, -0.4799468609149052, -0.47410581321770184, -0.46988727876972164, -0.46696675492111994, -0.457231675425781, -0.4533376436276455, -0.4452250773815297, -0.4374370137852586, -0.4332184793372784, -0.42964895018898747, -0.41894036274411467, -0.41472182829613446, -0.40628475940017406, -0.4001192090531261, -0.39330465340638887, -0.3868146004094963, -0.3790265368132251, -0.3735099917658664, -0.3679934467185077, -0.3582583672231688, -0.3517683142262762, -0.34430475327984966, -0.3339206684848215, -0.33327166318513224, -0.32483459428917183, -0.31412600684429903, -0.3073114511975618, -0.2988743823016014, -0.2962783611028444, -0.28946380545610717, -0.27778171006170044, -0.2706426517651186, -0.2599340643202458, -0.25376851397319783, -0.25247050337381927, -0.2411129106292572, -0.2326758417332968, -0.2261857887364042, -0.22034474103920085, -0.2089871482946388, -0.20119908469836767, -0.19470903170147505, -0.18692096810520392, -0.17783489390955426, -0.1706958356129724, -0.16193426406716738, -0.15511970842043016, -0.14668263952446975, -0.13694756002913083, -0.13078200968208287, -0.12526546463472416, -0.11196085599109432, -0.10839132684280339, -0.09573572349886281, -0.08892116785212556, -0.07886158570694202, -0.07172252741036016, -0.0668549876626907, -0.054199384318750106, -0.04576231542278972, -0.03602723592745081, -0.02823917233117968, -0.019477600785374662, -0.012014039838948163, -0.0006564470943861002, 0.004535595303127986, 0.013621669498777635, 0.023681251643961176, 0.03146931524023231, 0.043475913284483636, 0.0506149715810655, 0.055482511328734954, 0.06846261732252017, 0.07917120476739296, 0.08825727896304261, 0.09572083990946911, 0.10285989820605099, 0.11713801479921472, 0.12005853864781639, 0.12914461284346607, 0.14472074003600832, 0.14958827978367778, 0.15770084602979353, 0.1680849308248217, 0.1768465023706267, 0.18723058716565488, 0.19599215871145992, 0.2044292276074203, 0.21643582565167163, 0.22422388924794276, 0.23298546079374777, 0.2449920588379991, 0.25537614363302724, 0.26381321252898765, 0.2709522708255695, 0.2816608582704423, 0.2910714351159366, 0.3017800225608094, 0.3115151020561483, 0.32189918685117647, 0.32806473719822443, 0.338124319343408, 0.3436408643907667, 0.3585679862836197, 0.36862756842880323, 0.3786871505739868, 0.3897202406687042, 0.3981573095646646, 0.40529636786124645, 0.4205479924039441, 0.42574003480145817, 0.43644862224633096, 0.44748171234104844, 0.4591638077354551, 0.4695478925304833, 0.47571344287753126, 0.47960747467566683, 0.49485909921836446, 0.5055676866632373, 0.5146537608588869, 0.5204948085560903, 0.5325014066003416, 0.543534496695059, 0.5509980576414856, 0.5626801530358922, 0.5756602590296774, 0.5824748146764147, 0.5876668570739288, 0.6038919895661603, 0.6126535611119653, 0.6240111538565274, 0.6327727254023324, 0.6438058154970498, 0.6538653976422334, 0.6636004771375723, 0.6739845619326005, 0.6853421546771625, 0.6944282288728122, 0.7022162924690833, 0.7161699064124024, 0.7255804832578967, 0.7327195415544786, 0.7421301183999729, 0.7547857217439135, 0.7661433144884755, 0.7739313780847467, 0.7865869814286872, 0.7966465635738708, 0.806057140419365, 0.8148187119651701, 0.8268253100094214, 0.8362358868549157, 0.8430504425016528, 0.8560305484954381, 0.8651166226910878, 0.8797192419340961, 0.8862092949309888, 0.8982158929752401, 0.907950972470579, 0.9173615493160733, 0.9257986182120337, 0.9358582003572172, 0.9468912904519347, 0.9566263699472736, 0.9670104547423017, 0.9744740156887282, 0.985182603133601, 0.9955666879286291, 1.0075732859728803, 1.0156858522189962, 1.0267189423137135, 1.038725540357965, 1.041321561556722, 1.0552751755000411, 1.0679307788439816, 1.0770168530396313, 1.0831824033866793, 1.0932419855318627, 1.105248583576114, 1.1156326683711424, 1.1266657584658597, 1.1338048167624415, 1.145811414806693, 1.1542484837026532, 1.1646325684976815, 1.176639166541933, 1.1824802142391362, 1.1931888016840089, 1.2042218917787264, 1.2146059765737545, 1.2253145640186274, 1.2340761355644323, 1.2425132044603928, 1.251923781305887, 1.2662018978990508, 1.2723674482460987, 1.2837250409906609, 1.2892415860380195, 1.3005991787825817, 1.3119567715271436, 1.3210428457227934, 1.327532898719686, 1.339863999413782, 1.3518705974580332, 1.3577116451552365, 1.3654997087515077, 1.3778308094456035, 1.3826983491932732, 1.3947049472375244, 1.4015195028842617, 1.4148241115278914, 1.422287672474318, 1.4339697678687247, 1.4394863129160833, 1.4553869427584702, 1.461876995755363, 1.4719365779005464, 1.4781021282475943, 1.4852411865441764, 1.4923802448407582, 1.5050358481846988, 1.5167179435791054, 1.525155012475066, 1.5326185734214923, 1.540731139667608, 1.5524132350620148, 1.5585787854090627, 1.5683138649044017, 1.5748039179012943, 1.587459521245235, 1.5933005689424382, 1.6036846537374663, 1.6134197332328053, 1.6192607809300086, 1.6263998392265906, 1.6384064372708418, 1.6478170141163362, 1.6552805750627626, 1.663717643958723, 1.670856702255305, 1.6805917817506437, 1.6913003691955166, 1.6968169142428753, 1.704929480488991, 1.7101215228865052, 1.7214791156310671, 1.7312141951264062, 1.7390022587226772, 1.7445188037700359, 1.7526313700161518, 1.7607439362622674, 1.7695055078080726, 1.7802140952529453, 1.789300169448595, 1.7964392277451768, 1.8035782860417586, 1.8071478151900495, 1.8175318999850778, 1.824346455631815, 1.834081535127154, 1.8434921119726482, 1.8483596517203176, 1.855174207367055, 1.8632867736131706, 1.8730218531085097, 1.8765913822568006, 1.8821079273041592, 1.8918430067994982, 1.8980085571465461, 1.905147615443128, 1.9132601816892438, 1.9229952611845826, 1.9301343194811644, 1.935001859228834, 1.9450614413740175, 1.9538230129198226, 1.9567435367684243, 1.96485610301454, 1.967452124213297, 1.9794587222575484, 1.9852997699547517, 1.9924388282513334, 1.9963328600494692, 2.0076904527940314, 2.009637468693099, 2.020021553488127, 2.0261871038351753, 2.033650664781602, 2.0394917124788052, 2.0420877336775622, 2.0514983105230566, 2.057988363519949, 2.0638294112171525, 2.070319464214045, 2.0751870039617146, 2.07908103575985, 2.0878426073056553, 2.0910876338041016, 2.099524702700062, 2.103743237148042, 2.1115313007443133, 2.116074337842138, 2.1196438669904287, 2.125809417337477, 2.129378946485768, 2.137167010082039, 2.1456040789779993, 2.1459285816278437, 2.1507961213755133, 2.1611802061705414, 2.166047745918211, 2.169617275066502, 2.173186804214793, 2.184544396959355, 2.1848688996091994, 2.189736439356869, 2.195901989703917, 2.2017430374011204, 2.205312566549411, 2.208557593047858, 2.213749635445372, 2.220564191092109, 2.2244582228902443, 2.230299270587448, 2.2270542440890013, 2.235166810335117, 2.2419813659818546, 2.2445773871806116, 2.2500939322279705, 2.255610477275329, 2.2549614719756397, 2.263723043521445, 2.266968070019891, 2.2708621018180266, 2.275080636266007, 2.279948176013676, 2.2812461866130547, 2.287411736960103, 2.2893587528591706, 2.2929282820074617, 2.298769329704665, 2.300391842953888, 2.300391842953888, 2.311100430398761, 2.306557393300936, 2.314345456897207, 2.317265980745809, 2.319537499294721, 2.322133520493478, 2.32505404434208, 2.3279745681906814, 2.3334911132380403, 2.3347891238374188, 2.3367361397364865, 2.3419281821340006, 2.345173208632447, 2.343550695383224, 2.3480937324810487, 2.3490672404305823, 2.352312266929029, 2.354908288127786, 2.3526367695788735, 2.359126822575766, 2.3613983411246786, 2.3649678702729693, 2.364643367623125, 2.369510907370794, 2.3711334206200174, 2.372431431219396, 2.372431431219396, 2.3763254630175314, 2.375676457717842, 2.3795704895159777, 2.3815175054150455, 2.3824910133645796, 2.380219494815667, 2.383140018664269, 2.3860605425128703, 2.388332061061783, 2.3886565637116273, 2.390603579610695, 2.3850870345633366, 2.390603579610695, 2.3931996008094525, 2.3928750981596076, 2.3919015902100735, 2.398716145856811, 2.394173108758986, 2.393524103459297, 2.397093632607588, 2.397093632607588, 2.396769129957743, 2.3980671405571217, 2.3954711193583647, 2.3948221140586754, 2.3983916432069665, 2.396769129957743, 2.3977426379072773, 2.4003386591060343, 2.3957956220082095, 2.4009876644057235, 2.3977426379072773, 2.397093632607588, 2.397093632607588, 2.3951466167085202, 2.3902790769608506, 2.3948221140586754, 2.394497611408831, 2.3957956220082095, 2.3948221140586754, 2.3931996008094525, 2.3931996008094525, 2.3931996008094525, 2.3919015902100735, 2.3899545743110058, 2.385411537213181, 2.388332061061783, 2.3847625319134917, 2.383140018664269, 2.3824910133645796, 2.3815175054150455, 2.380543997465512, 2.377947976266755, 2.3766499656673763, 2.37762347361691, 2.375351955067998, 2.370484415320328, 2.371457923269862, 2.3682128967714156, 2.365292372922814, 2.367239388821882, 2.362696351724057, 2.3597758278754553, 2.356530801377009, 2.354908288127786, 2.351987764279184, 2.350365251029961, 2.3454977112822917, 2.343550695383224, 2.3419281821340006, 2.3419281821340006, 2.3351136264872636, 2.3351136264872636, 2.331219594689128, 2.3286235734903706, 2.3244050390423907, 2.3218090178436337, 2.321484515193789, 2.3156434674965856, 2.313696451597518, 2.3052593827015575, 2.306232890651091, 2.3059083880012468, 2.3000673403040435, 2.295848805856063, 2.291630271408083, 2.2887097475594813, 2.284815715761346, 2.2812461866130547, 2.2744316309663177, 2.2728091177170944, 2.269888593868493, 2.2672925726697355, 2.263723043521445, 2.2598290117233093, 2.2526899534267275, 2.253663461376261, 2.247497911029213, 2.242305868631699, 2.23743832888403, 2.2315972811868265, 2.2277032493886906, 2.2244582228902443, 2.2192661804927303, 2.2173191645936625, 2.2121271221961485, 2.206286074498945, 2.1997960215020527, 2.195901989703917, 2.1916834552559368, 2.187140418158112, 2.181623873110753, 2.176431830713239, 2.1709152856658807, 2.165723243268366, 2.1637762273692984, 2.1563126664228722, 2.150147116075824, 2.142034549829708, 2.138789523331262, 2.1300279517854572, 2.1251604120377876, 2.126458422637166, 2.1170478457916717, 2.1095842848452455, 2.1050412477474203, 2.1008227132994404, 2.0930346497031693, 2.0910876338041016, 2.0839485755075193, 2.0771340198607824, 2.0696704589143557, 2.06155789266824, 2.0576638608701043, 2.053769829071969, 2.0456572628258534, 2.040465220428339, 2.031054643582845, 2.0242400879361075, 2.0245645905859524, 2.0145050084407687, 2.007041447494342, 2.001200399797139, 1.9930878335510227, 1.9872467858538194, 1.983352754055684, 1.9742666798600343, 1.96907463746252, 1.961286573866249, 1.956094531468735, 1.9424654201752605, 1.9395448963266588, 1.9317568327303876, 1.9249422770836504, 1.9155317002381562, 1.9074191339920403, 1.9064456260425064, 1.8960615412474784, 1.8872999697016732, 1.8834059379035377, 1.8707503345595973, 1.866531800111617, 1.8590682391651905, 1.8503066676193856, 1.841869598723425, 1.8386245722249788, 1.8279159847801059, 1.8172073973352332, 1.8136378681869423, 1.805849804590671, 1.7977372383445553, 1.7876776561993717, 1.7828101164517023, 1.7740485449058974, 1.7652869733600922, 1.7539293806155303, 1.7490618408678609, 1.740949274621745, 1.7334857136753186, 1.7243996394796688, 1.7149890626341746, 1.704929480488991, 1.6977904221924092, 1.6900023585961381, 1.6848103161986239, 1.676048744652819, 1.669883194305771, 1.6572275909618304, 1.6530090565138502, 1.6413269611194434, 1.6322408869237939, 1.6221813047786102, 1.6121217226334268, 1.6066051775860681, 1.5994661192894861, 1.5910290503935258, 1.5816184735480314, 1.5735059073019158, 1.5637708278065767, 1.553062240361704, 1.5501417165131024, 1.5358635999199386, 1.5280755363236675, 1.5157444356295715, 1.5124994091311252, 1.5001683084370292, 1.4891352183423119, 1.4803736467965067, 1.4745325990993035, 1.4612279904556735, 1.4537644295092471, 1.4466253712126653, 1.437214794367171, 1.4278042175216767, 1.4157976194774253, 1.4080095558811543, 1.3992479843353491, 1.388863899540321, 1.3814003385938947, 1.3710162537988664, 1.3622546822530615, 1.3541421160069456, 1.3447315391614514, 1.3314269305178215, 1.3255858828206182, 1.3139037874262114, 1.3051422158804065, 1.2960561416847567, 1.2863210621894179, 1.2759369773943896, 1.2665264005488954, 1.255493310454178, 1.2480297495077515, 1.2356986488136554, 1.2279105852173844, 1.2191490136715795, 1.2087649288765512, 1.1996788546809016, 1.1854007380877378, 1.176639166541933, 1.1704736161948848, 1.1594405261001675, 1.1516524625038962, 1.1373743459107326, 1.1305597902639952, 1.1256922505163258, 1.1107651286234728, 1.1003810438284447, 1.0916194722826396, 1.0844804139860578, 1.071824810642117, 1.0601427152477105, 1.0484606198533037, 1.0422950695062558, 1.0319109847112276, 1.0208778946165102, 1.0127653283703946, 0.9991362170769201, 0.9932951693797167, 0.9825865819348439, 0.9718779944899711, 0.961493909694943, 0.9543548513983611, 0.9400767348051974, 0.9313151632593923, 0.9206065758145195, 0.9137920201677823, 0.9008119141739971, 0.8891298187795904, 0.8823152631328531, 0.8732291889372035, 0.8625206014923307, 0.8518120140474579, 0.8411034266025851, 0.8313683471072462, 0.8232557808611305, 0.815792219914704, 0.8008650980218509, 0.792103526476046, 0.7813949390311731, 0.7732823727850574, 0.7593287588417382, 0.7515406952454672, 0.7434281289993514, 0.7314215309551001, 0.7207129435102273, 0.7116268693145776, 0.6979977580211031, 0.6908586997245213, 0.6769050857812021, 0.6704150327843096, 0.660355450639126, 0.6502958684939425, 0.6395872810490697, 0.6288786936041969, 0.6188191114590134, 0.6107065452128976, 0.5990244498184909, 0.5912363862222197, 0.5811768040770362, 0.5717662272315419, 0.5610576397866691, 0.5487265390925732, 0.5402894701966128, 0.5302298880514292, 0.5198458032564011, 0.5127067449598192, 0.5003756442657232, 0.492587580669452, 0.4802564799753561, 0.47344192432861887, 0.46240883423390144, 0.4507267388394947, 0.44358768054291287, 0.43255459044819544, 0.4234685162525458, 0.412759928807673, 0.40399835726186795, 0.3958857910157522, 0.38517720357087937, 0.37576662672538513, 0.3657070445802016, 0.3562964677347073, 0.34850840413843615, 0.33650180609418484, 0.3235217001003996, 0.3157336365041285, 0.3092435835072359, 0.2956144722137614, 0.284581382119044, 0.2741972973240158, 0.2670582390274339, 0.2628397045794537, 0.24726357738691151, 0.2407735243900189, 0.23395896874328168, 0.2213033653993411, 0.21351530180306996, 0.20410472495757567, 0.19761467196068305, 0.1843100633170532, 0.1745749838217143, 0.16516440697622004, 0.15770084602979353, 0.14731676123476536, 0.13660817378989257, 0.12654859164470902, 0.11876052804843787, 0.11389298830076841, 0.10285989820605099, 0.0934493213605567, 0.0827407339156839, 0.07462816766956815, 0.06748910937298627, 0.05515800867889033, 0.0473699450826192, 0.040230886786037326, 0.029197796691319892, 0.021085230445204134, 0.011025648300020592, 0.003886590003438725, -0.005848489491900186, -0.012663045138637424, -0.022722627283820965, -0.031484198829625984, -0.043166294224032675, -0.04706032602216824, -0.058417918766730303, -0.0636099611642444, -0.07269603535989405, -0.08243111485523295, -0.0892456705019702, -0.09833174469761985, -0.1064443109437356, -0.11617939043907452, -0.12396745403534565, -0.13597405207959695, -0.13921907857804325, -0.14765614747400366, -0.1599872481680996, -0.16258326936685663, -0.1706958356129724, -0.18107992040800058, -0.18951698930396096, -0.2005500793986784, -0.2047686138466586, -0.2135301853924636, -0.22034474103920085, -0.22553678343671493, -0.23494736028220922, -0.24241092122863572, -0.2501989848249069, -0.26188108021931356, -0.26188108021931356, -0.26837113321620615, -0.27972872596076825, -0.28849029750657323, -0.2920598266548642, -0.3014704035003585, -0.3099074723963189, -0.3154240174436776, -0.326457107538395, -0.3303511393365306, -0.33976171618202483, -0.3433312453303158, -0.3540398327751886, -0.3595563778225473, -0.36637093346928457, -0.3757815103147788, -0.38129805536213757, -0.3871391030593409, -0.3946026640057674, -0.40271523025188316, -0.4108277964979989, -0.41309931504691133, -0.42121188129302706, -0.42964895018898747, -0.4312714634382106, -0.44035753763386026, -0.4474965959304421, -0.45106612507873306, -0.45950319397469347, -0.4666422522712753, -0.4715097920189448, -0.4773508397161481, -0.4799468609149052, -0.49292696690869037, -0.49552298810744744, -0.5023375437541846, -0.5065560782021649, -0.5153176497479698, -0.5185626762464162, -0.5211586974451732, -0.5299202689909782, -0.5367348246377154, -0.5435493802844527, -0.5467944067828989, -0.5477679147324329, -0.5539334650794808, -0.5633440419249751, -0.5701585975717124, -0.5747016346695372, -0.5769731532184496, -0.5867082327137885, -0.5899532592122348, -0.5974168201586613, -0.5996883387075738, -0.6045558784552432, -0.6071518996540002, -0.615264465900116, -0.6204565082976301, -0.6201320056477855, -0.6272710639443673, -0.6308405930926583, -0.6366816407898616, -0.6405756725879972, -0.6444697043861327, -0.6532312759319377, -0.6493372441338021, -0.6561517997805394, -0.6603703342285197, -0.6678338951749461, -0.6704299163737032, -0.6746484508216833, -0.6746484508216833, -0.6821120117681099, -0.6853570382665561, -0.6915225886136042, -0.6931451018628273, -0.698661646910186, -0.7002841601594091, -0.7045026946073893, -0.7080722237556802, -0.7096947370049034, -0.7142377741027283, -0.7155357847021068, -0.7200788217999315, -0.7259198694971349, -0.7275423827463581, -0.7294893986454258, -0.7333834304435615, -0.7392244781407648, -0.7405224887401433, -0.7408469913899879, -0.7450655258379681, -0.7499330655856375, -0.7509065735351714, -0.75220458413455, -0.7525290867843947, -0.7593436424311318, -0.7612906583301996, -0.7632376742292675, -0.7625886689295782, -0.7674562086772476, -0.7664827007277137, -0.7703767325258493, -0.7723237484249171, -0.7771912881725865, -0.7752442722735188, -0.7775157908224312, -0.778489298771965, -0.7807608173208774, -0.7817343252704113, -0.7830323358697899, -0.7866018650180808, -0.7866018650180808, -0.7901713941663717, -0.7911449021159056, -0.7888733835669932, -0.7927674153651288, -0.7911449021159056, -0.7937409233146627, -0.7973104524629536, -0.7956879392137305, -0.799581971011866, -0.8012044842610891, -0.7976349551127982, -0.8018534895607784, -0.7999064736617106, -0.7973104524629536, -0.8008799816112445, -0.8025024948604677, -0.8054230187090694, -0.8047740134093802, -0.8044495107595355, -0.8002309763115553, -0.805747521358914, -0.8034760028100016, -0.8008799816112445, -0.8044495107595355, -0.8018534895607784, -0.8025024948604677, -0.8047740134093802, -0.8044495107595355, -0.8044495107595355, -0.8008799816112445, -0.8002309763115553, -0.8008799816112445, -0.7992574683620214, -0.8008799816112445, -0.7973104524629536, -0.7973104524629536, -0.7953634365638859, -0.7947144312641966, -0.7963369445134197, -0.796985949813109, -0.7940654259645074, -0.7895223888666825, -0.7869263676679255, -0.7904958968162163, -0.7833568385196346, -0.7846548491190131, -0.7846548491190131, -0.7807608173208774, -0.7827078332199453, -0.7781647961221204, -0.7771912881725865, -0.7726482510747618, -0.7749197696236741, -0.7716747431252278, -0.7723237484249171, -0.7677807113270922, -0.7681052139769369, -0.7655091927781799, -0.7596681450809765, -0.7593436424311318, -0.7570721238822194, -0.7531780920840839, -0.748635054986259, -0.7544761026834624, -0.7440920178884343, -0.7450655258379681, -0.7405224887401433, -0.7366284569420077, -0.7376019648915416, -0.732085419844183, -0.7275423827463581, -0.7294893986454258, -0.7249463615476011, -0.7217013350491548, -0.7178073032510192, -0.7145622767525729, -0.7083967264055249, -0.7093702343550587, -0.702231176058477, -0.6993106522098752, -0.6950921177618951, -0.6918470912634488, -0.6902245780142255, -0.6830855197176438, -0.6798404932191974, -0.6762709640709065, -0.6739994455219941, -0.6714034243232371, -0.665237873976189, -0.6606948368783643, -0.6597213289288303, -0.6516087626827146, -0.6509597573830254, -0.6415491805375311, -0.6402511699381526, -0.6334366142914153, -0.6295425824932798, -0.6246750427456103, -0.6198075029979409, -0.617860487098873, -0.6084499102533787, -0.6039068731555539, -0.6026088625561754, -0.5974168201586613, -0.5919002751113026, -0.5867082327137885, -0.5847612168147207, -0.5766486505686049, -0.5740526293698479, -0.5688605869723339, -0.564317549874509, -0.5562049836283932, -0.5513374438807238, -0.5451718935336758, -0.543224877634608, -0.5321917875398906, -0.5295957663411336, -0.5240792212937748, -0.516940162997193, -0.5120726232495235, -0.5062315755523201, -0.4990925172557384, -0.4939004748582243, -0.4896819404102441, -0.4799468609149052, -0.47962235826506056, -0.46988727876972164, -0.4630727231229844, -0.4598276966245381, -0.4517151303784223, -0.4419800508830834, -0.4384105217347925, -0.42964895018898747, -0.42413240514162875, -0.4179668547945808, -0.4111522991478435, -0.40628475940017406, -0.4014172196525046, -0.3939536587060781, -0.3868146004094963, -0.38129805536213757, -0.37513250501508955, -0.36604643081943994, -0.3582583672231688, -0.3488477903776745, -0.3446292559296943, -0.3381392029328017, -0.332622657885443, -0.32126506514088093, -0.31315249889476515, -0.3099074723963189, -0.3004968955508246, -0.29303333460439807, -0.28849029750657323, -0.2774572074118558, -0.2732386729638756, -0.26480160406791525, -0.25409301662304246, -0.2495499795252176, -0.24305992652832498, -0.23170233378376293, -0.22488777813702568, -0.21839772514013306, -0.21060966154386193, -0.2060666244460371, -0.19341102110209654, -0.18529845485598076, -0.183351438956913, -0.17199384621235092, -0.16128525876747812, -0.15544421107027478, -0.14700714217431438, -0.138570073278354, -0.13175551763161675, -0.12266944343596713, -0.114881379839696, -0.10417279239482319, -0.09541122084901817, -0.09054368110134872, -0.08308012015492222, -0.07074901946082626, -0.06231195056486587, -0.05614640021781789, -0.04349079687387731, -0.03959676507574174, -0.0262921564321119, -0.01817959018599614, -0.011365034539258903, -0.0026034629934538825, 0.007456119151729659, 0.01719119864706857, 0.024005754293805807, 0.03276732583961083, 0.041528897385415854, 0.05223748483028865, 0.06002554842655978, 0.06489308817422923, 0.07917120476739296, 0.08566125776428557, 0.09701885050884763, 0.10188639025651709, 0.11129696710201137, 0.1223300571967288, 0.13303864464160162, 0.1349856605406694, 0.14861477183414387, 0.15997236457870595, 0.16711142287528782, 0.1768465023706267, 0.186257079216121, 0.1969656666609938, 0.20410472495757567, 0.21708483095136089, 0.22454839189778739, 0.2362304872921941, 0.24109802703986352, 0.2518066144847363, 0.2628397045794537, 0.27289928672463726, 0.2816608582704423, 0.28782640861749026, 0.29918400136205237, 0.30989258880692516, 0.3183296577028855, 0.32936274779760294, 0.3400713352424758, 0.346885890889213, 0.3575944783340858, 0.36635604987989084, 0.37576662672538513, 0.38647521417025793, 0.3958857910157522, 0.40529636786124645, 0.41600495530611925, 0.4247665268519243, 0.43644862224633096, 0.44326317789306824, 0.45559427858716417, 0.46727637398157085, 0.47701145347690976, 0.48512401972302555, 0.49485909921836446, 0.5042696760638588, 0.5146537608588869, 0.5253623483037597, 0.5328259092501862, 0.5451570099442822, 0.5555410947393103, 0.5613821424365137, 0.5727397351810758, 0.5840973279256378, 0.5931834021212875, 0.6022694763169372, 0.6136270690614992, 0.624335656506372, 0.6360177519007787, 0.6421833022478267, 0.6532163923425441, 0.6645739850871062, 0.6769050857812021, 0.684044144077784, 0.6921567103238998, 0.7018917898192387, 0.7171434143619363, 0.7242824726585182, 0.732395038904634, 0.7434281289993514, 0.756083732343292, 0.7628982879900292, 0.7723088648355235, 0.7839909602299302, 0.792103526476046, 0.8089776642679667, 0.8135207013657916, 0.8255272994100429, 0.8385074054038281, 0.8479179822493224, 0.8566795537951274, 0.8625206014923307, 0.8767987180854945, 0.8852357869814549, 0.8959443744263277, 0.9073019671708897, 0.9186595599154518, 0.9287191420606353, 0.9339111844581494, 0.942997258653799, 0.9572753752469628, 0.9644144335435446, 0.9767455342376407, 0.9842090951840671, 0.9968646985280077, 1.0075732859728803, 1.0156858522189962, 1.0237984184651119, 1.0371030271087418, 1.0448910907050128, 1.0533281596009734, 1.062414233796623, 1.0757188424402528, 1.0854539219355916, 1.0968115146801538, 1.105248583576114, 1.1156326683711424, 1.1292617796646167, 1.1364008379611987, 1.1409438750590235, 1.1584670181506336, 1.1649570711475261, 1.172096129444108, 1.17923518774069, 1.1918907910846304, 1.2074669182771727, 1.2129834633245313, 1.223043045469715, 1.229208595816763, 1.2428377071102374, 1.2506257707065085, 1.26263236875076, 1.274638966795011, 1.2821025277414377, 1.2895660886878642, 1.300274676132737, 1.3087117450286974, 1.319744835123415, 1.3288309093190644, 1.339863999413782, 1.3492745762592762, 1.3583606504549257, 1.3703672484991771, 1.3732877723477788, 1.3865923809914087, 1.3947049472375244, 1.4031420161334849, 1.415148614177736, 1.4229366777740073, 1.43364526521888, 1.4401353182157726, 1.4527909215597132, 1.4596054772064504, 1.469665059351634, 1.477453122947905, 1.4888107156924673, 1.4914067368912243, 1.506658361433922, 1.5131484144308145, 1.5232079965759981, 1.5322940707716477, 1.540731139667608, 1.551439727112481, 1.559227790708752, 1.5686383675542463, 1.5748039179012943, 1.5861615106458564, 1.5945985795418167, 1.603035648437777, 1.610174706734359, 1.6199097862296978, 1.6283468551256584, 1.6361349187219294, 1.6429494743686666, 1.653982564463384, 1.6633931413088783, 1.6744262314035958, 1.6766977499525082, 1.6900023585961381, 1.6981149248422538, 1.7052539831388356, 1.7156380679338639, 1.723426131530135, 1.73218770307594, 1.7393267613725218, 1.7458168143694144, 1.7574989097638212, 1.7659359786597815, 1.7675584919090046, 1.7798895926031006, 1.7915716879975074, 1.7961147250953322, 1.8052007992909818, 1.8120153549377191, 1.8188299105844563, 1.8256444662311935, 1.8337570324773094, 1.8395980801745127, 1.849657662319696, 1.854200699417521, 1.8652337895122384, 1.8701013292599078, 1.8817834246543146, 1.8834059379035377, 1.8944390279982553, 1.8980085571465461, 1.9064456260425064, 1.9158562028880008, 1.9223462558848934, 1.9301343194811644, 1.9372733777777464, 1.9466839546232406, 1.95155149437091, 1.9544720182195119, 1.963882595065006, 1.9719951613111217, 1.9810812355067715, 1.983352754055684, 1.9921143256014888, 2.0002268918476047, 2.0041209236457407, 2.0112599819423225, 2.0164520243398365, 2.02651160648502, 2.0313791462326893, 2.0375446965797375, 2.0443592522264744, 2.049551294623989, 2.0576638608701043, 2.065127421816531, 2.065127421816531, 2.0742134960121805, 2.0813525543087623, 2.086220094056432, 2.0907631311542567, 2.0972531841511493, 2.103743237148042, 2.112504808693847, 2.1173723484415166, 2.122888893488875, 2.1300279517854572, 2.1339219835835928, 2.1407365392303297, 2.144630571028465, 2.1517696293250475, 2.157935179672095, 2.1585841849717844, 2.165723243268366, 2.170590783016036, 2.176756333363084, 2.180974867811064, 2.1887629314073354, 2.190709947306403, 2.1991470162023634, 2.195252984404228, 2.207908587748168, 2.211153614246615, 2.2173191645936625, 2.218941677842886, 2.223160212290866, 2.2312727785369817, 2.23743832888403, 2.237113826234185, 2.240034350082787, 2.2461999004298345, 2.2481469163289023, 2.2526899534267275, 2.2549614719756397, 2.263723043521445, 2.2656700594205126, 2.2708621018180266, 2.279948176013676, 2.2780011601146084, 2.2822196945625888, 2.289683255509015, 2.287411736960103, 2.2948752979065294, 2.29844482705482, 2.302987864152645, 2.3042858747520234, 2.3072063986006253, 2.3101269224492267, 2.312073938348295, 2.317914986045498, 2.3192129966448767, 2.3234315310928566, 2.327325562890992, 2.3270010602411477, 2.3325176052885066, 2.3341401185377295, 2.340954674184467, 2.3386831556355543, 2.3454977112822917, 2.3448487059826024, 2.3490672404305823, 2.3500407483801165, 2.3562062987271646, 2.356530801377009, 2.3578288119763875, 2.3601003305253, 2.3613983411246786, 2.364643367623125, 2.3633453570237464, 2.367239388821882, 2.3701599126704833, 2.369835410020639, 2.3721069285695515, 2.3766499656673763, 2.3789214842162885, 2.377947976266755, 2.380219494815667, 2.378272478916599, 2.383140018664269, 2.3824910133645796, 2.3850870345633366, 2.3886565637116273, 2.3850870345633366, 2.388981066361472, 2.3919015902100735, 2.3954711193583647, 2.3899545743110058, 2.3931996008094525, 2.3954711193583647, 2.393524103459297, 2.393524103459297, 2.3990406485066558, 2.399689653806345, 2.397093632607588, 2.396769129957743, 2.396769129957743, 2.3990406485066558, 2.3980671405571217, 2.3990406485066558, 2.4003386591060343, 2.402285675005102, 2.397093632607588, 2.3990406485066558, 2.4003386591060343, 2.3993651511565, 2.3990406485066558, 2.396120124658054, 2.3990406485066558, 2.397093632607588, 2.3931996008094525, 2.3957956220082095, 2.3922260928599184, 2.393524103459297, 2.393524103459297, 2.3925505955097632, 2.3902790769608506, 2.3922260928599184, 2.3860605425128703, 2.388332061061783, 2.3850870345633366, 2.383789023963958, 2.3867095478125595, 2.381193002765201, 2.380219494815667, 2.381193002765201, 2.3769744683172207, 2.3789214842162885, 2.372431431219396, 2.3743784471184637, 2.373080436519085, 2.3682128967714156, 2.366914886172037, 2.3665903835221926, 2.36431886497328, 2.3633453570237464, 2.3601003305253, 2.3584778172760767, 2.356530801377009, 2.3526367695788735, 2.351338758979495, 2.349391743080427, 2.343550695383224, 2.340954674184467, 2.3393321609352435, 2.3396566635850884, 2.332842107938351, 2.3315440973389725, 2.327650065540837, 2.3263520549414585, 2.324080536392546, 2.3192129966448767, 2.316941478095964, 2.3149944621968963, 2.312722943647984, 2.3072063986006253, 2.309153414499693, 2.3026633615028005, 2.2981203244049757, 2.288060742259792, 2.293252784657306, 2.2864382290105687, 2.28514021841119, 2.275080636266007, 2.274107128316473, 2.269888593868493, 2.265994562070357, 2.2653455567706677, 2.2578819958242415, 2.253987964026106, 2.247822413679058, 2.2481469163289023, 2.2393853447830976, 2.240034350082787, 2.2387363394834083, 2.229974767937603, 2.2270542440890013, 2.2179681698933518, 2.2147231433949055, 2.21082911159677, 2.208882095697702, 2.2049880638995667, 2.1955774870540723, 2.19330596850516, 2.1887629314073354, 2.179352354561841, 2.176431830713239, 2.17156429096557, 2.165074237968677, 2.1621537141200755, 2.1585841849717844, 2.153067639924426, 2.144306068378621, 2.141385544530019, 2.1374915127318834, 2.1326239729842142, 2.120617374939963, 2.1167233431418273, 2.115100829892604, 2.1066637609966437, 2.103743237148042, 2.0920611417536352, 2.094008157652703, 2.080054543709384, 2.07486250131187, 2.0673989403654436, 2.064153913866997, 2.0586373688196384, 2.0514983105230566, 2.04403474957663, 2.0394917124788052, 2.0355976806806697, 2.02651160648502, 2.0187235428887487, 2.011584484592167, 2.012557992541701, 2.0002268918476047, 1.9891938017528872, 1.9895183044027318, 1.9755646904594129, 1.9710216533615879, 1.9703726480618986, 1.9609620712164044, 1.9525250023204441, 1.9476574625727745, 1.940193901626348, 1.930458822131009, 1.9242932717839611, 1.9168297108375347, 1.91228667373971, 1.901578086294837, 1.8980085571465461, 1.8895714882505856, 1.8827569326038485, 1.8730218531085097, 1.8626377683134814, 1.8564722179664335, 1.8503066676193856, 1.8421941013732697, 1.8353795457265325, 1.831485513928397, 1.818180905284767, 1.8136378681869423, 1.8052007992909818, 1.795465719795643, 1.7863796455999932, 1.7792405873034114, 1.7750220528554312, 1.7682074972086939, 1.7565254018142873, 1.7490618408678609, 1.7406247719719004, 1.7318632004260954, 1.7231016288802903, 1.7169360785332424, 1.7088235122871267, 1.6990884327917877, 1.6896778559462935, 1.6848103161986239, 1.6721547128546834, 1.6659891625076353, 1.657552093611675, 1.6491150247157147, 1.6419759664191327, 1.6325653895736385, 1.6263998392265906, 1.6166647597312516, 1.608552193485136, 1.5991416166396415, 1.5887575318446134, 1.5825919814975653, 1.5722078967025372, 1.5624728172071982, 1.5572807748096842, 1.5481947006140346, 1.5361881025697832, 1.5284000389735122, 1.5173669488787946, 1.5099033879323682, 1.4988702978376507, 1.4940027580899813, 1.4803736467965067, 1.4699895620014787, 1.4673935408027217, 1.4566849533578488, 1.4456518632631314, 1.4378637996668602, 1.4255326989727644, 1.4193671486257162, 1.4089830638306882, 1.3985989790356599, 1.3895129048400103, 1.383671857142807, 1.3742612802973126, 1.362579184902906, 1.3521951001078778, 1.3447315391614514, 1.3385659888144033, 1.3246123748710843, 1.3132547821265221, 1.3074137344293189, 1.2970296496342906, 1.2856720568897286, 1.274638966795011, 1.2655528925993615, 1.2574403263532459, 1.248354252157596, 1.2360231514635, 1.2269370772678505, 1.219473516321424, 1.212334458024842, 1.1980563414316785, 1.1883212619363395, 1.175665658592399, 1.1675530923462831, 1.159765028750012, 1.1506789545543623, 1.142241885658402, 1.1305597902639952, 1.1217982187181903, 1.1120631392228513, 1.105248583576114, 1.091294969632795, 1.0822088954371454, 1.0695532920932047, 1.062414233796623, 1.0533281596009734, 1.0400235509573434, 1.028990460862626, 1.0241229211149565, 1.01244082572055, 1.002705746225211, 0.9910236508308043, 0.9799905607360869, 0.9722024971398158, 0.9634409255940107, 0.9537058460986718, 0.9407257401048866, 0.9326131738587708, 0.9196330678649857, 0.9124940095684038, 0.901785422123531, 0.8930238505777259, 0.8839377763820763, 0.8732291889372035, 0.8592755749938844, 0.8540835325963704, 0.8407789239527405, 0.8290968285583338, 0.8206597596623734, 0.8112491828168791, 0.8008650980218509, 0.7888584999775996, 0.7820439443308624, 0.7706863515863003, 0.7593287588417382, 0.7492691766965547, 0.7395340972012158, 0.732395038904634, 0.7229844620591397, 0.7109778640148884, 0.7018917898192387, 0.6908586997245213, 0.6785275990304253, 0.6730110539830666, 0.6590574400397474, 0.6545144029419226, 0.6386137730995357, 0.6311502121531093, 0.6197926194085472, 0.6123290584621207, 0.5996734551181802, 0.5896138729729966, 0.5802032961275023, 0.570792719282008, 0.5587861212377567, 0.5529450735405533, 0.5373689463480111, 0.5312033960009631, 0.5204948085560903, 0.5127067449598192, 0.4994021363161893, 0.49291208331929665, 0.4789584693759776, 0.4708459031298618, 0.460137315684989, 0.4533227600382518, 0.44196516729368973, 0.4341771036974186, 0.4247665268519243, 0.41892547915472095, 0.40270034666248944, 0.39556128836590754, 0.382905685021967, 0.3754421240755405, 0.3614885101322214, 0.3553229597851734, 0.34299185909107743, 0.3358528007944956, 0.3303362557471369, 0.31638264180381775, 0.3050250490592557, 0.29918400136205237, 0.2862038953682671, 0.278415831771996, 0.269654260226191, 0.25764766218193963, 0.25018410123551316, 0.24239603763924206, 0.2281179210460783, 0.21968085215011793, 0.21156828590400217, 0.20410472495757567, 0.19177362426347971, 0.18528357126658712, 0.17587299442109283, 0.16711142287528782, 0.15672733808025963, 0.1437472320864744, 0.14212471883725128, 0.1294691154933107, 0.12038304129766102, 0.10870094590325433, 0.1009128823069832, 0.09182680811133355, 0.08436324716490705, 0.07657518356863592, 0.06586659612376312, 0.05775402987764737, 0.04834345303215309, 0.04120439473557122, 0.03179381789007694, 0.024005754293805807, 0.011999156249554483, 0.006158108552351138, -0.004225976242677034, -0.014934563687549836, -0.023047129933665596, -0.029537182930558202, -0.04089477567512026, -0.04543781277294509, -0.05647090286766252, -0.06393446381408903, -0.07399404595927257, -0.08145760690569906, -0.09054368110134872, -0.09735823674808596, -0.10806682419295875, -0.11358336924031748, -0.12169593548643323, -0.13402703618052916, -0.13954358122788788, -0.14733164482415903, -0.1547952057705855, -0.16453028526592442, -0.17134484091266167, -0.17751039125970963, -0.18854348135442708, -0.19503353435131968, -0.2028215979475908, -0.20833814299494952, -0.21937123308966697, -0.22780830198562735, -0.2336493496828307, -0.2420864185787911, -0.24922547687537294, -0.2570135404716441, -0.26739762526667227, -0.27161615971465247, -0.28102673656014676, -0.28621877895766085, -0.296602863752689, -0.30633794324802793, -0.3102319750461635, -0.3154240174436776, -0.3241855889894826, -0.32937763138699666, -0.3391127108823356, -0.3433312453303158, -0.35111930892658694, -0.36020538312223654, -0.36864245201819695, -0.3777285262138466, -0.38032454741260363, -0.3881126110088748, -0.39330465340638887, -0.4046622461509509, -0.4095297858986204, -0.4163443415453576, -0.41991387069364855, -0.4286754422394536, -0.43354298198712304, -0.44165554823323877, -0.44847010387997605, -0.45236413567811157, -0.46274822047313974, -0.46729125757096457, -0.4737813105678572, -0.4760528291167696, -0.4867614165616424, -0.48838392981086554, -0.49422497750806893, -0.5026620464040292, -0.5062315755523201, -0.5130461311990574, -0.5188871788962608, -0.5224567080445517, -0.5312182795903567, -0.5360858193380261, -0.5390063431866279, -0.5451718935336758, -0.5562049836283932, -0.559125507476995, -0.564317549874509, -0.5695095922720231, -0.5711321055212463, -0.5772976558682942, -0.5847612168147207, -0.588006243313167, -0.596767814858972, -0.5977413228085059, -0.6045558784552432, -0.6097479208527573, -0.6133174500010482, -0.6194830003480962, -0.624026037445921, -0.6259730533449888, -0.6311650957425029, -0.6376551487393954, -0.6402511699381526, -0.6431716937867542, -0.6486882388341129, -0.6522577679824039, -0.6580988156796072, -0.6645888686764998, -0.6668603872254122, -0.6714034243232371, -0.674972953471528, -0.677568974670285, -0.6821120117681099, -0.6850325356167115, -0.6921715939132934, -0.6902245780142255, -0.6960656257114289, -0.7058007052067679, -0.7025556787083216, -0.7083967264055249, -0.7093702343550587, -0.7168337953014853, -0.7207278270996208, -0.7184563085507084, -0.7246218588977564, -0.7265688747968242, -0.731111911894649, -0.7327344251438722, -0.7366284569420077, -0.7356549489924739, -0.7453900284878128, -0.7431185099389004, -0.7463635364373467, -0.7492840602859483, -0.7531780920840839, -0.7525290867843947, -0.7593436424311318, -0.7590191397812872, -0.7632376742292675, -0.7622641662797336, -0.767131706027403, -0.7687542192766261, -0.7710257378255385, -0.7713502404753831, -0.7752442722735188, -0.7752442722735188, -0.775893277573208, -0.7810853199707221, -0.7830323358697899, -0.7840058438193238, -0.7833568385196346, -0.7843303464691684, -0.788224378267304, -0.7888733835669932, -0.7927674153651288, -0.7917939074155949, -0.7934164206648181, -0.7947144312641966, -0.7960124418635751, -0.7963369445134197, -0.7976349551127982, -0.7989329657121768, -0.8018534895607784, -0.7989329657121768, -0.8044495107595355, -0.8025024948604677, -0.8054230187090694, -0.8034760028100016, -0.8012044842610891, -0.8034760028100016, -0.8054230187090694, -0.8018534895607784, -0.803151500160157, -0.8044495107595355, -0.8012044842610891, -0.803151500160157, -0.803151500160157, -0.8047740134093802, -0.8041250081096909, -0.8070455319582925, -0.8002309763115553, -0.802177992210623, -0.8038005054598463, -0.802177992210623, -0.7992574683620214, -0.8005554789613999, -0.8015289869109338, -0.8012044842610891, -0.7953634365638859, -0.7986084630623321, -0.7947144312641966, -0.7973104524629536, -0.7927674153651288, -0.7921184100654395, -0.788224378267304, -0.7930919180149735, -0.7862773623682362, -0.7891978862168378, -0.7810853199707221, -0.7866018650180808, -0.7843303464691684, -0.7804363146710328, -0.7814098226205667, -0.7810853199707221, -0.7762177802230527, -0.775893277573208, -0.7710257378255385, -0.76972772722616, -0.7690787219264708, -0.7651846901283352, -0.7625886689295782, -0.7638866795289567, -0.7573966265320641, -0.7538270973837732, -0.7544761026834624, -0.748635054986259, -0.7489595576361037, -0.7450655258379681, -0.7447410231881235, -0.7437675152385896, -0.7379264675413862, -0.7356549489924739, -0.731111911894649, -0.7288403933457366, -0.7272178800965134, -0.7236483509482226, -0.7200788217999315, -0.7152112820522621, -0.7142377741027283, -0.7139132714528836, -0.7035291866578555, -0.7019066734086323, -0.6976881389606521, -0.6970391336609628, -0.6921715939132934, -0.6918470912634488, -0.6856815409164008, -0.6798404932191974, -0.6769199693705957, -0.6730259375724602, -0.6678338951749461, -0.6636153607269659, -0.659072323629141, -0.6555027944808501, -0.653880281231627, -0.6480392335344236, -0.6438206990864435, -0.6415491805375311, -0.6344101222409492, -0.6340856195911045, -0.6253240480452995, -0.6198075029979409, -0.6168869791493391, -0.6116949367518251, -0.6071518996540002, -0.5987148307580399, -0.5990393334078845, -0.5935227883605257, -0.5873572380134777, -0.5831387035654976, -0.575675142619071, -0.5691850896221785, -0.5675625763729553, -0.5633440419249751, -0.5575029942277717, -0.5523109518302577, -0.5445228882339865, -0.5403043537860064, -0.5328407928395799, -0.5276487504420658, -0.5234302159940856, -0.5192116815461054, -0.5117481205996789, -0.5062315755523201, -0.5003905278551168, -0.49552298810744744, -0.49033094570993335, -0.48481440066257464, -0.47637733176661423, -0.46891377082018776, -0.46177471252360586, -0.45625816747624715, -0.4471720932805975, -0.4419800508830834, -0.4380860190849479, -0.43062245813852135, -0.42543041574100726, -0.4218608865927163, -0.4150463309459791, -0.4033642355515724, -0.39557617195530126, -0.39330465340638887, -0.3868146004094963, -0.38324507126120533, -0.37415899706555567, -0.36572192816959526, -0.3585828698730134, -0.35468883807487783, -0.3465762718287621, -0.33651668968357856, -0.3287286260873074, -0.32256307574025944, -0.31445050949414366, -0.30893396444678495, -0.2988743823016014, -0.29595385845299976, -0.2891393028062625, -0.27972872596076825, -0.27161615971465247, -0.26480160406791525, -0.2573380431214887, -0.24565594772708202, -0.24078840797941256, -0.2336493496828307, -0.22780830198562735, -0.22034474103920085, -0.2089871482946388, -0.2028215979475908, -0.1930865184522519, -0.18594746015567004, -0.17848389920924354, -0.1703713329631278, -0.16290777201670129, -0.15868923756872108, -0.14765614747400366, -0.1418150997768003, -0.1311065123319275, -0.1213714328365886, -0.11455687718985136, -0.10547080299420171, -0.09670923144839669, -0.08859666520228093, -0.0817821095555437, -0.07172252741036016, -0.06263645321471051, -0.05582189756797326, -0.04478880747325583, -0.03602723592745081, -0.031484198829625984, -0.022073621984131705, -0.013312050438326685, -0.0006564470943861002, 0.006482611202195768, 0.011674653599709853, 0.02595277019287359, 0.03276732583961083, 0.038932876186658805, 0.05093947423091013, 0.06002554842655978, 0.07170764382096646, 0.07397916236987888, 0.08631026306397484, 0.09831686110822616, 0.10350890350574024, 0.1148664962503023, 0.12200555454688418, 0.132714141991757, 0.1434227294366298, 0.15056178773321166, 0.15802534867963816, 0.16840943347466633, 0.18009152886907304, 0.18885310041487804, 0.19307163486285825, 0.20572723820679883, 0.21254179385353605, 0.22227687334887497, 0.22941593164545684, 0.24856158798629002, 0.25407813303364873, 0.2644622178286769, 0.269654260226191, 0.28133635562059767, 0.28782640861749026, 0.3008065146112755, 0.30794557290785735, 0.3222236895010211, 0.3264422239490013, 0.3410448431920097, 0.34461437234030057, 0.3605150021826875, 0.36473353663066765, 0.376740134674919, 0.3874487221197918, 0.39621029366559685, 0.4049718652114018, 0.4169784632556532, 0.42411752155223503, 0.43612411959648634, 0.44585919909182525, 0.4562432838868534, 0.4669518713317262, 0.47344192432861887, 0.4844750144233363, 0.49323658596914133, 0.5062166919629266, 0.517249782057644, 0.5240643377043812, 0.5331504119000309, 0.5412629781461467, 0.5539185814900872, 0.5633291583355815, 0.5756602590296774, 0.5834483226259486, 0.5928588994714429, 0.6029184816166264, 0.6116800531624315, 0.6253091644559059, 0.6317992174527985, 0.6447793234465837, 0.6522428843930103, 0.6636004771375723, 0.6733355566329112, 0.6859911599768518, 0.6947527315226568, 0.7018917898192387, 0.7145473931631793, 0.7255804832578967, 0.7333685468541679, 0.7447261395987299, 0.7518651978953118, 0.7693883409869218, 0.7755538913339698, 0.7862624787788426, 0.7950240503246476, 0.8063816430692097, 0.818388241113461, 0.8252027967601983, 0.8352623789053818, 0.8475934795994777, 0.8589510723440398, 0.8683616491895341, 0.8774477233851837, 0.8871828028805226, 0.8933483532275706, 0.9050304486219773, 0.9196330678649857, 0.9274211314612568, 0.9374807136064404, 0.9459177825024008, 0.9550038566980503, 0.9666859520924571, 0.9744740156887282, 0.9890766349317366, 0.9984872117772309, 1.0049772647741233, 1.0156858522189962, 1.0250964290644904, 1.0364540218090526, 1.0471626092539252, 1.059818212597866, 1.0685797841436708, 1.0766923503897867, 1.0874009378346594, 1.0971360173299984, 1.1084936100745604, 1.1146591604216085, 1.1234207319674134, 1.1347783247119756, 1.1471094254060714, 1.1578180128509443, 1.1639835631979922, 1.1740431453431757, 1.1873477539868056, 1.1967583308323, 1.2042218917787264, 1.2162284898229776, 1.2253145640186274, 1.2327781249650538, 1.2434867124099267, 1.2561423157538671, 1.2597118449021583, 1.269446924397497, 1.2830760356909716, 1.2895660886878642, 1.3025461946816494, 1.309036247678542, 1.3174733165745023, 1.3311024278679768, 1.3362944702654909, 1.35024808420881, 1.3573871425053918, 1.3680957299502647, 1.376532798846225, 1.3859433756917194, 1.3947049472375244, 1.4060625399820865, 1.4157976194774253, 1.425857201622609, 1.4307247413702784, 1.4424068367646852, 1.4514929109603347, 1.460903487805829, 1.4712875726008572, 1.4787511335472836, 1.4862146944937102, 1.494327260739826, 1.5063338587840773, 1.5147709276800376, 1.524181504525532, 1.532943076071337, 1.5420291502669865, 1.5494927112134131, 1.5602012986582858, 1.5673403569548678, 1.5786979496994298, 1.587459521245235, 1.5945985795418167, 1.6027111457879324, 1.6088766961349805, 1.616340257081407, 1.6341879028228616, 1.6397044478702203, 1.644247484968045, 1.6552805750627626, 1.667287173107014, 1.6757242420029743, 1.675075236703285, 1.6906513638958274, 1.6948698983438075, 1.7075255016877482, 1.7140155546846407, 1.7192075970821548, 1.7312141951264062, 1.7364062375239202, 1.7467903223189483, 1.7549028885650642, 1.7600949309625782, 1.770803518407451, 1.7792405873034114, 1.7837836244012362, 1.7957902224454876, 1.8052007992909818, 1.8120153549377191, 1.8185054079346117, 1.8249954609315042, 1.8350550430766879, 1.8421941013732697, 1.8457636305215606, 1.8499821649695407, 1.8616642603639475, 1.8707503345595973, 1.8775648902063344, 1.8850284511527609, 1.8944390279982553, 1.9006045783453032, 1.9064456260425064, 1.9135846843390885, 1.9229952611845826, 1.9311078274306983, 1.9372733777777464, 1.946359451973396, 1.95155149437091, 1.958690552667492, 1.9671276215634523, 1.9739421772101897, 1.9778362090083252, 1.984975267304907, 1.994710346800246, 1.9989288812482262, 2.0067169448444977, 2.0112599819423225, 2.022942077336729, 2.0232665799865734, 2.0304056382831557, 2.038842707179116, 2.0459817654756978, 2.051173807873212, 2.062531400617774, 2.062206897967929, 2.07064396686389, 2.0751870039617146, 2.080054543709384, 2.088816115255189, 2.0946571629523922, 2.1004982106495955, 2.105365750397265, 2.1118558033941577, 2.116074337842138, 2.1219153855393413, 2.1313259623848357, 2.1300279517854572, 2.142034549829708, 2.1407365392303297, 2.1507961213755133, 2.1514451266752026, 2.163451724719454, 2.1666967512179003, 2.1692927724166573, 2.18000135986153, 2.181623873110753, 2.1874649208079564, 2.1946039791045386, 2.196875497653451, 2.200445026801742, 2.205637069199256, 2.208557593047858, 2.216345656644129, 2.220564191092109, 2.226729741439157, 2.229974767937603, 2.234842307685273, 2.2377628315338742, 2.2481469163289023, 2.248471418978747, 2.253663461376261, 2.256583985224863, 2.261127022322688, 2.263723043521445, 2.2692395885688033, 2.2734581230167836, 2.2728091177170944, 2.2812461866130547, 2.2857892237108794, 2.2887097475594813, 2.29000775815886, 2.2922792767077724, 2.2990938323545094, 2.3042858747520234, 2.306232890651091, 2.3072063986006253, 2.312073938348295, 2.3149944621968963, 2.3201865045944103, 2.320511007244255, 2.324080536392546, 2.32927257879006, 2.329921584089749, 2.32927257879006, 2.333815615887885, 2.338034150335865, 2.340954674184467, 2.343226192733379, 2.350365251029961, 2.3526367695788735, 2.3526367695788735, 2.3529612722287183, 2.354908288127786, 2.356855304026854, 2.3578288119763875, 2.3613983411246786, 2.3610738384748338, 2.3675638914717263, 2.3685373994212604, 2.3708089179701726, 2.375027452418153, 2.3743784471184637, 2.375676457717842, 2.3769744683172207, 2.375676457717842, 2.3818420080648903, 2.3824910133645796, 2.3850870345633366, 2.382815516014424, 2.3850870345633366, 2.3860605425128703, 2.3893055690113165, 2.3948221140586754, 2.3931996008094525, 2.397093632607588, 2.39092808226054, 2.3928750981596076, 2.394497611408831, 2.3980671405571217, 2.3948221140586754, 2.393524103459297, 2.3948221140586754, 2.3993651511565, 2.4000141564561894, 2.3990406485066558, 2.397093632607588, 2.4029346803047913, 2.396769129957743, 2.3990406485066558, 2.401312167055568, 2.4003386591060343, 2.401312167055568, 2.397093632607588, 2.3993651511565, 2.3993651511565, 2.3957956220082095, 2.3977426379072773, 2.3983916432069665, 2.394173108758986, 2.3928750981596076, 2.394497611408831, 2.3954711193583647, 2.3922260928599184, 2.3931996008094525, 2.3948221140586754, 2.390603579610695, 2.3860605425128703, 2.390603579610695, 2.3886565637116273, 2.3847625319134917, 2.3860605425128703, 2.3808685001153562, 2.386385045162715, 2.378596981566444, 2.3789214842162885, 2.3766499656673763, 2.375676457717842, 2.3711334206200174, 2.375027452418153, 2.3708089179701726, 2.367239388821882, 2.366265880872348, 2.3656168755726585, 2.3633453570237464, 2.3613983411246786, 2.3562062987271646, 2.351338758979495, 2.354259282828097, 2.35101425632965, 2.350365251029961, 2.345173208632447, 2.3445242033327576, 2.3396566635850884, 2.3393321609352435, 2.3393321609352435, 2.3305705893894384, 2.329921584089749, 2.32505404434208, 2.324080536392546, 2.321484515193789, 2.3192129966448767, 2.31174943569845, 2.3107759277489164, 2.3101269224492267, 2.306232890651091, 2.3020143562031112, 2.297795821755131, 2.292603779357617, 2.290656763458549, 2.287087234310258, 2.2831932025121224, 2.2770276521650747, 2.274107128316473, 2.272160112417405, 2.2633985408716, 2.2653455567706677, 2.260802519672843, 2.2533389587264168, 2.251391942827349, 2.2487959216285915, 2.24587539777999, 2.237113826234185, 2.235166810335117, 2.2306237732372924, 2.223809217590555, 2.2192661804927303, 2.214398640745061, 2.2101801062970807, 2.2075840850983237, 2.203041048000499, 2.1955774870540723, 2.19330596850516, 2.188113926107646, 2.1848688996091994, 2.176431830713239, 2.1744848148141713, 2.1644252326689877, 2.159882195571163, 2.1563126664228722, 2.152743137274581, 2.1459285816278437, 2.142034549829708, 2.1326239729842142, 2.1277564332365446, 2.1209418775898072, 2.118670359040895, 2.112829311343692, 2.1040677397978866, 2.101796221248974, 2.094332660302548, 2.0901141258545675, 2.0845975808072086, 2.075511506611559, 2.0709684695137343, 2.065451924466376, 2.058961871469483, 2.0514983105230566, 2.0479287813747655, 2.0417632310277174, 2.0339751674314464, 2.031703648882534, 2.0206705587878164, 2.014829511090613, 2.007041447494342, 2.0021739077466725, 1.9934123362008676, 1.9895183044027318, 1.9775117063584806, 1.9775117063584806, 1.9668031189136077, 1.961286573866249, 1.9518759970207546, 1.9473329599229299, 1.9346773565789894, 1.9327303406799217, 1.9259157850331843, 1.9229952611845826, 1.9106641604904866, 1.904174107493594, 1.896386043897323, 1.8847039485029162, 1.8801609114050915, 1.876266879606956, 1.869127821310374, 1.8600417471147244, 1.848035149070473, 1.8434921119726482, 1.8337570324773094, 1.8301875033290185, 1.8168828946853885, 1.8126643602374084, 1.8026047780922247, 1.7957902224454876, 1.7899491747482843, 1.7824856138018577, 1.7721015290068296, 1.764637968060403, 1.7555518938647534, 1.7529558726659964, 1.7419227825712789, 1.7338102163251632, 1.7263466553787365, 1.7149890626341746, 1.708499009637282, 1.69714141689272, 1.6900023585961381, 1.6841613108989346, 1.6757242420029743, 1.6663136651574801, 1.657552093611675, 1.6494395273655593, 1.6387309399206864, 1.6315918816241046, 1.6263998392265906, 1.6182872729804747, 1.607578685535602, 1.5958965901411952, 1.5910290503935258, 1.580320462948653, 1.5709098861031587, 1.5621483145573536, 1.5563072668601503, 1.5443006688158991, 1.5387841237685402, 1.5245060071753767, 1.5193139647778624, 1.5102278905822129, 1.5024398269859416, 1.4858901918438656, 1.4823206626955747, 1.4771286202980605, 1.4657710275534985, 1.454737937458781, 1.4430558420643744, 1.4385128049665494, 1.4278042175216767, 1.4183936406761823, 1.4067115452817758, 1.4028175134836403, 1.3895129048400103, 1.383671857142807, 1.3690692378997986, 1.3648507034518185, 1.3547911213066348, 1.3457050471109853, 1.331751433167666, 1.3281819040193752, 1.3158508033252792, 1.3041687079308726, 1.2954071363850674, 1.2859965595395733, 1.2752879720947004, 1.2674999084984293, 1.2574403263532459, 1.24932776010713, 1.2402416859114804, 1.2305066064161414, 1.2207715269208026, 1.209738436826085, 1.2016258705799694, 1.192215293734475, 1.1815067062896023, 1.1717716267942633, 1.1591160234503228, 1.1513279598540516, 1.1445134042073144, 1.1321823035132184, 1.122122721368035, 1.1146591604216085, 1.0994075358789108, 1.0955135040807753, 1.0838314086863685, 1.0740963291910297, 1.062414233796623, 1.05170564635175, 1.0422950695062558, 1.033533497960451, 1.0186063760675979, 1.0114673177710158, 1.0004342276762985, 0.9926461640800275, 0.9799905607360869, 0.9722024971398158, 0.9605204017454091, 0.9501363169503809, 0.9423482533541098, 0.9319641685590816, 0.9215800837640534, 0.9121695069185591, 0.9050304486219773, 0.892050342628192, 0.8797192419340961, 0.8742026968867375, 0.8612225908929522, 0.8505140034480794, 0.8440239504511868, 0.8310438444574015, 0.824553791460509, 0.8125471934162577, 0.8018386059713848, 0.7908055158766674, 0.7791234204822607, 0.7693883409869218, 0.7603022667912721, 0.7554347270436027, 0.740183102500905, 0.7304480230055661, 0.7233089647089843, 0.7109778640148884, 0.6992957686204816, 0.6905341970746767, 0.681448122879027, 0.6733355566329112, 0.6626269691880384, 0.6493223605444086, 0.6408852916484482, 0.6292031962540415, 0.6184946088091687, 0.6074615187144512, 0.598050941868957, 0.5915608888720644, 0.5818258093767255, 0.5694947086826295, 0.5613821424365137, 0.5509980576414856, 0.5402894701966128, 0.526984861552983, 0.5217928191554688, 0.5146537608588869, 0.5039451734140141, 0.4896670568208504, 0.4805809826252007, 0.4737664269784635, 0.46468035278281383, 0.4491042255902716, 0.44196516729368973, 0.4332035957478847, 0.42119699770363334, 0.41503144735658537, 0.40302484931233407, 0.39458778041637366, 0.3861507115204133, 0.3754421240755405, 0.3640845313309784, 0.35694547303439655, 0.3481839014885915, 0.3361773034443402, 0.3235217001003996, 0.3160581391539731, 0.3118396047059929, 0.2969124828131399, 0.28782640861749026, 0.2790648370716853, 0.2686807522766571, 0.257323159532095, 0.2505086038853578, 0.24207153498939743, 0.23038943959499072, 0.22227687334887497, 0.21124378325415755, 0.2031312170080418, 0.1956676560616153, 0.18560807391643175, 0.17652199972078209, 0.16711142287528782, 0.15770084602979353, 0.14634325328523146, 0.1362836711400479, 0.12589958634501974, 0.12200555454688418, 0.11129696710201137, 0.09831686110822616, 0.09280031606086744, 0.08436324716490705, 0.07462816766956815, 0.06424408287453998, 0.05645601927826885, 0.04866795568199772, 0.0399063841361927, 0.029522299341164522, 0.022058738394738025, 0.011025648300020592, 0.0009660661548370516, -0.0026034629934538825, -0.012014039838948163, -0.023047129933665596, -0.033431214728693766, -0.04057027302527563, -0.04803383397170213, -0.05776891346704104, -0.0636099611642444, -0.0743185486091172, -0.0817821095555437, -0.0882721625524363, -0.09833174469761985, -0.10774232154311413, -0.1171528983886084, -0.12104693018674396, -0.1311065123319275, -0.138570073278354, -0.14570913157493587, -0.1547952057705855, -0.16712630646468146, -0.1739408621114187, -0.1814044230578452, -0.18692096810520392, -0.1940600264017858, -0.20249709529774618, -0.21385468804230826, -0.22164275163857938, -0.22553678343671493, -0.23656987353143236, -0.24241092122863572, -0.2527950060236639, -0.2573380431214887, -0.26609961466729376, -0.2738876782635649, -0.27972872596076825, -0.2881657948567286, -0.2988743823016014, -0.3060134405981833, -0.30893396444678495, -0.3180200386424346, -0.32580810223870577, -0.33359616583497687, -0.33749019763311244, -0.3446292559296943, -0.35111930892658694, -0.3595563778225473, -0.3689669546680416, -0.3718874785166433, -0.3796755421129144, -0.38486758451042846, -0.39557617195530126, -0.3965496799048352, -0.407258267349708, -0.41764235214473616, -0.4225098918924056, -0.42543041574100726, -0.43256947403758916, -0.44003303498401564, -0.44847010387997605, -0.45106612507873306, -0.4585296860251596, -0.46696675492111994, -0.4728078026183233, -0.4760528291167696, -0.48448989801273, -0.48741042186133166, -0.499417019905583, -0.4974700040065152, -0.5059070729024755, -0.5130461311990574, -0.5211586974451732, -0.5224567080445517, -0.5286222583915997, -0.5347878087386476, -0.5409533590856956, -0.5467944067828989, -0.5510129412308792, -0.5581519995274611, -0.5652910578240429, -0.570483100221557, -0.5724301161206248, -0.5763241479187603, -0.5850857194645653, -0.5919002751113026, -0.5909267671617687, -0.5983903281081951, -0.6058538890546217, -0.6116949367518251, -0.6133174500010482, -0.6168869791493391, -0.6217545188970086, -0.6282445718939011, -0.6311650957425029, -0.6357081328403277, -0.6415491805375311, -0.6447942070359773, -0.6496617467836469, -0.6503107520833361, -0.6532312759319377, -0.6629663554272767, -0.6655623766260337, -0.6704299163737032, -0.6736749428721495, -0.6759464614210619, -0.6847080329668669, -0.6860060435662454, -0.6905490806640703, -0.6908735833139149, -0.6973636363108074, -0.6989861495600306, -0.702231176058477, -0.7077477211058356, -0.7096947370049034, -0.7142377741027283, -0.7168337953014853, -0.7210523297494654, -0.7226748429986887, -0.7259198694971349, -0.7278668853962027, -0.7333834304435615, -0.73468144104294, -0.7408469913899879, -0.7440920178884343, -0.7453900284878128, -0.7473370443868805, -0.75220458413455, -0.7551251079831517, -0.7531780920840839, -0.7564231185825302, -0.7596681450809765, -0.7606416530305103, -0.7651846901283352, -0.7651846901283352, -0.7661581980778691, -0.7713502404753831, -0.7716747431252278, -0.7749197696236741, -0.7762177802230527, -0.778489298771965, -0.7810853199707221, -0.7817343252704113, -0.7810853199707221, -0.7866018650180808, -0.7895223888666825, -0.7875753729676147, -0.7904958968162163, -0.7891978862168378, -0.7914694047657502, -0.7940654259645074, -0.7960124418635751, -0.7937409233146627, -0.7960124418635751, -0.7950389339140412, -0.796985949813109, -0.8008799816112445, -0.799581971011866, -0.8002309763115553, -0.796985949813109, -0.799581971011866, -0.803151500160157, -0.8025024948604677, -0.8008799816112445, -0.8063965266586033, -0.8018534895607784, -0.8060720240087587, -0.8025024948604677, -0.8025024948604677, -0.8028269975103123, -0.8025024948604677, -0.8008799816112445, -0.8008799816112445, -0.802177992210623, -0.8044495107595355, -0.8060720240087587, -0.8038005054598463, -0.799581971011866, -0.7999064736617106, -0.8002309763115553, -0.7960124418635751, -0.799581971011866, -0.802177992210623, -0.7982839604124875, -0.7973104524629536, -0.7963369445134197, -0.7940654259645074, -0.7927674153651288, -0.7898468915165271, -0.7911449021159056, -0.7878998756174593, -0.788224378267304, -0.7859528597183916, -0.7866018650180808, -0.785628357068547, -0.7788138014218097, -0.7775157908224312, -0.775893277573208, -0.775893277573208, -0.775893277573208, -0.7745952669738295, -0.76972772722616, -0.7687542192766261, -0.7651846901283352, -0.7655091927781799, -0.7603171503806657, -0.760966155680355, -0.7580456318317533, -0.7535025947339286, -0.7531780920840839, -0.7509065735351714, -0.7447410231881235, -0.7418204993395219, -0.7447410231881235, -0.737277462241697, -0.7359794516423185, -0.7330589277937168, -0.7327344251438722, -0.7236483509482226, -0.7213768323993102, -0.722350340348844, -0.7184563085507084, -0.7148867794024175, -0.7106682449544373, -0.7041781919575447, -0.7058007052067679, -0.702231176058477, -0.6941186098123612, -0.6954166204117397, -0.688926567414847, -0.6856815409164008, -0.6791914879195081, -0.6756219587712172, -0.6733504402223048, -0.6675093925251014, -0.6632908580771213, -0.6623173501275874, -0.6542047838814716, -0.6522577679824039, -0.6496617467836469, -0.6441452017362881, -0.6402511699381526, -0.6386286566889293, -0.632787608991726, -0.6237015347960764, -0.6181849897487176, -0.6194830003480962, -0.6116949367518251, -0.6081254076035341, -0.6022843599063308, -0.5974168201586613, -0.594171793660215, -0.5896287565623902, -0.5815161903162744, -0.5789201691175174, -0.5747016346695372, -0.5675625763729553, -0.5607480207262181, -0.5549069730290147, -0.5526354544801023, -0.5487414226819668, -0.534463306088803, -0.534463306088803, -0.5305692742906675, -0.525701734542998, -0.5146686444482805, -0.510774612650145, -0.5059070729024755, -0.49876801460589376, -0.49552298810744744, -0.48741042186133166, -0.48448989801273, -0.47832434766568205, -0.46858926817034313, -0.46339722577282905, -0.4611257072239166, -0.454635654227024, -0.4474965959304421, -0.43873502438463713, -0.4312714634382106, -0.42283439454225025, -0.4169933468450469, -0.4111522991478435, -0.4088807805989311, -0.4014172196525046, -0.39200664280701036, -0.38227156331167145, -0.38227156331167145, -0.3731854891160218, -0.3666954361191292, -0.3572848592736349, -0.3507948062767423, -0.3456027638792282, -0.34041072148171414, -0.3300266366866859, -0.32158956779072556, -0.3167220280430561, -0.3092584670966296, -0.29692736640253364, -0.29400684255393195, -0.2871922869071947, -0.28102673656014676, -0.2719406623644971, -0.2622055828691582, -0.2527950060236639, -0.2527950060236639, -0.23851688943050015, -0.23137783113391827, -0.22488777813702568, -0.21937123308966697, -0.21190767214324047, -0.20249709529774618, -0.1973050529002321, -0.18692096810520392, -0.17751039125970963, -0.16842431706406, -0.15966274551825496, -0.1547952057705855, -0.14668263952446975, -0.138570073278354, -0.13240452293130603, -0.12396745403534565, -0.11196085599109432, -0.10287478179544467, -0.09411321024963964, -0.08600064400352389, -0.08015959630632054, -0.07269603535989405, -0.0636099611642444, -0.05549739491812863, -0.04576231542278972, -0.03732524652682933, -0.029537182930558202, -0.01753058488630688, -0.009742521290035751, -0.001305452394075361, 0.0048600979529726165, 0.012648161549243744, 0.023356748994116546, 0.03276732583961083, 0.04185340003526048, 0.04801895038230846, 0.06002554842655978, 0.06943612527205406, 0.07560167561910203, 0.08403874451506242, 0.0934493213605567, 0.10285989820605099, 0.11356848565092378, 0.12362806779610733, 0.13336314729144624, 0.1434227294366298, 0.14958827978367778, 0.15802534867963816, 0.16873393612451096, 0.17782001032016062, 0.18885310041487804, 0.19209812691332434, 0.20605174085664346, 0.21838284155073942, 0.22746891574638906, 0.23363446609343705, 0.2430450429389313, 0.2537536303838041, 0.26381321252898765, 0.27354829202432657, 0.28101185297075304, 0.2910714351159366, 0.2998330066617416, 0.31346211795521606, 0.317031647103507, 0.3316342663465154, 0.3361773034443402, 0.3478593988387469, 0.3562964677347073, 0.37057458432787105, 0.3790116532238314, 0.3871242194699472, 0.39328976981699515, 0.40724338376031427, 0.4186009765048763, 0.42574003480145817, 0.4383956381453988, 0.44683270704135913, 0.45559427858716417, 0.4682498819311048, 0.4747399349279974, 0.4844750144233363, 0.49583260716789834, 0.5016736548651017, 0.5156272688084208, 0.5227663271050027, 0.5360709357486325, 0.5458060152439714, 0.5529450735405533, 0.5643026662851154, 0.5743622484302989, 0.5827993173262593, 0.591885391521909, 0.6016204710172479, 0.6139515717113438, 0.6233621485568381, 0.6360177519007787, 0.6434813128472052, 0.654189900292078, 0.6639249797874169, 0.6717130433836881, 0.681448122879027, 0.6908586997245213, 0.7057858216173742, 0.71389838786349, 0.7233089647089843, 0.7307725256554108, 0.7431036263495068, 0.7551102243937581, 0.7658188118386309, 0.7742558807345913, 0.7862624787788426, 0.7969710662237154, 0.8073551510187436, 0.8167657278642378, 0.8268253100094214, 0.8375338974542942, 0.8446729557508761, 0.8553815431957489, 0.8683616491895341, 0.8803682472337854, 0.8878318081802119, 0.8988648982749293, 0.905354951271822, 0.9170370466662287, 0.9287191420606353, 0.9329376765086155, 0.9504608196002255, 0.9579243805466521, 0.9673349573921464, 0.975447523638262, 0.9861561110831348, 1.000109725026454, 1.0085467939224142, 1.0160103548688408, 1.0270434449635581, 1.0348315085598294, 1.046513603954236, 1.0539771649006626, 1.0695532920932047, 1.0760433450900975, 1.0870764351848148, 1.0964870120303092, 1.106222091525648, 1.1153081657212978, 1.1253677478664812, 1.1357518326615095, 1.1445134042073144, 1.1578180128509443, 1.1649570711475261, 1.1740431453431757, 1.1824802142391362, 1.1951358175830766, 1.202923881179348, 1.2155794845232883, 1.2210960295706472, 1.2340761355644323, 1.243162209760082, 1.2541952998547994, 1.2632813740504492, 1.272042945596254, 1.2814535224417485, 1.288917083388175, 1.3015726867321156, 1.3103342582779205, 1.3174733165745023, 1.3311024278679768, 1.3385659888144033, 1.3489500736094315, 1.3586851531047703, 1.3674467246505755, 1.3797778253446713, 1.3859433756917194, 1.3973009684362814, 1.4050890320325526, 1.4112545823796006, 1.4287777254712106, 1.4355922811179478, 1.4411088261653064, 1.4501949003609562, 1.4622014984052076, 1.4693405567017894, 1.4764796149983712, 1.4875127050930887, 1.5008173137367185, 1.5095788852825236, 1.5160689382794161, 1.5264530230744444, 1.53034705487258, 1.5410556423174526, 1.54787019796419, 1.556631769509995, 1.5657178437056447, 1.5783734470495852, 1.5881085265449242, 1.5929760662925936, 1.6053071669866896, 1.610174706734359, 1.6228303100782995, 1.6289958604253476, 1.6367839240216187, 1.64879052206587, 1.660148114810432, 1.6630686386590336, 1.670856702255305, 1.6815652897001776, 1.6903268612459827, 1.6981149248422538, 1.7029824645899232, 1.7140155546846407, 1.7247241421295134, 1.7325122057257847, 1.7338102163251632, 1.748088332918327, 1.7523068673663071, 1.7591214230130443, 1.769181005158228, 1.7753465555052759, 1.7867041482498378, 1.7957902224454876, 1.8009822648430016, 1.8136378681869423, 1.8194789158841456, 1.8230484450324365, 1.8353795457265325, 1.8421941013732697, 1.848035149070473, 1.8574457259159673, 1.8613397577141029, 1.8730218531085097, 1.8782138955060237, 1.8885979803010517, 1.8908694988499641, 1.9019025889446817, 1.9074191339920403, 1.9171542134873794, 1.9239687691341165, 1.9265647903328735, 1.9346773565789894, 1.9450614413740175, 1.9509024890712208, 1.9577170447179582, 1.9671276215634523, 1.9719951613111217, 1.9804322302070823, 1.9862732779042855, 1.9943858441504014, 1.99990238919776, 2.0031474156962066, 2.0109354792924776, 2.020021553488127, 2.02229307203704, 2.031703648882534, 2.036895691280048, 2.0479287813747655, 2.053769829071969, 2.0566903529205707, 2.066100929766065, 2.0696704589143557, 2.0768095172109375, 2.085246586106898, 2.086869099356121, 2.0920611417536352, 2.1011472159492848, 2.1066637609966437, 2.1112067980944684, 2.1173723484415166, 2.1219153855393413, 2.126782925287011, 2.133597480933748, 2.1384650206814175, 2.147875597526912, 2.1459285816278437, 2.1592331902714736, 2.159882195571163, 2.1692927724166573, 2.1692927724166573, 2.179027851911996, 2.1838953916596657, 2.1874649208079564, 2.1929814658553153, 2.1981735082528293, 2.2007695294515863, 2.207259582448479, 2.2121271221961485, 2.2150476460447504, 2.218617175193041, 2.2244582228902443, 2.2290012599880695, 2.2364648209344957, 2.240683355382476, 2.2436038792310775, 2.247822413679058, 2.253014456076572, 2.2523654507768827, 2.258531001123931, 2.2646965514709785, 2.2679415779694247, 2.270537599168182, 2.2780011601146084, 2.2812461866130547, 2.288060742259792, 2.2864382290105687, 2.2913057687582383, 2.295199800556374, 2.2990938323545094, 2.302987864152645, 2.3049348800517127, 2.306232890651091, 2.3130474462978285, 2.314669959547052, 2.3201865045944103, 2.3218090178436337, 2.3227825257931674, 2.3253785469919244, 2.3286235734903706, 2.3325176052885066, 2.337385145036176, 2.340954674184467, 2.3422526847838454, 2.343550695383224, 2.344199700682913, 2.3506897536798057, 2.3529612722287183, 2.3558817960773197, 2.3610738384748338, 2.3578288119763875, 2.362047346424368, 2.363669859673591, 2.367888394121571, 2.367888394121571, 2.368861902071105, 2.368861902071105, 2.3691864047209497, 2.3740539444686193, 2.373080436519085, 2.3743784471184637, 2.3792459868661333, 2.3766499656673763, 2.3798949921658226, 2.3824910133645796, 2.383140018664269, 2.3847625319134917, 2.3886565637116273, 2.3873585531122488, 2.3919015902100735, 2.3902790769608506, 2.3912525849103843, 2.388332061061783, 2.394497611408831, 2.3919015902100735, 2.397093632607588, 2.397093632607588, 2.3931996008094525, 2.3957956220082095, 2.3993651511565, 2.394497611408831, 2.3980671405571217, 2.4029346803047913, 2.3977426379072773, 2.3993651511565, 2.401636669705413, 2.401312167055568, 2.4003386591060343, 2.396769129957743, 2.3990406485066558, 2.3990406485066558, 2.3948221140586754, 2.3983916432069665, 2.3977426379072773, 2.3977426379072773, 2.3964446273078988, 2.3957956220082095, 2.3957956220082095, 2.3954711193583647, 2.394173108758986, 2.3957956220082095, 2.3896300716611614, 2.3896300716611614, 2.388981066361472, 2.385736039863026, 2.3873585531122488, 2.383789023963958, 2.380543997465512, 2.381193002765201, 2.380543997465512, 2.380543997465512, 2.375351955067998, 2.3795704895159777, 2.3766499656673763, 2.3740539444686193, 2.3727559338692408, 2.37340493916893, 2.3682128967714156, 2.3685373994212604, 2.3633453570237464, 2.3581533146262323, 2.3597758278754553, 2.3597758278754553, 2.357504309326543, 2.354908288127786, 2.3506897536798057, 2.3480937324810487, 2.345822213932136, 2.3422526847838454, 2.3438751980330683, 2.337385145036176, 2.3370606423863314, 2.331219594689128, 2.3321931026386618, 2.327650065540837, 2.3253785469919244, 2.3218090178436337, 2.3166169754461197, 2.3159679701464304, 2.3114249330486056, 2.3085044092000038, 2.303961372102179, 2.3016898535532664, 2.2955243032062187, 2.291630271408083, 2.29000775815886, 2.2857892237108794, 2.2861137263607243, 2.2815706892628995, 2.2757296415656962, 2.269564091218648, 2.2692395885688033, 2.263723043521445, 2.256259482575018, 2.2598290117233093, 2.253663461376261, 2.247822413679058, 2.240683355382476, 2.238087334183719, 2.232895291786205, 2.2280277520385354, 2.226405238789312, 2.220564191092109, 2.2182926725431966, 2.2121271221961485, 2.2066105771487896, 2.202716545350654, 2.197849005602985, 2.1920079579057816, 2.1838953916596657, 2.184544396959355, 2.1725377989151036, 2.1702662803661914, 2.1673457565175895, 2.160855703520697, 2.1543656505238045, 2.1514451266752026, 2.146577586927533, 2.142034549829708, 2.131974967684525, 2.1277564332365446, 2.1209418775898072, 2.1173723484415166, 2.113478316643381, 2.1066637609966437, 2.0972531841511493, 2.0972531841511493, 2.0878426073056553, 2.0829750675579857, 2.0777830251604716, 2.0745379986620254, 2.0638294112171525, 2.0602598820688613, 2.0534453264221244, 2.0472797760750763, 2.041114225728028, 2.033326162131757, 2.0245645905859524, 2.01742553228937, 2.014180505790924, 2.00476992894543, 1.998279875948537, 1.9921143256014888, 1.9898428070525764, 1.9778362090083252, 1.9729686692606558, 1.96907463746252, 1.9603130659167152, 1.9505779864213761, 1.9444124360743282, 1.9372733777777464, 1.9327303406799217, 1.9246177744338058, 1.9168297108375347, 1.9116376684400207, 1.906770128692351, 1.8980085571465461, 1.8885979803010517, 1.8837304405533823, 1.8765913822568006, 1.8678298107109954, 1.8532271914679872, 1.8503066676193856, 1.8457636305215606, 1.8373265616256003, 1.8275914821302612, 1.8172073973352332, 1.8142868734866315, 1.8077968204897388, 1.7974127356947107, 1.7886511641489056, 1.7802140952529453, 1.7746975502055866, 1.7669094866093153, 1.7571744071139765, 1.7539293806155303, 1.7432207931706574, 1.7328367083756293, 1.7243996394796688, 1.7156380679338639, 1.7088235122871267, 1.7003864433911662, 1.6896778559462935, 1.68383680824909, 1.6741017287537512, 1.6711812049051495, 1.6582010989113642, 1.6474925114664916, 1.6423004690689773, 1.6351614107723955, 1.6228303100782995, 1.61374423588265, 1.6092011987848251, 1.5962210927910399, 1.589082034494458, 1.5816184735480314, 1.5722078967025372, 1.5670158543050232, 1.553062240361704, 1.5459231820651222, 1.538135118468851, 1.5290490442732014, 1.5193139647778624, 1.5102278905822129, 1.4991948004874953, 1.4904332289416904, 1.4842676785946425, 1.4742080964494588, 1.4673935408027217, 1.4531154242095579, 1.4456518632631314, 1.4365657890674817, 1.4281287201715214, 1.4193671486257162, 1.410930079729756, 1.4008704975845725, 1.3885393968904765, 1.3817248412437393, 1.3719897617484003, 1.3606321690038383, 1.3518705974580332, 1.3408375073633159, 1.3333739464168892, 1.323963369571395, 1.316824311274813, 1.3061157238299403, 1.2980031575838245, 1.2859965595395733, 1.2778839932934576, 1.2687979190978078, 1.2574403263532459, 1.2470562415582176, 1.2399171832616358, 1.2266125746180059, 1.2162284898229776, 1.2074669182771727, 1.201950373229814, 1.188645764586184, 1.1769636691917775, 1.168526600295817, 1.1620365472989245, 1.1552219916521873, 1.1409438750590235, 1.1334803141125969, 1.1175796842702101, 1.1117386365730066, 1.0977850226296877, 1.0922684775823288, 1.0802618795380776, 1.0731228212414956, 1.062414233796623, 1.0513811437019054, 1.0409970589068773, 1.0312619794115383, 1.0231494131654226, 1.010493809821482, 1.001732238275677, 0.9919971587803382, 0.9819375766351547, 0.9696064759410588, 0.9647389361933892, 0.9550038566980503, 0.9410502427547313, 0.931639665909237, 0.9241761049628104, 0.9144410254674715, 0.9027589300730648, 0.8923748452780367, 0.8813417551833193, 0.8732291889372035, 0.8618715961926414, 0.8495404954985455, 0.842076934552119, 0.8346133736056925, 0.8229312782112859, 0.8115736854667237, 0.8015141033215402, 0.7862624787788426, 0.7836664575800856, 0.7693883409869218, 0.761275774740806, 0.7521897005451564, 0.741156610450439, 0.7314215309551001, 0.7171434143619363, 0.7116268693145776, 0.7022162924690833, 0.6915077050242106, 0.6853421546771625, 0.669117022184931, 0.6597064453394368, 0.6470508419954961, 0.6399117836989143, 0.6279051856546629, 0.6204416247082365, 0.6077860213642958, 0.6016204710172479, 0.5896138729729966, 0.5789052855281238, 0.5685212007330956, 0.5626801530358922, 0.54710402584335, 0.5425609887455252, 0.52958088275174, 0.5237398350545366, 0.5081637078619944, 0.5003756442657232, 0.49583260716789834, 0.4783094640762883, 0.4695478925304833, 0.460137315684989, 0.45397176533794104, 0.44228966994353436, 0.4319055851485062, 0.4267135427509921, 0.4173029659054978, 0.4020513413628002, 0.3968592989652861, 0.3845281982711901, 0.3738196108263173, 0.36473353663066765, 0.3553229597851734, 0.3426673564412328, 0.3345547901951171, 0.3274157318985352, 0.3124886100056822, 0.3072965676081681, 0.3030780331601879, 0.2881509112673349, 0.27679331852277284, 0.2657602284280554, 0.2579721648317843, 0.24953509593582393, 0.24207153498939743, 0.23136294754452463, 0.22195237069903034, 0.21481331240244847, 0.2031312170080418, 0.19274713221301362, 0.18560807391643175, 0.17489948647155895, 0.16354189372699687, 0.156402835430415, 0.14731676123476536, 0.1434227294366298, 0.12817110489393216, 0.12070754394750566, 0.1093499512029436, 0.09831686110822616, 0.09377382401040134, 0.07917120476739296, 0.07333015707018962, 0.0655420934739185, 0.058078532527492, 0.04801895038230846, 0.038932876186658805, 0.029522299341164522, 0.022058738394738025, 0.012972664199088374, 0.005184600602817247, -0.004225976242677034, -0.01720608223646225, -0.024345140533044117, -0.032133204129315245, -0.04089477567512026, -0.04673582337232361, -0.054199384318750106, -0.06555697706331218, -0.07269603535989405, -0.08113310425585443, -0.09021917845150408, -0.09768273939793058, -0.1074178188932695, -0.11585488778922988, -0.12558996728456878, -0.13143101498177212, -0.13889457592819862, -0.14635813687462512, -0.15836473491887645, -0.16550379321545833, -0.16907332236374925, -0.1781593965593989, -0.19113950255318413, -0.1953580370011643, -0.2060666244460371, -0.21158316949339584, -0.21872222778997769, -0.22780830198562735, -0.23397385233267531, -0.24176191592894644, -0.25084799012459613, -0.2573380431214887, -0.264152598768226, -0.2709671544149632, -0.2813512392099914, -0.28849029750657323, -0.2920598266548642, -0.30114590085051385, -0.3112054829956974, -0.3167220280430561, -0.3241855889894826, -0.33100014463621985, -0.3371656949832678, -0.3449537585795389, -0.3540398327751886, -0.3582583672231688, -0.3689669546680416, -0.3757815103147788, -0.3796755421129144, -0.3868146004094963, -0.3968741825546798, -0.40239072760203853, -0.40790727264939725, -0.4137483203466006, -0.4202383733434932, -0.42964895018898747, -0.4302979554886767, -0.43873502438463713, -0.4452250773815297, -0.457231675425781, -0.4598276966245381, -0.4653442416718968, -0.4715097920189448, -0.47767534236599274, -0.48448989801273, -0.4867614165616424, -0.4961719934071367, -0.5000660252052722, -0.5114236179498343, -0.5104501100003004, -0.5188871788962608, -0.5247282265934641, -0.5286222583915997, -0.5360858193380261, -0.5393308458364725, -0.5445228882339865, -0.5513374438807238, -0.5588010048271503, -0.5630195392751305, -0.5675625763729553, -0.5727546187704694, -0.5772976558682942, -0.5834632062153422, -0.5870327353636331, -0.5925492804109919, -0.600337344007263, -0.6000128413574184, -0.6071518996540002, -0.6133174500010482, -0.6175359844490284, -0.6217545188970086, -0.6272710639443673, -0.6324631063418814, -0.635383630190483, -0.6376551487393954, -0.6434961964365988, -0.6490127414839575, -0.6548537891811609, -0.6558272971306948, -0.6584233183294518, -0.6678338951749461, -0.672376932272771, -0.6710789216733924, -0.677568974670285, -0.6827610170677991, -0.6856815409164008, -0.6918470912634488, -0.6963901283612736, -0.7019066734086323, -0.698661646910186, -0.7009331654590985, -0.7080722237556802, -0.7152112820522621, -0.7152112820522621, -0.7155357847021068, -0.722350340348844, -0.7239728535980672, -0.7265688747968242, -0.7317609171943383, -0.7304629065949597, -0.73468144104294, -0.7379264675413862, -0.7405224887401433, -0.7431185099389004, -0.7489595576361037, -0.7502575682354822, -0.7525290867843947, -0.7573966265320641, -0.7580456318317533, -0.7632376742292675, -0.7616151609800442, -0.7642111821788014, -0.7674562086772476, -0.7700522298760046, -0.7703767325258493, -0.76972772722616, -0.7768667855227419, -0.7745952669738295, -0.778489298771965, -0.7781647961221204, -0.7804363146710328, -0.7807608173208774, -0.7830323358697899, -0.7866018650180808, -0.7888733835669932, -0.7895223888666825, -0.7914694047657502, -0.7878998756174593, -0.7914694047657502, -0.7937409233146627, -0.7982839604124875, -0.7950389339140412, -0.7937409233146627, -0.8012044842610891, -0.7966614471632644, -0.8005554789613999, -0.8008799816112445, -0.803151500160157, -0.803151500160157, -0.8025024948604677, -0.7989329657121768, -0.8012044842610891, -0.805747521358914, -0.802177992210623, -0.8005554789613999, -0.8034760028100016, -0.8044495107595355, -0.8002309763115553, -0.805747521358914, -0.8041250081096909, -0.8070455319582925, -0.8054230187090694, -0.8047740134093802, -0.8025024948604677, -0.8025024948604677, -0.7989329657121768, -0.8005554789613999, -0.7973104524629536, -0.7986084630623321, -0.7960124418635751, -0.7953634365638859, -0.7966614471632644, -0.7950389339140412, -0.7937409233146627, -0.7950389339140412, -0.7927674153651288, -0.7927674153651288, -0.788224378267304, -0.7878998756174593, -0.7866018650180808, -0.7853038544187023, -0.7810853199707221, -0.7814098226205667, -0.7778402934722758, -0.7807608173208774, -0.7794628067214989, -0.7726482510747618, -0.7739462616741403, -0.7723237484249171, -0.7687542192766261, -0.7687542192766261, -0.7677807113270922, -0.7629131715794228, -0.760966155680355, -0.7560986159326856, -0.7573966265320641, -0.7567476212323748, -0.7535025947339286, -0.7476615470367252, -0.7437675152385896, -0.7437675152385896, -0.7424695046392111, -0.7353304463426292, -0.7369529595918524, -0.7307874092448043, -0.7294893986454258, -0.7226748429986887, -0.7226748429986887, -0.7197543191500869, -0.7165092926516407, -0.710992747604282, -0.7096947370049034, -0.7070987158061464, -0.7025556787083216, -0.6980126416104967, -0.6937941071625165, -0.688926567414847, -0.6895755727145363, -0.6827610170677991, -0.6824365144179545, -0.6772444720204404, -0.6762709640709065, -0.66880740312448, -0.6623173501275874, -0.6593968262789857, -0.6574498103799179, -0.6519332653325592, -0.6503107520833361, -0.6434961964365988, -0.6379796513892401, -0.6347346248907938, -0.6308405930926583, -0.6253240480452995, -0.6230525294963871, -0.615264465900116, -0.612668444701359, -0.6065028943543109, -0.6013108519567969, -0.5974168201586613, -0.5944962963100596, -0.5867082327137885, -0.5811916876664298, -0.5782711638178282, -0.570483100221557, -0.5656155604738875, -0.561721528675752, -0.5571784915779271, -0.5503639359311899, -0.5461454014832097, -0.538032835237094, -0.5334897981392691, -0.5240792212937748, -0.5231057133442409, -0.5182381735965715, -0.5094766020507665, -0.5072050835018541, -0.5010395331548061, -0.4948739828077582, -0.4867614165616424, -0.4864369139117978, -0.4773508397161481, -0.4718342946687894, -0.46469523637220755, -0.45788068072547033, -0.44976811447935455, -0.4452250773815297, -0.43711251113541394, -0.430946960788366, -0.4238079024917841, -0.4169933468450469, -0.41309931504691133, -0.4056357541004848, -0.3991457011035922, -0.39200664280701036, -0.3881126110088748, -0.38064905006244826, -0.37286098646617716, -0.36539742551975063, -0.36020538312223654, -0.35111930892658694, -0.3456027638792282, -0.3368411923334232, -0.33100014463621985, -0.32256307574025944, -0.3157485200935222, -0.3050399326486494, -0.2988743823016014, -0.29433134520377663, -0.2868677842573501, -0.2787552180112343, -0.2706426517651186, -0.2635035934685367, -0.25409301662304246, -0.2505234874747515, -0.24078840797941256, -0.23527186293205385, -0.22164275163857938, -0.21839772514013306, -0.21190767214324047, -0.2015235873482123, -0.19568253965100893, -0.18692096810520392, -0.17880840185908817, -0.1706958356129724, -0.16193426406716738, -0.15447070312074088, -0.14538462892509124, -0.138570073278354, -0.12883499378301508, -0.12104693018674396, -0.11260986129078358, -0.1064443109437356, -0.09606022614870743, -0.08632514665336852, -0.08145760690569906, -0.07302053800973868, -0.06198744791502123, -0.05484838961843937, -0.04673582337232361, -0.03797425182651859, -0.02921268028071357, -0.019802103435219293, -0.012014039838948163, -0.004874981542366295, 0.006482611202195768, 0.01881371189629172, 0.024979262243339698, 0.03211832053992157, 0.041528897385415854, 0.05158847953059939, 0.06002554842655978, 0.061648061675782934, 0.07657518356863592, 0.08403874451506242, 0.09831686110822616, 0.10480691410511876, 0.11746251744905935, 0.12687309429455365, 0.12914461284346607, 0.1401777029381835, 0.15056178773321166, 0.16289288842730762, 0.16711142287528782, 0.17587299442109283, 0.1830120527176747, 0.195018650761926, 0.20670074615633272, 0.2138398044529146, 0.22422388924794276, 0.23655498994203872, 0.24369404823862056, 0.2563496515825611, 0.2599191807308521, 0.27549530792339433, 0.2826343662199762, 0.29334295366484897, 0.2978859907626738, 0.3102170914567698, 0.32060117625179796, 0.32936274779760294, 0.33650180609418484, 0.3465613882393684, 0.35694547303439655, 0.36473353663066765, 0.3777136426244529, 0.38355469032165623, 0.39848181221450923, 0.40821689170984815, 0.41535595000643, 0.42541553215161354, 0.4377466328457095, 0.44358768054291287, 0.4536472626880964, 0.46500485543265846, 0.4789584693759776, 0.48836904622147187, 0.4984286283666554, 0.5045941787137034, 0.5162762741081102, 0.5253623483037597, 0.5337994171997201, 0.5425609887455252, 0.5555410947393103, 0.5668986874838724, 0.5743622484302989, 0.5837728252757932, 0.5961039259698891, 0.6042164922160049, 0.6168720955599455, 0.6210906300079257, 0.6350442439512448, 0.6425078048976713, 0.6554879108914565, 0.6645739850871062, 0.6736600592827559, 0.6820971281787163, 0.6911832023743659, 0.702540795118928, 0.7132493825638008, 0.7216864514597612, 0.734991060103391, 0.7431036263495068, 0.7551102243937581, 0.7680903303875433, 0.7768519019333483, 0.7849644681794641, 0.7953485529744923, 0.8031366165707634, 0.8141697066654808, 0.8268253100094214, 0.835911384205071, 0.8462954690000992, 0.8553815431957489, 0.8647921200412432, 0.8774477233851837, 0.8862092949309888, 0.8952953691266384, 0.9060039565715112, 0.9170370466662287, 0.92904364471048, 0.9387787242058189, 0.9488383063510024, 0.9566263699472736, 0.9679839626918356, 0.9780435448370192, 0.9877786243323581, 0.9958911905784738, 1.005301767423968, 1.0195798840171317, 1.0270434449635581, 1.0345070059099848, 1.0474871119037699, 1.0555996781498858, 1.0659837629449138, 1.0770168530396313, 1.0864274298851255, 1.0977850226296877, 1.1075201021250265, 1.1156326683711424, 1.1243942399169473, 1.1354273300116648, 1.143215393607936, 1.1542484837026532, 1.1695001082453509, 1.1769636691917775, 1.1854007380877378, 1.1931888016840089, 1.2032483838291925, 1.2191490136715795, 1.225639066668472, 1.2337516329145877, 1.2477052468579068, 1.2541952998547994, 1.2610098555015368, 1.2710694376467202, 1.2840495436405055, 1.2947581310853782, 1.303844205281028, 1.3109832635776097, 1.319744835123415, 1.3324004384673553, 1.3388904914642479, 1.3489500736094315, 1.3567381372057026, 1.3697182431994879, 1.3778308094456035, 1.387241386291098, 1.3960029578369029, 1.4054135346823973, 1.4148241115278914, 1.4268307095721429, 1.432022751969657, 1.4430558420643744, 1.452141916260024, 1.459929979856295, 1.470638567301168, 1.4790756361971282, 1.4897842236420011, 1.5037378375853203, 1.5053603508345434, 1.5157444356295715, 1.524181504525532, 1.5335920813710262, 1.5426781555666758, 1.5494927112134131, 1.5585787854090627, 1.567989362254557, 1.5757774258508281, 1.5861615106458564, 1.5975191033904184, 1.6027111457879324, 1.6121217226334268, 1.6208832941792317, 1.63126737897426, 1.6361349187219294, 1.6458699982172684, 1.6543070671132287, 1.6624196333593444, 1.6721547128546834, 1.681240787050333, 1.6906513638958274, 1.7000619407413216, 1.704929480488991, 1.71466455998433, 1.7218036182809118, 1.7328367083756293, 1.7393267613725218, 1.747114824968793, 1.7549028885650642, 1.763664460110869, 1.7704790157576065, 1.776969068754499, 1.78475713235077, 1.792869698596886, 1.8016312701426909, 1.81136634963803, 1.8175318999850778, 1.824346455631815, 1.8321345192280862, 1.8421941013732697, 1.8460881331714052, 1.8561477153165888, 1.860366249764569, 1.8697768266100632, 1.8765913822568006, 1.8872999697016732, 1.8915185041496536, 1.8967105465471676, 1.9061211233926618, 1.9168297108375347, 1.9233197638344273, 1.9275382982824074, 1.935975367178368, 1.9440879334244836, 1.9505779864213761, 1.9564190341185796, 1.967452124213297, 1.9697236427622093, 1.9765381984089467, 1.9836772567055285, 1.9934123362008676, 1.9986043785983816, 2.0050944315952743, 2.011584484592167, 2.0171010296395258, 2.0261871038351753, 2.0294321303336216, 2.0394917124788052, 2.0420877336775622, 2.051822813172901, 2.055392342321192, 2.0635049085673076, 2.0673989403654436, 2.076485014561093, 2.08329957020783, 2.089465120554878, 2.0920611417536352, 2.099200200050217, 2.104716745097576, 2.1112067980944684, 2.1173723484415166, 2.1248359093879428, 2.1277564332365446, 2.1348954915331264, 2.139114025981107, 2.146902089577378, 2.153716645224115, 2.1540411478739596, 2.1615047088203863, 2.1663722485680554, 2.1751338201138606, 2.1744848148141713, 2.1812993704609087, 2.186166910208578, 2.1936304711550045, 2.197849005602985, 2.202716545350654, 2.203041048000499, 2.208882095697702, 2.2156966513444396, 2.219590683142575, 2.2241337202404, 2.2286767573382247, 2.230299270587448, 2.2364648209344957, 2.2413323606821653, 2.2487959216285915, 2.253663461376261, 2.258531001123931, 2.2604780170229986, 2.2627495355719107, 2.2702130965183374, 2.2708621018180266, 2.274107128316473, 2.277676657464764, 2.282544197212433, 2.2864382290105687, 2.290981266108394, 2.2922792767077724, 2.295848805856063, 2.3026633615028005, 2.3007163456037327, 2.305583885351402, 2.3101269224492267, 2.314345456897207, 2.317265980745809, 2.3201865045944103, 2.320511007244255, 2.3289480761402155, 2.333815615887885, 2.3334911132380403, 2.3347891238374188, 2.340954674184467, 2.3396566635850884, 2.340630171534622, 2.343550695383224, 2.3490672404305823, 2.349391743080427, 2.349391743080427, 2.354259282828097, 2.3584778172760767, 2.363669859673591, 2.363669859673591, 2.362696351724057, 2.3656168755726585, 2.367888394121571, 2.369510907370794, 2.3727559338692408, 2.3711334206200174, 2.3743784471184637, 2.3795704895159777, 2.3769744683172207, 2.383140018664269, 2.380219494815667, 2.382815516014424, 2.3886565637116273, 2.3860605425128703, 2.3873585531122488, 2.3850870345633366, 2.388332061061783, 2.3931996008094525, 2.388332061061783, 2.39092808226054, 2.3925505955097632, 2.393524103459297, 2.394497611408831, 2.393524103459297, 2.3980671405571217, 2.3977426379072773, 2.396120124658054, 2.396769129957743, 2.396769129957743, 2.4000141564561894, 2.396120124658054, 2.3983916432069665, 2.398716145856811, 2.3993651511565, 2.399689653806345, 2.3983916432069665, 2.4026101776549464, 2.3993651511565, 2.3980671405571217, 2.3990406485066558, 2.3974181352574324, 2.397093632607588, 2.3983916432069665, 2.3948221140586754, 2.3922260928599184, 2.3951466167085202, 2.391577087560229, 2.3902790769608506, 2.388981066361472, 2.3893055690113165, 2.390603579610695, 2.390603579610695, 2.3850870345633366, 2.3847625319134917, 2.385736039863026, 2.3808685001153562, 2.3824910133645796, 2.378596981566444, 2.375676457717842, 2.380543997465512, 2.3721069285695515, 2.3737294418187744, 2.369835410020639, 2.3691864047209497, 2.366914886172037, 2.361722843774523, 2.365292372922814, 2.3623718490742123, 2.357504309326543, 2.3552327907776305, 2.3562062987271646, 2.354908288127786, 2.3474447271813594, 2.3480937324810487, 2.345822213932136, 2.343226192733379, 2.3393321609352435, 2.3321931026386618, 2.3334911132380403, 2.3347891238374188, 2.3279745681906814, 2.327650065540837, 2.3244050390423907, 2.320511007244255, 2.3156434674965856, 2.314669959547052, 2.3114249330486056, 2.306557393300936, 2.3075309012504697, 2.3016898535532664, 2.295848805856063, 2.293577287307151, 2.293252784657306, 2.287087234310258, 2.279299170713987, 2.2812461866130547, 2.275080636266007, 2.2737826256666285, 2.2640475461712892, 2.2630740382217556, 2.258531001123931, 2.2517164454771934, 2.2517164454771934, 2.2497694295781256, 2.2455508951301453, 2.2387363394834083, 2.2315972811868265, 2.226405238789312, 2.2234847149407106, 2.2234847149407106, 2.2156966513444396, 2.2098556036472363, 2.2043390585998774, 2.1972000003032957, 2.1955774870540723, 2.1965509950036064, 2.1874649208079564, 2.179352354561841, 2.177405338662773, 2.17578282541355, 2.165723243268366, 2.1615047088203863, 2.159882195571163, 2.1507961213755133, 2.1459285816278437, 2.142034549829708, 2.1326239729842142, 2.1280809358863895, 2.1193193643405843, 2.1209418775898072, 2.113478316643381, 2.1030942318483525, 2.102769729198508, 2.0936836550028586, 2.088816115255189, 2.08329957020783, 2.0777830251604716, 2.0716174748134235, 2.062206897967929, 2.059935379419017, 2.052147315822746, 2.04403474957663, 2.0372201939298926, 2.0346241727311356, 2.0278096170843987, 2.0190480455385935, 2.011584484592167, 2.007365950144187, 1.9995778865479155, 1.9943858441504014, 1.9882202938033533, 1.9788097169578591, 1.9719951613111217, 1.963882595065006, 1.9547965208693565, 1.9538230129198226, 1.9479819652226191, 1.9424654201752605, 1.932405838030077, 1.925266779733495, 1.917478716137224, 1.9087171445914188, 1.8993065677459247, 1.8976840544967015, 1.8895714882505856, 1.8801609114050915, 1.8730218531085097, 1.8658827948119276, 1.856796720616278, 1.8483596517203176, 1.842843106672959, 1.834081535127154, 1.8272669794804166, 1.8204524238336794, 1.8116908522878745, 1.8026047780922247, 1.7993597515937785, 1.789300169448595, 1.7811876032024792, 1.7695055078080726, 1.763664460110869, 1.7523068673663071, 1.7500353488173948, 1.7406247719719004, 1.7328367083756293, 1.725048644779358, 1.7192075970821548, 1.7114195334858837, 1.7010354486908554, 1.6919493744952059, 1.682863300299556, 1.680267279100799, 1.6663136651574801, 1.6591746068608981, 1.6536580618135395, 1.636459421371774, 1.6328898922234831, 1.6244528233275226, 1.61796277033063, 1.6066051775860681, 1.5991416166396415, 1.5894065371443027, 1.5835654894470992, 1.5718833940526926, 1.5637708278065767, 1.553062240361704, 1.5449496741155884, 1.5352145946202493, 1.5300225522227353, 1.5209364780270855, 1.5115259011815914, 1.49951930313734, 1.4897842236420011, 1.4852411865441764, 1.4742080964494588, 1.4664200328531878, 1.4537644295092471, 1.4475988791621992, 1.437214794367171, 1.4304002387204338, 1.4190426459758716, 1.4063870426319312, 1.3979499737359706, 1.3911354180892335, 1.3801023279945162, 1.3726387670480895, 1.36355269285244, 1.3534931107072563, 1.3447315391614514, 1.3336984490667338, 1.3216918510224827, 1.3135792847763668, 1.3025461946816494, 1.2960561416847567, 1.2869700674891071, 1.275612474744545, 1.26685090319874, 1.2564668184037118, 1.2496522627569746, 1.2360231514635, 1.2314801143656753, 1.2181755057220456, 1.2090894315263958, 1.2003278599805909, 1.1909172831350965, 1.1785861824410007, 1.171122621494574, 1.1600895313998567, 1.1490564413051392, 1.1409438750590235, 1.1347783247119756, 1.1234207319674134, 1.1097916206739389, 1.1016790544278232, 1.0919439749324842, 1.0831824033866793, 1.071824810642117, 1.0663082655947584, 1.052679154301284, 1.041321561556722, 1.031586482061383, 1.0234739158152673, 1.01244082572055, 1.0040037568245894, 0.9923216614301829, 0.9803150633859316, 0.9731760050893496, 0.9627919202943215, 0.9504608196002255, 0.9413747454045759, 0.9339111844581494, 0.9270966288114122, 0.9157390360668501, 0.8995139035746186, 0.8923748452780367, 0.8787457339845622, 0.8745271995365821, 0.8615470935427968, 0.8524610193471471, 0.8414279292524297, 0.83234185505678, 0.8196862517128395, 0.812222690766413, 0.8018386059713848, 0.791130018526512, 0.7807459337314838, 0.7742558807345913, 0.7606267694411167, 0.7515406952454672, 0.7395340972012158, 0.7307725256554108, 0.7184414249613148, 0.7116268693145776, 0.7005937792198602, 0.6882626785257642, 0.6801501122796485, 0.6681435142353971, 0.6574349267905243, 0.6502958684939425, 0.6389382757493804, 0.63050120685342, 0.621739635307615, 0.6077860213642958, 0.600646963067714, 0.5899383756228412, 0.5802032961275023, 0.5730642378309204, 0.5604086344869799, 0.550673554991641, 0.5376934489978558, 0.5292563801018954, 0.523415332404692, 0.5114087343604407, 0.5003756442657232, 0.4890180515211611, 0.4805809826252007, 0.4698723951803279, 0.46273333688374607, 0.4491042255902716, 0.4448856911422914, 0.43385260104757395, 0.42217050565316727, 0.41665396060580856, 0.4056208705110911, 0.3949122830662183, 0.38517720357087937, 0.3754421240755405, 0.3670050551795801, 0.3549984571353288, 0.3436408643907667, 0.33650180609418484, 0.3264422239490013, 0.31508463120443925, 0.3063230596586342, 0.2943164616143829, 0.28523038741873324, 0.2790648370716853, 0.27030326552588024, 0.2592701754311628, 0.25018410123551316, 0.2430450429389313, 0.2323364554940585, 0.22195237069903034, 0.20799875675571125, 0.2031312170080418, 0.1969656666609938, 0.18593257656627638, 0.1745749838217143, 0.16613791492575392, 0.15283330628212408, 0.14926377713383315, 0.13855518968896033, 0.12914461284346607, 0.12168105189703954, 0.1093499512029436, 0.10123738495682783, 0.09604534255931374, 0.08436324716490705, 0.07592617826894667, 0.06846261732252017, 0.05580701397857959, 0.04899245833184235, 0.04185340003526048, 0.029522299341164522, 0.022383241044582655, 0.014919680098156156, 0.002264076754215573, -0.004225976242677034, -0.011365034539258903, -0.0262921564321119, -0.031484198829625984, -0.03829875447636322, -0.04706032602216824, -0.05452388696859474, -0.06782849561222459, -0.07399404595927257, -0.07918608835678666, -0.0892456705019702, -0.10060326324653225, -0.10968933744218191, -0.11325886659047284, -0.12396745403534565, -0.1343515388303738, -0.13986808387773253, -0.1492786607232268, -0.15511970842043016, -0.16582829586530295, -0.17458986741110796, -0.17978190980862205, -0.18854348135442708, -0.19762955555007672, -0.20411960854696934, -0.20866264564479417, -0.21807322249028843, -0.22878180993516123, -0.2336493496828307, -0.23851688943050015, -0.2476029636261498, -0.2583115510710226, -0.26837113321620615, -0.2719406623644971, -0.27778171006170044, -0.28492076835828234, -0.29465584785362126, -0.30244391144989236, -0.3102319750461635, -0.3157485200935222, -0.3251590969390165, -0.3300266366866859, -0.3410597267814034, -0.3410597267814034, -0.3533908274754993, -0.3582583672231688, -0.36572192816959526, -0.3702649652674201, -0.3825960659615161, -0.3881126110088748, -0.3936291560562335, -0.4017417223023493, -0.4056357541004848, -0.41472182829613446, -0.4192648653939593, -0.4260794210406965, -0.4312714634382106, -0.4439270667821512, -0.44879460652982067, -0.4526886383279562, -0.45950319397469347, -0.46566874432174143, -0.4718342946687894, -0.47832434766568205, -0.48319188741335145, -0.49162895630931186, -0.4961719934071367, -0.5036355543535631, -0.5075295861516987, -0.5140196391485913, -0.5175891682968823, -0.5227812106943963, -0.5286222583915997, -0.534463306088803, -0.5416023643853849, -0.5474434120825883, -0.5536089624296362, -0.5588010048271503, -0.5639930472246644, -0.5649665551741982, -0.5753506399692264, -0.5789201691175174, -0.5837877088651868, -0.5883307459630117, -0.5896287565623902, -0.596767814858972, -0.6035823705057093, -0.6087744129032234, -0.6133174500010482, -0.6188339950484069, -0.624026037445921, -0.6295425824932798, -0.6318141010421922, -0.6386286566889293, -0.642522688487065, -0.6454432123356666, -0.6490127414839575, -0.6545292865313163, -0.6561517997805394, -0.660045831578675, -0.6642643660266552, -0.6714034243232371, -0.6733504402223048, -0.6752974561213726, -0.6798404932191974, -0.6847080329668669, -0.688926567414847, -0.6899000753643809, -0.6989861495600306, -0.702231176058477, -0.7051516999070786, -0.7080722237556802, -0.7113172502541266, -0.7129397635033498, -0.7197543191500869, -0.7207278270996208, -0.722350340348844, -0.7252708641974457, -0.7333834304435615, -0.7330589277937168, -0.7369529595918524, -0.7366284569420077, -0.7411714940398325, -0.7418204993395219, -0.7466880390871913, -0.7489595576361037, -0.7509065735351714, -0.7551251079831517, -0.7577211291819087, -0.7580456318317533, -0.7593436424311318, -0.7642111821788014, -0.764535684828646, -0.7677807113270922, -0.7723237484249171, -0.7723237484249171, -0.7736217590242956, -0.7755687749233634, -0.7765422828728973, -0.7820588279202559, -0.7846548491190131, -0.7840058438193238, -0.7830323358697899, -0.7885488809171486, -0.785628357068547, -0.7888733835669932, -0.7911449021159056, -0.7937409233146627, -0.7937409233146627, -0.7917939074155949, -0.7930919180149735, -0.7973104524629536, -0.8002309763115553, -0.7982839604124875, -0.8012044842610891, -0.8008799816112445, -0.7989329657121768, -0.8018534895607784, -0.8008799816112445, -0.8054230187090694, -0.803151500160157, -0.8044495107595355, -0.8044495107595355, -0.8070455319582925, -0.8025024948604677, -0.8018534895607784, -0.8012044842610891, -0.8005554789613999, -0.8041250081096909, -0.8028269975103123, -0.7999064736617106, -0.802177992210623, -0.8008799816112445, -0.8044495107595355, -0.802177992210623, -0.799581971011866, -0.8005554789613999, -0.8002309763115553, -0.8015289869109338, -0.7960124418635751, -0.799581971011866, -0.7973104524629536, -0.7960124418635751, -0.7940654259645074, -0.7937409233146627, -0.7927674153651288, -0.7924429127152841, -0.7914694047657502, -0.7914694047657502, -0.7859528597183916, -0.7859528597183916, -0.7869263676679255, -0.7853038544187023, -0.7827078332199453, -0.7794628067214989, -0.7801118120211882, -0.7775157908224312, -0.7755687749233634, -0.7687542192766261, -0.7700522298760046, -0.7651846901283352, -0.7651846901283352, -0.7632376742292675, -0.7616151609800442, -0.7619396636298889, -0.7564231185825302, -0.7560986159326856, -0.7509065735351714, -0.7509065735351714, -0.748635054986259, -0.743443012588745, -0.7392244781407648, -0.7382509701912309, -0.73468144104294, -0.7307874092448043, -0.7272178800965134, -0.7294893986454258, -0.7200788217999315, -0.7226748429986887, -0.7145622767525729, -0.7152112820522621, -0.7116417529039712, -0.7061252078566125, -0.7045026946073893, -0.698661646910186, -0.6967146310111182, -0.6902245780142255, -0.688926567414847, -0.6840590276671776, -0.6830855197176438, -0.6785424826198189, -0.672376932272771, -0.6704299163737032, -0.6649133713263444, -0.6597213289288303, -0.6551782918310055, -0.6532312759319377, -0.6496617467836469, -0.6438206990864435, -0.6402511699381526, -0.6321386036920368, -0.6318141010421922, -0.6249995453954549, -0.6207810109474747, -0.617860487098873, -0.6097479208527573, -0.609098915553068, -0.6032578678558647, -0.5977413228085059, -0.5925492804109919, -0.5906022645119241, -0.5831387035654976, -0.5798936770670513, -0.5724301161206248, -0.5665890684234214, -0.5607480207262181, -0.5545824703791701, -0.5500394332813453, -0.5435493802844527, -0.5396553484863171, -0.5331652954894245, -0.5273242477922212, -0.5224567080445517, -0.51953618419595, -0.5123971258993681, -0.5065560782021649, -0.5000660252052722, -0.49552298810744744, -0.48481440066257464, -0.48059586621459444, -0.47962235826506056, -0.46891377082018776, -0.46177471252360586, -0.45625816747624715, -0.45236413567811157, -0.44554958003137435, -0.44133104558339414, -0.430946960788366, -0.4260794210406965, -0.4179668547945808, -0.41180130444753277, -0.4056357541004848, -0.3978476905042137, -0.39200664280701036, -0.3855165898101177, -0.3787020341633805, -0.37383449441571104, -0.36345040962068287, -0.35793386457332416, -0.3507948062767423, -0.3456027638792282, -0.3391127108823356, -0.3277551181377735, -0.3219140704405702, -0.3154240174436776, -0.3073114511975618, -0.3017949061502031, -0.2953048531533105, -0.28621877895766085, -0.2761591968124773, -0.26999364646542934, -0.266748619966983, -0.25636453517195484, -0.24987448217506222, -0.2391658947301894, -0.23235133908345218, -0.2252122807868703, -0.21807322249028843, -0.2112586668435512, -0.2015235873482123, -0.19698055025038747, -0.18692096810520392, -0.17783489390955426, -0.16842431706406, -0.16193426406716738, -0.15544421107027478, -0.14700714217431438, -0.13759656532882011, -0.1278614858334812, -0.12072242753689934, -0.114881379839696, -0.10287478179544467, -0.09541122084901817, -0.09346420494995039, -0.07918608835678666, -0.07269603535989405, -0.06198744791502123, -0.05614640021781789, -0.043815299523721936, -0.036351738577295435, -0.029861685580402832, -0.021749119334287075, -0.014934563687549836, -0.004225976242677034, 0.006807113852040398, 0.015244182748000788, 0.023032246344271916, 0.03341633113930009, 0.0399063841361927, 0.047045442432774566, 0.0613235590259383, 0.06651560142345238, 0.07917120476739296, 0.08501225246459632, 0.09572083990946911, 0.10448241145527414, 0.11648900949952545, 0.12362806779610733, 0.1307671260926892, 0.13985320028833886, 0.15218430098243482, 0.15770084602979353, 0.1693829414242002, 0.18041603151891766, 0.18755508981549954, 0.19631666136130455, 0.2031312170080418, 0.2151378150522931, 0.22389938659809813, 0.23103844489468, 0.24466755618815447, 0.2521311171345809, 0.26219069927976446, 0.2741972973240158, 0.27809132912215134, 0.29204494306547046, 0.29853499606236306, 0.31443562590475, 0.3196276683022641, 0.3303362557471369, 0.33974683259263116, 0.34948191208797, 0.3549984571353288, 0.37057458432787105, 0.376740134674919, 0.3884222300693257, 0.39621029366559685, 0.4036738546120233, 0.41762746855534244, 0.42703804540083673, 0.43612411959648634, 0.44456118849244675, 0.4549452732874749, 0.46630286603203697, 0.4773359561267544, 0.48285250117411316, 0.49323658596914133, 0.5052431840133926, 0.5140047555591977, 0.5211438138557796, 0.5328259092501862, 0.5451570099442822, 0.5545675867897765, 0.5597596291872906, 0.573388740480765, 0.583123819976104, 0.5931834021212875, 0.6038919895661603, 0.6158985876104116, 0.621739635307615, 0.6324482227524878, 0.6434813128472052, 0.6538653976422334, 0.6626269691880384, 0.6743090645824451, 0.6827461334784055, 0.6937792235731229, 0.7028652977687726, 0.7109778640148884, 0.7249314779582074, 0.7346665574535464, 0.7460241501981084, 0.7544612190940688, 0.7661433144884755, 0.7775009072330376, 0.7852889708293087, 0.7956730556243369, 0.803461119220608, 0.818388241113461, 0.824553791460509, 0.835911384205071, 0.8433749451514976, 0.8579775643945059, 0.8647921200412432, 0.8764742154356499, 0.8865337975808334, 0.8956198717764831, 0.9076264698207344, 0.9180105546157625, 0.9254741155621891, 0.9374807136064404, 0.9449442745528668, 0.9575998778968074, 0.9624674176444769, 0.9767455342376407, 0.9845335978339117, 0.9984872117772309, 1.0049772647741233, 1.0160103548688408, 1.0257454343641796, 1.038725540357965, 1.0445665880551682, 1.0568976887492643, 1.0659837629449138, 1.0770168530396313, 1.0870764351848148, 1.0964870120303092, 1.105248583576114, 1.1175796842702101, 1.127314763765549, 1.1341293194122861, 1.1464604201063822, 1.1545729863524978, 1.1669040870465939, 1.173718642693331, 1.184427230138204, 1.1931888016840089, 1.2051953997282603, 1.2110364474254636, 1.2249900613687827, 1.2350496435139662, 1.2428377071102374, 1.251923781305887, 1.2639303793501384, 1.2759369773943896, 1.2830760356909716, 1.2908640992872427, 1.3018971893819602, 1.3122812741769883, 1.3190958298237256, 1.3314269305178215, 1.3408375073633159, 1.347652063010053, 1.359009655754615, 1.3684202326001094, 1.3778308094456035, 1.386267878341564, 1.3953539525372136, 1.404764529382708, 1.4122280903291344, 1.4229366777740073, 1.4329962599191908, 1.4424068367646852, 1.4492213924114223, 1.4563604507080041, 1.4693405567017894, 1.4806981494463514, 1.485565689194021, 1.496923281938583, 1.505684853484388, 1.5150954303298823, 1.5232079965759981, 1.5313205628221138, 1.537161610519317, 1.5517642297623255, 1.5585787854090627, 1.571558891402848, 1.5786979496994298, 1.5835654894470992, 1.5945985795418167, 1.6053071669866896, 1.610174706734359, 1.6208832941792317, 1.6280223524758137, 1.6358104160720848, 1.6455454955674236, 1.6565785856621411, 1.6646911519082568, 1.673452723454062, 1.6789692685014206, 1.6890288506466042, 1.6981149248422538, 1.7052539831388356, 1.7143400573344854, 1.7192075970821548, 1.730565189826717, 1.7380287507731433, 1.748088332918327, 1.756849904464132, 1.7659359786597815, 1.771777026356985, 1.7779425767040329, 1.789300169448595, 1.795465719795643, 1.800657762193157, 1.810392841688496, 1.8162338893856993, 1.8266179741807274, 1.8350550430766879, 1.8412205934237358, 1.8464126358212498, 1.8584192338655012, 1.860366249764569, 1.8707503345595973, 1.8765913822568006, 1.8853529538026055, 1.8957370385976338, 1.902551594244371, 1.9083926419415742, 1.9135846843390885, 1.9242932717839611, 1.930458822131009, 1.9372733777777464, 1.9434389281247944, 1.9499289811216869, 1.9590150553173367, 1.9684256321628308, 1.9719951613111217, 1.98237924610615, 1.9872467858538194, 1.9930878335510227, 2.0024984103965173, 2.008014955443876, 2.015154013740458, 2.017750034939215, 2.0252135958856416, 2.033650664781602, 2.0391672098289604, 2.043710246926785, 2.052796321122435, 2.052147315822746, 2.059935379419017, 2.0683724483149772, 2.073239988062647, 2.0829750675579857, 2.0884916126053445, 2.0930346497031693, 2.099200200050217, 2.1040677397978866, 2.112829311343692, 2.1193193643405843, 2.120617374939963, 2.1277564332365446, 2.134570988883282, 2.1400875339306404, 2.144306068378621, 2.150147116075824, 2.152743137274581, 2.1585841849717844, 2.1666967512179003, 2.1728623015649484, 2.173835809514482, 2.181623873110753, 2.1851934022590442, 2.1920079579057816, 2.1972000003032957, 2.200445026801742, 2.2098556036472363, 2.2049880638995667, 2.214398640745061, 2.218941677842886, 2.2254317308397784, 2.2280277520385354, 2.2335442970858943, 2.235166810335117, 2.240034350082787, 2.2439283818809224, 2.2487959216285915, 2.258206498474086, 2.2575574931743967, 2.261451524972532, 2.2672925726697355, 2.2744316309663177, 2.2728091177170944, 2.2780011601146084, 2.282868699862278, 2.284491213111501, 2.287087234310258, 2.295848805856063, 2.295848805856063, 2.301365350903422, 2.3052593827015575, 2.3078554039003145, 2.312073938348295, 2.313696451597518, 2.316292472796275, 2.3185639913451874, 2.3227825257931674, 2.3260275522916136, 2.32927257879006, 2.3325176052885066, 2.3360871344367973, 2.3377096476860206, 2.339007658285399, 2.3422526847838454, 2.34679572188167, 2.345822213932136, 2.35101425632965, 2.3529612722287183, 2.3558817960773197, 2.3578288119763875, 2.3610738384748338, 2.3613983411246786, 2.363669859673591, 2.367239388821882, 2.367239388821882, 2.372431431219396, 2.3701599126704833, 2.3708089179701726, 2.375351955067998, 2.377947976266755, 2.3798949921658226, 2.3798949921658226, 2.3824910133645796, 2.382815516014424, 2.386385045162715, 2.385411537213181, 2.39092808226054, 2.388332061061783, 2.3919015902100735, 2.3919015902100735, 2.3902790769608506, 2.393524103459297, 2.390603579610695, 2.390603579610695, 2.3954711193583647, 2.3974181352574324, 2.3954711193583647, 2.3954711193583647, 2.397093632607588, 2.397093632607588, 2.3951466167085202, 2.3964446273078988, 2.397093632607588, 2.3980671405571217, 2.3983916432069665, 2.4006631617558787, 2.396120124658054, 2.3977426379072773, 2.396769129957743, 2.4003386591060343, 2.3954711193583647, 2.3948221140586754, 2.3990406485066558, 2.3954711193583647, 2.3948221140586754, 2.3980671405571217, 2.393524103459297, 2.397093632607588, 2.3912525849103843, 2.3912525849103843, 2.3925505955097632, 2.394497611408831, 2.3922260928599184, 2.3896300716611614, 2.388332061061783, 2.3860605425128703, 2.3815175054150455, 2.3847625319134917, 2.381193002765201, 2.381193002765201, 2.3763254630175314, 2.3769744683172207, 2.3763254630175314, 2.373080436519085, 2.370484415320328, 2.37340493916893, 2.367239388821882, 2.364643367623125, 2.364643367623125, 2.3601003305253, 2.3588023199259216, 2.3571798066766982, 2.351987764279184, 2.3526367695788735, 2.349391743080427, 2.349391743080427, 2.3471202245315146, 2.3422526847838454, 2.3386831556355543, 2.3377096476860206, 2.3351136264872636, 2.332842107938351, 2.3289480761402155, 2.3253785469919244, 2.3227825257931674, 2.3201865045944103, 2.3159679701464304, 2.3156434674965856, 2.309153414499693, 2.3059083880012468, 2.303961372102179, 2.3000673403040435, 2.297795821755131, 2.2945507952566846, 2.2883852449096365, 2.289683255509015, 2.284815715761346, 2.2815706892628995, 2.279299170713987, 2.2708621018180266, 2.266319064720202, 2.261127022322688, 2.261127022322688, 2.258855503773775, 2.253014456076572, 2.2445773871806116, 2.242305868631699, 2.2387363394834083, 2.234842307685273, 2.2280277520385354, 2.224782725540089, 2.2202396884422644, 2.2121271221961485, 2.21082911159677, 2.206286074498945, 2.2040145559500326, 2.1981735082528293, 2.190709947306403, 2.1887629314073354, 2.1825973810602872, 2.17578282541355, 2.1718887936154143, 2.1647497353188325, 2.1644252326689877, 2.159882195571163, 2.1517696293250475, 2.1456040789779993, 2.138789523331262, 2.136193502132505, 2.126782925287011, 2.126458422637166, 2.120617374939963, 2.1138028192932254, 2.1040677397978866, 2.1008227132994404, 2.096928681501305, 2.0884916126053445, 2.0829750675579857, 2.075836009261404, 2.0722664801131128, 2.0635049085673076, 2.0583128661697936, 2.0498757972738333, 2.047604278724921, 2.0398162151286496, 2.033326162131757, 2.02651160648502, 2.0252135958856416, 2.0154785163903024, 2.0102864739927884, 1.9989288812482262, 1.9992533838980708, 1.988544796453198, 1.9801077275572376, 1.974591182509879, 1.9661541136139185, 1.9603130659167152, 1.9531740076201334, 1.9466839546232406, 1.9353263618786787, 1.932405838030077, 1.927862800932252, 1.9197502346861364, 1.9090416472412635, 1.9064456260425064, 1.896386043897323, 1.8850284511527609, 1.8801609114050915, 1.8730218531085097, 1.8671808054113062, 1.860366249764569, 1.8493331596698515, 1.8421941013732697, 1.837651064275445, 1.8292139953794844, 1.8194789158841456, 1.8126643602374084, 1.8064988098903603, 1.7993597515937785, 1.787353153549527, 1.7834591217513915, 1.7766445661046544, 1.7659359786597815, 1.7549028885650642, 1.7493863435177055, 1.7396512640223665, 1.7315386977762508, 1.726022152728892, 1.7185585917824655, 1.706551993738214, 1.7007109460410108, 1.6925983797948951, 1.6870818347475365, 1.6747507340534404, 1.668260681056548, 1.6588501042110535, 1.651386543264627, 1.6397044478702203, 1.63126737897426, 1.6251018286272119, 1.6156912517817177, 1.6072541828857574, 1.597843606040263, 1.587459521245235, 1.5825919814975653, 1.570585383453314, 1.5589032880589073, 1.5537112456613933, 1.5468966900146561, 1.5384596211186956, 1.5264530230744444, 1.520611975377241, 1.5099033879323682, 1.5008173137367185, 1.493353752790292, 1.482969667995264, 1.472261080550391, 1.4647975196039646, 1.4550624401086256, 1.4446783553135976, 1.4352677784681032, 1.4326717572693461, 1.41612212212727, 1.4115790850294452, 1.4008704975845725, 1.3901619101396996, 1.3817248412437393, 1.3716652590985556, 1.3648507034518185, 1.3518705974580332, 1.3466785550605191, 1.3375924808648694, 1.3229898616218612, 1.3161753059751238, 1.305466718530251, 1.2944336284355336, 1.2876190727887964, 1.28015551184237, 1.2662018978990508, 1.2584138343027798, 1.246731738908373, 1.238943675312102, 1.2269370772678505, 1.2210960295706472, 1.210711944775619, 1.1983808440815231, 1.1876722566366502, 1.1802086956902238, 1.1714471241444187, 1.1604140340497013, 1.1529504731032747, 1.1409438750590235, 1.1305597902639952, 1.118553192219744, 1.1143346577717639, 1.1029770650272017, 1.0883744457841933, 1.0831824033866793, 1.071824810642117, 1.0611162231972444, 1.0552751755000411, 1.0419705668564112, 1.0299639688121598, 1.0208778946165102, 1.0147123442694623, 1.0030302488750555, 0.9929706667298721, 0.9793415554363977, 0.9722024971398158, 0.9627919202943215, 0.9530568407989826, 0.9394277295055081, 0.9358582003572172, 0.9209310784643642, 0.9137920201677823, 0.9037324380225987, 0.8936728558774152, 0.8826397657826978, 0.8712821730381357, 0.862196098842486, 0.854408035246215, 0.8398054160032066, 0.8303948391577123, 0.8242292888106644, 0.813196198715947, 0.8050836324698312, 0.7930770344255799, 0.7836664575800856, 0.7732823727850574, 0.7599777641414275, 0.7525142031950011, 0.7398585998510604, 0.7327195415544786, 0.7174679170117809, 0.711302366664733, 0.7002692765700156, 0.689236186475298, 0.6788521016802699, 0.6707395354341542, 0.6597064453394368, 0.6538653976422334, 0.6363422545506233, 0.6314747148029539, 0.6184946088091687, 0.6081105240141406, 0.600646963067714, 0.5886403650234627, 0.5811768040770362, 0.570792719282008, 0.5600841318371352, 0.54710402584335, 0.5412629781461467, 0.5315278986508077, 0.5230908297548473, 0.5091372158115283, 0.5032961681143249, 0.4922630780196074, 0.4831770038239578, 0.4721439137292403, 0.4633823421834353, 0.4507267388394947, 0.44228966994353436, 0.43515061164695246, 0.42411752155223503, 0.41503144735658537, 0.4043228599117126, 0.3939387751166844, 0.3861507115204133, 0.3777136426244529, 0.36635604987989084, 0.35694547303439655, 0.346885890889213, 0.33650180609418484, 0.32709122924869055, 0.3196276683022641, 0.30794557290785735, 0.29821049341251843, 0.2881509112673349, 0.27581981057323895, 0.2670582390274339, 0.25862117013147357, 0.24985959858566856, 0.24336954558877594, 0.23298546079374777, 0.22162786804918572, 0.21156828590400217, 0.19988619050959547, 0.1937206401625475, 0.18495906861674247, 0.1732769732223358, 0.16970744407404487, 0.15672733808025963, 0.1499127824335224, 0.13887969233880496, 0.12784660224408753, 0.11746251744905935, 0.11291948035123453, 0.1009128823069832, 0.0934493213605567, 0.08144272331630538, 0.07560167561910203, 0.06846261732252017, 0.05775402987764737, 0.045747431833396045, 0.03731036293743566, 0.02887329404147526, 0.020111722495670243, 0.010701145650175962, 0.006482611202195768, -0.004874981542366295, -0.014285558387860576, -0.022722627283820965, -0.02921268028071357, -0.04089477567512026, -0.04576231542278972, -0.05776891346704104, -0.06231195056486587, -0.07172252741036016, -0.08145760690569906, -0.0892456705019702, -0.09833174469761985, -0.1074178188932695, -0.11293436394062821, -0.12558996728456878, -0.13597405207959695, -0.14051708917742178, -0.14700714217431438, -0.15966274551825496, -0.16485478791576905, -0.17134484091266167, -0.18010641245846667, -0.1908149999033395, -0.19341102110209654, -0.2028215979475908, -0.21255667744292972, -0.21904673043982234, -0.22748379933578272, -0.2346228576323646, -0.24176191592894644, -0.25084799012459613, -0.2583115510710226, -0.2651261067177599, -0.27648369946232193, -0.2803777312604575, -0.2868677842573501, -0.2979008743520675, -0.3017949061502031, -0.30893396444678495, -0.3163975253932115, -0.3241855889894826, -0.33100014463621985, -0.3420332347309373, -0.3465762718287621, -0.35468883807487783, -0.3611788910717705, -0.3670199387689738, -0.3748080023652449, -0.38227156331167145, -0.38649009775965165, -0.39719868520452445, -0.40271523025188316, -0.4075827699995526, -0.41309931504691133, -0.4225098918924056, -0.42672842634038577, -0.4345164899366569, -0.4384105217347925, -0.4439270667821512, -0.457231675425781, -0.46047670192422735, -0.4666422522712753, -0.4718342946687894, -0.47767534236599274, -0.48448989801273, -0.48611241126195315, -0.49422497750806893, -0.5033110517037185, -0.5098011047006111, -0.516940162997193, -0.5205096921454839, -0.5253772318931533, -0.5305692742906675, -0.534463306088803, -0.5403043537860064, -0.5464699041330543, -0.5510129412308792, -0.5581519995274611, -0.5626950366252859, -0.5688605869723339, -0.5714566081710909, -0.5772976558682942, -0.5847612168147207, -0.5870327353636331, -0.5919002751113026, -0.6000128413574184, -0.6026088625561754, -0.6058538890546217, -0.6133174500010482, -0.6165624764994945, -0.621430016247164, -0.6253240480452995, -0.6321386036920368, -0.6366816407898616, -0.6415491805375311, -0.6441452017362881, -0.6490127414839575, -0.6519332653325592, -0.6571253077300733, -0.6606948368783643, -0.6668603872254122, -0.6681583978247907, -0.6759464614210619, -0.6785424826198189, -0.6830855197176438, -0.6879530594653132, -0.6879530594653132, -0.6915225886136042, -0.6983371442603413, -0.704827197257234, -0.7009331654590985, -0.707423218455991, -0.7132642661531944, -0.7126152608535051, -0.7168337953014853, -0.7226748429986887, -0.722350340348844, -0.7294893986454258, -0.7314364145444937, -0.7333834304435615, -0.7359794516423185, -0.7424695046392111, -0.7463635364373467, -0.7444165205382789, -0.7489595576361037, -0.7505820708853268, -0.7499330655856375, -0.7538270973837732, -0.7557741132828409, -0.7616151609800442, -0.7612906583301996, -0.7642111821788014, -0.7664827007277137, -0.7687542192766261, -0.7710257378255385, -0.7719992457750724, -0.775893277573208, -0.775893277573208, -0.7810853199707221, -0.7807608173208774, -0.7807608173208774, -0.7843303464691684, -0.7830323358697899, -0.7878998756174593, -0.7878998756174593, -0.7898468915165271, -0.7888733835669932, -0.7878998756174593, -0.7917939074155949, -0.7973104524629536, -0.7982839604124875, -0.7934164206648181, -0.794389928614352, -0.7973104524629536, -0.8008799816112445, -0.7999064736617106, -0.8008799816112445, -0.803151500160157, -0.8025024948604677, -0.802177992210623, -0.8041250081096909, -0.8025024948604677, -0.803151500160157, -0.803151500160157, -0.8034760028100016, -0.8025024948604677, -0.8063965266586033, -0.8054230187090694, -0.8025024948604677, -0.8028269975103123, -0.8025024948604677, -0.8008799816112445, -0.8038005054598463, -0.8025024948604677, -0.7989329657121768, -0.7999064736617106, -0.8008799816112445, -0.8008799816112445, -0.802177992210623, -0.7973104524629536, -0.7989329657121768, -0.7934164206648181, -0.7973104524629536, -0.7934164206648181, -0.7937409233146627, -0.7917939074155949, -0.7937409233146627, -0.7891978862168378, -0.7885488809171486, -0.7901713941663717, -0.7888733835669932, -0.7836813411694792, -0.7830323358697899, -0.7810853199707221, -0.7807608173208774, -0.7791383040716543, -0.7771912881725865, -0.7749197696236741, -0.7745952669738295, -0.7690787219264708, -0.7674562086772476, -0.7616151609800442, -0.767131706027403, -0.7642111821788014, -0.7596681450809765, -0.7573966265320641, -0.7557741132828409, -0.7525290867843947, -0.748635054986259, -0.7489595576361037, -0.7414959966896771, -0.7414959966896771, -0.7382509701912309, -0.7340324357432507, -0.7330589277937168, -0.732085419844183, -0.7259198694971349, -0.722350340348844, -0.7213768323993102, -0.7171582979513299, -0.713588768803039, -0.7116417529039712, -0.7061252078566125, -0.7035291866578555, -0.6963901283612736, -0.6960656257114289, -0.692496096563138, -0.6866550488659346, -0.6847080329668669, -0.6785424826198189, -0.6756219587712172, -0.6746484508216833, -0.6714034243232371, -0.6645888686764998, -0.6613438421780535, -0.6551782918310055, -0.6561517997805394, -0.6496617467836469, -0.6438206990864435, -0.6405756725879972, -0.6366816407898616, -0.6311650957425029, -0.626622058644678, -0.6227280268465425, -0.6155889685499606, -0.6120194394016697, -0.6084499102533787, -0.6061783917044663, -0.5980658254583505, -0.5938472910103704, -0.5883307459630117, -0.5831387035654976, -0.5759996452689157, -0.5737281267200033, -0.5652910578240429, -0.561721528675752, -0.5562049836283932, -0.5510129412308792, -0.5441983855841419, -0.538032835237094, -0.5347878087386476, -0.5221322053947071, -0.5260262371928426, -0.5156421523978144, -0.5123971258993681, -0.5062315755523201, -0.5010395331548061, -0.493251469558535, -0.4867614165616424, -0.4812448715142837, -0.47540382381708035, -0.4708607867192555, -0.4666422522712753, -0.45820518337531496, -0.454635654227024, -0.44652308798090823, -0.4393840296843264, -0.4341919872868123, -0.4218608865927163, -0.4182913574444254, -0.4111522991478435, -0.4075827699995526, -0.4004437117029707, -0.39298015075654424, -0.3868146004094963, -0.3790265368132251, -0.3761060129646235, -0.3666954361191292, -0.356311351324101, -0.3507948062767423, -0.3456027638792282, -0.33976171618202483, -0.3297021340368413, -0.32548359958886114, -0.31704653069290073, -0.3043909273489601, -0.29919888495144603, -0.29303333460439807, -0.2897883081059518, -0.2803777312604575, -0.27258966766418635, -0.26480160406791525, -0.2573380431214887, -0.24695395832646053, -0.24305992652832498, -0.23494736028220922, -0.22748379933578272, -0.2135301853924636, -0.20963615359432805, -0.20249709529774618, -0.19276201580240726, -0.18594746015567004, -0.17751039125970963, -0.1706958356129724, -0.1599872481680996, -0.15641771901980867, -0.14668263952446975, -0.1372720626789755, -0.12883499378301508, -0.12104693018674396, -0.11131185069140506, -0.1074178188932695, -0.09606022614870743, -0.0892456705019702, -0.07951059100663128, -0.07269603535989405, -0.059715929366108825, -0.054199384318750106, -0.04641132072247898, -0.037649749176673956, -0.02759016703149042, -0.022073621984131705, -0.007471002741123337, -0.0026034629934538825, 0.004535595303127986, 0.01589318804769005, 0.021734235744893395, 0.03179381789007694, 0.04120439473557122, 0.04931696098168698, 0.05937654312687052, 0.0655420934739185, 0.07560167561910203, 0.08403874451506242, 0.09799235845838153, 0.10383340615558488, 0.11291948035123453, 0.11876052804843787, 0.1307671260926892, 0.141475713537562, 0.15056178773321166, 0.15867435397932741, 0.17068095202357875, 0.17717100502047134, 0.18982660836441193, 0.1969656666609938, 0.20929676735508976, 0.2151378150522931, 0.2206543600996518, 0.23363446609343705, 0.24336954558877594, 0.25407813303364873, 0.2631642072292984, 0.2719257787751034, 0.2803628476710638, 0.2897734245165581, 0.3008065146112755, 0.30989258880692516, 0.31865416035273014, 0.3277402345483798, 0.33358128224558314, 0.3507799226873486, 0.3601904995328429, 0.37187259492724956, 0.3777136426244529, 0.38647521417025793, 0.3971838016151307, 0.406594378460625, 0.4169784632556532, 0.4263890401011474, 0.43612411959648634, 0.44683270704135913, 0.45267375473856253, 0.4656538607323477, 0.47538894022768663, 0.48836904622147187, 0.49485909921836446, 0.5052431840133926, 0.5149782635087315, 0.5243888403542258, 0.5305543907012739, 0.5448325072944376, 0.5555410947393103, 0.5652761742346493, 0.5743622484302989, 0.5837728252757932, 0.5931834021212875, 0.6061635081150727, 0.6123290584621207, 0.6249846618060613, 0.6334217307020217, 0.6431568101973606, 0.6519183817431656, 0.6648984877369508, 0.6769050857812021, 0.6846931493774733, 0.6931302182734337, 0.7064348269170635, 0.71389838786349, 0.7242824726585182, 0.7340175521538571, 0.7424546210498175, 0.7567327376429812, 0.7684148330373879, 0.7771764045831929, 0.7826929496305517, 0.7966465635738708, 0.8086531616181221, 0.8161167225645486, 0.8265008073595768, 0.8375338974542942, 0.8443484531010315, 0.8566795537951274, 0.8660901306406217, 0.8764742154356499, 0.8862092949309888, 0.8952953691266384, 0.9050304486219773, 0.9176860519659179, 0.9280701367609461, 0.937805216256285, 0.9472157931017793, 0.9563018672974289, 0.9637654282438554, 0.9767455342376407, 0.9871296190326688, 0.9962156932283184, 1.0065997780233464, 1.0182818734177532, 1.026394439663869, 1.036129519159208, 1.0487851225031484, 1.0575466940489535, 1.067606276194137, 1.0744208318408743, 1.085129419285747, 1.0968115146801538, 1.1058975888758034, 1.118553192219744, 1.1250432452166366, 1.1383478538602665, 1.1480829333556053, 1.155546494302032, 1.1656060764472154, 1.1753411559425542, 1.1863742460372717, 1.192215293734475, 1.2025993785295033, 1.215903987173133, 1.2243410560690935, 1.2340761355644323, 1.245758230958839, 1.2564668184037118, 1.2603608502018475, 1.272042945596254, 1.2788575012429915, 1.293135617836155, 1.2993011681832032, 1.309036247678542, 1.3194203324735703, 1.330128919918443, 1.3388904914642479, 1.3495990789091208, 1.3573871425053918, 1.3658242114013524, 1.377506306795759, 1.3878903915907872, 1.3982744763858153, 1.4037910214331741, 1.418718143326027, 1.4229366777740073, 1.4365657890674817, 1.4411088261653064, 1.449545895061267, 1.4602544825061397, 1.468042546102411, 1.4813471547460406, 1.4875127050930887, 1.4965987792887383, 1.506658361433922, 1.5173669488787946, 1.5254795151249105, 1.5352145946202493, 1.5420291502669865, 1.5527377377118594, 1.5589032880589073, 1.5692873728539356, 1.579346954999119, 1.5861615106458564, 1.5920025583430597, 1.6033601510876216, 1.6108237120340483, 1.624128320677678, 1.6267243418764352, 1.6384064372708418, 1.6465190035169577, 1.6552805750627626, 1.6659891625076353, 1.6721547128546834, 1.6792937711512652, 1.6893533532964489, 1.6981149248422538, 1.7052539831388356, 1.71466455998433, 1.7195320997319994, 1.7312141951264062, 1.737379745473454, 1.7448433064198805, 1.7529558726659964, 1.7626909521613352, 1.7695055078080726, 1.7766445661046544, 1.788326661499061, 1.7951412171457983, 1.8052007992909818, 1.8136378681869423, 1.8175318999850778, 1.8227239423825918, 1.8347305404268432, 1.840247085474202, 1.8490086570200068, 1.8574457259159673, 1.8645847842125491, 1.8720483451589758, 1.880485414054936, 1.8876244723515179, 1.8957370385976338, 1.9012535836449924, 1.909366149891108, 1.9168297108375347, 1.925266779733495, 1.9301343194811644, 1.935975367178368, 1.9479819652226191, 1.9528495049702888, 1.9580415473678028, 1.9658296109640738, 1.9723196639609664, 1.9758891931092575, 1.985948775254441, 1.9878957911535087, 2.000875897147294, 2.005418934245119, 2.007041447494342, 2.0187235428887487, 2.0242400879361075, 2.030081135633311, 2.036895691280048, 2.04403474957663, 2.0472797760750763, 2.0576638608701043, 2.0657764271162202, 2.0699949615642006, 2.0745379986620254, 2.081028051658918, 2.089789623204723, 2.0927101470533245, 2.0972531841511493, 2.1066637609966437, 2.1121803060440025, 2.116074337842138, 2.1222398881891857, 2.129378946485768, 2.133597480933748, 2.1407365392303297, 2.1456040789779993, 2.150147116075824, 2.157935179672095, 2.1637762273692984, 2.1683192644671236, 2.1673457565175895, 2.174160312164327, 2.1829218837101316, 2.1884384287574905, 2.1913589526060924, 2.195901989703917, 2.200445026801742, 2.2066105771487896, 2.2121271221961485, 2.2156966513444396, 2.2251072281899336, 2.221537699041643, 2.2306237732372924, 2.2315972811868265, 2.23743832888403, 2.2410078580323205, 2.246848905729524, 2.251391942827349, 2.2549614719756397, 2.258531001123931, 2.260802519672843, 2.264372048821134, 2.271511107117716, 2.277352154814919, 2.2805971813133654, 2.284491213111501, 2.288060742259792, 2.2857892237108794, 2.29422629260684, 2.299418335004354, 2.300391842953888, 2.3042858747520234, 2.308828911849848, 2.3101269224492267, 2.3133719489476734, 2.320511007244255, 2.3182394886953426, 2.3211600125439444, 2.3253785469919244, 2.3295970814399047, 2.3279745681906814, 2.335762631786953, 2.337385145036176, 2.33835865298571, 2.339981166234933, 2.347769229831204, 2.3454977112822917, 2.353934780178252, 2.3536102775284076, 2.3562062987271646, 2.3601003305253, 2.3584778172760767, 2.3623718490742123, 2.3659413782225034, 2.369510907370794, 2.3656168755726585, 2.3701599126704833, 2.3708089179701726, 2.37762347361691, 2.3792459868661333, 2.3789214842162885, 2.3834645213141132, 2.3821665107147347, 2.382815516014424, 2.3821665107147347, 2.3899545743110058, 2.385411537213181, 2.3847625319134917, 2.388981066361472, 2.3860605425128703, 2.3912525849103843, 2.3938486061091417, 2.3886565637116273, 2.3919015902100735, 2.396769129957743, 2.3957956220082095, 2.3931996008094525, 2.4006631617558787, 2.396120124658054, 2.397093632607588, 2.3977426379072773, 2.3977426379072773, 2.3990406485066558, 2.398716145856811, 2.4000141564561894, 2.396120124658054, 2.3990406485066558, 2.3983916432069665, 2.3957956220082095, 2.3957956220082095, 2.394173108758986, 2.3993651511565, 2.3993651511565, 2.3974181352574324, 2.3954711193583647, 2.397093632607588, 2.3990406485066558, 2.3954711193583647, 2.394497611408831, 2.394173108758986, 2.39092808226054, 2.3893055690113165, 2.3912525849103843, 2.3922260928599184, 2.3876830557620936, 2.3893055690113165, 2.3850870345633366, 2.3824910133645796, 2.3824910133645796, 2.3789214842162885, 2.3818420080648903, 2.381193002765201, 2.377947976266755, 2.375351955067998, 2.3711334206200174, 2.370484415320328, 2.3711334206200174, 2.3682128967714156, 2.363669859673591, 2.3613983411246786, 2.3633453570237464, 2.3588023199259216, 2.3597758278754553, 2.3529612722287183, 2.356530801377009, 2.3490672404305823, 2.345822213932136, 2.343550695383224, 2.341603679484156, 2.3386831556355543, 2.338034150335865, 2.3351136264872636, 2.3315440973389725, 2.326676557591303, 2.325703049641769, 2.3237560337427015, 2.3192129966448767, 2.319537499294721, 2.315318964846741, 2.3123984409981393, 2.3078554039003145, 2.3042858747520234, 2.300391842953888, 2.297795821755131, 2.298769329704665, 2.2887097475594813, 2.2831932025121224, 2.2838422078118117, 2.274756133616162, 2.2757296415656962, 2.2679415779694247, 2.265994562070357, 2.2633985408716, 2.2604780170229986, 2.2526899534267275, 2.2517164454771934, 2.2494449269282812, 2.242305868631699, 2.2387363394834083, 2.2335442970858943, 2.230299270587448, 2.226405238789312, 2.2156966513444396, 2.2147231433949055, 2.2114781168964592, 2.206286074498945, 2.200445026801742, 2.1972000003032957, 2.194279476454694, 2.186815915508267, 2.1838953916596657, 2.1777298413126176, 2.170590783016036, 2.1653987406185218, 2.1615047088203863, 2.1550146558234937, 2.151120624025358, 2.149498110776135, 2.1381405180315727, 2.1287299411860787, 2.129378946485768, 2.1215908828894965, 2.1199683696402736, 2.1118558033941577, 2.1095842848452455, 2.1004982106495955, 2.09238564440348, 2.087193602005966, 2.083624072857675, 2.078107527810316, 2.0696704589143557, 2.0635049085673076, 2.0576638608701043, 2.051822813172901, 2.0453327601760085, 2.038842707179116, 2.031703648882534, 2.028134119734243, 2.022617574686884, 2.009961971342944, 2.006392442194653, 2.003471918346051, 1.9943858441504014, 1.984975267304907, 1.9788097169578591, 1.974591182509879, 1.9668031189136077, 1.961286573866249, 1.9512269917210654, 1.9447369387241729, 1.9356508645285233, 1.9298098168313198, 1.925266779733495, 1.9184522240867579, 1.9116376684400207, 1.9009290809951478, 1.891194001499809, 1.8872999697016732, 1.878862900805713, 1.8765913822568006, 1.8626377683134814, 1.8574457259159673, 1.852578186168298, 1.8425186040231143, 1.8324590218779309, 1.8256444662311935, 1.8168828946853885, 1.8126643602374084, 1.8029292807420694, 1.7990352489439339, 1.7886511641489056, 1.783134619101547, 1.771777026356985, 1.76723398925916, 1.7571744071139765, 1.7513333594167733, 1.7432207931706574, 1.7338102163251632, 1.7266711580285812, 1.7179095864827763, 1.7078500043375928, 1.7026579619400786, 1.6916248718453613, 1.6825387976497115, 1.6731282208042173, 1.6659891625076353, 1.6582010989113642, 1.6481415167661808, 1.641651463769288, 1.6325653895736385, 1.6218568021287656, 1.61374423588265, 1.6066051775860681, 1.5991416166396415, 1.5887575318446134, 1.5825919814975653, 1.5722078967025372, 1.5611748066078197, 1.5546847536109272, 1.5436516635162099, 1.5358635999199386, 1.5258040177747552, 1.518015954178484, 1.5079563720333005, 1.5027643296357864, 1.4910822342413796, 1.4826451653454193, 1.4742080964494588, 1.4631750063547415, 1.4576584613073826, 1.4472743765123546, 1.436241286417637, 1.4268307095721429, 1.41612212212727, 1.409956571780222, 1.3982744763858153, 1.3901619101396996, 1.38107583594405, 1.3693937405496432, 1.3632281902025953, 1.3551156239564794, 1.342460020612539, 1.3311024278679768, 1.3262348881203074, 1.316824311274813, 1.303844205281028, 1.2970296496342906, 1.2837250409906609, 1.275612474744545, 1.2671754058485847, 1.2567913210535564, 1.2438112150597713, 1.2369966594130342, 1.2288840931669183, 1.2165529924728224, 1.2100629394759297, 1.199354352031057, 1.1873477539868056, 1.1776126744914668, 1.1740431453431757, 1.159765028750012, 1.1506789545543623, 1.1409438750590235, 1.1321823035132184, 1.1182286895698994, 1.1133611498222298, 1.0990830332290662, 1.092917482882018, 1.08253339808699, 1.0698777947430493, 1.061440725847089, 1.05170564635175, 1.0409970589068773, 1.035156011209674, 1.0257454343641796, 1.0137388363199284, 1.0033547515249002, 0.9932951693797167, 0.9822620792849993, 0.9738250103890389, 0.9640899308937, 0.9504608196002255, 0.9407257401048866, 0.9306661579597031, 0.9264476235117229, 0.9163880413665394, 0.9050304486219773, 0.8933483532275706, 0.8839377763820763, 0.8751762048362713, 0.8612225908929522, 0.8514875113976133, 0.8411034266025851, 0.8316928497570908, 0.820984262312218, 0.8161167225645486, 0.8037856218704527, 0.794699547674803, 0.7794479231321053, 0.7719843621856789, 0.761275774740806, 0.7521897005451564, 0.7385605892516819, 0.7333685468541679, 0.7220109541096058, 0.7100043560653544, 0.6983222606709477, 0.6908586997245213, 0.6801501122796485, 0.6717130433836881, 0.656785921490835, 0.6512693764434764, 0.6405607889986036, 0.6311502121531093, 0.618170106159324, 0.6097330372633637, 0.6029184816166264, 0.5922098941717536, 0.5815013067268808, 0.5685212007330956, 0.5597596291872906, 0.5500245496919517, 0.5396404648969235, 0.5276338668526722, 0.5182232900071779, 0.511084231710596, 0.5029716654644802, 0.4912895700700735, 0.4835015064738024, 0.47311742167877424, 0.46046181833483363, 0.45429626798778566, 0.44326317789306824, 0.4332035957478847, 0.42444202420207966, 0.4182764738550317, 0.4046473625615572, 0.39556128836590754, 0.38387919297150086, 0.37414411347616194, 0.36473353663066765, 0.35402494918579486, 0.34591238293967913, 0.3329322769458939, 0.33001175309729225, 0.31346211795521606, 0.3085945782075466, 0.29853499606236306, 0.2868529006679564, 0.2793893397215299, 0.26932975757634636, 0.2602436833806967, 0.25310462508411485, 0.23850200584110648, 0.23168745019436926, 0.21838284155073942, 0.21124378325415755, 0.20183320640866326, 0.19436964546223676, 0.18171404211829617, 0.17522398912140358, 0.16873393612451096, 0.1551048248310365, 0.14731676123476536, 0.1362836711400479, 0.12914461284346607, 0.12038304129766102, 0.1148664962503023, 0.10123738495682783, 0.09604534255931374, 0.08468774981475169, 0.0743036650197235, 0.06943612527205406, 0.05645601927826885, 0.0473699450826192, 0.04120439473557122, 0.02789978609194137, 0.021085230445204134, 0.01589318804769005, 0.00810512445141892, -0.0035769709429877734, -0.014934563687549836, -0.01817959018599614, -0.02791466968133505, -0.04349079687387731, -0.0477093313218575, -0.055172892268284, -0.0636099611642444, -0.07204703006020478, -0.08015959630632054, -0.08957017315181483, -0.10060326324653225, -0.10676881359358023, -0.11325886659047284, -0.12331844873565638, -0.1333780308808399, -0.14213960242664492, -0.1502521686727607, -0.15609321636996404, -0.16193426406716738, -0.17653688331017575, -0.17945740715877742, -0.18854348135442708, -0.1963315449506982, -0.2037951058971247, -0.2112586668435512, -0.21709971454075455, -0.2261857887364042, -0.23494736028220922, -0.23981490002987868, -0.24890097422552832, -0.257987048421178, -0.26577511201744913, -0.2709671544149632, -0.27810621271154506, -0.2897883081059518, -0.29562935580315514, -0.30244391144989236, -0.3099074723963189, -0.3167220280430561, -0.32256307574025944, -0.32937763138699666, -0.3381392029328017, -0.34690077447860673, -0.3543643354250332, -0.3585828698730134, -0.3689669546680416, -0.37156297586679865, -0.3819470606618268, -0.38616559510980697, -0.3897351242580979, -0.40239072760203853, -0.407258267349708, -0.4140728229964452, -0.4215363839428717, -0.4260794210406965, -0.4328939766874338, -0.4393840296843264, -0.4471720932805975, -0.4526886383279562, -0.4585296860251596, -0.46339722577282905, -0.4737813105678572, -0.4747548185173911, -0.4812448715142837, -0.49260246425884574, -0.49552298810744744, -0.5010395331548061, -0.5068805808520095, -0.5153176497479698, -0.5188871788962608, -0.5224567080445517, -0.5263507398426872, -0.5325162901897352, -0.5383573378869386, -0.5477679147324329, -0.5523109518302577, -0.5578274968776165, -0.5626950366252859, -0.5646420525243536, -0.5708076028714016, -0.5802181797168959, -0.5847612168147207, -0.5912512698116134, -0.5980658254583505, -0.5954698042595935, -0.6026088625561754, -0.6061783917044663, -0.6149399632502713, -0.617860487098873, -0.6191584976982516, -0.6237015347960764, -0.6269465612945226, -0.6337611169412599, -0.6415491805375311, -0.6434961964365988, -0.6457677149855112, -0.6506352547331807, -0.6580988156796072, -0.6616683448278982, -0.665237873976189, -0.6710789216733924, -0.6762709640709065, -0.6769199693705957, -0.6814630064684206, -0.6847080329668669, -0.6915225886136042, -0.6902245780142255, -0.6954166204117397, -0.6999596575095645, -0.7061252078566125, -0.7067742131563017, -0.7106682449544373, -0.7126152608535051, -0.7191053138503977, -0.7197543191500869, -0.7217013350491548, -0.7259198694971349, -0.732085419844183, -0.7376019648915416, -0.7359794516423185, -0.739873483440454, -0.7401979860902986, -0.7424695046392111, -0.7499330655856375, -0.7541516000336178, -0.7512310761850161, -0.7560986159326856, -0.7593436424311318, -0.7570721238822194, -0.7629131715794228, -0.7651846901283352, -0.7635621768791121, -0.7687542192766261, -0.7668072033775584, -0.7713502404753831, -0.7736217590242956, -0.7771912881725865, -0.7794628067214989, -0.7794628067214989, -0.7804363146710328, -0.7843303464691684, -0.7830323358697899, -0.7866018650180808, -0.785628357068547, -0.7859528597183916, -0.7901713941663717, -0.7937409233146627, -0.7917939074155949, -0.7937409233146627, -0.7973104524629536, -0.7979594577626429, -0.7973104524629536, -0.7973104524629536, -0.799581971011866, -0.8012044842610891, -0.8025024948604677, -0.7979594577626429, -0.8012044842610891, -0.8025024948604677, -0.802177992210623, -0.8025024948604677, -0.8038005054598463, -0.8034760028100016, -0.8034760028100016, -0.8038005054598463, -0.8034760028100016, -0.8034760028100016, -0.8047740134093802, -0.8018534895607784, -0.8038005054598463, -0.8034760028100016, -0.8008799816112445, -0.8012044842610891, -0.802177992210623, -0.8018534895607784, -0.8025024948604677, -0.7973104524629536, -0.7999064736617106, -0.7982839604124875, -0.7963369445134197, -0.7960124418635751, -0.7950389339140412, -0.7940654259645074, -0.7960124418635751, -0.7911449021159056, -0.7927674153651288, -0.7917939074155949, -0.7914694047657502, -0.7843303464691684, -0.7859528597183916, -0.7846548491190131, -0.7843303464691684, -0.7781647961221204, -0.7797873093713436, -0.7771912881725865, -0.7781647961221204, -0.7771912881725865, -0.7716747431252278, -0.7723237484249171, -0.7684297166267815, -0.7658336954280245, -0.7651846901283352, -0.760966155680355, -0.7603171503806657, -0.7593436424311318, -0.7557741132828409, -0.7541516000336178, -0.7512310761850161, -0.7466880390871913, -0.7431185099389004, -0.7401979860902986, -0.7379264675413862, -0.7369529595918524, -0.7317609171943383, -0.7291648959955812, -0.728515890695892, -0.7239728535980672, -0.7210523297494654, -0.718780811200553, -0.7139132714528836, -0.7116417529039712, -0.7083967264055249, -0.7006086628092537, -0.6967146310111182, -0.6937941071625165, -0.6908735833139149, -0.6886020647650024, -0.6830855197176438, -0.6827610170677991, -0.6788669852696635, -0.6762709640709065, -0.6681583978247907, -0.6668603872254122, -0.6613438421780535, -0.6558272971306948, -0.6509597573830254, -0.6486882388341129, -0.6418736831873757, -0.6392776619886186, -0.6344101222409492, -0.632787608991726, -0.6275955665942119, -0.6188339950484069, -0.6149399632502713, -0.6129929473512036, -0.6052048837549324, -0.6009863493069523, -0.5964433122091274, -0.5931982857106811, -0.5873572380134777, -0.5831387035654976, -0.5808671850165852, -0.5724301161206248, -0.5711321055212463, -0.5607480207262181, -0.555555978328704, -0.5513374438807238, -0.5438738829342973, -0.5445228882339865, -0.5367348246377154, -0.529271263691289, -0.5253772318931533, -0.5143441417984359, -0.5104501100003004, -0.5055825702526309, -0.4977945066563598, -0.49260246425884574, -0.48481440066257464, -0.4825428821136622, -0.4760528291167696, -0.4705362840694109, -0.4620992151734505, -0.4598276966245381, -0.4526886383279562, -0.44554958003137435, -0.4384105217347925, -0.430946960788366, -0.4225098918924056, -0.4202383733434932, -0.41212580709737745, -0.4075827699995526, -0.4004437117029707, -0.3881126110088748, -0.3851920871602731, -0.3825960659615161, -0.37675501826431274, -0.362476901671149, -0.36020538312223654, -0.35144381157643156, -0.34527826122938354, -0.3358676843838893, -0.32807962078761815, -0.3232120810399487, -0.31834454129227924, -0.30763595384740644, -0.29725186905237827, -0.29400684255393195, -0.28492076835828234, -0.2803777312604575, -0.26837113321620615, -0.2654506093676045, -0.2560400325221102, -0.2476029636261498, -0.2420864185787911, -0.2304043231843844, -0.22261625958811326, -0.21839772514013306, -0.20963615359432805, -0.20184808999805692, -0.1953580370011643, -0.1846494495562915, -0.17556337536064187, -0.17296735416188483, -0.16193426406716738, -0.1547952057705855, -0.14700714217431438, -0.1408415918272664, -0.1291594964328597, -0.12429195668519027, -0.11553038513938525, -0.10514630034435708, -0.09638472879855206, -0.09086818375119335, -0.07788807775740814, -0.06815299826206922, -0.0636099611642444, -0.05257687106952696, -0.04478880747325583, -0.037000743876984696, -0.02759016703149042, -0.020451108734908553, -0.011365034539258903, -0.004874981542366295, 0.00810512445141892, 0.013946172148622265, 0.024654759593495067, 0.030820309940543047, 0.043475913284483636, 0.0506149715810655, 0.05775402987764737, 0.06651560142345238, 0.07722418886832519, 0.08436324716490705, 0.09442282931009059, 0.10383340615558488, 0.1148664962503023, 0.12297906249641806, 0.1307671260926892, 0.1434227294366298, 0.15250880363227945, 0.15997236457870595, 0.17035644937373412, 0.17944252356938376, 0.186257079216121, 0.1989126825600616, 0.20410472495757567, 0.21643582565167163, 0.2258464024971659, 0.2362304872921941, 0.24369404823862056, 0.25115760918504704, 0.2612171913302306, 0.2709522708255695, 0.2790648370716853, 0.2884754139171795, 0.3008065146112755, 0.3102170914567698, 0.31930316565241945, 0.33001175309729225, 0.33877332464309723, 0.34428986969045594, 0.35954149423315357, 0.36862756842880323, 0.3777136426244529, 0.38485270092103474, 0.39621029366559685, 0.4078923890600035, 0.41795197120518707, 0.427687050700526, 0.4383956381453988, 0.4471572096912038, 0.45721679183638736, 0.46630286603203697, 0.47441543227815275, 0.48285250117411316, 0.49615710981774297, 0.5052431840133926, 0.5153027661585762, 0.5240643377043812, 0.5363954383984771, 0.5451570099442822, 0.5503490523417963, 0.5623556503860476, 0.5724152325312312, 0.5815013067268808, 0.597077433919423, 0.6042164922160049, 0.6146005770110331, 0.6246601591562166, 0.6360177519007787, 0.6418587995979821, 0.6574349267905243, 0.6645739850871062, 0.6733355566329112, 0.6837196414279394, 0.6931302182734337, 0.7054613189675296, 0.7148718958130239, 0.7255804832578967, 0.7359645680529249, 0.7466731554977977, 0.7538122137943796, 0.7625737853401846, 0.7784744151825714, 0.7839909602299302, 0.7959975582741815, 0.8054081351196758, 0.8161167225645486, 0.8277988179589553, 0.8375338974542942, 0.84564646370041, 0.8560305484954381, 0.8673881412400002, 0.8751762048362713, 0.8875073055303673, 0.8965933797260169, 0.9095734857198021, 0.9147655281173163, 0.9257986182120337, 0.9365072056569065, 0.9478647984014685, 0.9575998778968074, 0.9650634388432339, 0.9722024971398158, 0.9890766349317366, 0.9997852223766094, 1.0088712965722588, 1.0173083654682193, 1.025420931714335, 1.0371030271087418, 1.0458645986545467, 1.056248683449575, 1.0682552814938262, 1.0740963291910297, 1.0838314086863685, 1.097460519979843, 1.1055730862259587, 1.1162816736708316, 1.1282882717150828, 1.1376988485605772, 1.1477584307057607, 1.1584670181506336, 1.1662550817469046, 1.1740431453431757, 1.1873477539868056, 1.194811314933232, 1.2051953997282603, 1.212334458024842, 1.2246655587189381, 1.2337516329145877, 1.2408906912111697, 1.2538707972049548, 1.26263236875076, 1.2733409561956326, 1.2837250409906609, 1.2928111151863104, 1.303844205281028, 1.3109832635776097, 1.3207183430729488, 1.3320759358175107, 1.339863999413782, 1.3518705974580332, 1.3586851531047703, 1.3680957299502647, 1.3762082961963804, 1.3882148942406318, 1.3966519631365921, 1.4050890320325526, 1.4157976194774253, 1.423261180423852, 1.4329962599191908, 1.4440293500139083, 1.4482478844618885, 1.459929979856295, 1.4693405567017894, 1.4771286202980605, 1.4894597209921565, 1.4982212925379614, 1.5073073667336112, 1.5099033879323682, 1.5232079965759981, 1.5313205628221138, 1.5426781555666758, 1.5517642297623255, 1.5589032880589073, 1.5683138649044017, 1.5799959602988083, 1.587459521245235, 1.592651563642749, 1.604009156387311, 1.6088766961349805, 1.6228303100782995, 1.6257508339269013, 1.6410024584695988, 1.6448964902677343, 1.6565785856621411, 1.6643666492584122, 1.6721547128546834, 1.677671257902042, 1.6890288506466042, 1.6994129354416323, 1.706551993738214, 1.713691052034796, 1.7243996394796688, 1.7256976500790473, 1.7354327295743863, 1.747114824968793, 1.754253883265375, 1.7581479150635104, 1.770803518407451, 1.7802140952529453, 1.7870286508996824, 1.791896190647352, 1.8003332595433124, 1.810392841688496, 1.8162338893856993, 1.825968968881038, 1.8353795457265325, 1.8360285510262218, 1.845439127871716, 1.8574457259159673, 1.8636112762630153, 1.872697350458665, 1.877889392856179, 1.8860019591022947, 1.8924920120991875, 1.9002800756954585, 1.905147615443128, 1.9152071975883116, 1.9207237426356703, 1.9301343194811644, 1.9366243724780572, 1.9444124360743282, 1.9492799758219976, 1.9580415473678028, 1.961286573866249, 1.9693991401123647, 1.9801077275572376, 1.9872467858538194, 1.9921143256014888, 2.0041209236457407, 2.0041209236457407, 2.0102864739927884, 2.01742553228937, 2.024889093235797, 2.02651160648502, 2.0398162151286496, 2.041114225728028, 2.051822813172901, 2.059935379419017, 2.06155789266824, 2.0693459562645113, 2.076485014561093, 2.0803790463592287, 2.0858955914065875, 2.09238564440348, 2.101796221248974, 2.102769729198508, 2.1066637609966437, 2.1138028192932254, 2.120292872290118, 2.12321339613872, 2.1329484756340586, 2.1404120365804853, 2.1456040789779993, 2.150147116075824, 2.153067639924426, 2.1644252326689877, 2.166047745918211, 2.1709152856658807, 2.17578282541355, 2.1829218837101316, 2.1851934022590442, 2.1936304711550045, 2.1913589526060924, 2.206286074498945, 2.205312566549411, 2.208557593047858, 2.214398640745061, 2.2199151857924195, 2.222186704341332, 2.2280277520385354, 2.2335442970858943, 2.2364648209344957, 2.240683355382476, 2.24587539777999, 2.2517164454771934, 2.2572329905245523, 2.2621005302722215, 2.2621005302722215, 2.2692395885688033, 2.274107128316473, 2.2731336203669392, 2.2780011601146084, 2.2809216839632103, 2.2867627316604136, 2.2919547740579276, 2.289683255509015, 2.29422629260684, 2.301365350903422, 2.3049348800517127, 2.308179906550159, 2.3133719489476734, 2.313696451597518, 2.319537499294721, 2.317265980745809, 2.3208355098940996, 2.327325562890992, 2.329921584089749, 2.3325176052885066, 2.335762631786953, 2.337385145036176, 2.3386831556355543, 2.34257718743369, 2.3445242033327576, 2.3471202245315146, 2.351338758979495, 2.3555572934274753, 2.3562062987271646, 2.356530801377009, 2.3597758278754553, 2.3604248331751445, 2.3633453570237464, 2.369835410020639, 2.3685373994212604, 2.371457923269862, 2.370484415320328, 2.369510907370794, 2.3769744683172207, 2.3795704895159777, 2.3824910133645796, 2.3792459868661333, 2.380219494815667, 2.3821665107147347, 2.388007558411938, 2.383789023963958, 2.3873585531122488, 2.3886565637116273, 2.39092808226054, 2.3899545743110058, 2.3919015902100735, 2.3919015902100735, 2.393524103459297, 2.3938486061091417, 2.3925505955097632, 2.3957956220082095, 2.3954711193583647, 2.3919015902100735, 2.3957956220082095, 2.3964446273078988, 2.3980671405571217, 2.3983916432069665, 2.3977426379072773, 2.4006631617558787, 2.4006631617558787, 2.4003386591060343, 2.397093632607588, 2.3983916432069665, 2.4026101776549464, 2.3980671405571217, 2.4000141564561894, 2.3977426379072773, 2.397093632607588, 2.397093632607588, 2.3983916432069665, 2.394497611408831, 2.3938486061091417, 2.3948221140586754, 2.3899545743110058, 2.3931996008094525, 2.394173108758986, 2.3902790769608506, 2.388981066361472, 2.3902790769608506, 2.3876830557620936, 2.3815175054150455, 2.3850870345633366, 2.3815175054150455, 2.380543997465512, 2.378272478916599, 2.3798949921658226, 2.380219494815667, 2.3747029497683085, 2.373080436519085, 2.373080436519085, 2.369835410020639, 2.3682128967714156, 2.364643367623125, 2.362696351724057, 2.359451325225611, 2.362047346424368, 2.3571798066766982, 2.356530801377009, 2.353934780178252, 2.354908288127786, 2.3500407483801165, 2.343226192733379, 2.345173208632447, 2.343226192733379, 2.3377096476860206, 2.335762631786953, 2.3315440973389725, 2.331219594689128, 2.3279745681906814, 2.3208355098940996, 2.3182394886953426, 2.3166169754461197, 2.311100430398761, 2.3094779171495374, 2.305583885351402, 2.302987864152645, 2.3026633615028005, 2.297795821755131, 2.295848805856063, 2.2903322608087047, 2.2890342502093257, 2.2835177051619673, 2.279948176013676, 2.2744316309663177, 2.269564091218648, 2.2672925726697355, 2.2630740382217556, 2.2633985408716, 2.2552859746254845, 2.2526899534267275, 2.2481469163289023, 2.2442528845307668, 2.2384118368335635, 2.235166810335117, 2.226405238789312, 2.2280277520385354, 2.2199151857924195, 2.2192661804927303, 2.207908587748168, 2.2059615718491004, 2.2014185347512756, 2.196875497653451, 2.1910344499562475, 2.1903854446565583, 2.18000135986153, 2.176431830713239, 2.1718887936154143, 2.166047745918211, 2.1637762273692984, 2.1566371690727166, 2.1459285816278437, 2.1430080577792423, 2.1400875339306404, 2.1365180047823498, 2.129378946485768, 2.1199683696402736, 2.118670359040895, 2.1144518245929147, 2.1063392583467992, 2.0982266921006834, 2.0946571629523922, 2.0907631311542567, 2.0829750675579857, 2.076485014561093, 2.0696704589143557, 2.068047945665133, 2.0612333900183955, 2.052147315822746, 2.0472797760750763, 2.043061241627096, 2.033650664781602, 2.030081135633311, 2.0216440667373505, 2.017750034939215, 2.00898846339341, 1.9979553732986923, 1.9992533838980708, 1.988544796453198, 1.9801077275572376, 1.9723196639609664, 1.972644166610811, 1.962260081815783, 1.9525250023204441, 1.9466839546232406, 1.938571388377125, 1.9301343194811644, 1.9268892929827182, 1.9184522240867579, 1.910339657840642, 1.902551594244371, 1.8970350491970123, 1.8863264617521394, 1.8821079273041592, 1.8717238425091312, 1.8662072974617723, 1.859392741815035, 1.8503066676193856, 1.8467371384710944, 1.8357040483763771, 1.8301875033290185, 1.8185054079346117, 1.8149358787863208, 1.8074723178398941, 1.7990352489439339, 1.787353153549527, 1.7850816350006147, 1.7740485449058974, 1.7659359786597815, 1.7600949309625782, 1.750684354117084, 1.7422472852211235, 1.7334857136753186, 1.7276446659781153, 1.7159625705837085, 1.7088235122871267, 1.7029824645899232, 1.6913003691955166, 1.6831878029494007, 1.6766977499525082, 1.6663136651574801, 1.6598236121605874, 1.6517110459144717, 1.6403534531699095, 1.6319163842739492, 1.6238038180278334, 1.61796277033063, 1.6066051775860681, 1.6001151245891754, 1.5887575318446134, 1.5832409867972546, 1.5735059073019158, 1.5660423463554893, 1.5507907218127917, 1.543327160866365, 1.5374861131691617, 1.5264530230744444, 1.5160689382794161, 1.510876895881902, 1.4972477845884276, 1.4894597209921565, 1.4787511335472836, 1.4703140646513233, 1.467069038152877, 1.4550624401086256, 1.445976365912976, 1.4329962599191908, 1.4268307095721429, 1.4183936406761823, 1.4080095558811543, 1.4015195028842617, 1.3960029578369029, 1.3826983491932732, 1.3752347882468465, 1.362579184902906, 1.3557646292561687, 1.3466785550605191, 1.3324004384673553, 1.3262348881203074, 1.3139037874262114, 1.3051422158804065, 1.2970296496342906, 1.2869700674891071, 1.2769104853439235, 1.2662018978990508, 1.2558178131040225, 1.2480297495077515, 1.2382946700124127, 1.2285595905170736, 1.219473516321424, 1.2113609500753082, 1.1967583308323, 1.1935133043338535, 1.1789106850908453, 1.1743676479930203, 1.1574935102010997, 1.150029949254673, 1.1406193724091789, 1.1305597902639952, 1.121149213418501, 1.115957171020987, 1.103626070326891, 1.0899969590334164, 1.0828579007368346, 1.0721493132919617, 1.062414233796623, 1.05170564635175, 1.0432685774557897, 1.0341825032601402, 1.025420931714335, 1.014063338969773, 1.0023812435753663, 0.9906991481809597, 0.9816130739853101, 0.976421031587796, 0.9611694070450983, 0.9537058460986718, 0.942997258653799, 0.9300171526600138, 0.9245006076126551, 0.9128185122182484, 0.9027589300730648, 0.8949708664767938, 0.8826397657826978, 0.8716066756879803, 0.8612225908929522, 0.8521365166973025, 0.8417524319022743, 0.8303948391577123, 0.8219577702617519, 0.8086531616181221, 0.8005405953720063, 0.7934015370754245, 0.7810704363813284, 0.7732823727850574, 0.761275774740806, 0.7538122137943796, 0.7398585998510604, 0.7310970283052555, 0.7197394355606933, 0.7148718958130239, 0.7015672871693941, 0.6934547209232783, 0.6811236202291824, 0.6717130433836881, 0.6632759744877277, 0.6483488525948746, 0.6434813128472052, 0.6301767042035754, 0.621739635307615, 0.6090840319636744, 0.600646963067714, 0.5879913597237735, 0.5811768040770362, 0.5711172219318527, 0.5584616185879121, 0.5519715655910195, 0.5406139728464574, 0.5292563801018954, 0.5221173218053135, 0.5149782635087315, 0.5026471628146356, 0.49064056477038426, 0.4847995170731809, 0.47052140048001717, 0.4611108236345229, 0.4507267388394947, 0.44358768054291287, 0.4354751142967971, 0.4195744844544102, 0.41762746855534244, 0.4078923890600035, 0.3913427539179274, 0.38258118237212235, 0.3754421240755405, 0.3657070445802016, 0.3543494518356395, 0.3481839014885915, 0.33650180609418484, 0.32709122924869055, 0.3157336365041285, 0.3072965676081681, 0.2965879801632953, 0.2897734245165581, 0.27581981057323895, 0.2709522708255695, 0.25829666748162894, 0.2521311171345809, 0.2430450429389313, 0.23103844489468, 0.22292587864856422, 0.21578682035198238, 0.20378022230773105, 0.195018650761926, 0.1843100633170532, 0.1787935182696945, 0.16451540167653075, 0.15283330628212408, 0.1499127824335224, 0.14082670823787274, 0.12557508369517512, 0.1223300571967288, 0.11032345915247749, 0.09961487170760468, 0.09572083990946911, 0.08046921536677148, 0.07560167561910203, 0.06619109877360775, 0.05937654312687052, 0.0473699450826192, 0.0399063841361927, 0.030820309940543047, 0.023032246344271916, 0.012648161549243744, 0.0019395741043709428, -0.004550478892521664, -0.013636553088171315, -0.024994145832733378, -0.031484198829625984, -0.03829875447636322, -0.04706032602216824, -0.058417918766730303, -0.06328545851439976, -0.0752920565586511, -0.08210661220538833, -0.09086818375119335, -0.09638472879855206, -0.11001384009202654, -0.11358336924031748, -0.12266944343596713, -0.1301330043823936, -0.14051708917742178, -0.14765614747400366, -0.15739122696934255, -0.16485478791576905, -0.17296735416188483, -0.18010641245846667, -0.18854348135442708, -0.1940600264017858, -0.2060666244460371, -0.21320568274261897, -0.22034474103920085, -0.22488777813702568, -0.236894376181277, -0.24403343447785886, -0.24890097422552832, -0.2573380431214887, -0.26480160406791525, -0.2722651650143417, -0.27648369946232193, -0.2897883081059518, -0.29562935580315514, -0.3008213982006692, -0.3082849591470957, -0.3163975253932115, -0.3232120810399487, -0.33100014463621985, -0.3394372135321802, -0.34300674268047116, -0.35501334072472246, -0.36085438842192585, -0.3666954361191292, -0.3731854891160218, -0.38356957391104995, -0.38616559510980697, -0.3975231878543691, -0.40368873820141704, -0.40628475940017406, -0.4111522991478435, -0.42121188129302706, -0.4260794210406965, -0.42964895018898747, -0.4410065429335495, -0.44425156943199584, -0.4533376436276455, -0.460801204574072, -0.4653442416718968, -0.4705362840694109, -0.4789733529653713, -0.48513890331241927, -0.48838392981086554, -0.4990925172557384, -0.5026620464040292, -0.5068805808520095, -0.5110991152999896, -0.51953618419595, -0.5276487504420658, -0.5286222583915997, -0.5328407928395799, -0.543224877634608, -0.5490659253318114, -0.5513374438807238, -0.5552314756788593, -0.5620460313255966, -0.5688605869723339, -0.5740526293698479, -0.5759996452689157, -0.5847612168147207, -0.588006243313167, -0.5928737830608365, -0.5983903281081951, -0.6026088625561754, -0.6061783917044663, -0.6129929473512036, -0.6165624764994945, -0.6204565082976301, -0.6275955665942119, -0.6331121116415707, -0.6366816407898616, -0.6379796513892401, -0.6467412229350451, -0.6509597573830254, -0.6545292865313163, -0.6574498103799179, -0.6613438421780535, -0.6658868792758783, -0.6701054137238586, -0.6746484508216833, -0.6785424826198189, -0.6817875091182652, -0.6850325356167115, -0.6869795515157793, -0.6950921177618951, -0.6999596575095645, -0.6983371442603413, -0.7035291866578555, -0.7083967264055249, -0.713588768803039, -0.7142377741027283, -0.7155357847021068, -0.7213768323993102, -0.7255953668472903, -0.728515890695892, -0.7314364145444937, -0.732085419844183, -0.7359794516423185, -0.7401979860902986, -0.7424695046392111, -0.7414959966896771, -0.7473370443868805, -0.7463635364373467, -0.7518800814847054, -0.7548006053333071, -0.7554496106329963, -0.7619396636298889, -0.7629131715794228, -0.7651846901283352, -0.7619396636298889, -0.7664827007277137, -0.7687542192766261, -0.7749197696236741, -0.7713502404753831, -0.7768667855227419, -0.7736217590242956, -0.7794628067214989, -0.7810853199707221, -0.7840058438193238, -0.7846548491190131, -0.7833568385196346, -0.7878998756174593, -0.7898468915165271, -0.7914694047657502, -0.7924429127152841, -0.7930919180149735, -0.7921184100654395, -0.7953634365638859, -0.7986084630623321, -0.7976349551127982, -0.7976349551127982, -0.7989329657121768, -0.7999064736617106, -0.7992574683620214, -0.8008799816112445, -0.799581971011866, -0.8002309763115553, -0.8044495107595355, -0.8028269975103123, -0.7992574683620214, -0.8060720240087587, -0.802177992210623, -0.8044495107595355, -0.803151500160157, -0.8044495107595355, -0.8034760028100016, -0.8054230187090694, -0.8044495107595355, -0.8060720240087587, -0.7999064736617106, -0.8044495107595355, -0.8018534895607784, -0.799581971011866, -0.7989329657121768, -0.8008799816112445, -0.8008799816112445, -0.796985949813109, -0.7986084630623321, -0.7953634365638859, -0.7950389339140412, -0.7956879392137305, -0.7940654259645074, -0.794389928614352, -0.7930919180149735, -0.788224378267304, -0.7872508703177701, -0.7878998756174593, -0.7872508703177701, -0.7840058438193238, -0.7846548491190131, -0.7820588279202559, -0.7804363146710328, -0.7762177802230527, -0.7749197696236741, -0.7726482510747618, -0.773297256374451, -0.76972772722616, -0.7674562086772476, -0.7687542192766261, -0.7664827007277137, -0.7629131715794228, -0.7616151609800442, -0.7567476212323748, -0.7557741132828409, -0.7557741132828409, -0.7509065735351714, -0.7463635364373467, -0.7453900284878128, -0.7418204993395219, -0.7379264675413862, -0.7356549489924739, -0.73468144104294, -0.728515890695892, -0.7246218588977564, -0.7220258376989994, -0.7191053138503977, -0.7174828006011745, -0.7142377741027283, -0.7103437423045926, -0.7077477211058356, -0.7045026946073893, -0.7019066734086323, -0.6976881389606521, -0.6895755727145363, -0.6879530594653132, -0.6834100223674884, -0.6817875091182652, -0.6785424826198189, -0.672376932272771, -0.6678338951749461, -0.6645888686764998, -0.6597213289288303, -0.6571253077300733, -0.6525822706322485, -0.6486882388341129, -0.6438206990864435, -0.6428471911369096, -0.6344101222409492, -0.6288935771935904, -0.6285690745437458, -0.624026037445921, -0.6142909579505821, -0.6103969261524466, -0.6087744129032234, -0.6019598572564862, -0.5990393334078845, -0.5919002751113026, -0.588979751262701, -0.5831387035654976, -0.5769731532184496, -0.5724301161206248, -0.5688605869723339, -0.5630195392751305, -0.5562049836283932, -0.5532844597797916, -0.5441983855841419, -0.5448473908838312, -0.5334897981392691, -0.5260262371928426, -0.5208341947953286, -0.5182381735965715, -0.5146686444482805, -0.504609062303097, -0.49974152255542764, -0.4964964960569813, -0.4877349245111763, -0.48059586621459444, -0.4773508397161481, -0.47021178141956627, -0.4640462310725183, -0.4569071727759364, -0.4533376436276455, -0.4474965959304421, -0.439708532334171, -0.4312714634382106, -0.4277019342899197, -0.4215363839428717, -0.41439732564628984, -0.40596025675032943, -0.3965496799048352, -0.3907086322076318, -0.3868146004094963, -0.3790265368132251, -0.3705894679172647, -0.36572192816959526, -0.3595563778225473, -0.35241731952596544, -0.3423577373807819, -0.3381392029328017, -0.33327166318513224, -0.3241855889894826, -0.31088098034585276, -0.3082849591470957, -0.3008213982006692, -0.29303333460439807, -0.2901128107557964, -0.27972872596076825, -0.2738876782635649, -0.264152598768226, -0.2570135404716441, -0.24695395832646053, -0.2420864185787911, -0.23202683643360755, -0.22553678343671493, -0.21580170394137602, -0.20639112709588175, -0.20184808999805692, -0.1973050529002321, -0.18724547075504855, -0.18107992040800058, -0.16842431706406, -0.16485478791576905, -0.1547952057705855, -0.14895415807338216, -0.13824557062850937, -0.12883499378301508, -0.12169593548643323, -0.11131185069140506, -0.10611980829389098, -0.09735823674808596, -0.08697415195305779, -0.08048409895616518, -0.07204703006020478, -0.06004043201595345, -0.052901373719371585, -0.04478880747325583, -0.03862325712620785, -0.02823917233117968, -0.019477600785374662, -0.010391526589725012, -0.002927965643298513, 0.007780621801574289, 0.014270674798466896, 0.024005754293805807, 0.03276732583961083, 0.04380041593432826, 0.04931696098168698, 0.06002554842655978, 0.07008513057174331, 0.07884670211754834, 0.08987979221226577, 0.09539633725962449, 0.1009128823069832, 0.11259497770138989, 0.12200555454688418, 0.13336314729144624, 0.13985320028833886, 0.1508862903830563, 0.15997236457870595, 0.16711142287528782, 0.17814451297000525, 0.18885310041487804, 0.19858817991021696, 0.20702524880617734, 0.2138398044529146, 0.22422388924794276, 0.23525697934266018, 0.24369404823862056, 0.2527801224342702, 0.26608473107790004, 0.27452179997386045, 0.2849058847688886, 0.2913959377657812, 0.302104525210654, 0.3128131126555268, 0.32060117625179796, 0.3303362557471369, 0.33650180609418484, 0.3478593988387469, 0.3562964677347073, 0.3696010763783371, 0.37609112937522976, 0.3871242194699472, 0.39458778041637366, 0.4111374155584498, 0.4140579394070515, 0.4315810824986615, 0.4383956381453988, 0.44585919909182525, 0.45526977593731954, 0.4685743845809494, 0.47668695082706514, 0.4835015064738024, 0.492587580669452, 0.5065411946127713, 0.5159517714582654, 0.526984861552983, 0.5334749145498755, 0.540938475496302, 0.5555410947393103, 0.5649516715848046, 0.5746867510801436, 0.5802032961275023, 0.5935079047711321, 0.603242984266471, 0.6136270690614992, 0.6220641379574596, 0.633097228052177, 0.6496468631942532, 0.6528918896926995, 0.6619779638883492, 0.6769050857812021, 0.684044144077784, 0.6937792235731229, 0.7028652977687726, 0.7145473931631793, 0.7259049859077413, 0.7346665574535464, 0.746348652847953, 0.7541367164442242, 0.7645208012392524, 0.7745803833844359, 0.7862624787788426, 0.7930770344255799, 0.8073551510187436, 0.8206597596623734, 0.8274743153091106, 0.8352623789053818, 0.8446729557508761, 0.8576530617446613, 0.8647921200412432, 0.878096728684873, 0.8884808134799012, 0.8959443744263277, 0.9037324380225987, 0.9170370466662287, 0.9267721261615676, 0.9345601897578386, 0.9446197719030222, 0.9556528619977397, 0.9640899308937, 0.9786925501367084, 0.985182603133601, 0.9932951693797167, 1.0056262700738126, 1.0182818734177532, 1.028016952913092, 1.038725540357965, 1.045540096004702, 1.0552751755000411, 1.067606276194137, 1.076367847739942, 1.086102927235281, 1.0964870120303092, 1.1055730862259587, 1.115957171020987, 1.1282882717150828, 1.1351028273618202, 1.145811414806693, 1.1565200022515658, 1.16593057909706, 1.1707981188447294, 1.1850762354378932, 1.1909172831350965, 1.2032483838291925, 1.2136324686242206, 1.2233675481195596, 1.2331026276148984, 1.2425132044603928, 1.2525727866055762, 1.2636058767002938, 1.2713939402965648, 1.2808045171420592, 1.2937846231358443, 1.2980031575838245, 1.3109832635776097, 1.3181223218741915, 1.3285064066692198, 1.339863999413782, 1.3495990789091208, 1.360956671653683, 1.3680957299502647, 1.3781553120954482, 1.383671857142807, 1.3979499737359706, 1.405738037332242, 1.4138506035783576, 1.4235856830736966, 1.4359167837677924, 1.4446783553135976, 1.4527909215597132, 1.4553869427584702, 1.4686915514021002, 1.4803736467965067, 1.4875127050930887, 1.4956252713392044, 1.5063338587840773, 1.514446425030193, 1.5232079965759981, 1.5313205628221138, 1.540731139667608, 1.5527377377118594, 1.5614993092576643, 1.5696118755037802, 1.5761019285006728, 1.5861615106458564, 1.5945985795418167, 1.6069296802359128, 1.6088766961349805, 1.6225058074284548, 1.63126737897426, 1.637432929321308, 1.6423004690689773, 1.6585256015612089, 1.6646911519082568, 1.669883194305771, 1.677671257902042, 1.6893533532964489, 1.6977904221924092, 1.708499009637282, 1.7123930414354176, 1.7214791156310671, 1.7299161845270277, 1.7364062375239202, 1.7422472852211235, 1.754253883265375, 1.7652869733600922, 1.7685319998585387, 1.7779425767040329, 1.788326661499061, 1.7977372383445553, 1.8029292807420694, 1.8120153549377191, 1.8185054079346117, 1.8275914821302612, 1.8350550430766879, 1.8383000695751341, 1.8434921119726482, 1.8554987100168996, 1.8649092868623938, 1.866531800111617, 1.8756178743072667, 1.88567745645245, 1.8957370385976338, 1.9019025889446817, 1.9109886631403312, 1.91228667373971, 1.9249422770836504, 1.9298098168313198, 1.9372733777777464, 1.9431144254749497, 1.9492799758219976, 1.9567435367684243, 1.9661541136139185, 1.9713461560114325, 1.9801077275572376, 1.990167309702421, 1.9888692991030426, 2.0005513944974496, 2.0050944315952743, 2.009961971342944, 2.0180745375890594, 2.028458622384088, 2.033650664781602, 2.0398162151286496, 2.0446837548763193, 2.052796321122435, 2.054418834371658, 2.0657764271162202, 2.0657764271162202, 2.077458522510627, 2.0803790463592287, 2.087193602005966, 2.094332660302548, 2.0982266921006834, 2.1076372689461778, 2.1102332901449348, 2.115749835192293, 2.120617374939963, 2.129378946485768, 2.134570988883282, 2.1381405180315727, 2.1407365392303297, 2.150147116075824, 2.1550146558234937, 2.1566371690727166, 2.167994761817279, 2.1735113068646377, 2.1780543439624624, 2.181623873110753, 2.1851934022590442, 2.192332460555626, 2.198498010902674, 2.200120524151897, 2.21082911159677, 2.2105046089469256, 2.214398640745061, 2.2179681698933518, 2.2241337202404, 2.2290012599880695, 2.230299270587448, 2.2358158156348065, 2.240683355382476, 2.244901889830456, 2.2494449269282812, 2.253014456076572, 2.2621005302722215, 2.258855503773775, 2.2682660806192696, 2.2708621018180266, 2.2763786468653855, 2.279299170713987, 2.2812461866130547, 2.289683255509015, 2.290656763458549, 2.2990938323545094, 2.295199800556374, 2.3016898535532664, 2.3023388588529556, 2.3098024197993823, 2.3114249330486056, 2.3149944621968963, 2.3182394886953426, 2.324729541692235, 2.324080536392546, 2.329921584089749, 2.3315440973389725, 2.3334911132380403, 2.335438129137108, 2.3396566635850884, 2.340630171534622, 2.3422526847838454, 2.3490672404305823, 2.351987764279184, 2.3464712192318253, 2.3529612722287183, 2.3555572934274753, 2.3562062987271646, 2.3604248331751445, 2.3597758278754553, 2.3610738384748338, 2.364643367623125, 2.369510907370794, 2.367239388821882, 2.3743784471184637, 2.375027452418153, 2.3743784471184637, 2.377947976266755, 2.3772989709670656, 2.380219494815667, 2.3818420080648903, 2.381193002765201, 2.3860605425128703, 2.3870340504624044, 2.3876830557620936, 2.3886565637116273, 2.388332061061783, 2.3899545743110058, 2.393524103459297, 2.393524103459297, 2.3922260928599184, 2.3922260928599184, 2.393524103459297, 2.3931996008094525, 2.3957956220082095, 2.3980671405571217, 2.397093632607588, 2.3948221140586754, 2.3980671405571217, 2.397093632607588, 2.3977426379072773, 2.3983916432069665, 2.3983916432069665, 2.3957956220082095, 2.397093632607588, 2.397093632607588, 2.3990406485066558, 2.401312167055568, 2.3948221140586754, 2.3957956220082095, 2.394497611408831, 2.3983916432069665, 2.3980671405571217, 2.396769129957743, 2.3954711193583647, 2.3964446273078988, 2.3928750981596076, 2.39092808226054, 2.394497611408831, 2.3925505955097632, 2.3899545743110058, 2.3893055690113165, 2.388007558411938, 2.3860605425128703, 2.388332061061783, 2.386385045162715, 2.3815175054150455, 2.3795704895159777, 2.3792459868661333, 2.377947976266755, 2.377947976266755, 2.3737294418187744, 2.369510907370794, 2.370484415320328, 2.3665903835221926, 2.3630208543739015, 2.3656168755726585, 2.3633453570237464, 2.3633453570237464, 2.3610738384748338, 2.3601003305253, 2.351987764279184, 2.349391743080427, 2.3500407483801165, 2.3474447271813594, 2.345173208632447, 2.340630171534622, 2.3403056688847776, 2.337385145036176, 2.3318685999888173, 2.3289480761402155, 2.32505404434208, 2.324080536392546, 2.319537499294721, 2.3156434674965856, 2.3130474462978285, 2.314669959547052, 2.306232890651091, 2.3042858747520234, 2.3026633615028005, 2.2971468164554416, 2.2945507952566846, 2.2922792767077724, 2.2883852449096365, 2.2835177051619673, 2.2789746680641425, 2.2763786468653855, 2.270537599168182, 2.2679415779694247, 2.263723043521445, 2.261776027622377, 2.2559349799251738, 2.2517164454771934, 2.2487959216285915, 2.240683355382476, 2.2387363394834083, 2.232895291786205, 2.227378746738846, 2.225756233489623, 2.218941677842886, 2.2156966513444396, 2.211802619546304, 2.2049880638995667, 2.2017430374011204, 2.197849005602985, 2.192332460555626, 2.190060942006714, 2.1806503651612195, 2.179027851911996, 2.1718887936154143, 2.1666967512179003, 2.1602066982210077, 2.1563126664228722, 2.1543656505238045, 2.146902089577378, 2.1407365392303297, 2.1348954915331264, 2.1280809358863895, 2.1215908828894965, 2.11834585639105, 2.1092597821954007, 2.1066637609966437, 2.0985511947505278, 2.094332660302548, 2.0881671099554997, 2.086869099356121, 2.075836009261404, 2.07064396686389, 2.0670744377155987, 2.0635049085673076, 2.052796321122435, 2.0479287813747655, 2.0372201939298926, 2.036246685980359, 2.028134119734243, 2.022942077336729, 2.0158030190401472, 2.0083394580937206, 2.001849405096828, 1.990167309702421, 1.985948775254441, 1.9836772567055285, 1.9742666798600343, 1.9684256321628308, 1.959664060617026, 1.9554455261690458, 1.9453859440238621, 1.9398693989765035, 1.9330548433297663, 1.9246177744338058, 1.9194257320362917, 1.9119621710898653, 1.9038496048437494, 1.8983330597963908, 1.8898959909004303, 1.8795119061054022, 1.8759423769571113, 1.8694523239602185, 1.8558232126667442, 1.8490086570200068, 1.8408960907738912, 1.8360285510262218, 1.8262934715308827, 1.823372947682281, 1.8146113761364762, 1.8019557727925355, 1.7990352489439339, 1.7905981800479736, 1.7789160846535668, 1.7753465555052759, 1.762041946861646, 1.7571744071139765, 1.7500353488173948, 1.7396512640223665, 1.7344592216248524, 1.7276446659781153, 1.7156380679338639, 1.7055784857886802, 1.7026579619400786, 1.6929228824447398, 1.6851348188484685, 1.6741017287537512, 1.6689096863562372, 1.6588501042110535, 1.6507375379649378, 1.6397044478702203, 1.6371084266714633, 1.6251018286272119, 1.6160157544315623, 1.6069296802359128, 1.5958965901411952, 1.5910290503935258, 1.58291648414741, 1.5692873728539356, 1.5621483145573536, 1.5553337589106164, 1.5481947006140346, 1.5348900919704047, 1.5300225522227353, 1.5209364780270855, 1.509254382632679, 1.49951930313734, 1.4923802448407582, 1.482969667995264, 1.4735590911497696, 1.4622014984052076, 1.4544134348089364, 1.4479233818120438, 1.4394863129160833, 1.4255326989727644, 1.4196916512755609, 1.4102810744300667, 1.4024930108337956, 1.388863899540321, 1.3814003385938947, 1.3732877723477788, 1.3645262008019738, 1.3521951001078778, 1.3457050471109853, 1.3324004384673553, 1.326559390770152, 1.314228290076056, 1.3109832635776097, 1.2944336284355336, 1.2859965595395733, 1.2788575012429915, 1.2649038872996723, 1.254519802504644, 1.2499767654068192, 1.2402416859114804, 1.2301821037662968, 1.2181755057220456, 1.2077914209270173, 1.1987053467313677, 1.1909172831350965, 1.1789106850908453, 1.1682020976459724, 1.1610630393493906, 1.1497054466048284, 1.1435398962577805, 1.129910784964306, 1.121149213418501, 1.1078446047748711, 1.103626070326891, 1.0964870120303092, 1.08253339808699, 1.06922878944336, 1.064036747045846, 1.0552751755000411, 1.0400235509573434, 1.033533497960451, 1.0212023972663549, 1.015036846919307, 1.0049772647741233, 0.9919971587803382, 0.9855071057834456, 0.9718779944899711, 0.9644144335435446, 0.9537058460986718, 0.942997258653799, 0.9335866818083047, 0.9212555811142088, 0.9102224910194914, 0.9008119141739971, 0.8943218611771045, 0.8836132737322316, 0.8716066756879803, 0.862196098842486, 0.8527855219969918, 0.842076934552119, 0.8300703365078677, 0.8232557808611305, 0.8109246801670345, 0.8005405953720063, 0.7898320079271335, 0.7813949390311731, 0.7697128436367664, 0.7616002773906507, 0.7544612190940688, 0.7398585998510604, 0.7310970283052555, 0.7216864514597612, 0.7109778640148884, 0.6979977580211031, 0.6898851917749874, 0.6830706361282501, 0.6743090645824451, 0.6574349267905243, 0.6496468631942532, 0.6373157625001572, 0.6301767042035754, 0.6184946088091687, 0.6100575399132083, 0.6019449736670925, 0.5909118835723751, 0.5789052855281238, 0.5727397351810758, 0.5571636079885336, 0.5513225602913302, 0.5367199410483219, 0.5315278986508077, 0.5217928191554688, 0.5117332370102853, 0.4984286283666554, 0.4922630780196074, 0.48415051177349167, 0.47311742167877424, 0.4611108236345229, 0.45299825738840716, 0.44034265404446654, 0.4315810824986615, 0.42184600300332264, 0.4143824420568961, 0.4056208705110911, 0.39231626186746127, 0.38517720357087937, 0.37609112937522976, 0.3640845313309784, 0.3588924889334643, 0.3436408643907667, 0.33520379549480633, 0.32579321864931204, 0.3157336365041285, 0.3063230596586342, 0.2975614881128292, 0.2891244192168688, 0.278415831771996, 0.2712767734754141, 0.2592701754311628, 0.2505086038853578, 0.23980001644048501, 0.23168745019436926, 0.21838284155073942, 0.2138398044529146, 0.20215770905850788, 0.1969656666609938, 0.18463456596689784, 0.17944252356938376, 0.16516440697622004, 0.1531578089319687, 0.14926377713383315, 0.14082670823787274, 0.12557508369517512, 0.12070754394750566, 0.11291948035123453, 0.09961487170760468, 0.09442282931009059, 0.0837142418652178, 0.07592617826894667, 0.06424408287453998, 0.05872753782718126, 0.0473699450826192, 0.036661357637746396, 0.029197796691319892, 0.020111722495670243, 0.013946172148622265, 0.002264076754215573, -0.002927965643298513, -0.014934563687549836, -0.024020637883199487, -0.033431214728693766, -0.03959676507574174, -0.04673582337232361, -0.05647090286766252, -0.06328545851439976, -0.0752920565586511, -0.08113310425585443, -0.09054368110134872, -0.09735823674808596, -0.1064443109437356, -0.11553038513938525, -0.12202043813627786, -0.1320800202814614, -0.1418150997768003, -0.15252368722167312, -0.15739122696934255, -0.16485478791576905, -0.17296735416188483, -0.177185888609865, -0.18627196280551467, -0.19341102110209654, -0.2047686138466586, -0.2112586668435512, -0.21904673043982234, -0.2271592966859381, -0.2326758417332968, -0.24305992652832498, -0.24922547687537294, -0.2586360537208673, -0.2644771014180706, -0.2719406623644971, -0.28232474715952527, -0.2858942763078162, -0.3004968955508246, -0.3050399326486494, -0.3082849591470957, -0.31704653069290073, -0.32483459428917183, -0.33100014463621985, -0.3381392029328017, -0.34690077447860673, -0.3582583672231688, -0.36182789637145973, -0.3679934467185077, -0.3761060129646235, -0.38129805536213757, -0.3871391030593409, -0.39298015075654424, -0.3991457011035922, -0.4082317752992419, -0.41894036274411467, -0.4215363839428717, -0.4289999448892982, -0.4332184793372784, -0.44165554823323877, -0.4474965959304421, -0.4513906277285777, -0.457231675425781, -0.46696675492111994, -0.47021178141956627, -0.4789733529653713, -0.48189387681397294, -0.4900064430600887, -0.4951984854576028, -0.5000660252052722, -0.5049335649529416, -0.5130461311990574, -0.5179136709467269, -0.5263507398426872, -0.5282977557417551, -0.5347878087386476, -0.5399798511361618, -0.5503639359311899, -0.5490659253318114, -0.5571784915779271, -0.5646420525243536, -0.566913571073266, -0.5737281267200033, -0.5798936770670513, -0.5844367141648761, -0.588006243313167, -0.5922247777611472, -0.596767814858972, -0.6035823705057093, -0.6081254076035341, -0.6142909579505821, -0.615264465900116, -0.6204565082976301, -0.6272710639443673, -0.6331121116415707, -0.6366816407898616, -0.6409001752378418, -0.6438206990864435, -0.6483637361842682, -0.6558272971306948, -0.6580988156796072, -0.6574498103799179, -0.6632908580771213, -0.6701054137238586, -0.6759464614210619, -0.6769199693705957, -0.6843835303170223, -0.6843835303170223, -0.6882775621151578, -0.692496096563138, -0.6967146310111182, -0.6999596575095645, -0.7045026946073893, -0.7077477211058356, -0.7106682449544373, -0.7132642661531944, -0.718780811200553, -0.7207278270996208, -0.7233238482983779, -0.7262443721469796, -0.7333834304435615, -0.731111911894649, -0.7353304463426292, -0.7405224887401433, -0.7414959966896771, -0.7421450019893665, -0.7489595576361037, -0.7489595576361037, -0.75220458413455, -0.7525290867843947, -0.7570721238822194, -0.7616151609800442, -0.7622641662797336, -0.7629131715794228, -0.7651846901283352, -0.7687542192766261, -0.7687542192766261, -0.775893277573208, -0.7755687749233634, -0.7745952669738295, -0.7804363146710328, -0.7817343252704113, -0.7807608173208774, -0.7810853199707221, -0.7807608173208774, -0.7875753729676147, -0.7866018650180808, -0.7878998756174593, -0.7914694047657502, -0.7924429127152841, -0.7895223888666825, -0.7914694047657502, -0.7973104524629536, -0.7992574683620214, -0.7973104524629536, -0.796985949813109, -0.7992574683620214, -0.8025024948604677, -0.8012044842610891, -0.7986084630623321, -0.8012044842610891, -0.8005554789613999, -0.8008799816112445, -0.7989329657121768, -0.8025024948604677, -0.805747521358914, -0.802177992210623, -0.8018534895607784, -0.8044495107595355, -0.808343542557671, -0.7986084630623321, -0.8012044842610891, -0.802177992210623, -0.8041250081096909, -0.8050985160592248, -0.7999064736617106, -0.8008799816112445, -0.803151500160157, -0.8012044842610891, -0.7999064736617106, -0.8008799816112445, -0.8025024948604677, -0.7986084630623321, -0.7960124418635751, -0.7937409233146627, -0.796985949813109, -0.7917939074155949, -0.7927674153651288, -0.7914694047657502, -0.7895223888666825, -0.7891978862168378, -0.7875753729676147, -0.7846548491190131, -0.7859528597183916, -0.7830323358697899, -0.7807608173208774, -0.7804363146710328, -0.7771912881725865, -0.778489298771965, -0.7703767325258493, -0.7681052139769369, -0.7726482510747618, -0.7651846901283352, -0.7638866795289567, -0.7642111821788014, -0.7632376742292675, -0.758370134481598, -0.7570721238822194, -0.7509065735351714, -0.75220458413455, -0.7473370443868805, -0.746039033787502, -0.7414959966896771, -0.7418204993395219, -0.7376019648915416, -0.73468144104294, -0.7330589277937168, -0.7281913880460473, -0.7262443721469796, -0.7204033244497762, -0.7200788217999315, -0.7142377741027283, -0.7148867794024175, -0.7129397635033498, -0.7080722237556802, -0.707423218455991, -0.6989861495600306, -0.7002841601594091, -0.6911980859637595, -0.6876285568154685, -0.6824365144179545, -0.6804894985188867, -0.6782179799699742, -0.6720524296229263, -0.6710789216733924, -0.6675093925251014, -0.6642643660266552, -0.6558272971306948, -0.6522577679824039, -0.6509597573830254, -0.6431716937867542, -0.6392776619886186, -0.6360326354901723, -0.6285690745437458, -0.6259730533449888, -0.6165624764994945, -0.6198075029979409, -0.6139664553007375, -0.6061783917044663, -0.6016353546066415, -0.5961188095592828, -0.5902777618620795, -0.5876817406633223, -0.5798936770670513, -0.5769731532184496, -0.5759996452689157, -0.566913571073266, -0.5610725233760627, -0.5526354544801023, -0.5549069730290147, -0.5474434120825883, -0.5393308458364725, -0.5351123113884922, -0.529271263691289, -0.5227812106943963, -0.5188871788962608, -0.5114236179498343, -0.5091520994009219, -0.5026620464040292, -0.4948739828077582, -0.4880594271610209, -0.4828673847635068, -0.4773508397161481, -0.4705362840694109, -0.46566874432174143, -0.45950319397469347, -0.4533376436276455, -0.4439270667821512, -0.43776151643510325, -0.4332184793372784, -0.4260794210406965, -0.41894036274411467, -0.41180130444753277, -0.407258267349708, -0.40109271700265997, -0.39427816135592275, -0.38486758451042846, -0.37837753151353587, -0.3754570076649342, -0.3666954361191292, -0.3598808804723919, -0.3540398327751886, -0.3456027638792282, -0.3358676843838893, -0.33100014463621985, -0.32580810223870577, -0.31737103334274536, -0.3095829697464742, -0.3004968955508246, -0.2920598266548642, -0.2871922869071947, -0.27778171006170044, -0.2738876782635649, -0.26317909081869206, -0.2560400325221102, -0.24890097422552832, -0.24176191592894644, -0.2336493496828307, -0.22391427018749177, -0.2164507092410653, -0.2135301853924636, -0.2028215979475908, -0.192113010502718, -0.18821897870458246, -0.1781593965593989, -0.1703713329631278, -0.16128525876747812, -0.15544421107027478, -0.1492786607232268, -0.13759656532882011, -0.1301330043823936, -0.12396745403534565, -0.11163635334124969, -0.10482179769451246, -0.09930525264715373, -0.08859666520228093, -0.0817821095555437, -0.06815299826206922, -0.06328545851439976, -0.05452388696859474, -0.04413980217356657, -0.03862325712620785, -0.02823917233117968, -0.024020637883199487, -0.013312050438326685, -0.003252468293143143, 0.004535595303127986, 0.013946172148622265, 0.019787219845825613, 0.03438983908883398, 0.0399063841361927, 0.05093947423091013, 0.06002554842655978, 0.06489308817422923, 0.07722418886832519, 0.08728377101350873, 0.09701885050884763, 0.10188639025651709, 0.11713801479921472, 0.12200555454688418, 0.1307671260926892, 0.13887969233880496, 0.15056178773321166, 0.15575383013072575, 0.1700319467238895, 0.17782001032016062, 0.18495906861674247, 0.19599215871145992, 0.20540273555695418, 0.21546231770213772, 0.2235748839482535, 0.23493247669281556, 0.24109802703986352, 0.2537536303838041, 0.263488709879143, 0.2709522708255695, 0.278415831771996, 0.2910714351159366, 0.3008065146112755, 0.30794557290785735, 0.3222236895010211, 0.3287137424979137, 0.3374753140437187, 0.35045542003750396, 0.35791898098393043, 0.37057458432787105, 0.37933615587367603, 0.3861507115204133, 0.3949122830662183, 0.40724338376031427, 0.4182764738550317, 0.4280115533503706, 0.4354751142967971, 0.44683270704135913, 0.4562432838868534, 0.4682498819311048, 0.4783094640762883, 0.4867465329722487, 0.49713061776727685, 0.5055676866632373, 0.5146537608588869, 0.5266603589031383, 0.5350974277990986, 0.5461305178938161, 0.5522960682408641, 0.5668986874838724, 0.5769582696290559, 0.5815013067268808, 0.591885391521909, 0.6029184816166264, 0.6142760743611885, 0.6207661273580811, 0.6340707360017109, 0.6447793234465837, 0.6512693764434764, 0.6661964983363293, 0.6733355566329112, 0.681448122879027, 0.6915077050242106, 0.7048123136678404, 0.71389838786349, 0.7242824726585182, 0.7343420548037017, 0.7460241501981084, 0.7551102243937581, 0.7628982879900292, 0.7765273992835037, 0.7862624787788426, 0.7934015370754245, 0.8054081351196758, 0.8151432146150147, 0.8261763047097321, 0.8352623789053818, 0.8453219610505653, 0.8563550511452828, 0.865765627990777, 0.8790702366344069, 0.8836132737322316, 0.8969178823758616, 0.904381443322288, 0.916712544016384, 0.9283946394107907, 0.9384542215559742, 0.9462422851522454, 0.9550038566980503, 0.9611694070450983, 0.976421031587796, 0.9881031269822027, 0.9942686773292506, 1.006924280673191, 1.0186063760675979, 1.0241229211149565, 1.035156011209674, 1.0481361172034591, 1.0568976887492643, 1.064036747045846, 1.0802618795380776, 1.0867519325349702, 1.0987585305792216, 1.1058975888758034, 1.1162816736708316, 1.1256922505163258, 1.1364008379611987, 1.14840743600545, 1.1587915208004782, 1.16593057909706, 1.1740431453431757, 1.1837782248385147, 1.1980563414316785, 1.2016258705799694, 1.2113609500753082, 1.2249900613687827, 1.2340761355644323, 1.2408906912111697, 1.2538707972049548, 1.2623078661009153, 1.2736654588454772, 1.2814535224417485, 1.2921621098866212, 1.303844205281028, 1.3126057768268329, 1.3233143642717058, 1.3285064066692198, 1.3388904914642479, 1.3470030577103638, 1.358036147805081, 1.366148714051197, 1.3758837935465358, 1.387241386291098, 1.395029449887369, 1.4067115452817758, 1.4170956300768038, 1.4255326989727644, 1.4323472546195015, 1.4424068367646852, 1.4514929109603347, 1.4589564719067611, 1.4703140646513233, 1.4771286202980605, 1.4891352183423119, 1.496923281938583, 1.5063338587840773, 1.5160689382794161, 1.5219099859766194, 1.5306715575224246, 1.540731139667608, 1.5481947006140346, 1.5602012986582858, 1.5692873728539356, 1.576750933800362, 1.587459521245235, 1.5949230821916613, 1.603035648437777, 1.611148214683893, 1.6176382676807854, 1.6325653895736385, 1.6371084266714633, 1.6478170141163362, 1.654956072412918, 1.6650156545581014, 1.6705321996054603, 1.6799427764509545, 1.688379845346915, 1.69714141689272, 1.706551993738214, 1.71466455998433, 1.7214791156310671, 1.729591681877183, 1.7386777560728326, 1.7445188037700359, 1.7549028885650642, 1.7623664495114906, 1.7714525237071403, 1.7782670793538775, 1.7889756667987504, 1.7951412171457983, 1.7993597515937785, 1.8074723178398941, 1.8168828946853885, 1.825968968881038, 1.8350550430766879, 1.8386245722249788, 1.849657662319696, 1.8538761967676765, 1.8610152550642582, 1.8733463557583543, 1.8801609114050915, 1.8876244723515179, 1.891194001499809, 1.8967105465471676, 1.907743636641885, 1.9132601816892438, 1.922670758534738, 1.928836308881786, 1.9343528539291448, 1.9408429069260373, 1.9479819652226191, 1.9567435367684243, 1.9658296109640738, 1.9710216533615879, 1.9781607116581699, 1.9836772567055285, 1.9917898229516442, 1.9943858441504014, 2.0028229130463617, 2.011584484592167, 2.0161275216899917, 2.025862601185331, 2.032677156832068, 2.040465220428339, 2.04403474957663, 2.0489022893242996, 2.056365850270726, 2.0670744377155987, 2.0699949615642006, 2.0761605119112483, 2.080054543709384, 2.089789623204723, 2.094981665602237, 2.1011472159492848, 2.104716745097576, 2.112829311343692, 2.118670359040895, 2.122888893488875, 2.126458422637166, 2.1348954915331264, 2.1407365392303297, 2.144630571028465, 2.1459285816278437, 2.157935179672095, 2.1615047088203863, 2.168968269766813, 2.1709152856658807, 2.1787033492621517, 2.1848688996091994, 2.1877894234578013, 2.1910344499562475, 2.1988225135525186, 2.203041048000499, 2.208882095697702, 2.207908587748168, 2.2182926725431966, 2.219590683142575, 2.226405238789312, 2.229974767937603, 2.232895291786205, 2.2361403182846513, 2.245226392480301, 2.2471734083793686, 2.2487959216285915, 2.255610477275329, 2.2653455567706677, 2.2627495355719107, 2.2633985408716, 2.2737826256666285, 2.2763786468653855, 2.279948176013676, 2.282544197212433, 2.2887097475594813, 2.2890342502093257, 2.289683255509015, 2.293252784657306, 2.299418335004354, 2.3042858747520234, 2.3059083880012468, 2.306557393300936, 2.3159679701464304, 2.3185639913451874, 2.322458023143323, 2.3237560337427015, 2.3263520549414585, 2.32927257879006, 2.3344646211875744, 2.3347891238374188, 2.33835865298571, 2.340630171534622, 2.341603679484156, 2.3490672404305823, 2.352312266929029, 2.3490672404305823, 2.351987764279184, 2.3584778172760767, 2.356530801377009, 2.354908288127786, 2.3601003305253, 2.364643367623125, 2.3685373994212604, 2.3675638914717263, 2.3685373994212604, 2.3685373994212604, 2.3727559338692408, 2.37762347361691, 2.37762347361691, 2.3769744683172207, 2.3795704895159777, 2.383789023963958, 2.3824910133645796, 2.3860605425128703, 2.383789023963958, 2.3873585531122488, 2.3919015902100735, 2.3919015902100735, 2.3912525849103843, 2.3931996008094525, 2.3948221140586754, 2.3922260928599184, 2.396769129957743, 2.3925505955097632, 2.3977426379072773, 2.394497611408831, 2.4003386591060343, 2.397093632607588, 2.396120124658054, 2.396120124658054, 2.3974181352574324, 2.3993651511565, 2.394497611408831, 2.396120124658054, 2.3993651511565, 2.3993651511565, 2.3980671405571217, 2.3993651511565, 2.3980671405571217, 2.397093632607588, 2.3980671405571217, 2.3957956220082095, 2.3990406485066558, 2.3980671405571217, 2.401961172355257, 2.393524103459297, 2.3957956220082095, 2.3922260928599184, 2.3919015902100735, 2.3928750981596076, 2.3896300716611614, 2.3870340504624044, 2.3873585531122488, 2.3886565637116273, 2.3873585531122488, 2.388007558411938, 2.3847625319134917, 2.382815516014424, 2.3815175054150455, 2.3792459868661333, 2.375351955067998, 2.3743784471184637, 2.3711334206200174, 2.3721069285695515, 2.373080436519085, 2.3675638914717263, 2.363669859673591, 2.366914886172037, 2.3601003305253, 2.3597758278754553, 2.3588023199259216, 2.3552327907776305, 2.351987764279184, 2.353934780178252, 2.348418235130893, 2.3454977112822917, 2.345173208632447, 2.3396566635850884, 2.3370606423863314, 2.333815615887885, 2.3315440973389725, 2.327325562890992, 2.3295970814399047, 2.3234315310928566, 2.3227825257931674, 2.320511007244255, 2.312073938348295, 2.3107759277489164, 2.308179906550159, 2.3033123668024897, 2.302987864152645, 2.2981203244049757, 2.295848805856063, 2.2883852449096365, 2.2883852449096365, 2.2857892237108794, 2.2789746680641425, 2.2734581230167836, 2.2708621018180266, 2.266968070019891, 2.2624250329220663, 2.2598290117233093, 2.253014456076572, 2.2520409481270383, 2.246848905729524, 2.2455508951301453, 2.2387363394834083, 2.2335442970858943, 2.2290012599880695, 2.2270542440890013, 2.2192661804927303, 2.2147231433949055, 2.2101801062970807, 2.207259582448479, 2.202067540050965, 2.200445026801742, 2.19330596850516, 2.1894119367070246, 2.1864914128584227, 2.1777298413126176, 2.1718887936154143, 2.1683192644671236, 2.16247821676992, 2.1543656505238045, 2.150471618725669, 2.1491736081262904, 2.139763031280796, 2.137167010082039, 2.1300279517854572, 2.126458422637166, 2.118670359040895, 2.115749835192293, 2.1030942318483525, 2.1030942318483525, 2.094332660302548, 2.0881671099554997, 2.0823260622582964, 2.075836009261404, 2.067723443015288, 2.0635049085673076, 2.0602598820688613, 2.052147315822746, 2.0453327601760085, 2.035273178030825, 2.0313791462326893, 2.030081135633311, 2.0242400879361075, 2.0171010296395258, 2.0050944315952743, 2.001849405096828, 1.9960083573996246, 1.984975267304907, 1.9801077275572376, 1.9729686692606558, 1.9668031189136077, 1.962260081815783, 1.9538230129198226, 1.9453859440238621, 1.9395448963266588, 1.930458822131009, 1.9265647903328735, 1.9171542134873794, 1.9119621710898653, 1.901578086294837, 1.8970350491970123, 1.886650964401984, 1.88145892200447, 1.875293371657422, 1.8642602815627045, 1.854200699417521, 1.8506311702692302, 1.842843106672959, 1.8386245722249788, 1.831485513928397, 1.820776926483524, 1.813962370836787, 1.8039027886916033, 1.797088233044866, 1.7899491747482843, 1.7824856138018577, 1.7740485449058974, 1.7600949309625782, 1.7555518938647534, 1.7500353488173948, 1.7428962905208127, 1.730565189826717, 1.725048644779358, 1.7192075970821548, 1.712068538785573, 1.699737438091477, 1.690975866545672, 1.6854593214983131, 1.672479215504528, 1.668260681056548, 1.6578765962615196, 1.6478170141163362, 1.641651463769288, 1.6335388975231724, 1.6244528233275226, 1.6134197332328053, 1.6043336590371555, 1.5994661192894861, 1.5920025583430597, 1.5809694682483422, 1.5764264311505174, 1.5673403569548678, 1.5543602509610825, 1.54787019796419, 1.535539097270094, 1.5280755363236675, 1.5193139647778624, 1.510876895881902, 1.503088832285631, 1.4910822342413796, 1.4852411865441764, 1.4729100858500803, 1.4638240116544308, 1.4534399268594025, 1.4463008685628207, 1.438837307616394, 1.4245591910232305, 1.4154731168275807, 1.407360550581465, 1.3966519631365921, 1.389837407489855, 1.3849698677421856, 1.3697182431994879, 1.3603076663539937, 1.3525196027577224, 1.3411620100131605, 1.3327249411172, 1.329155411968909, 1.3145527927259006, 1.303844205281028, 1.294109125785689, 1.2863210621894179, 1.2775594906436127, 1.2671754058485847, 1.2574403263532459, 1.2490032574572854, 1.2382946700124127, 1.2301821037662968, 1.2155794845232883, 1.2090894315263958, 1.2013013679301248, 1.1909172831350965, 1.1763146638920883, 1.1695001082453509, 1.162361049948769, 1.1487319386552945, 1.1409438750590235, 1.1312087955636845, 1.1230962293175688, 1.1101161233237835, 1.1029770650272017, 1.0909704669829503, 1.0835069060365239, 1.0734473238913405, 1.0591692072981767, 1.05170564635175, 1.0448910907050128, 1.032559990010917, 1.0221759052158887, 1.0127653283703946, 1.004328259474434, 0.9916726561304936, 0.9819375766351547, 0.9699309785909034, 0.9621429149946322, 0.9524078354992933, 0.9420237507042651, 0.9306661579597031, 0.9215800837640534, 0.9137920201677823, 0.8995139035746186, 0.8910768346786582, 0.8845867816817656, 0.8742026968867375, 0.8628451041421753, 0.8524610193471471, 0.842076934552119, 0.8316928497570908, 0.8219577702617519, 0.8109246801670345, 0.8008650980218509, 0.7924280291258906, 0.7813949390311731, 0.770037346286611, 0.7625737853401846, 0.7502426846460886, 0.741156610450439, 0.7268784938572752, 0.7207129435102273, 0.7103288587151991, 0.6983222606709477, 0.6882626785257642, 0.6804746149294931, 0.6671700062858632, 0.6616534612385045, 0.651593879093321, 0.6434813128472052, 0.6266071750552844, 0.6207661273580811, 0.6113555505125868, 0.598050941868957, 0.5886403650234627, 0.5798787934776577, 0.5694947086826295, 0.5626801530358922, 0.553269576190398, 0.540938475496302, 0.5292563801018954, 0.5198458032564011, 0.5104352264109068, 0.5032961681143249, 0.4912895700700735, 0.4818789932245792, 0.4727929190289296, 0.4614353262843675, 0.4520247494388732, 0.4413161619940004, 0.43612411959648634, 0.4224950083030119, 0.41503144735658537, 0.40399835726186795, 0.3936142724668398, 0.38517720357087937, 0.37187259492724956, 0.3640845313309784, 0.3549984571353288, 0.34461437234030057, 0.3358528007944956, 0.32417070540008885, 0.31638264180381775, 0.3092435835072359, 0.29366745631469365, 0.2884754139171795, 0.28101185297075304, 0.2683562496268125, 0.2615416939800752, 0.24856158798629002, 0.23785300054141723, 0.22909142899561222, 0.22325038129840885, 0.21156828590400217, 0.20410472495757567, 0.19599215871145992, 0.18495906861674247, 0.1723034652728019, 0.16840943347466633, 0.15445581953134724, 0.14699225858492074, 0.13401215259113552, 0.12817110489393216, 0.11940953334812714, 0.11032345915247749, 0.1009128823069832, 0.0902042948621104, 0.08533675511444094, 0.07657518356863592, 0.06846261732252017, 0.056780521928113475, 0.04380041593432826, 0.041528897385415854, 0.029197796691319892, 0.021409733095048764, 0.012972664199088374, 0.003237584703749464, -0.006172992141744816, -0.015583568987239097, -0.023047129933665596, -0.02791466968133505, -0.03829875447636322, -0.049331844571080655, -0.058417918766730303, -0.06198744791502123, -0.07496755390880645, -0.08275561750507758, -0.09184169170072724, -0.09768273939793058, -0.10709331624342487, -0.11617939043907452, -0.12656347523410266, -0.13143101498177212, -0.14051708917742178, -0.1483051527736929, -0.15966274551825496, -0.16842431706406, -0.17264285151204017, -0.17978190980862205, -0.18821897870458246, -0.19438452905163042, -0.2037951058971247, -0.20996065624417268, -0.22066924368904547, -0.2261857887364042, -0.23235133908345218, -0.24403343447785886, -0.25247050337381927, -0.25928505902055654, -0.2635035934685367, -0.27031814911527396, -0.28070223391030213, -0.2871922869071947, -0.29562935580315514, -0.3008213982006692, -0.3112054829956974, -0.31445050949414366, -0.32483459428917183, -0.3300266366866859, -0.3384637055826463, -0.3446292559296943, -0.350145800977053, -0.36182789637145973, -0.3692914573178862, -0.37286098646617716, -0.3825960659615161, -0.3871391030593409, -0.3962251772549905, -0.3991457011035922, -0.4082317752992419, -0.4166688441952022, -0.42413240514162875, -0.4238079024917841, -0.4345164899366569, -0.44295355883261733, -0.44652308798090823, -0.45106612507873306, -0.4585296860251596, -0.4630727231229844, -0.4737813105678572, -0.4760528291167696, -0.48351639006319613, -0.4880594271610209, -0.4939004748582243, -0.5023375437541846, -0.504609062303097, -0.5094766020507665, -0.5172646656470377, -0.5260262371928426, -0.5325162901897352, -0.5341388034389584, -0.5448473908838312, -0.5474434120825883, -0.5532844597797916, -0.5607480207262181, -0.561721528675752, -0.5714566081710909, -0.5717811108209355, -0.5808671850165852, -0.5847612168147207, -0.5876817406633223, -0.594171793660215, -0.5954698042595935, -0.6039068731555539, -0.6087744129032234, -0.6123439420515143, -0.6168869791493391, -0.6194830003480962, -0.6295425824932798, -0.6288935771935904, -0.6379796513892401, -0.6383041540390847, -0.6464167202852005, -0.6473902282347344, -0.65128426003287, -0.6580988156796072, -0.6632908580771213, -0.6675093925251014, -0.6714034243232371, -0.6752974561213726, -0.6765954667207511, -0.6821120117681099, -0.6840590276671776, -0.6895755727145363, -0.6902245780142255, -0.6954166204117397, -0.7025556787083216, -0.7019066734086323, -0.7080722237556802, -0.7142377741027283, -0.7139132714528836, -0.718780811200553, -0.7200788217999315, -0.7246218588977564, -0.7259198694971349, -0.7275423827463581, -0.7307874092448043, -0.739873483440454, -0.7359794516423185, -0.7405224887401433, -0.7424695046392111, -0.7473370443868805, -0.7502575682354822, -0.75220458413455, -0.7554496106329963, -0.7596681450809765, -0.7619396636298889, -0.7603171503806657, -0.7635621768791121, -0.7690787219264708, -0.7710257378255385, -0.7681052139769369, -0.7719992457750724, -0.7739462616741403, -0.7736217590242956, -0.7775157908224312, -0.7794628067214989, -0.7817343252704113, -0.7797873093713436, -0.7843303464691684, -0.7843303464691684, -0.7866018650180808, -0.7937409233146627, -0.7878998756174593, -0.7891978862168378, -0.7930919180149735, -0.7930919180149735, -0.7960124418635751, -0.7992574683620214, -0.7982839604124875, -0.7963369445134197, -0.8008799816112445, -0.7999064736617106, -0.8008799816112445, -0.8018534895607784, -0.7986084630623321, -0.8012044842610891, -0.8025024948604677, -0.8041250081096909, -0.8047740134093802, -0.8047740134093802, -0.7986084630623321, -0.8054230187090694, -0.8008799816112445, -0.8025024948604677, -0.8060720240087587, -0.805747521358914, -0.8025024948604677, -0.8044495107595355, -0.8018534895607784, -0.802177992210623, -0.8018534895607784, -0.803151500160157, -0.8008799816112445, -0.8012044842610891, -0.7973104524629536, -0.7976349551127982, -0.7973104524629536, -0.7953634365638859, -0.7966614471632644, -0.7940654259645074, -0.7956879392137305, -0.7914694047657502, -0.7891978862168378, -0.7872508703177701, -0.7888733835669932, -0.7878998756174593, -0.7820588279202559, -0.7804363146710328, -0.7853038544187023, -0.7820588279202559, -0.7797873093713436, -0.7771912881725865, -0.775893277573208, -0.7762177802230527, -0.7713502404753831, -0.7703767325258493, -0.7687542192766261, -0.7668072033775584, -0.7619396636298889, -0.7593436424311318, -0.7596681450809765, -0.7570721238822194, -0.7544761026834624, -0.7509065735351714, -0.748635054986259, -0.7476615470367252, -0.7437675152385896, -0.739873483440454, -0.7376019648915416, -0.7353304463426292, -0.7324099224940276, -0.7259198694971349, -0.7236483509482226, -0.7233238482983779, -0.7213768323993102, -0.7165092926516407, -0.710019239654748, -0.7070987158061464, -0.7064497105064571, -0.6983371442603413, -0.698661646910186, -0.6963901283612736, -0.6915225886136042, -0.6892510700646917, -0.6830855197176438, -0.6785424826198189, -0.6769199693705957, -0.6733504402223048, -0.6665358845755676, -0.6665358845755676, -0.6597213289288303, -0.6558272971306948, -0.6525822706322485, -0.6496617467836469, -0.6447942070359773, -0.6376551487393954, -0.6350591275406384, -0.630191587792969, -0.6288935771935904, -0.621430016247164, -0.6155889685499606, -0.6107214288022912, -0.6035823705057093, -0.6045558784552432, -0.5970923175088166, -0.5867082327137885, -0.5896287565623902, -0.5841122115150315, -0.5776221585181388, -0.5682115816726446, -0.566913571073266, -0.5597745127766842, -0.5568539889280825, -0.5510129412308792, -0.5454963961835204, -0.5383573378869386, -0.5295957663411336, -0.5276487504420658, -0.5221322053947071, -0.5172646656470377, -0.5117481205996789, -0.5117481205996789, -0.4974700040065152, -0.4948739828077582, -0.4880594271610209, -0.48351639006319613, -0.4750793211672357, -0.4734568079180126, -0.4643707337223629, -0.45625816747624715, -0.45203963302826694, -0.4452250773815297, -0.4367880084855693, -0.4312714634382106, -0.4277019342899197, -0.4215363839428717, -0.4127748123970667, -0.40628475940017406, -0.4004437117029707, -0.39298015075654424, -0.38584109245996234, -0.38129805536213757, -0.37383449441571104, -0.3702649652674201, -0.3598808804723919, -0.350145800977053, -0.3446292559296943, -0.3381392029328017, -0.3303511393365306, -0.32288757839010407, -0.3167220280430561, -0.3099074723963189, -0.30244391144989236, -0.2975763717022229, -0.2845962657084377, -0.2800532286106129, -0.26902013851589546, -0.26188108021931356, -0.2544175192728871, -0.24890097422552832, -0.24241092122863572, -0.23300034438314143, -0.2271592966859381, -0.21709971454075455, -0.20833814299494952, -0.20087458204852301, -0.1940600264017858, -0.183351438956913, -0.18107992040800058, -0.1706958356129724, -0.162258766717012, -0.15414620047089625, -0.14538462892509124, -0.13759656532882011, -0.12688797788394732, -0.12169593548643323, -0.11228535864093896, -0.10417279239482319, -0.09411321024963964, -0.0882721625524363, -0.08113310425585443, -0.07074901946082626, -0.06263645321471051, -0.05484838961843937, -0.04673582337232361, -0.03440472267822765, -0.02856367498102431, -0.021749119334287075, -0.012338542488792794, -0.0016299550439199913, 0.007456119151729659, 0.0175157012969132, 0.023356748994116546, 0.030171304640853783, 0.04185340003526048, 0.05093947423091013, 0.06002554842655978, 0.0687871199723648, 0.07917120476739296, 0.0837142418652178, 0.09442282931009059, 0.1051314167549634, 0.11519099890014693, 0.12103204659735028, 0.132714141991757, 0.1437472320864744, 0.14796576653445462, 0.156402835430415, 0.16970744407404487, 0.1755484917712482, 0.18690608451581026, 0.19826367726037233, 0.20670074615633272, 0.21221729120369143, 0.2235748839482535, 0.23590598464234944, 0.2417470323395528, 0.2521311171345809, 0.2628397045794537, 0.27062776817572487, 0.28393237681935474, 0.29334295366484897, 0.29918400136205237, 0.30989258880692516, 0.3212501815514872, 0.3316342663465154, 0.34331636174092206, 0.34591238293967913, 0.3588924889334643, 0.36473353663066765, 0.37933615587367603, 0.3900447433185488, 0.3991308175141985, 0.4062698758107804, 0.41762746855534244, 0.4260645374513028, 0.4377466328457095, 0.44683270704135913, 0.4562432838868534, 0.46727637398157085, 0.47668695082706514, 0.48382600912364704, 0.4968061151174322, 0.5032961681143249, 0.5149782635087315, 0.5217928191554688, 0.5341239198495648, 0.5415874807959913, 0.5555410947393103, 0.5613821424365137, 0.5717662272315419, 0.5863688464745502, 0.5922098941717536, 0.6019449736670925, 0.6152495823107224, 0.6279051856546629, 0.6360177519007787, 0.6395872810490697, 0.654189900292078, 0.6648984877369508, 0.670090530134465, 0.684044144077784, 0.6921567103238998, 0.7041633083681511, 0.7161699064124024, 0.7233089647089843, 0.7359645680529249, 0.7456996475482638, 0.7564082349931366, 0.7628982879900292, 0.7745803833844359, 0.785937976128998, 0.7966465635738708, 0.8073551510187436, 0.8151432146150147, 0.8281233206087999, 0.8352623789053818, 0.8459709663502546, 0.8550570405459043, 0.8651166226910878, 0.8810172525334746, 0.8849112843316103, 0.8959443744263277, 0.907950972470579, 0.9202820731646749, 0.9251496129123444, 0.9371562109565957, 0.9481893010513132, 0.958897888496186, 0.9660369467927679, 0.9780435448370192, 0.9835600898843778, 0.9978382064775416, 1.0085467939224142, 1.014063338969773, 1.0257454343641796, 1.0371030271087418, 1.0478116145536145, 1.0543016675505072, 1.0663082655947584, 1.0779903609891652, 1.0874009378346594, 1.0971360173299984, 1.108818112724405, 1.1143346577717639, 1.1292617796646167, 1.1354273300116648, 1.1438643989076251, 1.1548974890023425, 1.1662550817469046, 1.1743676479930203, 1.1824802142391362, 1.194811314933232, 1.2061689076777942, 1.2126589606746867, 1.2243410560690935, 1.2321291196653645, 1.2425132044603928, 1.2532217919052655, 1.2645793846498277, 1.2710694376467202, 1.281778025091593, 1.2911886019370873, 1.300274676132737, 1.3129302794766775, 1.3216918510224827, 1.3336984490667338, 1.3369434755651801, 1.353817613357101, 1.3551156239564794, 1.366148714051197, 1.3768573014960697, 1.3869168836412533, 1.3969764657864367, 1.4054135346823973, 1.4122280903291344, 1.4265062069222982, 1.43364526521888, 1.4424068367646852, 1.4472743765123546, 1.459929979856295, 1.4664200328531878, 1.4768041176482158, 1.4914067368912243, 1.4956252713392044, 1.5053603508345434, 1.5147709276800376, 1.5264530230744444, 1.5287245416233568, 1.5417046476171419, 1.5517642297623255, 1.5537112456613933, 1.5657178437056447, 1.5764264311505174, 1.587459521245235, 1.5910290503935258, 1.604009156387311, 1.6166647597312516, 1.6221813047786102, 1.6267243418764352, 1.6335388975231724, 1.6478170141163362, 1.6556050777126072, 1.662744136009189, 1.6685851837063925, 1.6805917817506437, 1.6880553426970704, 1.696167908943186, 1.7010354486908554, 1.717260581183087, 1.7201811050316886, 1.7312141951264062, 1.7370552428236095, 1.7474393276186375, 1.7562008991644427, 1.7578234124136658, 1.7704790157576065, 1.7811876032024792, 1.787353153549527, 1.794492211846109, 1.8013067674928462, 1.8071478151900495, 1.820776926483524, 1.8230484450324365, 1.8318100165782416, 1.840247085474202, 1.8483596517203176, 1.8538761967676765, 1.8619887630137921, 1.8678298107109954, 1.8765913822568006, 1.8834059379035377, 1.8957370385976338, 1.8980085571465461, 1.9096906525409527, 1.9135846843390885, 1.9216972505852041, 1.9291608115316305, 1.9372733777777464, 1.9444124360743282, 1.9492799758219976, 1.959664060617026, 1.963882595065006, 1.9719951613111217, 1.9775117063584806, 1.9862732779042855, 1.9963328600494692, 2.0015249024469832, 2.004445426295585, 2.0112599819423225, 2.0183990402389043, 2.028134119734243, 2.030081135633311, 2.038842707179116, 2.046630770775387, 2.051822813172901, 2.057988363519949, 2.0635049085673076, 2.068696950964822, 2.0751870039617146, 2.07908103575985, 2.0875181046558104, 2.0907631311542567, 2.0982266921006834, 2.101796221248974, 2.1102332901449348, 2.11834585639105, 2.1245114067380984, 2.1303524544353016, 2.134570988883282, 2.1400875339306404, 2.144630571028465, 2.146902089577378, 2.1550146558234937, 2.160855703520697, 2.1647497353188325, 2.1728623015649484, 2.176431830713239, 2.180974867811064, 2.1864914128584227, 2.1910344499562475, 2.197849005602985, 2.199471518852208, 2.205312566549411, 2.208882095697702, 2.216021153994284, 2.2192661804927303, 2.2251072281899336, 2.2290012599880695, 2.2312727785369817, 2.239709847432942, 2.242305868631699, 2.2445773871806116, 2.253663461376261, 2.2572329905245523, 2.2604780170229986, 2.2633985408716, 2.2692395885688033, 2.2744316309663177, 2.277352154814919, 2.2815706892628995, 2.2815706892628995, 2.2913057687582383, 2.290981266108394, 2.2922792767077724, 2.297795821755131, 2.3020143562031112, 2.306557393300936, 2.308828911849848, 2.312073938348295, 2.3133719489476734, 2.3201865045944103, 2.3218090178436337, 2.324080536392546, 2.329921584089749, 2.329921584089749, 2.3341401185377295, 2.336411637086642, 2.336411637086642, 2.339981166234933, 2.3438751980330683, 2.349391743080427, 2.349391743080427, 2.3529612722287183, 2.3536102775284076, 2.3581533146262323, 2.3581533146262323, 2.3578288119763875, 2.365292372922814, 2.3649678702729693, 2.367888394121571, 2.367239388821882, 2.369510907370794, 2.375351955067998, 2.3743784471184637, 2.376000960367687, 2.381193002765201, 2.3798949921658226, 2.380543997465512, 2.3815175054150455, 2.388332061061783, 2.3847625319134917, 2.388981066361472, 2.3896300716611614, 2.3899545743110058, 2.386385045162715, 2.39092808226054, 2.3925505955097632, 2.3899545743110058, 2.3919015902100735, 2.3938486061091417, 2.3919015902100735, 2.396769129957743, 2.397093632607588, 2.396769129957743, 2.396120124658054, 2.4000141564561894, 2.3977426379072773, 2.396769129957743, 2.396769129957743, 2.396120124658054, 2.4003386591060343, 2.3977426379072773, 2.4006631617558787, 2.3993651511565, 2.399689653806345, 2.4006631617558787, 2.4000141564561894, 2.3957956220082095, 2.396120124658054, 2.393524103459297, 2.3983916432069665, 2.3948221140586754, 2.3957956220082095, 2.396120124658054, 2.4003386591060343, 2.390603579610695, 2.3922260928599184, 2.3899545743110058, 2.3896300716611614, 2.3860605425128703, 2.3893055690113165, 2.3873585531122488, 2.3873585531122488, 2.3815175054150455, 2.3841135266138025, 2.3792459868661333, 2.3792459868661333, 2.375351955067998, 2.37762347361691, 2.3727559338692408, 2.3691864047209497, 2.3656168755726585, 2.3701599126704833, 2.3633453570237464, 2.3633453570237464, 2.3588023199259216, 2.3601003305253, 2.3588023199259216, 2.3529612722287183, 2.354259282828097, 2.351338758979495, 2.3480937324810487, 2.345822213932136, 2.3422526847838454, 2.3386831556355543, 2.340954674184467, 2.3347891238374188, 2.329921584089749, 2.3286235734903706, 2.326676557591303, 2.3208355098940996, 2.3227825257931674, 2.317265980745809, 2.3156434674965856, 2.3133719489476734, 2.3107759277489164, 2.3020143562031112, 2.301365350903422, 2.299418335004354, 2.290656763458549, 2.2883852449096365, 2.2887097475594813, 2.2822196945625888, 2.2780011601146084, 2.274107128316473, 2.274107128316473, 2.2656700594205126, 2.2624250329220663, 2.2621005302722215, 2.256583985224863, 2.2517164454771934, 2.250418434877815, 2.242305868631699, 2.2384118368335635, 2.234842307685273, 2.229325762637914, 2.2254317308397784, 2.223160212290866, 2.2156966513444396, 2.214398640745061, 2.206286074498945, 2.206286074498945, 2.1962264923537616, 2.1929814658553153, 2.1864914128584227, 2.1825973810602872, 2.176431830713239, 2.169617275066502, 2.163451724719454, 2.160855703520697, 2.1569616717225615, 2.147875597526912, 2.144630571028465, 2.1384650206814175, 2.1374915127318834, 2.1287299411860787, 2.1196438669904287, 2.1173723484415166, 2.1112067980944684, 2.1069882636464885, 2.1040677397978866, 2.0956306709019263, 2.0884916126053445, 2.0849220834570534, 2.076485014561093, 2.07064396686389, 2.0683724483149772, 2.057988363519949, 2.0514983105230566, 2.0453327601760085, 2.0394917124788052, 2.036246685980359, 2.0278096170843987, 2.0190480455385935, 2.0145050084407687, 2.005418934245119, 1.998279875948537, 1.9963328600494692, 1.9865977805541302, 1.9814057381566161, 1.9752401878095682, 1.9677766268631416, 1.959664060617026, 1.95155149437091, 1.9479819652226191, 1.9362998698282126, 1.9356508645285233, 1.9255912823833397, 1.9207237426356703, 1.910339657840642, 1.9087171445914188, 1.89898206509608, 1.891194001499809, 1.8785383981558683, 1.8730218531085097, 1.860366249764569, 1.8590682391651905, 1.848035149070473, 1.8447901225720267, 1.8337570324773094, 1.8288894927296397, 1.8159093867358547, 1.8136378681869423, 1.805849804590671, 1.797088233044866, 1.7896246720984397, 1.7815121058523238, 1.7740485449058974, 1.7659359786597815, 1.7552273912149088, 1.7484128355681716, 1.7396512640223665, 1.7351082269245417, 1.7256976500790473, 1.7159625705837085, 1.708499009637282, 1.7020089566403893, 1.6932473850945844, 1.681240787050333, 1.6753997393531297, 1.6656646598577907, 1.657552093611675, 1.6458699982172684, 1.6406779558197542, 1.6325653895736385, 1.6221813047786102, 1.6130952305829607, 1.6079031881854466, 1.5965455954408845, 1.5877840238950796, 1.5790224523492744, 1.5728569020022265, 1.5614993092576643, 1.5563072668601503, 1.545274176765433, 1.5361881025697832, 1.5290490442732014, 1.5186649594781731, 1.506658361433922, 1.5017908216862523, 1.4923802448407582, 1.4839431759447979, 1.469665059351634, 1.4631750063547415, 1.4550624401086256, 1.44694987386251, 1.4339697678687247, 1.4268307095721429, 1.4196916512755609, 1.4102810744300667, 1.4015195028842617, 1.388863899540321, 1.3817248412437393, 1.3726387670480895, 1.36355269285244, 1.3518705974580332, 1.3479765656598977, 1.3349964596661124, 1.3242878722212397, 1.3126057768268329, 1.309036247678542, 1.2937846231358443, 1.285347554239884, 1.2752879720947004, 1.265228389949517, 1.2551688078043333, 1.2515992786560424, 1.2386191726622573, 1.23180461701552, 1.223043045469715, 1.2087649288765512, 1.2000033573307463, 1.192215293734475, 1.1772881718416222, 1.1701491135450401, 1.160738536699546, 1.1480829333556053, 1.1386723565101111, 1.1321823035132184, 1.1214737160683457, 1.1110896312733174, 1.098434027929377, 1.092917482882018, 1.0822088954371454, 1.0740963291910297, 1.062414233796623, 1.0530036569511287, 1.0442420854053236, 1.0328844926607617, 1.0218514025660441, 1.0114673177710158, 1.0014077356258324, 0.9926461640800275, 0.9848581004837563, 0.9731760050893496, 0.9624674176444769, 0.9494873116506917, 0.942997258653799, 0.9345601897578386, 0.9209310784643642, 0.9134675175179376, 0.899189400924774, 0.8910768346786582, 0.8862092949309888, 0.8716066756879803, 0.865765627990777, 0.8524610193471471, 0.8430504425016528, 0.8313683471072462, 0.8213087649620626, 0.8144942093153255, 0.8024876112710742, 0.7908055158766674, 0.7830174522803963, 0.7693883409869218, 0.7603022667912721, 0.7528387058448457, 0.741156610450439, 0.7327195415544786, 0.7197394355606933, 0.7103288587151991, 0.7018917898192387, 0.6905341970746767, 0.6820971281787163, 0.6733355566329112, 0.6600309479892814, 0.648997857894564, 0.6382892704496911, 0.6324482227524878, 0.6194681167587026, 0.610382042563053, 0.5993489524683355, 0.5905873809225305, 0.5802032961275023, 0.5711172219318527, 0.5597596291872906, 0.5484020364427286, 0.5412629781461467, 0.5328259092501862, 0.5217928191554688, 0.5140047555591977, 0.5029716654644802, 0.49485909921836446, 0.4792829720258222, 0.4721439137292403, 0.4633823421834353, 0.45397176533794104, 0.4413161619940004, 0.4341771036974186, 0.4228195109528565, 0.41470694470674074, 0.4059453731609357, 0.3936142724668398, 0.3861507115204133, 0.37706463732476364, 0.36116400748237676, 0.3562964677347073, 0.3423428537913882, 0.3384488219932526, 0.3274157318985352, 0.31865416035273014, 0.30567405435894496, 0.29723698546298455, 0.2881509112673349, 0.2777668264723067, 0.2686807522766571, 0.2612171913302306, 0.2508331065352024, 0.24142252968970818, 0.22909142899561222, 0.22097886274949646, 0.21481331240244847, 0.2076742541058666, 0.1956676560616153, 0.18333655536751933, 0.17425048117186967, 0.1693829414242002, 0.15802534867963816, 0.1434227294366298, 0.13790618438927107, 0.1307671260926892, 0.11778702009890397, 0.11064796180232211, 0.10318440085589561, 0.09572083990946911, 0.08306523656552853, 0.07365465972003425, 0.06846261732252017, 0.06035005107640441, 0.047045442432774566, 0.03438983908883398, 0.03374083378914472, 0.020760727795359504, 0.012972664199088374, 0.003237584703749464, -0.004225976242677034, -0.013636553088171315, -0.022073621984131705, -0.033431214728693766, -0.04089477567512026, -0.04900734192123602, -0.05614640021781789, -0.0658814797131568, -0.07302053800973868, -0.08145760690569906, -0.09119268640103798, -0.09735823674808596, -0.10611980829389098, -0.11325886659047284, -0.12299394608581175, -0.13694756002913083, -0.13954358122788788, -0.15252368722167312, -0.15544421107027478, -0.16485478791576905, -0.17361635946157408, -0.18107992040800058, -0.18821897870458246, -0.19341102110209654, -0.2028215979475908, -0.21190767214324047, -0.21937123308966697, -0.22780830198562735, -0.23624537088158773, -0.23949039738003405, -0.24922547687537294, -0.25668903782179947, -0.26317909081869206, -0.27031814911527396, -0.281675741859836, -0.2855697736579716, -0.2962783611028444, -0.302768414099737, -0.31217899094523127, -0.31477501214398834, -0.3251590969390165, -0.3329471605352876, -0.3381392029328017, -0.34722527712845136, -0.35274182217581007, -0.3598808804723919, -0.36734444141881845, -0.3761060129646235, -0.38324507126120533, -0.3855165898101177, -0.39557617195530126, -0.40368873820141704, -0.4082317752992419, -0.4111522991478435, -0.42121188129302706, -0.4312714634382106, -0.4345164899366569, -0.44035753763386026, -0.44554958003137435, -0.4559336648264025, -0.4601521992743827, -0.4653442416718968, -0.47410581321770184, -0.48059586621459444, -0.4841653953628854, -0.48838392981086554, -0.49552298810744744, -0.5000660252052722, -0.5072050835018541, -0.513370633848902, -0.5166156603473483, -0.5237547186439302, -0.5302447716408228, -0.53705932728756, -0.5390063431866279, -0.5471189094327435, -0.5526354544801023, -0.5562049836283932, -0.5659400631237321, -0.5691850896221785, -0.5724301161206248, -0.5798936770670513, -0.5798936770670513, -0.5909267671617687, -0.5938472910103704, -0.5990393334078845, -0.6026088625561754, -0.6094234182029127, -0.6094234182029127, -0.6194830003480962, -0.6224035241966979, -0.6259730533449888, -0.6331121116415707, -0.6363571381400169, -0.6409001752378418, -0.6438206990864435, -0.6499862494334915, -0.6561517997805394, -0.659072323629141, -0.6632908580771213, -0.6639398633768105, -0.6704299163737032, -0.6739994455219941, -0.677568974670285, -0.6808140011687314, -0.6869795515157793, -0.6921715939132934, -0.6908735833139149, -0.6954166204117397, -0.7002841601594091, -0.7032046840080108, -0.7080722237556802, -0.7139132714528836, -0.7165092926516407, -0.7197543191500869, -0.7197543191500869, -0.7239728535980672, -0.7272178800965134, -0.7356549489924739, -0.732085419844183, -0.7401979860902986, -0.7392244781407648, -0.7418204993395219, -0.7463635364373467, -0.7473370443868805, -0.7502575682354822, -0.7535025947339286, -0.7570721238822194, -0.7554496106329963, -0.7580456318317533, -0.7655091927781799, -0.7638866795289567, -0.7687542192766261, -0.7694032245763154, -0.7703767325258493, -0.7690787219264708, -0.7742707643239849, -0.7762177802230527, -0.7775157908224312, -0.7794628067214989, -0.7804363146710328, -0.7823833305701006, -0.7846548491190131, -0.7862773623682362, -0.7862773623682362, -0.7911449021159056, -0.7914694047657502, -0.7895223888666825, -0.7917939074155949, -0.7953634365638859, -0.7992574683620214, -0.796985949813109, -0.7986084630623321, -0.7973104524629536, -0.7986084630623321, -0.7986084630623321, -0.8005554789613999, -0.8002309763115553, -0.8038005054598463, -0.7989329657121768, -0.8025024948604677, -0.8012044842610891, -0.8034760028100016, -0.8038005054598463, -0.8044495107595355, -0.8025024948604677, -0.802177992210623, -0.8047740134093802, -0.8025024948604677, -0.803151500160157, -0.8076945372579818, -0.802177992210623, -0.8012044842610891, -0.8005554789613999, -0.803151500160157, -0.8012044842610891, -0.7979594577626429, -0.7989329657121768, -0.7986084630623321, -0.8008799816112445, -0.7982839604124875, -0.7973104524629536, -0.7940654259645074, -0.7966614471632644, -0.7927674153651288, -0.7904958968162163, -0.7917939074155949, -0.7917939074155949, -0.7866018650180808, -0.7866018650180808, -0.7866018650180808, -0.788224378267304, -0.7846548491190131, -0.7794628067214989, -0.7797873093713436, -0.7755687749233634, -0.7736217590242956, -0.7749197696236741, -0.7703767325258493, -0.7703767325258493, -0.7664827007277137, -0.7616151609800442, -0.7648601874784906, -0.7619396636298889, -0.7580456318317533, -0.7580456318317533, -0.7505820708853268, -0.7499330655856375, -0.7518800814847054, -0.7483105523364144, -0.7450655258379681, -0.7414959966896771, -0.7382509701912309, -0.7343569383930953, -0.7291648959955812, -0.7330589277937168, -0.7249463615476011, -0.7259198694971349, -0.7207278270996208, -0.7239728535980672, -0.7132642661531944, -0.7126152608535051, -0.7045026946073893, -0.7061252078566125, -0.6993106522098752, -0.6928205992129827, -0.6937941071625165, -0.68633054621609, -0.6821120117681099, -0.6804894985188867, -0.6743239481718387, -0.6739994455219941, -0.6714034243232371, -0.665237873976189, -0.6623173501275874, -0.6545292865313163, -0.6535557785817824, -0.6473902282347344, -0.6438206990864435, -0.6383041540390847, -0.6347346248907938, -0.6331121116415707, -0.6259730533449888, -0.6211055135973194, -0.6142909579505821, -0.6081254076035341, -0.6071518996540002, -0.6035823705057093, -0.5977413228085059, -0.5902777618620795, -0.5883307459630117, -0.5818406929661191, -0.5734036240701587, -0.5727546187704694, -0.5682115816726446, -0.5613970260259074, -0.5581519995274611, -0.5503639359311899, -0.5438738829342973, -0.5409533590856956, -0.5334897981392691, -0.5321917875398906, -0.5214832000950178, -0.5188871788962608, -0.5130461311990574, -0.504609062303097, -0.49974152255542764, -0.4939004748582243, -0.490655448359778, -0.4799468609149052, -0.47832434766568205, -0.47021178141956627, -0.46339722577282905, -0.454635654227024, -0.4500926171291992, -0.4419800508830834, -0.4393840296843264, -0.43256947403758916, -0.4260794210406965, -0.4215363839428717, -0.41439732564628984, -0.40596025675032943, -0.3991457011035922, -0.39135763750732105, -0.38584109245996234, -0.3796755421129144, -0.3705894679172647, -0.36572192816959526, -0.35760936192347953, -0.35371533012534395, -0.34170873208109265, -0.33749019763311244, -0.33229815523559836, -0.3232120810399487, -0.3157485200935222, -0.3112054829956974, -0.30244391144989236, -0.29465584785362126, -0.28492076835828234, -0.27551019151278805, -0.2706426517651186, -0.26480160406791525, -0.2573380431214887, -0.2476029636261498, -0.2411129106292572, -0.23494736028220922, -0.22456327548718105, -0.21677521189090992, -0.2080136403451049, -0.20314610059743543, -0.19795405819992135, -0.1865964654553593, -0.17945740715877742, -0.17199384621235092, -0.1609607561176335, -0.15414620047089625, -0.14668263952446975, -0.1418150997768003, -0.13272902558115066, -0.11845090898798692, -0.10968933744218191, -0.10384828974497856, -0.09541122084901817, -0.08859666520228093, -0.07821258040725276, -0.07204703006020478, -0.06133844261533197, -0.05647090286766252, -0.04706032602216824, -0.037649749176673956, -0.031484198829625984, -0.019153098135530032, -0.013961055738015945, -0.001954457693764622, 0.007456119151729659, 0.01848920924644709, 0.02562826754302896, 0.03309182848945546, 0.040230886786037326, 0.05093947423091013, 0.06099905637609367, 0.07138314117112184, 0.07819769681785907, 0.08663476571381946, 0.09377382401040134, 0.10221089290636172, 0.11064796180232211, 0.1242770730957966, 0.1349856605406694, 0.14180021618740665, 0.15153529568274554, 0.15802534867963816, 0.16840943347466633, 0.17717100502047134, 0.18787959246534416, 0.19469414811208138, 0.20410472495757567, 0.21481331240244847, 0.22195237069903034, 0.23493247669281556, 0.24336954558877594, 0.2537536303838041, 0.26478672047852153, 0.27322378937448194, 0.2819853609202869, 0.2923694457153151, 0.30275353051034326, 0.3089190808573912, 0.32027667360195333, 0.3316342663465154, 0.33779981669356335, 0.35045542003750396, 0.3588924889334643, 0.3683030657789586, 0.3790116532238314, 0.3897202406687042, 0.3971838016151307, 0.4075678864101589, 0.41503144735658537, 0.4267135427509921, 0.4341771036974186, 0.44585919909182525, 0.4562432838868534, 0.46468035278281383, 0.47701145347690976, 0.4860975276725594, 0.4964816124675876, 0.5032961681143249, 0.5169252794077994, 0.5230908297548473, 0.5315278986508077, 0.5412629781461467, 0.5578126132882228, 0.5662496821841831, 0.5746867510801436, 0.5811768040770362, 0.5954549206701999, 0.6064880107649173, 0.6146005770110331, 0.624335656506372, 0.63050120685342, 0.6451038260964284, 0.6554879108914565, 0.6642494824372616, 0.6717130433836881, 0.6863156626266964, 0.6944282288728122, 0.702540795118928, 0.7126003772641115, 0.7255804832578967, 0.7346665574535464, 0.7431036263495068, 0.7531632084946903, 0.76224928269034, 0.7755538913339698, 0.7875604893782211, 0.7982690768230939, 0.8057326377695204, 0.8167657278642378, 0.8268253100094214, 0.8349378762555372, 0.84564646370041, 0.8573285590948166, 0.8651166226910878, 0.8767987180854945, 0.8839377763820763, 0.8972423850257062, 0.905354951271822, 0.9170370466662287, 0.9267721261615676, 0.9358582003572172, 0.942997258653799, 0.9572753752469628, 0.9663614494426125, 0.9744740156887282, 0.9890766349317366, 0.9968646985280077, 1.005301767423968, 1.0186063760675979, 1.0267189423137135, 1.0380765350582757, 1.0468381066040806, 1.0543016675505072, 1.0646857523455353, 1.0786393662888545, 1.0864274298851255, 1.0977850226296877, 1.1068710968253372, 1.1162816736708316, 1.1253677478664812, 1.1338048167624415, 1.1467849227562268, 1.1542484837026532, 1.1649570711475261, 1.1776126744914668, 1.1854007380877378, 1.1954603202329213, 1.2025993785295033, 1.215903987173133, 1.2210960295706472, 1.233427130264743, 1.2444602203594606, 1.2522482839557316, 1.2623078661009153, 1.275612474744545, 1.2804800144922146, 1.2892415860380195, 1.3015726867321156, 1.3122812741769883, 1.3203938404231041, 1.3294799146187537, 1.3421355179626944, 1.3479765656598977, 1.3560891319060133, 1.3726387670480895, 1.3758837935465358, 1.387241386291098, 1.4008704975845725, 1.4041155240830188, 1.415148614177736, 1.4255326989727644, 1.43364526521888, 1.439810815565928, 1.449545895061267, 1.4586319692569165, 1.4683670487522555, 1.4790756361971282, 1.4920557421909135, 1.494327260739826, 1.5037378375853203, 1.5157444356295715, 1.5232079965759981, 1.5316450654719584, 1.5410556423174526, 1.5517642297623255, 1.5624728172071982, 1.566366849005334, 1.5764264311505174, 1.587459521245235, 1.5965455954408845, 1.603035648437777, 1.6088766961349805, 1.6212077968290763, 1.6315918816241046, 1.6361349187219294, 1.644247484968045, 1.657552093611675, 1.6669626704571694, 1.6718302102048388, 1.6792937711512652, 1.6900023585961381, 1.6977904221924092, 1.7055784857886802, 1.7149890626341746, 1.7227771262304457, 1.7286181739276492, 1.737379745473454, 1.7445188037700359, 1.7555518938647534, 1.7649624707102476, 1.7698300104579172, 1.7802140952529453, 1.787353153549527, 1.794492211846109, 1.803253783391914, 1.8100683390386514, 1.8185054079346117, 1.8292139953794844, 1.8370020589757556, 1.8412205934237358, 1.8473861437707837, 1.8561477153165888, 1.8619887630137921, 1.8739953610580435, 1.878862900805713, 1.8860019591022947, 1.893790022698566, 1.9019025889446817, 1.9061211233926618, 1.9109886631403312, 1.9229952611845826, 1.9301343194811644, 1.9362998698282126, 1.9457104466737067, 1.9551210235192011, 1.958690552667492, 1.96485610301454, 1.9739421772101897, 1.9788097169578591, 1.984975267304907, 1.9921143256014888, 2.0005513944974496, 2.0067169448444977, 2.012557992541701, 2.019372548188438, 2.02651160648502, 2.032677156832068, 2.0365711886302034, 2.043710246926785, 2.049226791974144, 2.0560413476208814, 2.062531400617774, 2.07064396686389, 2.075511506611559, 2.085246586106898, 2.0881671099554997, 2.0920611417536352, 2.0985511947505278, 2.1030942318483525, 2.1086107768957114, 2.1219153855393413, 2.125809417337477, 2.126458422637166, 2.1339219835835928, 2.139114025981107, 2.144630571028465, 2.1507961213755133, 2.1589086876216292, 2.1621537141200755, 2.169617275066502, 2.17578282541355, 2.176431830713239, 2.1825973810602872, 2.1864914128584227, 2.190709947306403, 2.195901989703917, 2.203041048000499, 2.205637069199256, 2.213749635445372, 2.2147231433949055, 2.2202396884422644, 2.2244582228902443, 2.22835225468838, 2.235166810335117, 2.23743832888403, 2.240034350082787, 2.2465244030796794, 2.253987964026106, 2.2543124666759504, 2.258855503773775, 2.263723043521445, 2.2666435673700462, 2.2718356097675607, 2.27670314951523, 2.280272678663521, 2.282544197212433, 2.287087234310258, 2.290981266108394, 2.2955243032062187, 2.2955243032062187, 2.303961372102179, 2.306232890651091, 2.3098024197993823, 2.311100430398761, 2.3133719489476734, 2.317914986045498, 2.3192129966448767, 2.3208355098940996, 2.331219594689128, 2.3315440973389725, 2.331219594689128, 2.3386831556355543, 2.340630171534622, 2.3422526847838454, 2.343550695383224, 2.349391743080427, 2.3480937324810487, 2.349391743080427, 2.3526367695788735, 2.3584778172760767, 2.3584778172760767, 2.36431886497328, 2.3610738384748338, 2.3597758278754553, 2.369835410020639, 2.3682128967714156, 2.3685373994212604, 2.3721069285695515, 2.37762347361691, 2.376000960367687, 2.375351955067998, 2.3769744683172207, 2.3789214842162885, 2.378596981566444, 2.383789023963958, 2.383140018664269, 2.382815516014424, 2.385736039863026, 2.3899545743110058, 2.3876830557620936, 2.388007558411938, 2.3899545743110058, 2.3899545743110058, 2.3957956220082095, 2.3964446273078988, 2.3957956220082095, 2.396769129957743, 2.3957956220082095, 2.397093632607588, 2.3983916432069665, 2.3954711193583647, 2.3980671405571217, 2.3990406485066558, 2.4006631617558787, 2.4026101776549464, 2.4029346803047913, 2.3977426379072773, 2.3993651511565, 2.3977426379072773, 2.396769129957743, 2.3957956220082095, 2.3990406485066558, 2.3993651511565, 2.3974181352574324, 2.3957956220082095, 2.3977426379072773, 2.3957956220082095, 2.3977426379072773, 2.3931996008094525, 2.3919015902100735, 2.3919015902100735, 2.3893055690113165, 2.3922260928599184, 2.388332061061783, 2.3896300716611614, 2.3844380292636473, 2.3860605425128703, 2.3847625319134917, 2.383140018664269, 2.381193002765201, 2.381193002765201, 2.3821665107147347, 2.37762347361691, 2.3763254630175314, 2.3769744683172207, 2.371457923269862, 2.3708089179701726, 2.3649678702729693, 2.3659413782225034, 2.367239388821882, 2.362696351724057, 2.3610738384748338, 2.357504309326543, 2.356530801377009, 2.351338758979495, 2.3526367695788735, 2.346146716581981, 2.34679572188167, 2.3419281821340006, 2.340630171534622, 2.335762631786953, 2.3360871344367973, 2.330246086739594, 2.325703049641769, 2.3279745681906814, 2.3227825257931674, 2.319537499294721, 2.319537499294721, 2.312073938348295, 2.3123984409981393, 2.3114249330486056, 2.303961372102179, 2.299418335004354, 2.295199800556374, 2.290981266108394, 2.29000775815886, 2.284491213111501, 2.287087234310258, 2.279948176013676, 2.2770276521650747, 2.271511107117716, 2.266968070019891, 2.263723043521445, 2.2624250329220663, 2.253014456076572, 2.2471734083793686, 2.2471734083793686, 2.239709847432942, 2.2413323606821653, 2.238087334183719, 2.2270542440890013, 2.223809217590555, 2.2208886937419536, 2.2156966513444396, 2.208882095697702, 2.2066105771487896, 2.1991470162023634, 2.1972000003032957, 2.196875497653451, 2.1877894234578013, 2.1822728784104424, 2.1780543439624624, 2.1728623015649484, 2.1670212538677447, 2.1618292114702307, 2.1585841849717844, 2.1524186346247367, 2.1456040789779993, 2.141385544530019, 2.1352199941829713, 2.1300279517854572, 2.1215908828894965, 2.1170478457916717, 2.115749835192293, 2.10990878749509, 2.1004982106495955, 2.0979021894508385, 2.0907631311542567, 2.0823260622582964, 2.07908103575985, 2.0709684695137343, 2.062531400617774, 2.0586373688196384, 2.0550678396713473, 2.046955273425232, 2.041114225728028, 2.031703648882534, 2.027485114434554, 2.016776526989681, 2.012233489891856, 2.0050944315952743, 2.0024984103965173, 1.9921143256014888, 1.9898428070525764, 1.9814057381566161, 1.9752401878095682, 1.9713461560114325, 1.9583660500176474, 1.953498510269978, 1.9476574625727745, 1.9408429069260373, 1.9327303406799217, 1.9255912823833397, 1.9184522240867579, 1.910339657840642, 1.9070946313421957, 1.8954125359477891, 1.886650964401984, 1.8847039485029162, 1.8707503345595973, 1.8632867736131706, 1.8597172444648797, 1.8532271914679872, 1.8421941013732697, 1.8350550430766879, 1.8301875033290185, 1.8188299105844563, 1.8146113761364762, 1.8048762966411371, 1.7993597515937785, 1.7889756667987504, 1.7824856138018577, 1.7721015290068296, 1.769181005158228, 1.7581479150635104, 1.7500353488173948, 1.7406247719719004, 1.7334857136753186, 1.7243996394796688, 1.7192075970821548, 1.7046049778391463, 1.6990884327917877, 1.6913003691955166, 1.6818897923500222, 1.6715057075549942, 1.6643666492584122, 1.6572275909618304, 1.6500885326652486, 1.637432929321308, 1.63126737897426, 1.6257508339269013, 1.6156912517817177, 1.6066051775860681, 1.5949230821916613, 1.5920025583430597, 1.579346954999119, 1.5731814046520711, 1.5657178437056447, 1.5501417165131024, 1.5468966900146561, 1.537161610519317, 1.5264530230744444, 1.5186649594781731, 1.5086053773329897, 1.5001683084370292, 1.4884862130426226, 1.482969667995264, 1.4745325990993035, 1.4657710275534985, 1.4544134348089364, 1.4466253712126653, 1.4391618102662387, 1.4281287201715214, 1.4164466247771146, 1.4076850532313097, 1.4018440055341064, 1.3921089260387673, 1.3817248412437393, 1.3726387670480895, 1.3648507034518185, 1.3492745762592762, 1.3447315391614514, 1.3346719570162677, 1.3268838934199967, 1.3181223218741915, 1.3044932105807172, 1.295731639034912, 1.2866455648392625, 1.2778839932934576, 1.267824411148274, 1.2564668184037118, 1.248354252157596, 1.2399171832616358, 1.2240165534192489, 1.2210960295706472, 1.2100629394759297, 1.1954603202329213, 1.192215293734475, 1.1821557115892916, 1.1704736161948848, 1.1646325684976815, 1.15262597045343, 1.1399703671094896, 1.1338048167624415, 1.1201757054689672, 1.1133611498222298, 1.1016790544278232, 1.094864498781086, 1.0812353874876115, 1.0734473238913405, 1.0643612496956907, 1.0513811437019054, 1.0384010377081203, 1.0332089953106063, 1.0199043866669764, 1.0111428151211712, 1.002705746225211, 0.9923216614301829, 0.9816130739853101, 0.9735005077391943, 0.9624674176444769, 0.9540303487485164, 0.9455932798525561, 0.9329376765086155, 0.9241761049628104, 0.9144410254674715, 0.9014609194736863, 0.8933483532275706, 0.8813417551833193, 0.871931178337825, 0.8586265696941952, 0.8498649981483901, 0.8433749451514976, 0.83234185505678, 0.8206597596623734, 0.812222690766413, 0.8031366165707634, 0.785937976128998, 0.7804214310816392, 0.770037346286611, 0.7609512720909614, 0.7515406952454672, 0.7398585998510604, 0.7310970283052555, 0.7233089647089843, 0.7103288587151991, 0.7012427845195495, 0.6885871811756088, 0.6791766043301145, 0.6733355566329112, 0.6597064453394368, 0.6506203711437871, 0.6415342969481375, 0.6288786936041969, 0.6184946088091687, 0.610382042563053, 0.6019449736670925, 0.5922098941717536, 0.5808523014271916, 0.5691702060327849, 0.5600841318371352, 0.5526205708907087, 0.5399649675467681, 0.5299053854015846, 0.5198458032564011, 0.5104352264109068, 0.5016736548651017, 0.4912895700700735, 0.48285250117411316, 0.4747399349279974, 0.46273333688374607, 0.4517002467890286, 0.4455346964419806, 0.4396936487447773, 0.42444202420207966, 0.41243542615782836, 0.40172683871295556, 0.39458778041637366, 0.3822566797222777, 0.37284610287678344, 0.3650580392805123, 0.3559719650848627, 0.34331636174092206, 0.33358128224558314, 0.32417070540008885, 0.3137866206050607, 0.30794557290785735, 0.29723698546298455, 0.2858793927184225, 0.27809132912215134, 0.2741972973240158, 0.2599191807308521, 0.2469390747370669, 0.23850200584110648, 0.23266095814390314, 0.22097886274949646, 0.21351530180306996, 0.20507823290710955, 0.19339613751270288, 0.18495906861674247, 0.1768465023706267, 0.16840943347466633, 0.15542932748088112, 0.14829026918429924, 0.13855518968896033, 0.132714141991757, 0.11973403599797176, 0.11194597240170064, 0.10156188760667247, 0.09539633725962449, 0.08144272331630538, 0.07397916236987888, 0.06651560142345238, 0.055482511328734954, 0.04866795568199772, 0.0399063841361927, 0.029197796691319892, 0.022058738394738025, 0.010376643000331332, 0.0016150714545263125, -0.0039014735928324037, -0.013636553088171315, -0.024345140533044117, -0.02921268028071357, -0.03894775977605248, -0.049331844571080655, -0.05549739491812863, -0.06231195056486587, -0.0743185486091172, -0.08145760690569906, -0.09216619435057187, -0.09606022614870743, -0.10774232154311413, -0.11585488778922988, -0.12299394608581175, -0.13143101498177212, -0.14213960242664492, -0.1502521686727607, -0.15609321636996404, -0.1632322746665459, -0.1749143700609526, -0.1814044230578452, -0.18821897870458246, -0.19470903170147505, -0.20444411119681397, -0.2135301853924636, -0.2196957357395116, -0.22878180993516123, -0.23559636558189848, -0.2433844291781696, -0.24695395832646053, -0.2586360537208673, -0.26317909081869206, -0.2761591968124773, -0.2813512392099914, -0.28881480015641786, -0.2953048531533105, -0.30341741939942624, -0.31055647769600814, -0.31704653069290073, -0.32386108633963795, -0.3316491499359091, -0.33976171618202483, -0.34398025063000504, -0.3491722930275191, -0.3611788910717705, -0.36442391757021675, -0.37286098646617716, -0.380000044762759, -0.3903841295577872, -0.39557617195530126, -0.40109271700265997, -0.4108277964979989, -0.41309931504691133, -0.4205628759933378, -0.4277019342899197, -0.4345164899366569, -0.4419800508830834, -0.44554958003137435, -0.45366214627749013, -0.46177471252360586, -0.4682647655204985, -0.47021178141956627, -0.47637733176661423, -0.4828673847635068, -0.49162895630931186, -0.5003905278551168, -0.5026620464040292, -0.5049335649529416, -0.513370633848902, -0.5188871788962608, -0.5253772318931533, -0.5286222583915997, -0.534463306088803, -0.540628856435851, -0.5451718935336758, -0.5536089624296362, -0.5545824703791701, -0.5630195392751305, -0.5649665551741982, -0.5724301161206248, -0.5776221585181388, -0.5841122115150315, -0.5867082327137885, -0.596767814858972, -0.6000128413574184, -0.6045558784552432, -0.6087744129032234, -0.6116949367518251, -0.6165624764994945, -0.6227280268465425, -0.6246750427456103, -0.6311650957425029, -0.6347346248907938, -0.6405756725879972, -0.6441452017362881, -0.6525822706322485, -0.653880281231627, -0.659072323629141, -0.662641852777432, -0.6655623766260337, -0.6681583978247907, -0.674972953471528, -0.6795159905693527, -0.6817875091182652, -0.6860060435662454, -0.6876285568154685, -0.692496096563138, -0.6950921177618951, -0.7002841601594091, -0.7041781919575447, -0.7067742131563017, -0.7093702343550587, -0.7142377741027283, -0.7174828006011745, -0.7204033244497762, -0.722350340348844, -0.7268933774466688, -0.732085419844183, -0.7330589277937168, -0.7379264675413862, -0.7401979860902986, -0.7440920178884343, -0.7418204993395219, -0.7466880390871913, -0.7518800814847054, -0.7525290867843947, -0.7567476212323748, -0.7580456318317533, -0.7603171503806657, -0.7616151609800442, -0.7651846901283352, -0.7664827007277137, -0.7687542192766261, -0.7713502404753831, -0.7755687749233634, -0.7713502404753831, -0.7736217590242956, -0.7810853199707221, -0.7804363146710328, -0.7794628067214989, -0.7797873093713436, -0.7849793517688577, -0.7875753729676147, -0.7866018650180808, -0.7891978862168378, -0.7947144312641966, -0.7901713941663717, -0.7960124418635751, -0.7940654259645074, -0.7947144312641966, -0.7989329657121768, -0.7966614471632644, -0.7986084630623321, -0.7982839604124875, -0.8005554789613999, -0.8025024948604677, -0.8005554789613999, -0.799581971011866, -0.8018534895607784, -0.803151500160157, -0.8002309763115553, -0.802177992210623, -0.8044495107595355, -0.8047740134093802, -0.8044495107595355, -0.8038005054598463, -0.802177992210623, -0.8080190399078264, -0.8008799816112445, -0.8005554789613999, -0.802177992210623, -0.803151500160157, -0.7973104524629536, -0.7986084630623321, -0.8008799816112445, -0.8018534895607784, -0.7973104524629536, -0.7999064736617106, -0.8008799816112445, -0.7973104524629536, -0.794389928614352, -0.7953634365638859, -0.7950389339140412, -0.7947144312641966, -0.7901713941663717, -0.7930919180149735, -0.7917939074155949, -0.7891978862168378, -0.7875753729676147, -0.7843303464691684, -0.7827078332199453, -0.7820588279202559, -0.7823833305701006, -0.7797873093713436, -0.7762177802230527, -0.7752442722735188, -0.7755687749233634, -0.7736217590242956, -0.7713502404753831, -0.7687542192766261, -0.7661581980778691, -0.7629131715794228, -0.7632376742292675, -0.7567476212323748, -0.7557741132828409, -0.7560986159326856, -0.7544761026834624, -0.7492840602859483, -0.7453900284878128, -0.7431185099389004, -0.7418204993395219, -0.7356549489924739, -0.7340324357432507, -0.7330589277937168, -0.7246218588977564, -0.7252708641974457, -0.7236483509482226, -0.7200788217999315, -0.7168337953014853, -0.710992747604282, -0.7116417529039712, -0.707423218455991, -0.7041781919575447, -0.7006086628092537, -0.6941186098123612, -0.6937941071625165, -0.6856815409164008, -0.6847080329668669, -0.6808140011687314, -0.6743239481718387, -0.6743239481718387, -0.6665358845755676, -0.6642643660266552, -0.6606948368783643, -0.6561517997805394, -0.6535557785817824, -0.6486882388341129, -0.6460922176353558, -0.6379796513892401, -0.6379796513892401, -0.6311650957425029, -0.626622058644678, -0.6191584976982516, -0.6165624764994945, -0.6110459314521358, -0.6084499102533787, -0.6022843599063308, -0.5983903281081951, -0.5912512698116134, -0.5919002751113026, -0.5805426823667406, -0.5759996452689157, -0.570483100221557, -0.5675625763729553, -0.561721528675752, -0.5545824703791701, -0.5523109518302577, -0.5454963961835204, -0.538032835237094, -0.5347878087386476, -0.5295957663411336, -0.5224567080445517, -0.5166156603473483, -0.5104501100003004, -0.5075295861516987, -0.5007150305049615, -0.4939004748582243, -0.48708591921148703, -0.4789733529653713, -0.47767534236599274, -0.4692382734700324, -0.4630727231229844, -0.4559336648264025, -0.45366214627749013, -0.4471720932805975, -0.44035753763386026, -0.4332184793372784, -0.424781410441318, -0.41991387069364855, -0.41180130444753277, -0.40596025675032943, -0.3988211984537476, -0.3926556481066996, -0.38454308186058384, -0.3809735527122929, -0.37415899706555567, -0.3670199387689738, -0.35760936192347953, -0.35241731952596544, -0.3449537585795389, -0.33749019763311244, -0.3287286260873074, -0.3241855889894826, -0.3125034935950759, -0.30893396444678495, -0.29919888495144603, -0.2920598266548642, -0.2865432816075055, -0.279079720661079, -0.2706426517651186, -0.2644771014180706, -0.25409301662304246, -0.2501989848249069, -0.2420864185787911, -0.23072882583422902, -0.22456327548718105, -0.21709971454075455, -0.20768913769526026, -0.2005500793986784, -0.1953580370011643, -0.18400044425660225, -0.17426536476126334, -0.17264285151204017, -0.16128525876747812, -0.15641771901980867, -0.14538462892509124, -0.13986808387773253, -0.13045750703223824, -0.12202043813627786, -0.11325886659047284, -0.10287478179544467, -0.09800724204777521, -0.08989467580165945, -0.07594106185834035, -0.07172252741036016, -0.06296095586455513, -0.05647090286766252, -0.04576231542278972, -0.035702733277606175, -0.031159696179781354, -0.021424616684442444, -0.010067023939880381, -0.0026034629934538825, 0.010052140350486702, 0.012323658899399114, 0.023681251643961176, 0.03211832053992157, 0.04087989208572659, 0.047045442432774566, 0.05937654312687052, 0.06846261732252017, 0.07689968621848055, 0.08501225246459632, 0.09474733195993522, 0.1074029353038758, 0.11259497770138989, 0.11940953334812714, 0.13044262344284457, 0.14115121088771737, 0.1499127824335224, 0.15802534867963816, 0.16711142287528782, 0.17911802091953913, 0.18787959246534416, 0.1956676560616153, 0.20507823290710955, 0.21578682035198238, 0.22552189984732127, 0.2323364554940585, 0.24012451909032964, 0.25570064628287187, 0.2628397045794537, 0.2709522708255695, 0.2790648370716853, 0.29496546691407216, 0.29918400136205237, 0.31119059940630367, 0.3209256789016426, 0.33001175309729225, 0.33974683259263116, 0.34850840413843615, 0.3553229597851734, 0.3657070445802016, 0.37933615587367603, 0.38485270092103474, 0.3971838016151307, 0.4033493519621787, 0.4186009765048763, 0.4247665268519243, 0.43482610899710783, 0.4484552202905823, 0.45429626798778566, 0.46727637398157085, 0.47344192432861887, 0.4860975276725594, 0.49485909921836446, 0.5032961681143249, 0.5133557502595084, 0.523415332404692, 0.5328259092501862, 0.5467795231935054, 0.5555410947393103, 0.5662496821841831, 0.5753357563798328, 0.5834483226259486, 0.5931834021212875, 0.6029184816166264, 0.6126535611119653, 0.6262826724054398, 0.6314747148029539, 0.6467263393456515, 0.6538653976422334, 0.6642494824372616, 0.6759315778316682, 0.6856666573270072, 0.6931302182734337, 0.7054613189675296, 0.7158454037625578, 0.7239579700086736, 0.734991060103391, 0.7453751448984192, 0.7551102243937581, 0.7632227906398739, 0.7745803833844359, 0.785937976128998, 0.791130018526512, 0.8063816430692097, 0.8151432146150147, 0.8268253100094214, 0.8339643683060033, 0.8449974584007207, 0.8566795537951274, 0.8673881412400002, 0.8751762048362713, 0.8852357869814549, 0.8972423850257062, 0.9076264698207344, 0.916712544016384, 0.9280701367609461, 0.937805216256285, 0.9452687772027114, 0.955328359347895, 0.9647389361933892, 0.9786925501367084, 0.9884276296320473, 0.9955666879286291, 1.0072487833230357, 1.0160103548688408, 1.0276924502632474, 1.0374275297585864, 1.0468381066040806, 1.0578711966987981, 1.0711758053424278, 1.0789638689386991, 1.0874009378346594, 1.0961625093804646, 1.1091426153742496, 1.1182286895698994, 1.1269902611157043, 1.1347783247119756, 1.1464604201063822, 1.1552219916521873, 1.1662550817469046, 1.176639166541933, 1.1824802142391362, 1.1967583308323, 1.2025993785295033, 1.2155794845232883, 1.2243410560690935, 1.2347251408641216, 1.2421887018105482, 1.2532217919052655, 1.2623078661009153, 1.2717184429464095, 1.2804800144922146, 1.2911886019370873, 1.3044932105807172, 1.3109832635776097, 1.3181223218741915, 1.3272083960698413, 1.3395394967639374, 1.35024808420881, 1.3583606504549257, 1.366148714051197, 1.3771818041459143, 1.3882148942406318, 1.3947049472375244, 1.402168508183951, 1.4122280903291344, 1.4268307095721429, 1.43364526521888, 1.4407843235154618, 1.4505194030108008, 1.4622014984052076, 1.4709630699510126, 1.4803736467965067, 1.4871882024432441, 1.4978967898881168, 1.506658361433922, 1.51704244622895, 1.5254795151249105, 1.532943076071337, 1.5455986794152776, 1.5527377377118594, 1.5585787854090627, 1.5692873728539356, 1.5786979496994298, 1.5861615106458564, 1.594274076891972, 1.6036846537374663, 1.6121217226334268, 1.6228303100782995, 1.6309428763244154, 1.6387309399206864, 1.6448964902677343, 1.6569030883119857, 1.6624196333593444, 1.6721547128546834, 1.6792937711512652, 1.688379845346915, 1.6958434062933414, 1.7078500043375928, 1.7140155546846407, 1.7253731474292027, 1.7292671792273384, 1.737379745473454, 1.7458168143694144, 1.7552273912149088, 1.7623664495114906, 1.7678829945588492, 1.779565089953256, 1.7850816350006147, 1.7922206932971967, 1.8019557727925355, 1.8097438363888068, 1.8152603814361654, 1.8240219529819703, 1.834081535127154, 1.8395980801745127, 1.8490086570200068, 1.856796720616278, 1.8600417471147244, 1.8717238425091312, 1.8756178743072667, 1.8847039485029162, 1.8918430067994982, 1.9002800756954585, 1.907743636641885, 1.914882694938467, 1.9233197638344273, 1.9301343194811644, 1.9388958910269696, 1.9424654201752605, 1.95155149437091, 1.9554455261690458, 1.9658296109640738, 1.972644166610811, 1.976213695759102, 1.985948775254441, 1.991140817651955, 1.9960083573996246, 2.003796420995896, 2.011584484592167, 2.019372548188438, 2.0242400879361075, 2.029107627683777, 2.0372201939298926, 2.0443592522264744, 2.052796321122435, 2.056365850270726, 2.064153913866997, 2.07064396686389, 2.0742134960121805, 2.081028051658918, 2.0907631311542567, 2.0933591523530137, 2.1014717185991296, 2.105365750397265, 2.1086107768957114, 2.1196438669904287, 2.1277564332365446, 2.1245114067380984, 2.1348954915331264, 2.141385544530019, 2.1436570630789316, 2.1472265922272227, 2.1540411478739596, 2.1602066982210077, 2.168643767116968, 2.1670212538677447, 2.17578282541355, 2.1848688996091994, 2.1864914128584227, 2.1936304711550045, 2.196875497653451, 2.2043390585998774, 2.205637069199256, 2.21082911159677, 2.2150476460447504, 2.2182926725431966, 2.225756233489623, 2.2309482758871373, 2.23257078913636, 2.2390608421332527, 2.244901889830456, 2.247497911029213, 2.251067440177504, 2.253663461376261, 2.261127022322688, 2.261451524972532, 2.2672925726697355, 2.27248461506725, 2.2718356097675607, 2.279299170713987, 2.279299170713987, 2.2861137263607243, 2.2887097475594813, 2.290981266108394, 2.293577287307151, 2.3007163456037327, 2.3078554039003145, 2.3068818959507804, 2.313696451597518, 2.312073938348295, 2.316941478095964, 2.322133520493478, 2.319862001944566, 2.327325562890992, 2.332842107938351, 2.3315440973389725, 2.3377096476860206, 2.3360871344367973, 2.3393321609352435, 2.340954674184467, 2.3448487059826024, 2.350365251029961, 2.353934780178252, 2.3536102775284076, 2.3532857748785627, 2.3562062987271646, 2.3601003305253, 2.3604248331751445, 2.3691864047209497, 2.3659413782225034, 2.3682128967714156, 2.3691864047209497, 2.3708089179701726, 2.375027452418153, 2.375351955067998, 2.3769744683172207, 2.381193002765201, 2.37762347361691, 2.3815175054150455, 2.3841135266138025, 2.3821665107147347, 2.383140018664269, 2.3873585531122488, 2.3850870345633366, 2.3899545743110058, 2.3922260928599184, 2.393524103459297, 2.3925505955097632, 2.3928750981596076, 2.394173108758986, 2.3957956220082095, 2.3954711193583647, 2.3974181352574324, 2.396769129957743, 2.3983916432069665, 2.4006631617558787, 2.402285675005102, 2.3993651511565, 2.3993651511565, 2.3983916432069665, 2.399689653806345, 2.401312167055568, 2.399689653806345, 2.4006631617558787, 2.3980671405571217, 2.397093632607588, 2.3954711193583647, 2.397093632607588, 2.3974181352574324, 2.3980671405571217, 2.3964446273078988, 2.3951466167085202, 2.396769129957743, 2.3931996008094525, 2.3922260928599184, 2.394497611408831, 2.39092808226054, 2.390603579610695, 2.3886565637116273, 2.3931996008094525, 2.3860605425128703, 2.385411537213181, 2.3815175054150455, 2.3798949921658226, 2.3824910133645796, 2.3824910133645796, 2.3798949921658226, 2.37762347361691, 2.37340493916893, 2.3708089179701726, 2.372431431219396, 2.3740539444686193, 2.367888394121571, 2.3682128967714156, 2.3623718490742123, 2.364643367623125, 2.3607493358249894, 2.357504309326543, 2.356530801377009, 2.352312266929029, 2.3500407483801165, 2.349391743080427, 2.3471202245315146, 2.3480937324810487, 2.33835865298571, 2.3367361397364865, 2.332842107938351, 2.3321931026386618, 2.3286235734903706, 2.3253785469919244, 2.3234315310928566, 2.3218090178436337, 2.317265980745809, 2.3149944621968963, 2.3075309012504697, 2.306232890651091, 2.303961372102179, 2.299418335004354, 2.29422629260684, 2.295848805856063, 2.2890342502093257, 2.2867627316604136, 2.2861137263607243, 2.2763786468653855, 2.2763786468653855, 2.2744316309663177, 2.2672925726697355, 2.263723043521445, 2.261451524972532, 2.2546369693257953, 2.256583985224863, 2.2461999004298345, 2.2445773871806116, 2.235491312984962, 2.235491312984962, 2.2312727785369817, 2.2234847149407106, 2.2218622016914873, 2.2173191645936625, 2.2121271221961485, 2.205637069199256, 2.202716545350654, 2.196875497653451, 2.1916834552559368, 2.190709947306403, 2.1838953916596657, 2.174160312164327, 2.1728623015649484, 2.1709152856658807, 2.1615047088203863, 2.1540411478739596, 2.1517696293250475, 2.1456040789779993, 2.142034549829708, 2.1358689994826605, 2.126458422637166, 2.1274319305867, 2.120617374939963, 2.1138028192932254, 2.1056902530471096, 2.0982266921006834, 2.096928681501305, 2.0878426073056553, 2.081028051658918, 2.078107527810316, 2.0693459562645113, 2.0657764271162202, 2.059610876769172, 2.053769829071969, 2.0482532840246104, 2.041114225728028, 2.033650664781602, 2.025538098535486, 2.0183990402389043, 2.0135315004912346, 2.005418934245119, 2.0015249024469832, 1.9960083573996246, 1.9895183044027318, 1.9817302408064608, 1.9775117063584806, 1.9684256321628308, 1.9599885632668705, 1.9538230129198226, 1.946359451973396, 1.9362998698282126, 1.933379345979611, 1.9265647903328735, 1.9184522240867579, 1.9100151551907973, 1.9044986101434387, 1.8944390279982553, 1.8895714882505856, 1.8827569326038485, 1.8765913822568006, 1.8658827948119276, 1.856796720616278, 1.8529026888181426, 1.844465619922182, 1.8386245722249788, 1.8288894927296397, 1.8204524238336794, 1.813962370836787, 1.8071478151900495, 1.7941677091962644, 1.788326661499061, 1.7792405873034114, 1.7721015290068296, 1.76723398925916, 1.7545783859152195, 1.7523068673663071, 1.7441943011201912, 1.73218770307594, 1.720830110331378, 1.7169360785332424, 1.7107705281861945, 1.6981149248422538, 1.6925983797948951, 1.6844858135487792, 1.6747507340534404, 1.6659891625076353, 1.6565785856621411, 1.6494395273655593, 1.6410024584695988, 1.6302938710247261, 1.6234793153779887, 1.6156912517817177, 1.607578685535602, 1.597843606040263, 1.5884330291947688, 1.5838899920969438, 1.5728569020022265, 1.5650688384059555, 1.5559827642103057, 1.5501417165131024, 1.5342410866707155, 1.5254795151249105, 1.5193139647778624, 1.510876895881902, 1.5017908216862523, 1.4910822342413796, 1.4836186732949532, 1.4693405567017894, 1.4638240116544308, 1.4553869427584702, 1.4482478844618885, 1.4385128049665494, 1.4291022281210553, 1.4174201327266485, 1.4112545823796006, 1.400221492284883, 1.391459920739078, 1.3804268306443608, 1.3723142643982449, 1.3616056769533722, 1.3525196027577224, 1.342460020612539, 1.3324004384673553, 1.3210428457227934, 1.3155263006754345, 1.305466718530251, 1.2950826337352228, 1.2876190727887964, 1.2782084959433022, 1.2662018978990508, 1.2584138343027798, 1.248354252157596, 1.2395926806117912, 1.2311556117158307, 1.2217450348703365, 1.209738436826085, 1.2006523626304355, 1.192215293734475, 1.1789106850908453, 1.1695001082453509, 1.163334557898303, 1.1519769651537408, 1.1399703671094896, 1.1302352876141506, 1.1250432452166366, 1.1101161233237835, 1.1003810438284447, 1.0925929802321734, 1.0838314086863685, 1.0744208318408743, 1.0607917205473998, 1.0513811437019054, 1.0396990483074988, 1.031586482061383, 1.0212023972663549, 1.01244082572055, 1.0040037568245894, 0.988752132281892, 0.9803150633859316, 0.9744740156887282, 0.9601958990955645, 0.9517588301996041, 0.9416992480544205, 0.9313151632593923, 0.9222290890637427, 0.9144410254674715, 0.9037324380225987, 0.892050342628192, 0.8826397657826978, 0.871931178337825, 0.8605735855932629, 0.8518120140474579, 0.8411034266025851, 0.8313683471072462, 0.8235802835109751, 0.8151432146150147, 0.8002160927221617, 0.7924280291258906, 0.7846399655296195, 0.7719843621856789, 0.7590042561918936, 0.7531632084946903, 0.7440771342990407, 0.732395038904634, 0.7216864514597612, 0.711302366664733, 0.7015672871693941, 0.6898851917749874, 0.6788521016802699, 0.6717130433836881, 0.6626269691880384, 0.6525673870428549, 0.6431568101973606, 0.6298522015537308, 0.618170106159324, 0.610382042563053, 0.5983754445188016, 0.5941569100708214, 0.580527798777347, 0.5727397351810758, 0.5610576397866691, 0.550673554991641, 0.5402894701966128, 0.5289318774520507, 0.5204948085560903, 0.5149782635087315, 0.5042696760638588, 0.49323658596914133, 0.4818789932245792, 0.47668695082706514, 0.4630578395335907, 0.4520247494388732, 0.44228966994353436, 0.4341771036974186, 0.42184600300332264, 0.41503144735658537, 0.40270034666248944, 0.3949122830662183, 0.3842036956213455, 0.3780381452742975, 0.36635604987989084, 0.35402494918579486, 0.34493887499014525, 0.33650180609418484, 0.32449520804993354, 0.3157336365041285, 0.3089190808573912, 0.2956144722137614, 0.2897734245165581, 0.2793893397215299, 0.27062776817572487, 0.2615416939800752, 0.24985959858566856, 0.24044902174017427, 0.23038943959499072, 0.2235748839482535, 0.209945772654779, 0.20183320640866326, 0.19404514281239213, 0.18755508981549954, 0.17652199972078209, 0.162568385777463, 0.15770084602979353, 0.14731676123476536, 0.14082670823787274, 0.12979361814315532, 0.12135654924719491, 0.11227047505154526, 0.10383340615558488, 0.09215131076117818, 0.08436324716490705, 0.07560167561910203, 0.06619109877360775, 0.055482511328734954, 0.047045442432774566, 0.0399063841361927, 0.029197796691319892, 0.01881371189629172, 0.014919680098156156, 0.005833605902506507, -0.002927965643298513, -0.014610061037705206, -0.023371632583510226, -0.030186188230247463, -0.04121927832496489, -0.04738482867201287, -0.05647090286766252, -0.06133844261533197, -0.0743185486091172, -0.08243111485523295, -0.09346420494995039, -0.0989807499973091, -0.1074178188932695, -0.11553038513938525, -0.12072242753689934, -0.13143101498177212, -0.14213960242664492, -0.14733164482415903, -0.1567422216696533, -0.16550379321545833, -0.17264285151204017, -0.17848389920924354, -0.18821897870458246, -0.19600704230085358, -0.20411960854696934, -0.21385468804230826, -0.2209937463388901, -0.22878180993516123, -0.23494736028220922, -0.2433844291781696, -0.25182149807413, -0.25766254577133335, -0.26382809611838137, -0.272914170314031, -0.27810621271154506, -0.28621877895766085, -0.29562935580315514, -0.302768414099737, -0.30893396444678495, -0.31737103334274536, -0.3235365836897933, -0.3287286260873074, -0.33976171618202483, -0.3433312453303158, -0.35371533012534395, -0.3611788910717705, -0.3705894679172647, -0.3787020341633805, -0.3809735527122929, -0.38454308186058384, -0.394927166655612, -0.40271523025188316, -0.407258267349708, -0.41439732564628984, -0.42283439454225025, -0.4277019342899197, -0.4322449713877445, -0.44035753763386026, -0.4439270667821512, -0.4530131409778009, -0.4598276966245381, -0.46696675492111994, -0.469562776119877, -0.47767534236599274, -0.48481440066257464, -0.49162895630931186, -0.49552298810744744, -0.5026620464040292, -0.5094766020507665, -0.5117481205996789, -0.5227812106943963, -0.5263507398426872, -0.5282977557417551, -0.5347878087386476, -0.5438738829342973, -0.5467944067828989, -0.5490659253318114, -0.5597745127766842, -0.5639930472246644, -0.5688605869723339, -0.5714566081710909, -0.5782711638178282, -0.5860592274140992, -0.5893042539125456, -0.5938472910103704, -0.6009863493069523, -0.6009863493069523, -0.6071518996540002, -0.6110459314521358, -0.6165624764994945, -0.621430016247164, -0.6321386036920368]
resistor voltages
[0.5826014651003895, 0.5803316450894856, 0.5813044250941587, 0.5813044250941587, 0.5826014651003895, 0.577737565077024, 0.577737565077024, 0.5803316450894856, 0.5751434850645625, 0.5764405250707932, 0.5748192250630048, 0.5748192250630048, 0.5754677450661202, 0.5719008850489855, 0.5715766250474278, 0.5719008850489855, 0.572549405052101, 0.5686582850334085, 0.5696310650380817, 0.5683340250318508, 0.5696310650380817, 0.5647671650147162, 0.5637943850100431, 0.5654156850178316, 0.5644429050131585, 0.5631458650069278, 0.5595790049897931, 0.5602275249929085, 0.5615245649991393, 0.55860622498512, 0.5566606649757738, 0.5573091849788891, 0.5553636249695431, 0.5560121449726584, 0.5508239849477352, 0.5508239849477352, 0.5495269449415044, 0.5482299049352737, 0.5466086049274852, 0.5469328649290429, 0.5469328649290429, 0.5456358249228122, 0.5423932249072352, 0.5433660049119082, 0.5394748848932159, 0.5391506248916582, 0.5407719248994467, 0.536232284877639, 0.532989684862062, 0.5346109848698505, 0.5336382048651773, 0.5313683848542735, 0.5287743048418119, 0.5300713448480426, 0.5265044848309081, 0.5242346648200041, 0.5239104048184464, 0.5252074448246773, 0.5222891048106579, 0.5183979847919656, 0.5196950247981964, 0.5180737247904079, 0.5167766847841772, 0.5154796447779464, 0.511588524759254, 0.5099672247514655, 0.5080216647421193, 0.5080216647421193, 0.5051033247281, 0.5054275847296578, 0.504130544723427, 0.5002394247047346, 0.5005636847062923, 0.5012122047094077, 0.49732108469071534, 0.4944027446766961, 0.4921329246657922, 0.4911601446611191, 0.48953884465333064, 0.48629624463775367, 0.4872690246424268, 0.4833779046237344, 0.48175660461594594, 0.47916252460348435, 0.48013530460815745, 0.47883826460192663, 0.475271404584792, 0.4733258445754458, 0.47040750456142655, 0.4717045445676573, 0.46943472455675345, 0.4661921245411765, 0.4661921245411765, 0.4623010045224841, 0.46327378452715723, 0.4584098845037918, 0.4577613645006764, 0.4551672844882148, 0.45387024448198404, 0.4506276444664071, 0.4499791244632917, 0.4490063444586186, 0.4438181844336955, 0.4447909644383685, 0.4412241044212339, 0.43830576440721464, 0.4370087244009838, 0.43506316439163767, 0.43538742439319533, 0.4324690843791761, 0.42955074436515683, 0.4256596243464644, 0.42338980433556056, 0.42598388434802215, 0.4220927643293298, 0.42079572432309903, 0.41820164431063744, 0.41820164431063744, 0.4152833042966182, 0.4120407042810412, 0.4081495842623488, 0.4065282842545604, 0.4049069842467719, 0.4036099442405411, 0.39744900421094487, 0.4003673442249641, 0.39907030421873335, 0.3938821441938102, 0.39096380417979093, 0.38934250417200245, 0.3890182441704448, 0.3851271241517524, 0.38318156414240623, 0.38091174413150236, 0.3792904441237139, 0.37799340411748306, 0.3724809840910022, 0.37312950409411766, 0.3689141240738676, 0.3698869040785407, 0.3637259640489444, 0.36437448405205985, 0.3611318840364829, 0.3611318840364829, 0.35626798401311743, 0.35399816400221357, 0.35205260399286736, 0.35107982398819426, 0.3455674039617134, 0.3426490639476942, 0.3429733239492519, 0.3403792439367903, 0.3400549839352326, 0.33519108391186714, 0.33292126390096327, 0.3312999638931748, 0.3309757038916171, 0.32578754386669395, 0.322544943851117, 0.32416624385890547, 0.3209236438433285, 0.31638400382152077, 0.3141141838106169, 0.31119584379659765, 0.31119584379659765, 0.3060076837716745, 0.3034136037592129, 0.3027650837560975, 0.29952248374052054, 0.29984674374207826, 0.2949828437187128, 0.29174024370313584, 0.29011894369534735, 0.2904432036969051, 0.28493078367042424, 0.28168818365484727, 0.28103966365173183, 0.2781213236377126, 0.27293316361278946, 0.27260890361123175, 0.2722846436096741, 0.2651509235754047, 0.26579944357852014, 0.26288110356450084, 0.26223258356138546, 0.2580172035411354, 0.25412608352244304, 0.25315330351777, 0.2521805235130969, 0.24537106348038526, 0.24601958348350064, 0.2421284634648083, 0.24018290345546212, 0.23791308344455825, 0.23661604343832746, 0.2343462234274236, 0.23077936341028893, 0.22721250339315427, 0.2239699033775773, 0.22559120338536578, 0.22105156336355802, 0.21878174335265416, 0.21878174335265416, 0.2152148833355195, 0.21099950331526943, 0.20905394330592325, 0.20775690329969249, 0.2054870832887886, 0.20062318326542314, 0.19867762325607696, 0.1960835432436154, 0.19381372323271154, 0.19186816322336536, 0.18797704320467298, 0.18343740318286525, 0.18278888317974984, 0.18149184317351907, 0.1785735031594998, 0.177276463153269, 0.17370960313613434, 0.17143978312523048, 0.17046700312055738, 0.16625162310030733, 0.16333328308628806, 0.1620362430800573, 0.159117903066038, 0.1581451230613649, 0.15425400304267256, 0.15230844303332639, 0.15230844303332639, 0.14647176300528786, 0.14355342299126858, 0.1425806429865955, 0.13836526296634544, 0.13674396295855695, 0.13350136294297998, 0.12993450292584532, 0.12928598292272994, 0.12798894291649915, 0.12150374288534523, 0.12117948288378753, 0.11988244287755674, 0.11599132285886439, 0.11339724284640282, 0.11112742283549895, 0.11307298284484513, 0.10658778281369119, 0.10366944279967193, 0.10302092279655653, 0.10107536278721035, 0.0968599827669603, 0.09523868275917183, 0.09394164275294103, 0.09264460274671026, 0.09167182274203717, 0.08583514271399863, 0.08453810270776783, 0.07999846268596009, 0.08194402269530628, 0.07578308266571004, 0.07383752265636385, 0.07254048265013308, 0.07124344264390228, 0.06540676261586376, 0.06637954262053684, 0.06313694260495988, 0.061839902598729096, 0.055678962569132864, 0.05665174257380595, 0.05373340255978669, 0.053409142558228984, 0.050815062545767425, 0.04595116252240197, 0.04303282250838271, 0.04238430250526731, 0.04043874249592114, 0.034277802466324905, 0.0349263224694403, 0.03233224245697873, 0.028765382439844063, 0.027468342433613277, 0.026171302427382494, 0.023577222414920922, 0.02098314240245935, 0.018064802388440084, 0.0164435023806516, 0.015470722375978511, 0.012876642363516941, 0.010931082354170762, 0.006391442332363013, 0.004445882323016834, 0.002824582315228352, 0.003473102318343745, -0.0004180177003486119, -9.375769879091552e-05, -0.0023635777096947903, -0.005930437726829451, -0.008524517739291021, -0.009173037742406414, -0.013388417762656467, -0.015333977772002646, -0.020197877795368094, -0.019225097790695003, -0.020197877795368094, -0.023764737812502754, -0.02668307782652202, -0.029277157838983593, -0.028952897837425894, -0.03446531786390673, -0.033492537859233645, -0.03414105786234904, -0.0377079178794837, -0.040301997891945274, -0.04257181790284914, -0.044193117910637625, -0.044193117910637625, -0.050029797938676165, -0.05197535794802234, -0.05229961794958003, -0.05327239795425312, -0.05683925797138778, -0.05586647796671469, -0.058460557979176264, -0.06040611798852244, -0.06624279801656098, -0.0642972380072148, -0.06656705801811869, -0.06818835802590716, -0.07175521804304183, -0.07240373804615721, -0.0740250380539457, -0.07467355805706109, -0.07888893807731115, -0.07824041807419575, -0.08083449808665732, -0.08310431809756119, -0.08634691811313816, -0.08634691811313816, -0.08829247812248434, -0.08926525812715742, -0.09121081813650361, -0.09283211814429208, -0.09607471815986905, -0.09412915815052288, -0.09899305817388832, -0.09899305817388832, -0.10320843819413837, -0.10223565818946528, -0.10385695819725377, -0.10807233821750382, -0.1106664182299654, -0.1096936382252923, -0.11163919823463848, -0.11293623824086926, -0.11650309825800392, -0.11553031825333084, -0.11520605825177314, -0.12136699828136938, -0.12136699828136938, -0.12233977828604246, -0.12039421827669629, -0.12396107829383095, -0.12947349832031177, -0.12914923831875408, -0.12947349832031177, -0.13304035833744643, -0.13077053832654256, -0.13336461833900415, -0.13304035833744643, -0.1366072183545811, -0.13887703836548498, -0.13822851836236957, -0.1369314783561388, -0.14049833837327347, -0.1447137183935235, -0.14309241838573503, -0.1450379783950812, -0.14665927840286969, -0.14860483841221586, -0.14795631840910048, -0.14828057841065817, -0.15119891842467745, -0.15087465842311976, -0.15314447843402362, -0.15119891842467745, -0.15703559845271597, -0.15865689846050446, -0.15735985845427367, -0.15735985845427367, -0.15606281844804287, -0.16157523847452374, -0.16125097847296602, -0.16449357848854299, -0.16189949847608143, -0.16319653848231222, -0.1651420984916584, -0.1654663584932161, -0.1654663584932161, -0.17097877851969692, -0.17033025851658154, -0.16806043850567765, -0.17097877851969692, -0.17486989853838927, -0.1738971185337162, -0.1738971185337162, -0.17357285853215848, -0.17357285853215848, -0.17616693854462007, -0.17681545854773545, -0.17843675855552393, -0.17908527855863934, -0.17746397855085086, -0.1807065785664278, -0.1803823185648701, -0.1816793585711009, -0.1829763985773317, -0.18394917858200477, -0.1816793585711009, -0.18427343858356246, -0.18427343858356246, -0.18524621858823556, -0.18459769858512018, -0.18719177859758174, -0.18589473859135094, -0.18784029860069712, -0.18784029860069712, -0.1891373386069279, -0.1891373386069279, -0.18784029860069712, -0.18816455860225484, -0.19237993862250488, -0.19270419862406257, -0.19497401863496647, -0.1914071586178318, -0.18881307860537022, -0.19400123863029337, -0.19432549863185106, -0.19497401863496647, -0.19335271862717798, -0.19659531864275492, -0.1917314186193895, -0.19335271862717798, -0.19302845862562026, -0.19886513865365882, -0.19497401863496647, -0.19270419862406257, -0.19367697862873567, -0.19627105864119723, -0.19497401863496647, -0.19464975863340875, -0.19594679863963954, -0.19497401863496647, -0.19659531864275492, -0.19302845862562026, -0.19594679863963954, -0.19756809864742803, -0.1982166186505434, -0.19594679863963954, -0.19659531864275492, -0.19724383864587033, -0.19724383864587033, -0.19724383864587033, -0.19497401863496647, -0.19594679863963954, -0.19432549863185106, -0.19497401863496647, -0.19335271862717798, -0.2004864386614473, -0.19497401863496647, -0.19691957864431264, -0.19302845862562026, -0.19724383864587033, -0.19627105864119723, -0.19497401863496647, -0.1910828986162741, -0.1917314186193895, -0.19237993862250488, -0.19464975863340875, -0.19497401863496647, -0.19302845862562026, -0.19400123863029337, -0.19432549863185106, -0.19237993862250488, -0.1914071586178318, -0.19497401863496647, -0.19270419862406257, -0.1914071586178318, -0.1914071586178318, -0.1910828986162741, -0.1904343786131587, -0.18978585861004332, -0.1891373386069279, -0.18751603859913943, -0.1904343786131587, -0.18751603859913943, -0.18589473859135094, -0.18524621858823556, -0.18686751859602405, -0.18459769858512018, -0.18427343858356246, -0.1829763985773317, -0.1829763985773317, -0.1820036185726586, -0.1803823185648701, -0.1820036185726586, -0.1803823185648701, -0.17843675855552393, -0.17584267854306238, -0.1807065785664278, -0.17551841854150468, -0.17713971854929314, -0.17519415853994696, -0.1738971185337162, -0.17486989853838927, -0.17486989853838927, -0.1726000785274854, -0.17195155852437, -0.17065451851813923, -0.17000599851502382, -0.16903321851035075, -0.17195155852437, -0.16870895850879306, -0.1628722784807545, -0.16643913849788916, -0.16449357848854299, -0.1625480184791968, -0.16157523847452374, -0.16157523847452374, -0.15930541846361984, -0.15833263845894677, -0.15573855844648518, -0.1554142984449275, -0.15314447843402362, -0.15444151844025442, -0.15282021843246593, -0.15022613842000435, -0.14990187841844665, -0.14860483841221586, -0.14860483841221586, -0.14374093838885044, -0.1460107583997543, -0.14406519839040813, -0.14211963838106195, -0.14406519839040813, -0.14049833837327347, -0.13952555836860037, -0.13952555836860037, -0.13952555836860037, -0.13531017834835032, -0.1346616583452349, -0.13271609833588874, -0.13109479832810025, -0.1297977583218695, -0.12914923831875408, -0.12947349832031177, -0.12493385829850404, -0.12396107829383095, -0.1259066383031771, -0.12266403828760016, -0.1187729182689078, -0.11747587826267701, -0.1190971782704655, -0.11650309825800392, -0.11520605825177314, -0.1093693782237346, -0.11099067823152309, -0.11196345823619618, -0.11001789822685, -0.10547825820504225, -0.10677529821127303, -0.10418121819881146, -0.10158713818634989, -0.1009386181832345, -0.09866879817233062, -0.09607471815986905, -0.09542619815675366, -0.0915350781380613, -0.09348063814740748, -0.08958951812871513, -0.08894099812559973, -0.08602265811158047, -0.08440135810379198, -0.08472561810534968, -0.07888893807731115, -0.07921319807886884, -0.07597059806329187, -0.07791615807263805, -0.073700778052388, -0.073700778052388, -0.06916113803058026, -0.06980965803369564, -0.06786409802434946, -0.06689131801967638, -0.06137889799319554, -0.062027417996310924, -0.060730377990080145, -0.058460557979176264, -0.05327239795425312, -0.05100257794334925, -0.05100257794334925, -0.04873275793244537, -0.04743571792621459, -0.044193117910637625, -0.04484163791375302, -0.043868857909079934, -0.038356437882599084, -0.03543809786857982, -0.03511383786702213, -0.03641087787325291, -0.03024993784365668, -0.0283043778343105, -0.031222717848329768, -0.026034557823406627, -0.021819177803156575, -0.022467697806271968, -0.020197877795368094, -0.019225097790695003, -0.01500971777044495, -0.013388417762656467, -0.012091377756425683, -0.010145817747079504, -0.00690321773150254, -0.0043091377190409685, -0.0023635777096947903, -9.375769879091552e-05, 0.002824582315228352, 0.00477014232457453, 0.00477014232457453, 0.008012742340151494, 0.010931082354170762, 0.014173682369747725, 0.014173682369747725, 0.0164435023806516, 0.015470722375978511, 0.020334622399343957, 0.02260444241024783, 0.027468342433613277, 0.028765382439844063, 0.030710942449190242, 0.03168372245386333, 0.0346020624678826, 0.03525058247099799, 0.03881744248813265, 0.041411522500594225, 0.0433570825099404, 0.045302642519286576, 0.049842282541094324, 0.050815062545767425, 0.05146358254888281, 0.05503044256601747, 0.05762452257847904, 0.059245822586267524, 0.06378546260807527, 0.06378546260807527, 0.06670380262209454, 0.06800084262832533, 0.07091918264234459, 0.07351326265480616, 0.07805290267661391, 0.07805290267661391, 0.0793499426828447, 0.08324106270153706, 0.08486236270932554, 0.0890777427295756, 0.09264460274671026, 0.09394164275294103, 0.09621146276384492, 0.0975085027700757, 0.09880554277630649, 0.10237240279344115, 0.1056150028090181, 0.10918186282615276, 0.10918186282615276, 0.10983038282926816, 0.11761262286665287, 0.11793688286821057, 0.11858540287132596, 0.11890966287288365, 0.12636764290871066, 0.12863746291961456, 0.12831320291805687, 0.13090728293051843, 0.13220432293674922, 0.13771674296323005, 0.13706822296011464, 0.13836526296634544, 0.14485046299749937, 0.14841732301463403, 0.14647176300528786, 0.1493901030193071, 0.1532812230379995, 0.1581451230613649, 0.15619956305201874, 0.16268476308317267, 0.16268476308317267, 0.1685214431112112, 0.16722440310498043, 0.17370960313613434, 0.17111552312367279, 0.17597942314703824, 0.1795462831641729, 0.1798705431657306, 0.18311314318130756, 0.1860314831953268, 0.1886255632077884, 0.19219242322492305, 0.19219242322492305, 0.19705632324828848, 0.20062318326542314, 0.20192022327165393, 0.20192022327165393, 0.2051628232872309, 0.20937820330748094, 0.21164802331838484, 0.2148906233339618, 0.21910600335421185, 0.21910600335421185, 0.22105156336355802, 0.22234860336978882, 0.22786102339626965, 0.22915806340250044, 0.2314278834134043, 0.23402196342586587, 0.23467048342898128, 0.23758882344300053, 0.24277698346792367, 0.24277698346792367, 0.24699236348817374, 0.24893792349751992, 0.249910703502193, 0.25412608352244304, 0.25607164353178924, 0.260611283553597, 0.2599627635504816, 0.2615840635582701, 0.2654751835769624, 0.2683935235909817, 0.27196038360811636, 0.27423020361902023, 0.27455446362057795, 0.2771485436330395, 0.28168818365484727, 0.286227823676655, 0.28493078367042424, 0.2868763436797704, 0.29076746369846274, 0.29368580371248204, 0.2956313637218282, 0.2972526637296167, 0.301143783748309, 0.3021165637529821, 0.3069804637763476, 0.3069804637763476, 0.30957454378880916, 0.3115201037981553, 0.31605974381996305, 0.31865382383242463, 0.31995086383865545, 0.3218964238480016, 0.32578754386669395, 0.32611180386825167, 0.32935440388382864, 0.33194848389629017, 0.3348668239103095, 0.3368123839196556, 0.3403792439367903, 0.3413520239414634, 0.3416762839430211, 0.34491888395859804, 0.34848574397573273, 0.34848574397573273, 0.35302538399754047, 0.35529520400844433, 0.3575650240193482, 0.3575650240193482, 0.3595105840286944, 0.36275318404427137, 0.36502300405517524, 0.3676170840676368, 0.36923838407542525, 0.3724809840910022, 0.37475080410190614, 0.3776691441159254, 0.3792904441237139, 0.38091174413150236, 0.3860999041564255, 0.3854513841533101, 0.38869398416888706, 0.38772120416421396, 0.3948549241984833, 0.3916123241829063, 0.3961519642047141, 0.3961519642047141, 0.4029614242374257, 0.4029614242374257, 0.4071768042576758, 0.40620402425300267, 0.4097708842701373, 0.4110679242763681, 0.4159318242997336, 0.4169046043044066, 0.41917442431531055, 0.4217685043277721, 0.4227412843324452, 0.4237140643371183, 0.42436258434023366, 0.4289022243620414, 0.4292264843635991, 0.431496304374503, 0.4318205643760607, 0.4392785444118877, 0.4396028044134454, 0.43895428441033, 0.44284540442902237, 0.44446670443681086, 0.4470607844492724, 0.4483578244555032, 0.45030338446484935, 0.4535459844804263, 0.4545187644850994, 0.4561400644928879, 0.4584098845037918, 0.46100396451625336, 0.46327378452715723, 0.46262526452404185, 0.464570824533388, 0.47040750456142655, 0.47073176456298427, 0.4717045445676573, 0.4736501045770035, 0.475271404584792, 0.4746228845816766, 0.47754122459569587, 0.4843506846284075, 0.48175660461594594, 0.48272938462061904, 0.48175660461594594, 0.48629624463775367, 0.48759328464398444, 0.4892145846517729, 0.493429964672023, 0.4940784846751384, 0.4937542246735807, 0.4969968246891577, 0.4989423846985038, 0.5005636847062923, 0.5031577647187538, 0.5028335047171962, 0.5054275847296578, 0.5076974047405617, 0.5109400047561387, 0.511588524759254, 0.5099672247514655, 0.5132098247670425, 0.5125613047639271, 0.5183979847919656, 0.5180737247904079, 0.5193707647966387, 0.5196950247981964, 0.5183979847919656, 0.5229376248137734, 0.5255317048262349, 0.5265044848309081, 0.5290985648433696, 0.5287743048418119, 0.5323411648589466, 0.532989684862062, 0.5336382048651773, 0.533962464866735, 0.5352595048729658, 0.536232284877639, 0.5368808048807543, 0.5375293248838697, 0.5410961849010044, 0.5443387849165814, 0.5433660049119082, 0.544663044918139, 0.5462843449259275, 0.5504997249461776, 0.5482299049352737, 0.5488784249383891, 0.5488784249383891, 0.5530938049586391, 0.5537423249617546, 0.5553636249695431, 0.5547151049664276, 0.5563364049742161, 0.5608760449960238, 0.5573091849788891, 0.5589304849866776, 0.5612003049975816, 0.5637943850100431, 0.5644429050131585, 0.5637943850100431, 0.5624973450038123, 0.5683340250318508, 0.5673612450271778, 0.5676855050287355, 0.5686582850334085, 0.5719008850489855, 0.5728736650536587, 0.570279585041197, 0.5719008850489855, 0.5738464450583317, 0.5757920050676779, 0.5715766250474278, 0.577737565077024, 0.5754677450661202, 0.5790346050832549, 0.5744949650614471, 0.576764785072351, 0.5770890450739087, 0.5822772050988319, 0.5822772050988319, 0.5774133050754664, 0.5813044250941587, 0.5835742451050626, 0.5822772050988319, 0.5858440651159664, 0.5838985051066203, 0.5845470251097357, 0.5861683251175241, 0.5858440651159664, 0.5851955451128511, 0.5907079651393319, 0.5884381451284281, 0.5874653651237549, 0.5887624051299858, 0.5910322251408896, 0.5907079651393319, 0.5907079651393319, 0.5894109251331011, 0.5907079651393319, 0.5913564851424473, 0.5929777851502358, 0.5929777851502358, 0.5926535251486781, 0.5907079651393319, 0.5933020451517935, 0.5939505651549088, 0.5942748251564666, 0.5942748251564666, 0.5955718651626973, 0.5910322251408896, 0.5945990851580243, 0.5965446451673705, 0.5952476051611396, 0.5978416851736013, 0.5965446451673705, 0.5965446451673705, 0.5971931651704858, 0.5942748251564666, 0.5988144651782743, 0.5968689051689281, 0.5971931651704858, 0.5965446451673705, 0.598165945175159, 0.5975174251720435, 0.5968689051689281, 0.5942748251564666, 0.5955718651626973, 0.5968689051689281, 0.5952476051611396, 0.5965446451673705, 0.5945990851580243, 0.5968689051689281, 0.5952476051611396, 0.5965446451673705, 0.5952476051611396, 0.595896125164255, 0.5945990851580243, 0.5933020451517935, 0.5955718651626973, 0.5955718651626973, 0.5945990851580243, 0.591680745144005, 0.5955718651626973, 0.5933020451517935, 0.5945990851580243, 0.5929777851502358, 0.5929777851502358, 0.5929777851502358, 0.5887624051299858, 0.5933020451517935, 0.591680745144005, 0.591680745144005, 0.5910322251408896, 0.5884381451284281, 0.5900594451362166, 0.591680745144005, 0.5900594451362166, 0.5874653651237549, 0.5894109251331011, 0.5874653651237549, 0.5848712851112934, 0.5858440651159664, 0.5861683251175241, 0.5890866651315434, 0.5845470251097357, 0.5835742451050626, 0.5835742451050626, 0.5858440651159664, 0.5822772050988319, 0.5813044250941587, 0.5780618250785817, 0.5803316450894856, 0.5816286850957164, 0.5770890450739087, 0.5774133050754664, 0.5751434850645625, 0.5764405250707932, 0.5731979250552163, 0.5761162650692356, 0.5744949650614471, 0.5719008850489855, 0.569306805036524, 0.5696310650380817, 0.5696310650380817, 0.5709281050443125, 0.5719008850489855, 0.5657399450193893, 0.5683340250318508, 0.5657399450193893, 0.56703698502562, 0.5624973450038123, 0.5631458650069278, 0.5612003049975816, 0.5612003049975816, 0.5573091849788891, 0.5589304849866776, 0.55860622498512, 0.5573091849788891, 0.5530938049586391, 0.5530938049586391, 0.5550393649679853, 0.5514725049508507, 0.5492026849399467, 0.5475813849321582, 0.5514725049508507, 0.5492026849399467, 0.5469328649290429, 0.5456358249228122, 0.5443387849165814, 0.5430417449103505, 0.5423932249072352, 0.5417447049041197, 0.5385021048885428, 0.5381778448869851, 0.5349352448714081, 0.5326654248605043, 0.529747084846485, 0.5313683848542735, 0.5290985648433696, 0.5290985648433696, 0.5252074448246773, 0.5274772648355811, 0.5242346648200041, 0.5252074448246773, 0.5235861448168888, 0.5183979847919656, 0.5183979847919656, 0.5151553847763887, 0.5183979847919656, 0.5135340847686002, 0.5122370447623694, 0.5096429647499078, 0.5076974047405617, 0.5096429647499078, 0.5086701847452347, 0.5047790647265423, 0.5038062847218693, 0.50088794470785, 0.5012122047094077, 0.4960240446844846, 0.4979696046938307, 0.49667256468759996, 0.4921329246657922, 0.4908358846595614, 0.4921329246657922, 0.48986310465488836, 0.48791754464554216, 0.4882418046470999, 0.4814323446143882, 0.48110808461283056, 0.4804595646097151, 0.47818974459881125, 0.4746228845816766, 0.4746228845816766, 0.4755956645863497, 0.47040750456142655, 0.4681376845505227, 0.4691104645551958, 0.4629495245255995, 0.46359804452871495, 0.46100396451625336, 0.4597069245100226, 0.4587341445053495, 0.45322172447886866, 0.45387024448198404, 0.45322172447886866, 0.4506276444664071, 0.4480335644539455, 0.4470607844492724, 0.44349392443213775, 0.4396028044134454, 0.44252114442746465, 0.4386300244087723, 0.43376612438540685, 0.4360359443963107, 0.43117204437294526, 0.4305235243698299, 0.42695666435269525, 0.428253704358926, 0.4224170243308875, 0.42079572432309903, 0.41982294431842593, 0.42079572432309903, 0.4139862642903874, 0.4136620042888297, 0.4110679242763681, 0.4081495842623488, 0.40750106425923344, 0.4055555042498873, 0.4019886442327526, 0.4019886442327526, 0.40425846424365647, 0.3945306641969256, 0.3935578841922525, 0.3945306641969256, 0.38966676417356017, 0.3851271241517524, 0.3851271241517524, 0.3870726841610986, 0.3828573041408485, 0.37961470412527154, 0.3753993241050215, 0.3753993241050215, 0.37312950409411766, 0.3698869040785407, 0.366320044061406, 0.366320044061406, 0.36502300405517524, 0.3601591040318098, 0.35983484403025207, 0.3575650240193482, 0.35432242400377123, 0.3517283439913097, 0.34686444396794425, 0.3471887039695019, 0.34589166396327115, 0.3426490639476942, 0.3413520239414634, 0.33616386391654024, 0.3387579439290018, 0.33292126390096327, 0.3303271838885017, 0.3270845838729248, 0.3270845838729248, 0.32416624385890547, 0.3212479038448862, 0.3212479038448862, 0.31638400382152077, 0.3128171438043861, 0.31119584379659765, 0.30925028378725145, 0.3079532437810207, 0.3060076837716745, 0.3030893437576552, 0.30049526374519364, 0.2975769237311744, 0.2972526637296167, 0.2943343237155974, 0.29109172370002045, 0.2865520836782127, 0.2865520836782127, 0.28395800366575114, 0.28168818365484727, 0.28136392365328955, 0.2758515036268087, 0.2722846436096741, 0.27358168361590485, 0.2683935235909817, 0.2654751835769624, 0.26288110356450084, 0.26223258356138546, 0.2567201635349046, 0.2557473835302315, 0.25282904351621227, 0.25445034352400075, 0.2505592235053084, 0.24537106348038526, 0.24374976347259678, 0.24245272346636598, 0.23985864345390442, 0.23629178343676976, 0.23402196342586587, 0.231752143414962, 0.22948232340405814, 0.22688824339159655, 0.2239699033775773, 0.22234860336978882, 0.21910600335421185, 0.21683618334330798, 0.2129450633246156, 0.21035098331215404, 0.20970246330903866, 0.20775690329969249, 0.2041900432825578, 0.19900188325763468, 0.19867762325607696, 0.19835336325451927, 0.1951107632389423, 0.18797704320467298, 0.1870042631999999, 0.1886255632077884, 0.18278888317974984, 0.18181610317507677, 0.1782492431579421, 0.1795462831641729, 0.17014274311899968, 0.1707912631221151, 0.169818483117442, 0.17046700312055738, 0.16398180308940347, 0.1607392030738265, 0.15846938306292263, 0.15782086305980722, 0.15587530305046104, 0.1506871430255379, 0.14776880301151865, 0.14712028300840324, 0.14355342299126858, 0.1403108229756916, 0.1403108229756916, 0.13674396295855695, 0.13674396295855695, 0.13058302292896073, 0.1315558029336338, 0.12831320291805687, 0.12701616291182607, 0.12215226288846062, 0.12053096288067214, 0.11663984286197979, 0.115342802855749, 0.11177594283861433, 0.10853334282303738, 0.10723630281680659, 0.10529074280746041, 0.10334518279811424, 0.09912980277786418, 0.09848128277474878, 0.09394164275294103, 0.09394164275294103, 0.09037478273580637, 0.08875348272801789, 0.08810496272490251, 0.08486236270932554, 0.0796742026844024, 0.0783771626781716, 0.07578308266571004, 0.07383752265636385, 0.07286474265169077, 0.06897362263299842, 0.06800084262832533, 0.06443398261119067, 0.061839902598729096, 0.05697600257536366, 0.05697600257536366, 0.05470618256445978, 0.054381922562902085, 0.052112102551998205, 0.05016654254265203, 0.04562690252084428, 0.04368134251149809, 0.04043874249592114, 0.03849318248657496, 0.03719614248034417, 0.03687188247878648, 0.03330502246165182, 0.030710942449190242, 0.030710942449190242, 0.025198522422709403, 0.02292870241180553, 0.01903758239311317, 0.01903758239311317, 0.01741628238532469, 0.015470722375978511, 0.011579602357286155, 0.010606822352613066, 0.008661262343266887, 0.006391442332363013, 0.00477014232457453, 0.002176062312112959, -0.0023635777096947903, -0.0049576577221563615, -0.0056061777252717545, -0.007875997736175628, -0.008200257737733325, -0.01306415776109877, -0.011767117754867986, -0.01663101777823343, -0.017928057784464217, -0.02117065780004118, -0.022467697806271968, -0.023764737812502754, -0.027331597829637413, -0.028952897837425894, -0.0283043778343105, -0.030898457846772073, -0.03187123785144516, -0.036735137874810614, -0.03803217788104139, -0.037059397876368305, -0.04322033790596454, -0.04549015791686842, -0.04743571792621459, -0.0461386779199838, -0.05197535794802234, -0.05100257794334925, -0.05392091795736852, -0.05586647796671469, -0.0561907379682724, -0.06170315799475323, -0.06235167799786863, -0.06332445800254172, -0.0642972380072148, -0.06656705801811869, -0.06883687802902255, -0.06980965803369564, -0.07207947804459952, -0.07597059806329187, -0.07597059806329187, -0.07629485806484958, -0.07824041807419575, -0.08180727809133041, -0.08440135810379198, -0.08472561810534968, -0.08602265811158047, -0.08861673812404204, -0.09283211814429208, -0.09023803813183051, -0.09380489814896517, -0.09380489814896517, -0.09899305817388832, -0.09964157817700371, -0.09607471815986905, -0.10385695819725377, -0.10255991819102298, -0.10709955821283074, -0.10482973820192686, -0.10872085822061921, -0.11131493823308078, -0.11293623824086926, -0.11261197823931157, -0.11390901824554235, -0.11650309825800392, -0.11974569827358089, -0.11780013826423472, -0.11780013826423472, -0.12363681829227324, -0.12623089830473483, -0.1259066383031771, -0.12525811830006173, -0.1285007183156387, -0.12947349832031177, -0.13206757833277336, -0.13174331833121566, -0.13206757833277336, -0.13433739834367722, -0.13531017834835032, -0.1346616583452349, -0.13887703836548498, -0.14147111837794654, -0.14276815838417733, -0.14082259837483116, -0.14374093838885044, -0.14244389838261964, -0.14698353840442738, -0.1450379783950812, -0.14860483841221586, -0.1476320584075428, -0.15087465842311976, -0.15217169842935052, -0.1541172584386967, -0.15314447843402362, -0.153792998437139, -0.15573855844648518, -0.15573855844648518, -0.15800837845738908, -0.16027819846829294, -0.16092671847140833, -0.16189949847608143, -0.16125097847296602, -0.1641693184869853, -0.1641693184869853, -0.16643913849788916, -0.16611487849633147, -0.16741191850256226, -0.16643913849788916, -0.16870895850879306, -0.17065451851813923, -0.17033025851658154, -0.16935747851190844, -0.17357285853215848, -0.17357285853215848, -0.17519415853994696, -0.17681545854773545, -0.17519415853994696, -0.17778823855240855, -0.17713971854929314, -0.18005805856331242, -0.17940953856019703, -0.17811249855396624, -0.1807065785664278, -0.1807065785664278, -0.1807065785664278, -0.18427343858356246, -0.18330065857888939, -0.18362491858044708, -0.18427343858356246, -0.18589473859135094, -0.18816455860225484, -0.18621899859290866, -0.18557047858979325, -0.18751603859913943, -0.19011011861160101, -0.18978585861004332, -0.18784029860069712, -0.19011011861160101, -0.1920556786209472, -0.1914071586178318, -0.19011011861160101, -0.1917314186193895, -0.19464975863340875, -0.19237993862250488, -0.19237993862250488, -0.19497401863496647, -0.19497401863496647, -0.19562253863808185, -0.18978585861004332, -0.19400123863029337, -0.19335271862717798, -0.19464975863340875, -0.19367697862873567, -0.19659531864275492, -0.19302845862562026, -0.19464975863340875, -0.19335271862717798, -0.19367697862873567, -0.1982166186505434, -0.19627105864119723, -0.19594679863963954, -0.19562253863808185, -0.19724383864587033, -0.19854087865210113, -0.19691957864431264, -0.19594679863963954, -0.19594679863963954, -0.19691957864431264, -0.19691957864431264, -0.19529827863652416, -0.19724383864587033, -0.19659531864275492, -0.19724383864587033, -0.19497401863496647, -0.19854087865210113, -0.19659531864275492, -0.19691957864431264, -0.19497401863496647, -0.19529827863652416, -0.19529827863652416, -0.19497401863496647, -0.19627105864119723, -0.19529827863652416, -0.19594679863963954, -0.19367697862873567, -0.19302845862562026, -0.19400123863029337, -0.19529827863652416, -0.1920556786209472, -0.19270419862406257, -0.19367697862873567, -0.19302845862562026, -0.19432549863185106, -0.1914071586178318, -0.1914071586178318, -0.18978585861004332, -0.1917314186193895, -0.18816455860225484, -0.1904343786131587, -0.18848881860381253, -0.18978585861004332, -0.18751603859913943, -0.18881307860537022, -0.18751603859913943, -0.18654325859446635, -0.1829763985773317, -0.18816455860225484, -0.18427343858356246, -0.18427343858356246, -0.18427343858356246, -0.18232787857421628, -0.18362491858044708, -0.17973379856175473, -0.1829763985773317, -0.1803823185648701, -0.17973379856175473, -0.17713971854929314, -0.17843675855552393, -0.17908527855863934, -0.17713971854929314, -0.17519415853994696, -0.17486989853838927, -0.17227581852592772, -0.17454563853683158, -0.1738971185337162, -0.17195155852437, -0.1716272985228123, -0.17195155852437, -0.16968173851346613, -0.16903321851035075, -0.16741191850256226, -0.16935747851190844, -0.1638450584854276, -0.1628722784807545, -0.15833263845894677, -0.16092671847140833, -0.16157523847452374, -0.16060245846985063, -0.15768411845583136, -0.15898115846206215, -0.15573855844648518, -0.15444151844025442, -0.15217169842935052, -0.1547657784418121, -0.15217169842935052, -0.15087465842311976, -0.14860483841221586, -0.14860483841221586, -0.14860483841221586, -0.14698353840442738, -0.14374093838885044, -0.1450379783950812, -0.14276815838417733, -0.14147111837794654, -0.13790425836081188, -0.13984981837015806, -0.1385527783639273, -0.1359586983514657, -0.13401313834211953, -0.13336461833900415, -0.13433739834367722, -0.13109479832810025, -0.128176458314081, -0.12914923831875408, -0.128176458314081, -0.1275279383109656, -0.12363681829227324, -0.12006995827513858, -0.12169125828292707, -0.11974569827358089, -0.11747587826267701, -0.11228771823775387, -0.11553031825333084, -0.11293623824086926, -0.11131493823308078, -0.10709955821283074, -0.10904511822217691, -0.10742381821438843, -0.10580251820659994, -0.10320843819413837, -0.10418121819881146, -0.10191139818790759, -0.09899305817388832, -0.09802027816921523, -0.09510193815519596, -0.091859338139619, -0.09056229813338822, -0.08991377813027282, -0.08926525812715742, -0.08764395811936895, -0.08764395811936895, -0.08115875808821502, -0.08115875808821502, -0.08083449808665732, -0.07921319807886884, -0.07564633806173418, -0.07564633806173418, -0.073700778052388, -0.07434929805550339, -0.06916113803058026, -0.06656705801811869, -0.06267593799942632, -0.0642972380072148, -0.06170315799475323, -0.06137889799319554, -0.05456943796048391, -0.0561907379682724, -0.054893697962041604, -0.04970553793711846, -0.04970553793711846, -0.04743571792621459, -0.04516589791531071, -0.03997773789038757, -0.04354459790752223, -0.040301997891945274, -0.04159903789817605, -0.03446531786390673, -0.037059397876368305, -0.030898457846772073, -0.03446531786390673, -0.0283043778343105, -0.0286286378358682, -0.021819177803156575, -0.022791957807829662, -0.02214343780471427, -0.017928057784464217, -0.015333977772002646, -0.014361197767329557, -0.011118597751752593, -0.009821557745521807, -0.008848777740848718, -0.005930437726829451, -0.0033363577143678794, -0.0004180177003486119, 0.002176062312112959, 0.004445882323016834, 0.002824582315228352, 0.007364222337036101, 0.00930978234638228, 0.010931082354170762, 0.015146462374420815, 0.015470722375978511, 0.016767762382209297, 0.021307402404017045, 0.025198522422709403, 0.025847042425824796, 0.028441122438286368, 0.028441122438286368, 0.03298076246009411, 0.0349263224694403, 0.0346020624678826, 0.03654762247722877, 0.03979022249280574, 0.042708562506825004, 0.04595116252240197, 0.04659968252551737, 0.05113932254732512, 0.0527606225551136, 0.05373340255978669, 0.05730026257692135, 0.059245822586267524, 0.06281268260340218, 0.06378546260807527, 0.06410972260963296, 0.06702806262365224, 0.07221622264857538, 0.07383752265636385, 0.07610734266726774, 0.0783771626781716, 0.08324106270153706, 0.08324106270153706, 0.08518662271088323, 0.0890777427295756, 0.08875348272801789, 0.09232034274515255, 0.09167182274203717, 0.09588720276228721, 0.10269666279499884, 0.10075110278565266, 0.10334518279811424, 0.1056150028090181, 0.11145168283705664, 0.11307298284484513, 0.11631558286042208, 0.11761262286665287, 0.12053096288067214, 0.12117948288378753, 0.12312504289313371, 0.12993450292584532, 0.12993450292584532, 0.13188006293519153, 0.1341498829460954, 0.13447414294765309, 0.13836526296634544, 0.14485046299749937, 0.144201942994384, 0.14485046299749937, 0.14712028300840324, 0.15360548303955718, 0.15457826304423025, 0.15360548303955718, 0.15846938306292263, 0.1607392030738265, 0.16398180308940347, 0.16787292310809582, 0.16754866310653813, 0.17014274311899968, 0.17273682313146127, 0.17468238314080745, 0.1795462831641729, 0.18116758317196135, 0.18668000319844222, 0.18473444318909601, 0.1860314831953268, 0.19219242322492305, 0.19348946323115382, 0.1957592832420577, 0.19900188325763468, 0.20094744326698086, 0.20581134329034628, 0.2041900432825578, 0.21002672331059635, 0.2152148833355195, 0.213593583327731, 0.21716044334486567, 0.21878174335265416, 0.22007878335888492, 0.22559120338536578, 0.22850954339938503, 0.22818528339782734, 0.2330491834211928, 0.2343462234274236, 0.23499474343053897, 0.23921012345078901, 0.2418042034632506, 0.24472254347726985, 0.24569532348194295, 0.2482894034944045, 0.25088348350686607, 0.25315330351777, 0.2567201635349046, 0.260611283553597, 0.2599627635504816, 0.26482666357384704, 0.26320536356605856, 0.2677450035878663, 0.27098760360344326, 0.27001482359877016, 0.275527243625251, 0.28039114364861645, 0.28136392365328955, 0.2846065236688665, 0.28752486368288577, 0.2865520836782127, 0.29011894369534735, 0.2949828437187128, 0.2982254437342898, 0.29627988372494357, 0.30049526374519364, 0.30081952374675136, 0.3047106437654437, 0.3079532437810207, 0.3115201037981553, 0.3141141838106169, 0.3141141838106169, 0.31541122381684766, 0.31865382383242463, 0.32416624385890547, 0.3254632838651363, 0.32578754386669395, 0.32740884387448244, 0.3338940439056364, 0.33454256390875176, 0.33551534391342486, 0.33810942392588644, 0.3416762839430211, 0.3420005439445788, 0.34589166396327115, 0.348161483974175, 0.35399816400221357, 0.35529520400844433, 0.35432242400377123, 0.3569165040162328, 0.3601591040318098, 0.3646987440536175, 0.36405022405050214, 0.36599578405984834, 0.36599578405984834, 0.3744265441003484, 0.37215672408944456, 0.3744265441003484, 0.37702062411281, 0.380263224128387, 0.38091174413150236, 0.3854513841533101, 0.3864241641579832, 0.38966676417356017, 0.38999102417511783, 0.39063954417823327, 0.39712474420938715, 0.39809752421406025, 0.39842178421561797, 0.402637164235868, 0.4032856842389834, 0.40620402425300267, 0.40685254425611805, 0.40879810426546426, 0.4123649642825989, 0.4143105242919451, 0.4149590442950605, 0.4188501643137528, 0.4204714643215413, 0.4237140643371183, 0.42695666435269525, 0.428253704358926, 0.42695666435269525, 0.431496304374503, 0.43279334438073375, 0.4360359443963107, 0.4379815044056569, 0.43992706441500307, 0.44316966443058003, 0.44316966443058003, 0.44608800444459934, 0.4483578244555032, 0.4480335644539455, 0.44965486446173397, 0.4506276444664071, 0.45322172447886866, 0.45646432449444563, 0.4613282245178111, 0.4584098845037918, 0.46100396451625336, 0.4681376845505227, 0.4668406445442919, 0.46781342454896496, 0.46943472455675345, 0.47397436457856124, 0.47300158457388813, 0.47656844459102277, 0.47916252460348435, 0.48013530460815745, 0.47818974459881125, 0.4846749446299652, 0.4840264246268498, 0.48629624463775367, 0.4866205046393114, 0.4908358846595614, 0.4911601446611191, 0.4918086646642345, 0.490187364656446, 0.4969968246891577, 0.4989423846985038, 0.5002394247047346, 0.4995909047016192, 0.5018607247125231, 0.5060761047327732, 0.507373144739004, 0.5067246247358885, 0.5076974047405617, 0.5109400047561387, 0.5122370447623694, 0.5161281647810617, 0.515803904779504, 0.5187222447935234, 0.5193707647966387, 0.5219648448091003, 0.5222891048106579, 0.5219648448091003, 0.5232618848153311, 0.5255317048262349, 0.5252074448246773, 0.5287743048418119, 0.5303956048496004, 0.5303956048496004, 0.5307198648511581, 0.532989684862062, 0.5352595048729658, 0.537205064882312, 0.537205064882312, 0.5375293248838697, 0.541420444902562, 0.5443387849165814, 0.5420689649056775, 0.543690264913466, 0.5462843449259275, 0.5453115649212544, 0.5482299049352737, 0.5466086049274852, 0.5517967649524084, 0.5553636249695431, 0.5504997249461776, 0.5527695449570814, 0.5540665849633122, 0.5573091849788891, 0.5553636249695431, 0.5576334449804469, 0.5579577049820046, 0.5608760449960238, 0.5595790049897931, 0.5644429050131585, 0.5631458650069278, 0.5644429050131585, 0.56703698502562, 0.5654156850178316, 0.5657399450193893, 0.569306805036524, 0.5738464450583317, 0.566064205020947, 0.5712523650458702, 0.5719008850489855, 0.573522185056774, 0.5719008850489855, 0.5751434850645625, 0.5754677450661202, 0.5751434850645625, 0.5774133050754664, 0.5787103450816972, 0.577737565077024, 0.5787103450816972, 0.5816286850957164, 0.5783860850801394, 0.5826014651003895, 0.5845470251097357, 0.5822772050988319, 0.5826014651003895, 0.5829257251019472, 0.5845470251097357, 0.5845470251097357, 0.5851955451128511, 0.5864925851190819, 0.5884381451284281, 0.5871411051221973, 0.5907079651393319, 0.5864925851190819, 0.5903837051377743, 0.5884381451284281, 0.5871411051221973, 0.5887624051299858, 0.5920050051455628, 0.5910322251408896, 0.591680745144005, 0.5897351851346588, 0.5933020451517935, 0.5942748251564666, 0.5923292651471204, 0.5933020451517935, 0.5945990851580243, 0.591680745144005, 0.5968689051689281, 0.5965446451673705, 0.5952476051611396, 0.5965446451673705, 0.5952476051611396, 0.5965446451673705, 0.5978416851736013, 0.598165945175159, 0.5965446451673705, 0.5978416851736013, 0.5968689051689281, 0.5955718651626973, 0.598165945175159, 0.599138725179832, 0.5968689051689281, 0.5978416851736013, 0.5975174251720435, 0.5965446451673705, 0.5975174251720435, 0.5997872451829475, 0.5965446451673705, 0.5975174251720435, 0.5978416851736013, 0.5984902051767166, 0.5965446451673705, 0.5968689051689281, 0.5978416851736013, 0.5945990851580243, 0.5968689051689281, 0.5968689051689281, 0.5955718651626973, 0.5965446451673705, 0.5952476051611396, 0.5968689051689281, 0.598165945175159, 0.5945990851580243, 0.5965446451673705, 0.5929777851502358, 0.5939505651549088, 0.5945990851580243, 0.5920050051455628, 0.5929777851502358, 0.5933020451517935, 0.594923345159582, 0.5923292651471204, 0.5910322251408896, 0.5910322251408896, 0.5939505651549088, 0.5890866651315434, 0.5907079651393319, 0.5868168451206396, 0.5910322251408896, 0.5910322251408896, 0.5871411051221973, 0.5858440651159664, 0.5861683251175241, 0.5874653651237549, 0.5861683251175241, 0.5861683251175241, 0.5845470251097357, 0.5845470251097357, 0.5826014651003895, 0.5835742451050626, 0.5819529450972741, 0.5835742451050626, 0.5806559050910434, 0.5796831250863702, 0.5796831250863702, 0.5780618250785817, 0.5751434850645625, 0.573522185056774, 0.5757920050676779, 0.5764405250707932, 0.5744949650614471, 0.5738464450583317, 0.5728736650536587, 0.5715766250474278, 0.570279585041197, 0.570279585041197, 0.5696310650380817, 0.5715766250474278, 0.5689825450349663, 0.5647671650147162, 0.5637943850100431, 0.5667127250240623, 0.5608760449960238, 0.5608760449960238, 0.5608760449960238, 0.5624973450038123, 0.5582819649835623, 0.5573091849788891, 0.5540665849633122, 0.5530938049586391, 0.5553636249695431, 0.5527695449570814, 0.5521210249539661, 0.5501754649446199, 0.5511482449492929, 0.5492026849399467, 0.547905644933716, 0.5482299049352737, 0.5475813849321582, 0.5430417449103505, 0.544663044918139, 0.5417447049041197, 0.5417447049041197, 0.5381778448869851, 0.5381778448869851, 0.5359080248760812, 0.5352595048729658, 0.5333139448636196, 0.5333139448636196, 0.5310441248527158, 0.5303956048496004, 0.5255317048262349, 0.5268287448324658, 0.5261802248293503, 0.5232618848153311, 0.5196950247981964, 0.5219648448091003, 0.5193707647966387, 0.5193707647966387, 0.5161281647810617, 0.5138583447701579, 0.5132098247670425, 0.5119127847608117, 0.5076974047405617, 0.5080216647421193, 0.507373144739004, 0.5064003647343308, 0.5038062847218693, 0.5015364647109654, 0.5015364647109654, 0.5028335047171962, 0.4944027446766961, 0.49569978468292686, 0.4937542246735807, 0.4927814446689076, 0.49148440466267684, 0.4882418046470999, 0.48856606464865754, 0.48532346463308057, 0.4849992046315229, 0.47916252460348435, 0.47948678460504207, 0.4837021646252921, 0.475271404584792, 0.4742986245801189, 0.47300158457388813, 0.47397436457856124, 0.4684619445520804, 0.4681376845505227, 0.46521934453650343, 0.464570824533388, 0.4639223045302726, 0.46100396451625336, 0.4584098845037918, 0.4561400644928879, 0.4561400644928879, 0.45192468447263784, 0.4509519044679648, 0.4483578244555032, 0.4470607844492724, 0.44543948444148396, 0.44316966443058003, 0.4396028044134454, 0.4402513244165608, 0.4370087244009838, 0.43473890439007995, 0.42955074436515683, 0.43279334438073375, 0.42695666435269525, 0.42760518435581063, 0.4237140643371183, 0.42338980433556056, 0.4217685043277721, 0.4185259043121951, 0.4159318242997336, 0.41463478429350276, 0.4113921842779258, 0.4097708842701373, 0.4065282842545604, 0.4055555042498873, 0.40587976425144495, 0.4003673442249641, 0.39907030421873335, 0.3968004842078295, 0.39874604421717563, 0.3925851041875794, 0.38966676417356017, 0.38966676417356017, 0.38772120416421396, 0.3838300841455216, 0.3828573041408485, 0.3828573041408485, 0.37896618412215616, 0.3757235841065792, 0.37118394408477146, 0.36956264407698297, 0.3682656040707522, 0.3682656040707522, 0.36242892404271365, 0.36145614403804055, 0.3595105840286944, 0.3601591040318098, 0.35334964399909813, 0.35432242400377123, 0.35302538399754047, 0.34848574397573273, 0.3471887039695019, 0.34394610395392494, 0.34329758395080956, 0.33616386391654024, 0.33616386391654024, 0.33648812391809796, 0.33292126390096327, 0.32676032387136705, 0.32838162387915554, 0.32319346385423237, 0.3235177238557901, 0.31962660383709773, 0.31605974381996305, 0.31638400382152077, 0.31119584379659765, 0.3089260237856937, 0.3069804637763476, 0.30665620377478986, 0.30049526374519364, 0.3017923037514244, 0.2982254437342898, 0.2959556237233859, 0.29368580371248204, 0.29011894369534735, 0.28849764368755887, 0.286227823676655, 0.2846065236688665, 0.28039114364861645, 0.2771485436330395, 0.2784455836392703, 0.2722846436096741, 0.27001482359877016, 0.27098760360344326, 0.2664479635816355, 0.26288110356450084, 0.2599627635504816, 0.2615840635582701, 0.25607164353178924, 0.25445034352400075, 0.25088348350686607, 0.24893792349751992, 0.24764088349128913, 0.24439828347571216, 0.2414799434616929, 0.23856160344767363, 0.23564326343365435, 0.23564326343365435, 0.2320764034165197, 0.23110362341184662, 0.22721250339315427, 0.22234860336978882, 0.22105156336355802, 0.21683618334330798, 0.2152148833355195, 0.21197228331994253, 0.21229654332150022, 0.20872968330436556, 0.20321726327788472, 0.20451430328411552, 0.20321726327788472, 0.1973805832498462, 0.1951107632389423, 0.1951107632389423, 0.19413798323426923, 0.18668000319844222, 0.18473444318909601, 0.18181610317507677, 0.18181610317507677, 0.1795462831641729, 0.1776007231548267, 0.17370960313613434, 0.17208830312834586, 0.1691699631143266, 0.16657588310186502, 0.16560310309719195, 0.16138772307694188, 0.15846938306292263, 0.15717234305669184, 0.15230844303332639, 0.15230844303332639, 0.14971436302086483, 0.14647176300528786, 0.14485046299749937, 0.1416078629819224, 0.1416078629819224, 0.13577118295388388, 0.13512266295076847, 0.13188006293519153, 0.1315558029336338, 0.12766468291494146, 0.12669190291026838, 0.12280078289157602, 0.12020670287911445, 0.11404576284951821, 0.1143700228510759, 0.11274872284328742, 0.10950612282771047, 0.10983038282926816, 0.10334518279811424, 0.10431796280278732, 0.10204814279188344, 0.09977832278097958, 0.0975085027700757, 0.09232034274515255, 0.09361738275138334, 0.08875348272801789, 0.0877807027233448, 0.08291680269997936, 0.07870142267972931, 0.07772864267505622, 0.07416178265792156, 0.07383752265636385, 0.07091918264234459, 0.07124344264390228, 0.06540676261586376, 0.06378546260807527, 0.06054286259249832, 0.06281268260340218, 0.058273042581594436, 0.05665174257380595, 0.05470618256445978, 0.05113932254732512, 0.04757246253019046, 0.044978382517728885, 0.04659968252551737, 0.04076300249747883, 0.03946596249124805, 0.03946596249124805, 0.0346020624678826, 0.03233224245697873, 0.028765382439844063, 0.029738162444517154, 0.02649556242894019, 0.021307402404017045, 0.021955922407132438, 0.01936184239467087, 0.016119242379093904, 0.014173682369747725, 0.012552382361959245, 0.011903862358843852, 0.00833700234170919, 0.006067182330805316, 0.004445882323016834, -0.0007422777019063083, -0.0010665377034640047, -9.375769879091552e-05, -0.007551737734617933, -0.0062546977283871475, -0.0056061777252717545, -0.008200257737733325, -0.014685457768887253, -0.015658237773560343, -0.015333977772002646, -0.017603797782906522, -0.023764737812502754, -0.022791957807829662, -0.022791957807829662, -0.027655857831195108, -0.029277157838983593, -0.03057419784521438, -0.033168277857675954, -0.03608661787169522, -0.037059397876368305, -0.040626257893502965, -0.044193117910637625, -0.04257181790284914, -0.044193117910637625, -0.05067831794179155, -0.05035405794023386, -0.04873275793244537, -0.05100257794334925, -0.0561907379682724, -0.05878481798073397, -0.06040611798852244, -0.05943333798384935, -0.0646214980087725, -0.06656705801811869, -0.06624279801656098, -0.06818835802590716, -0.06980965803369564, -0.07272799804771492, -0.07532207806017649, -0.07467355805706109, -0.07824041807419575, -0.07953745808042653, -0.08148301808977272, -0.08115875808821502, -0.08894099812559973, -0.08634691811313816, -0.09121081813650361, -0.08926525812715742, -0.0915350781380613, -0.09315637814584979, -0.09510193815519596, -0.09866879817233062, -0.0999658381785614, -0.1009386181832345, -0.10288417819258068, -0.10191139818790759, -0.10580251820659994, -0.10807233821750382, -0.1096936382252923, -0.1093693782237346, -0.1093693782237346, -0.11293623824086926, -0.11650309825800392, -0.11650309825800392, -0.11650309825800392, -0.11942143827202319, -0.12298829828915786, -0.12104273827981167, -0.12428533829538864, -0.1268794183078502, -0.1272036783094079, -0.1259066383031771, -0.12914923831875408, -0.13109479832810025, -0.13433739834367722, -0.13401313834211953, -0.13304035833744643, -0.1369314783561388, -0.13822851836236957, -0.1385527783639273, -0.13984981837015806, -0.14017407837171575, -0.14114685837638885, -0.14244389838261964, -0.14374093838885044, -0.14665927840286969, -0.14828057841065817, -0.14698353840442738, -0.1476320584075428, -0.15217169842935052, -0.15217169842935052, -0.15573855844648518, -0.15119891842467745, -0.15703559845271597, -0.1547657784418121, -0.15606281844804287, -0.15898115846206215, -0.15962967846517756, -0.15962967846517756, -0.16157523847452374, -0.1625480184791968, -0.1651420984916584, -0.1651420984916584, -0.1628722784807545, -0.17033025851658154, -0.16741191850256226, -0.16870895850879306, -0.16870895850879306, -0.16676339849944688, -0.16903321851035075, -0.17551841854150468, -0.17454563853683158, -0.17616693854462007, -0.17519415853994696, -0.17584267854306238, -0.17454563853683158, -0.17713971854929314, -0.17811249855396624, -0.1803823185648701, -0.1803823185648701, -0.17940953856019703, -0.1816793585711009, -0.1807065785664278, -0.18103083856798552, -0.18362491858044708, -0.18394917858200477, -0.18427343858356246, -0.18557047858979325, -0.18621899859290866, -0.18427343858356246, -0.18784029860069712, -0.18654325859446635, -0.18589473859135094, -0.18621899859290866, -0.1914071586178318, -0.18816455860225484, -0.19237993862250488, -0.18881307860537022, -0.1914071586178318, -0.1914071586178318, -0.19302845862562026, -0.1917314186193895, -0.19302845862562026, -0.1914071586178318, -0.19400123863029337, -0.19464975863340875, -0.19691957864431264, -0.19302845862562026, -0.19497401863496647, -0.19237993862250488, -0.19497401863496647, -0.19659531864275492, -0.19724383864587033, -0.19432549863185106, -0.19691957864431264, -0.19627105864119723, -0.1982166186505434, -0.19302845862562026, -0.19627105864119723, -0.19627105864119723, -0.1995136586567742, -0.19627105864119723, -0.19854087865210113, -0.19659531864275492, -0.19724383864587033, -0.19627105864119723, -0.19400123863029337, -0.19497401863496647, -0.19659531864275492, -0.19724383864587033, -0.19529827863652416, -0.19691957864431264, -0.19627105864119723, -0.19464975863340875, -0.19594679863963954, -0.19724383864587033, -0.1982166186505434, -0.19886513865365882, -0.19237993862250488, -0.19562253863808185, -0.19594679863963954, -0.19724383864587033, -0.19464975863340875, -0.19627105864119723, -0.19497401863496647, -0.19302845862562026, -0.19594679863963954, -0.19367697862873567, -0.19367697862873567, -0.19400123863029337, -0.19270419862406257, -0.19335271862717798, -0.19302845862562026, -0.19237993862250488, -0.19302845862562026, -0.1917314186193895, -0.1920556786209472, -0.19011011861160101, -0.18784029860069712, -0.1910828986162741, -0.1891373386069279, -0.18621899859290866, -0.18524621858823556, -0.18686751859602405, -0.18459769858512018, -0.18459769858512018, -0.18394917858200477, -0.18362491858044708, -0.18362491858044708, -0.1829763985773317, -0.18492195858667787, -0.1816793585711009, -0.17973379856175473, -0.17876101855708162, -0.17876101855708162, -0.17713971854929314, -0.1816793585711009, -0.17486989853838927, -0.17519415853994696, -0.17519415853994696, -0.17713971854929314, -0.17454563853683158, -0.17227581852592772, -0.1726000785274854, -0.17227581852592772, -0.17227581852592772, -0.17065451851813923, -0.17033025851658154, -0.16773617850411995, -0.16676339849944688, -0.16676339849944688, -0.16611487849633147, -0.1651420984916584, -0.1625480184791968, -0.16125097847296602, -0.15735985845427367, -0.15930541846361984, -0.15930541846361984, -0.15735985845427367, -0.15217169842935052, -0.15768411845583136, -0.1541172584386967, -0.15346873843558131, -0.15022613842000435, -0.14957761841688896, -0.14860483841221586, -0.14860483841221586, -0.14374093838885044, -0.14341667838729272, -0.1453622383966389, -0.14374093838885044, -0.14049833837327347, -0.14114685837638885, -0.14147111837794654, -0.13952555836860037, -0.1369314783561388, -0.13498591834679263, -0.13433739834367722, -0.13498591834679263, -0.13433739834367722, -0.13044627832498487, -0.13174331833121566, -0.128176458314081, -0.12623089830473483, -0.12363681829227324, -0.12493385829850404, -0.12233977828604246, -0.12006995827513858, -0.11780013826423472, -0.1184486582673501, -0.11812439826579241, -0.11488179825021544, -0.11293623824086926, -0.10839659821906152, -0.1106664182299654, -0.10904511822217691, -0.10742381821438843, -0.10515399820348455, -0.10612677820815763, -0.10418121819881146, -0.0999658381785614, -0.09866879817233062, -0.0999658381785614, -0.09704749816454214, -0.09315637814584979, -0.09315637814584979, -0.09056229813338822, -0.08958951812871513, -0.08472561810534968, -0.0834285780991189, -0.08407709810223428, -0.0827800580960035, -0.07726763806952267, -0.07726763806952267, -0.07629485806484958, -0.07532207806017649, -0.07207947804459952, -0.06883687802902255, -0.07013391803525335, -0.06786409802434946, -0.06397297800565711, -0.06137889799319554, -0.062027417996310924, -0.05781203797606087, -0.058460557979176264, -0.054893697962041604, -0.05294813795269543, -0.051326837944906945, -0.051326837944906945, -0.050029797938676165, -0.046462937921541506, -0.04322033790596454, -0.04354459790752223, -0.04127477789661836, -0.03900495788571448, -0.03543809786857982, -0.034789577865464424, -0.031222717848329768, -0.033168277857675954, -0.027331597829637413, -0.027007337828079715, -0.021819177803156575, -0.02214343780471427, -0.02052213779692579, -0.017928057784464217, -0.01663101777823343, -0.014361197767329557, -0.01144285775331029, -0.0104700777486372, -0.010794337750194897, -0.004633397720598665, -0.0043091377190409685, -0.003660617715925576, 0.0025003223136706556, 0.006391442332363013, 0.004445882323016834, 0.006067182330805316, 0.010931082354170762, 0.013200902365074638, 0.013849422368190029, 0.0164435023806516, 0.01903758239311317, 0.01903758239311317, 0.023577222414920922, 0.025847042425824796, 0.029413902442959456, 0.028765382439844063, 0.029738162444517154, 0.0339535424647672, 0.03719614248034417, 0.03849318248657496, 0.04076300249747883, 0.041735782502151916, 0.04595116252240197, 0.04951802253953663, 0.05016654254265203, 0.05373340255978669, 0.05730026257692135, 0.057948782580036745, 0.05697600257536366, 0.06313694260495988, 0.06378546260807527, 0.06735232262520993, 0.06540676261586376, 0.06897362263299842, 0.07286474265169077, 0.07772864267505622, 0.0796742026844024, 0.07870142267972931, 0.08356532270309475, 0.08583514271399863, 0.08680792271867172, 0.0890777427295756, 0.09394164275294103, 0.09491442275761412, 0.0978327627716334, 0.0975085027700757, 0.10269666279499884, 0.10366944279967193, 0.10788482281992198, 0.10853334282303738, 0.11145168283705664, 0.1143700228510759, 0.12085522288222984, 0.11890966287288365, 0.12150374288534523, 0.1247463429009222, 0.12993450292584532, 0.12961024292428763, 0.12961024292428763, 0.1341498829460954, 0.13674396295855695, 0.13933804297101854, 0.1406350829772493, 0.14485046299749937, 0.14517472299905707, 0.14874158301619173, 0.1510114030270956, 0.151659923030211, 0.15587530305046104, 0.1597664230691534, 0.1594421630675957, 0.16300902308473036, 0.16754866310653813, 0.16787292310809582, 0.17143978312523048, 0.17468238314080745, 0.1769522031517113, 0.177276463153269, 0.18343740318286525, 0.18441018318753832, 0.18927408321090378, 0.1863557431968845, 0.19219242322492305, 0.19284094322803844, 0.1951107632389423, 0.19835336325451927, 0.20354152327944242, 0.20127170326853855, 0.20581134329034628, 0.20710838329657708, 0.2129450633246156, 0.2145663633324041, 0.21683618334330798, 0.21748470334642336, 0.22137582336511571, 0.22364564337601958, 0.22688824339159655, 0.2314278834134043, 0.2304551034087312, 0.23499474343053897, 0.23499474343053897, 0.24018290345546212, 0.2411556834601352, 0.24277698346792367, 0.24601958348350064, 0.24764088349128913, 0.25088348350686607, 0.2557473835302315, 0.25639590353334696, 0.2580172035411354, 0.2599627635504816, 0.26417814357073166, 0.2687177835925394, 0.27001482359877016, 0.2722846436096741, 0.2722846436096741, 0.27423020361902023, 0.2794183636439434, 0.2794183636439434, 0.2842822636673088, 0.2855793036735396, 0.2878491236844435, 0.2878491236844435, 0.29271302370780894, 0.29692840372805895, 0.2949828437187128, 0.29984674374207826, 0.30081952374675136, 0.3063319437732322, 0.30730472377790524, 0.3079532437810207, 0.3115201037981553, 0.3147627038137323, 0.31605974381996305, 0.3167082638230785, 0.3202751238402131, 0.32578754386669395, 0.3280573638775978, 0.3287058838807132, 0.3303271838885017, 0.33292126390096327, 0.3387579439290018, 0.3377851639243287, 0.3410277639399057, 0.3436218439523673, 0.34751296397105963, 0.34848574397573273, 0.35107982398819426, 0.35334964399909813, 0.35561946401000205, 0.3578892840209059, 0.36080762403492517, 0.36275318404427137, 0.36307744404582903, 0.36599578405984834, 0.3679413440691945, 0.37085968408321374, 0.37312950409411766, 0.3760478441081369, 0.37637210410969457, 0.37961470412527154, 0.38253304413929085, 0.3851271241517524, 0.3860999041564255, 0.38966676417356017, 0.39128806418134865, 0.39128806418134865, 0.39744900421094487, 0.3968004842078295, 0.40004308422340645, 0.40069160422652184, 0.40425846424365647, 0.40166438423119494, 0.4091223642670219, 0.41301348428571427, 0.4123649642825989, 0.41301348428571427, 0.41625608430129124, 0.41820164431063744, 0.4201472043199836, 0.4272809243542529, 0.4246868443417914, 0.42792944435736835, 0.42760518435581063, 0.4305235243698299, 0.4318205643760607, 0.43636020439786843, 0.43733298440254154, 0.43830576440721464, 0.44089984441967617, 0.44349392443213775, 0.44446670443681086, 0.4467365244477147, 0.4490063444586186, 0.4516004244710802, 0.4574371044991187, 0.45289746447731094, 0.4577613645006764, 0.46003118451158026, 0.46197674452092646, 0.46262526452404185, 0.464570824533388, 0.464570824533388, 0.46975898455831117, 0.4674891645474073, 0.4717045445676573, 0.47040750456142655, 0.47754122459569587, 0.4755956645863497, 0.47818974459881125, 0.47916252460348435, 0.48110808461283056, 0.4824051246190613, 0.4849992046315229, 0.4882418046470999, 0.48953884465333064, 0.48986310465488836, 0.48953884465333064, 0.4953755246813692, 0.4960240446844846, 0.49926664470006155, 0.49829386469538844, 0.5018607247125231, 0.5025092447156385, 0.5031577647187538, 0.504130544723427, 0.5089944447467925, 0.5093187047483502, 0.5099672247514655, 0.5132098247670425, 0.515803904779504, 0.515803904779504, 0.5161281647810617, 0.5171009447857349, 0.5193707647966387, 0.5252074448246773, 0.5222891048106579, 0.5242346648200041, 0.5268287448324658, 0.5281257848386965, 0.5284500448402543, 0.5287743048418119, 0.5323411648589466, 0.5316926448558311, 0.5352595048729658, 0.5349352448714081, 0.5368808048807543, 0.5381778448869851, 0.5410961849010044, 0.5430417449103505, 0.5417447049041197, 0.5440145249150237, 0.544663044918139, 0.5475813849321582, 0.5469328649290429, 0.5492026849399467, 0.5501754649446199, 0.5511482449492929, 0.5508239849477352, 0.5540665849633122, 0.5540665849633122, 0.5547151049664276, 0.55860622498512, 0.5573091849788891, 0.55860622498512, 0.5573091849788891, 0.5589304849866776, 0.5624973450038123, 0.5647671650147162, 0.5634701250084854, 0.5641186450116008, 0.5654156850178316, 0.5673612450271778, 0.5680097650302932, 0.5663884650225047, 0.569306805036524, 0.570279585041197, 0.5715766250474278, 0.5712523650458702, 0.5738464450583317, 0.5761162650692356, 0.5754677450661202, 0.573522185056774, 0.5738464450583317, 0.5783860850801394, 0.5774133050754664, 0.5774133050754664, 0.5800073850879279, 0.5803316450894856, 0.5806559050910434, 0.5813044250941587, 0.5835742451050626, 0.5826014651003895, 0.5838985051066203, 0.5832499851035049, 0.5842227651081779, 0.5858440651159664, 0.5858440651159664, 0.5861683251175241, 0.5881138851268704, 0.5884381451284281, 0.5877896251253126, 0.5874653651237549, 0.5894109251331011, 0.5900594451362166, 0.5881138851268704, 0.5910322251408896, 0.591680745144005, 0.5907079651393319, 0.591680745144005, 0.5910322251408896, 0.5894109251331011, 0.5929777851502358, 0.5952476051611396, 0.5923292651471204, 0.5955718651626973, 0.5942748251564666, 0.5968689051689281, 0.5952476051611396, 0.5942748251564666, 0.594923345159582, 0.5975174251720435, 0.5945990851580243, 0.5955718651626973, 0.5955718651626973, 0.595896125164255, 0.5965446451673705, 0.5965446451673705, 0.5965446451673705, 0.5971931651704858, 0.5978416851736013, 0.598165945175159, 0.5971931651704858, 0.5978416851736013, 0.5968689051689281, 0.5952476051611396, 0.595896125164255, 0.5962203851658128, 0.5994629851813897, 0.595896125164255, 0.5968689051689281, 0.5971931651704858, 0.5965446451673705, 0.5952476051611396, 0.595896125164255, 0.5965446451673705, 0.598165945175159, 0.5968689051689281, 0.595896125164255, 0.5968689051689281, 0.5968689051689281, 0.5968689051689281, 0.5942748251564666, 0.5933020451517935, 0.5952476051611396, 0.5929777851502358, 0.591680745144005, 0.5926535251486781, 0.5939505651549088, 0.5894109251331011, 0.5894109251331011, 0.5952476051611396, 0.5942748251564666, 0.5907079651393319, 0.5903837051377743, 0.5907079651393319, 0.591680745144005, 0.591680745144005, 0.5894109251331011, 0.5877896251253126, 0.5903837051377743, 0.5877896251253126, 0.5845470251097357, 0.5855198051144088, 0.5848712851112934, 0.5861683251175241, 0.5835742451050626, 0.5848712851112934, 0.5835742451050626, 0.5838985051066203, 0.580980165092601, 0.5819529450972741, 0.5813044250941587, 0.5803316450894856, 0.5819529450972741, 0.5796831250863702, 0.5757920050676779, 0.577737565077024, 0.5741707050598894, 0.5731979250552163, 0.5719008850489855, 0.5728736650536587, 0.5722251450505432, 0.570279585041197, 0.5696310650380817, 0.5709281050443125, 0.569306805036524, 0.566064205020947, 0.5647671650147162, 0.56703698502562, 0.5634701250084854, 0.5647671650147162, 0.5637943850100431, 0.5631458650069278, 0.5608760449960238, 0.5608760449960238, 0.5595790049897931, 0.5566606649757738, 0.5550393649679853, 0.5560121449726584, 0.5527695449570814, 0.5530938049586391, 0.5550393649679853, 0.5517967649524084, 0.5485541649368314, 0.5488784249383891, 0.5495269449415044, 0.5492026849399467, 0.5469328649290429, 0.5456358249228122, 0.5420689649056775, 0.5420689649056775, 0.5410961849010044, 0.5410961849010044, 0.5381778448869851, 0.5385021048885428, 0.5336382048651773, 0.5316926448558311, 0.5323411648589466, 0.5313683848542735, 0.5300713448480426, 0.5255317048262349, 0.5252074448246773, 0.5229376248137734, 0.5245589248215619, 0.5226133648122157, 0.519046504795081, 0.519046504795081, 0.515803904779504, 0.5167766847841772, 0.5171009447857349, 0.5122370447623694, 0.5099672247514655, 0.5086701847452347, 0.5093187047483502, 0.5060761047327732, 0.5051033247281, 0.5025092447156385, 0.5018607247125231, 0.5002394247047346, 0.49926664470006155, 0.4979696046938307, 0.4969968246891577, 0.4927814446689076, 0.4918086646642345, 0.4921329246657922, 0.48953884465333064, 0.4849992046315229, 0.4866205046393114, 0.4824051246190613, 0.4837021646252921, 0.48272938462061904, 0.4755956645863497, 0.4746228845816766, 0.4762441845894651, 0.47202880456921503, 0.4684619445520804, 0.46975898455831117, 0.47040750456142655, 0.4674891645474073, 0.4613282245178111, 0.4629495245255995, 0.4613282245178111, 0.46003118451158026, 0.4567885844960033, 0.4551672844882148, 0.4506276444664071, 0.4525732044757533, 0.4470607844492724, 0.44608800444459934, 0.446412264446157, 0.442196884425907, 0.43830576440721464, 0.43830576440721464, 0.43636020439786843, 0.43506316439163767, 0.43279334438073375, 0.4292264843635991, 0.4272809243542529, 0.42792944435736835, 0.42403832433867594, 0.4246868443417914, 0.4204714643215413, 0.4185259043121951, 0.4149590442950605, 0.4149590442950605, 0.4123649642825989, 0.4107436642748104, 0.40620402425300267, 0.4039342042420988, 0.4036099442405411, 0.39939456422029107, 0.4003673442249641, 0.39712474420938715, 0.39712474420938715, 0.3945306641969256, 0.38869398416888706, 0.38836972416732934, 0.38318156414240623, 0.3851271241517524, 0.3828573041408485, 0.3792904441237139, 0.37637210410969457, 0.3753993241050215, 0.37312950409411766, 0.3698869040785407, 0.36858986407230987, 0.366320044061406, 0.36502300405517524, 0.3595105840286944, 0.3578892840209059, 0.3565922440146751, 0.3559437240115597, 0.3523768639944251, 0.3504313039850789, 0.3462159239648288, 0.34589166396327115, 0.3426490639476942, 0.3410277639399057, 0.3377851639243287, 0.33713664392121334, 0.33292126390096327, 0.33194848389629017, 0.3290301438822709, 0.3290301438822709, 0.32319346385423237, 0.3218964238480016, 0.31962660383709773, 0.3167082638230785, 0.3137899238090592, 0.3128171438043861, 0.30957454378880916, 0.3060076837716745, 0.3034136037592129, 0.3021165637529821, 0.3030893437576552, 0.29984674374207826, 0.2946585837171551, 0.2914159837015781, 0.2923887637062512, 0.2914159837015781, 0.2855793036735396, 0.28136392365328955, 0.28201244365640493, 0.28298522366107803, 0.2768242836314818, 0.27358168361590485, 0.2703390836003279, 0.2706633436018856, 0.2661237035800778, 0.26417814357073166, 0.2589899835458085, 0.2580172035411354, 0.2567201635349046, 0.25250478351465455, 0.2512077435084238, 0.2505592235053084, 0.24731662348973144, 0.2405071634570198, 0.2405071634570198, 0.23921012345078901, 0.23661604343832746, 0.23077936341028893, 0.23077936341028893, 0.22980658340561583, 0.22591546338692348, 0.22364564337601958, 0.22105156336355802, 0.21878174335265416, 0.2152148833355195, 0.21326932332617332, 0.21067524331371174, 0.20905394330592325, 0.20808116330125018, 0.19997466326230776, 0.20094744326698086, 0.1960835432436154, 0.19997466326230776, 0.19154390322180764, 0.19251668322648074, 0.18927408321090378, 0.19024686321557688, 0.18181610317507677, 0.18278888317974984, 0.17597942314703824, 0.17792498315638441, 0.17241256312990355, 0.17338534313457665, 0.1685214431112112, 0.16657588310186502, 0.16495458309407654, 0.15652382305357643, 0.15717234305669184, 0.15846938306292263, 0.15457826304423025, 0.14874158301619173, 0.14971436302086483, 0.14744454300996093, 0.14517472299905707, 0.1406350829772493, 0.13933804297101854, 0.13674396295855695, 0.13479840294921078, 0.1331771029414223, 0.12961024292428763, 0.12701616291182607, 0.1250706029024799, 0.12247652289001831, 0.11793688286821057, 0.11890966287288365, 0.1156670628573067, 0.11177594283861433, 0.10853334282303738, 0.10658778281369119, 0.10464222280434501, 0.10302092279655653, 0.10075110278565266, 0.09880554277630649, 0.09491442275761412, 0.09167182274203717, 0.09069904273736407, 0.08940200273113329, 0.08583514271399863, 0.08324106270153706, 0.08064698268907548, 0.07708012267194082, 0.07708012267194082, 0.07286474265169077, 0.07286474265169077, 0.06962214263611381, 0.06832510262988302, 0.06313694260495988, 0.06378546260807527, 0.059570082587825215, 0.0611913825956137, 0.05308488255667129, 0.05113932254732512, 0.05146358254888281, 0.052436362553555896, 0.04724820252863275, 0.044978382517728885, 0.04303282250838271, 0.038168922485017256, 0.03881744248813265, 0.0346020624678826, 0.030710942449190242, 0.028441122438286368, 0.028441122438286368, 0.02455000241959401, 0.024225742418036315, 0.021631662405574743, 0.018064802388440084, 0.013200902365074638, 0.015470722375978511, 0.012228122360401548, 0.009958302349497673, 0.006067182330805316, 0.006067182330805316, 0.002176062312112959, 0.002824582315228352, -0.0007422777019063083, -0.004633397720598665, -0.004633397720598665, -0.0056061777252717545, -0.008200257737733325, -0.012091377756425683, -0.010794337750194897, -0.014685457768887253, -0.01857657778757961, -0.021494917801598876, -0.019873617793810396, -0.020197877795368094, -0.027331597829637413, -0.027655857831195108, -0.03187123785144516, -0.027331597829637413, -0.033168277857675954, -0.037059397876368305, -0.03900495788571448, -0.040301997891945274, -0.04159903789817605, -0.0461386779199838, -0.046462937921541506, -0.04516589791531071, -0.04711145792465689, -0.05100257794334925, -0.051326837944906945, -0.051326837944906945, -0.05683925797138778, -0.05910907798229166, -0.06170315799475323, -0.061054637991637836, -0.06137889799319554, -0.06980965803369564, -0.07045817803681104, -0.07013391803525335, -0.06851261802746486, -0.07597059806329187, -0.07532207806017649, -0.07726763806952267, -0.07986171808198424, -0.08115875808821502, -0.08504987810690738, -0.08667117811469585, -0.08796821812092664, -0.08796821812092664, -0.09056229813338822, -0.09283211814429208, -0.091859338139619, -0.09380489814896517, -0.09931731817544602, -0.09899305817388832, -0.09899305817388832, -0.10029009818011911, -0.10482973820192686, -0.10547825820504225, -0.10742381821438843, -0.10904511822217691, -0.10742381821438843, -0.10839659821906152, -0.11131493823308078, -0.11617883825644623, -0.11617883825644623, -0.11747587826267701, -0.11715161826111932, -0.1187729182689078, -0.12169125828292707, -0.12428533829538864, -0.12169125828292707, -0.12266403828760016, -0.1272036783094079, -0.13044627832498487, -0.1288249783171964, -0.13271609833588874, -0.13401313834211953, -0.13401313834211953, -0.13433739834367722, -0.1359586983514657, -0.13984981837015806, -0.13790425836081188, -0.13920129836704268, -0.13984981837015806, -0.1447137183935235, -0.14179537837950423, -0.1476320584075428, -0.146335018401312, -0.14860483841221586, -0.14990187841844665, -0.15087465842311976, -0.1550900384433698, -0.15217169842935052, -0.15346873843558131, -0.153792998437139, -0.1547657784418121, -0.1547657784418121, -0.15962967846517756, -0.15995393846673525, -0.16060245846985063, -0.1641693184869853, -0.1628722784807545, -0.16449357848854299, -0.1651420984916584, -0.16481783849010068, -0.16806043850567765, -0.16708765850100457, -0.16773617850411995, -0.1732485985306008, -0.16870895850879306, -0.17195155852437, -0.16903321851035075, -0.17616693854462007, -0.1738971185337162, -0.17519415853994696, -0.1742213785352739, -0.17357285853215848, -0.17843675855552393, -0.17681545854773545, -0.17616693854462007, -0.17681545854773545, -0.1807065785664278, -0.17940953856019703, -0.1807065785664278, -0.18103083856798552, -0.18492195858667787, -0.18621899859290866, -0.18362491858044708, -0.18330065857888939, -0.18784029860069712, -0.18686751859602405, -0.18459769858512018, -0.18751603859913943, -0.1904343786131587, -0.1891373386069279, -0.1891373386069279, -0.18784029860069712, -0.18978585861004332, -0.1904343786131587, -0.1904343786131587, -0.18978585861004332, -0.1920556786209472, -0.1917314186193895, -0.19335271862717798, -0.19302845862562026, -0.19724383864587033, -0.19594679863963954, -0.19335271862717798, -0.1910828986162741, -0.19497401863496647, -0.19400123863029337, -0.19594679863963954, -0.19367697862873567, -0.19497401863496647, -0.19400123863029337, -0.19529827863652416, -0.19497401863496647, -0.19594679863963954, -0.19886513865365882, -0.19627105864119723, -0.19627105864119723, -0.19497401863496647, -0.1982166186505434, -0.19497401863496647, -0.19400123863029337, -0.19659531864275492, -0.19691957864431264, -0.19529827863652416, -0.19529827863652416, -0.19400123863029337, -0.19724383864587033, -0.19724383864587033, -0.19691957864431264, -0.19627105864119723, -0.19594679863963954, -0.19529827863652416, -0.19724383864587033, -0.19594679863963954, -0.19627105864119723, -0.19497401863496647, -0.19367697862873567, -0.19400123863029337, -0.19302845862562026, -0.19529827863652416, -0.19529827863652416, -0.19497401863496647, -0.19464975863340875, -0.19367697862873567, -0.19886513865365882, -0.19367697862873567, -0.19562253863808185, -0.19335271862717798, -0.1910828986162741, -0.19270419862406257, -0.19302845862562026, -0.1891373386069279, -0.1914071586178318, -0.1894615986084856, -0.1904343786131587, -0.18881307860537022, -0.18881307860537022, -0.18751603859913943, -0.18816455860225484, -0.18784029860069712, -0.18784029860069712, -0.18881307860537022, -0.18524621858823556, -0.18427343858356246, -0.182652138575774, -0.18394917858200477, -0.1816793585711009, -0.18362491858044708, -0.1803823185648701, -0.17876101855708162, -0.17876101855708162, -0.17973379856175473, -0.17713971854929314, -0.17843675855552393, -0.17940953856019703, -0.17713971854929314, -0.17454563853683158, -0.17454563853683158, -0.17486989853838927, -0.1738971185337162, -0.1726000785274854, -0.17097877851969692, -0.16903321851035075, -0.17195155852437, -0.16806043850567765, -0.16773617850411995, -0.16643913849788916, -0.16676339849944688, -0.16676339849944688, -0.16319653848231222, -0.15962967846517756, -0.1641693184869853, -0.15995393846673525, -0.15962967846517756, -0.15768411845583136, -0.15898115846206215, -0.1563870784496006, -0.15768411845583136, -0.1524959584309082, -0.15671133845115828, -0.15314447843402362, -0.15119891842467745, -0.14892909841377355, -0.14957761841688896, -0.14828057841065817, -0.1450379783950812, -0.14406519839040813, -0.14276815838417733, -0.14179537837950423, -0.14276815838417733, -0.1385527783639273, -0.1375799983592542, -0.1375799983592542, -0.1346616583452349, -0.1359586983514657, -0.13304035833744643, -0.13433739834367722, -0.13206757833277336, -0.12914923831875408, -0.12460959829694633, -0.1275279383109656, -0.12525811830006173, -0.12363681829227324, -0.12169125828292707, -0.12039421827669629, -0.11974569827358089, -0.11747587826267701, -0.11358475824398466, -0.11553031825333084, -0.11326049824242697, -0.11163919823463848, -0.1096936382252923, -0.10807233821750382, -0.1093693782237346, -0.10580251820659994, -0.10223565818946528, -0.10223565818946528, -0.0999658381785614, -0.09899305817388832, -0.09737175816609984, -0.09477767815363827, -0.09380489814896517, -0.09056229813338822, -0.09088655813494591, -0.09056229813338822, -0.08602265811158047, -0.08602265811158047, -0.0834285780991189, -0.08245579809444581, -0.08083449808665732, -0.07986171808198424, -0.073700778052388, -0.073700778052388, -0.07272799804771492, -0.07045817803681104, -0.06883687802902255, -0.06591853801500329, -0.0646214980087725, -0.060730377990080145, -0.06300019800098403, -0.06332445800254172, -0.05910907798229166, -0.055542217965157, -0.0561907379682724, -0.05100257794334925, -0.04905701793400308, -0.04840849793088768, -0.0461386779199838, -0.04354459790752223, -0.04322033790596454, -0.041923297899733744, -0.03965347788882988, -0.037059397876368305, -0.03446531786390673, -0.03251975785456056, -0.030898457846772073, -0.0283043778343105, -0.029601417840541287, -0.023764737812502754, -0.02117065780004118, -0.018252317786021915, -0.019225097790695003, -0.017603797782906522, -0.01306415776109877, -0.013388417762656467, -0.009173037742406414, -0.008200257737733325, -0.0033363577143678794, -0.003660617715925576, -9.375769879091552e-05, -0.0004180177003486119, 0.003473102318343745, 0.008012742340151494, 0.006067182330805316, 0.008661262343266887, 0.012228122360401548, 0.0164435023806516, 0.013200902365074638, 0.018064802388440084, 0.020334622399343957, 0.02455000241959401, 0.024225742418036315, 0.029413902442959456, 0.027468342433613277, 0.03233224245697873, 0.034277802466324905, 0.03525058247099799, 0.037844662483459565, 0.042708562506825004, 0.0440056025130558, 0.0440056025130558, 0.04757246253019046, 0.052112102551998205, 0.0527606225551136, 0.056003222570690556, 0.057948782580036745, 0.057948782580036745, 0.06281268260340218, 0.06378546260807527, 0.06929788263455611, 0.06897362263299842, 0.07221622264857538, 0.0705949226407869, 0.07578308266571004, 0.0796742026844024, 0.08291680269997936, 0.08291680269997936, 0.08518662271088323, 0.0890777427295756, 0.09102330273892177, 0.09394164275294103, 0.09491442275761412, 0.0975085027700757, 0.09912980277786418, 0.10237240279344115, 0.10658778281369119, 0.10885760282459507, 0.10820908282147967, 0.11145168283705664, 0.11307298284484513, 0.11761262286665287, 0.11988244287755674, 0.12053096288067214, 0.12344930289469142, 0.1250706029024799, 0.12831320291805687, 0.13447414294765309, 0.1328528429398646, 0.13641970295699926, 0.13998656297413392, 0.14128360298036471, 0.14485046299749937, 0.14614750300373017, 0.14906584301774942, 0.1513356630286533, 0.15360548303955718, 0.15619956305201874, 0.1597664230691534, 0.16138772307694188, 0.16300902308473036, 0.16268476308317267, 0.16690014310342272, 0.17241256312990355, 0.17241256312990355, 0.1785735031594998, 0.1769522031517113, 0.18116758317196135, 0.18343740318286525, 0.1876527832031153, 0.1873285232015576, 0.19284094322803844, 0.19219242322492305, 0.1973805832498462, 0.1960835432436154, 0.20127170326853855, 0.20062318326542314, 0.20581134329034628, 0.21035098331215404, 0.21164802331838484, 0.21326932332617332, 0.2155391433370772, 0.21943026335576954, 0.22202434336823113, 0.2239699033775773, 0.22461842338069268, 0.22818528339782734, 0.2314278834134043, 0.23531900343209666, 0.23758882344300053, 0.24018290345546212, 0.24407402347415447, 0.24374976347259678, 0.24472254347726985, 0.2492621834990776, 0.25445034352400075, 0.25542312352867386, 0.2580172035411354, 0.260611283553597, 0.2609355435551547, 0.26320536356605856, 0.2667722235831932, 0.2677450035878663, 0.27196038360811636, 0.2748787236221356, 0.2748787236221356, 0.2774728036345972, 0.28168818365484727, 0.28233670365796265, 0.28493078367042424, 0.28979468369378963, 0.2904432036969051, 0.2949828437187128, 0.2933615437109243, 0.2972526637296167, 0.2991982237389629, 0.301143783748309, 0.30568342377011676, 0.3053591637685591, 0.3089260237856937, 0.3124928838028284, 0.31703252382463615, 0.31605974381996305, 0.31995086383865545, 0.3235177238557901, 0.32481476386202085, 0.32513902386357857, 0.32935440388382864, 0.3338940439056364, 0.3342183039071941, 0.3358396039149826, 0.3377851639243287, 0.3445946239570403, 0.3445946239570403, 0.34491888395859804, 0.3491342639788481, 0.35205260399286736, 0.35399816400221357, 0.35529520400844433, 0.3578892840209059, 0.36048336403336745, 0.36145614403804055, 0.36145614403804055, 0.3653472640567329, 0.3672928240660791, 0.36858986407230987, 0.37118394408477146, 0.3741022840987907, 0.3776691441159254, 0.38318156414240623, 0.3828573041408485, 0.3828573041408485, 0.3860999041564255, 0.3873969441626563, 0.38966676417356017, 0.3932336241906948, 0.395179184200041, 0.3958277042031564, 0.4003673442249641, 0.4032856842389834, 0.4023129042343103, 0.4032856842389834, 0.40782532426079116, 0.4113921842779258, 0.4113921842779258, 0.4169046043044066, 0.41917442431531055, 0.41982294431842593, 0.41917442431531055, 0.4246868443417914, 0.4230655443340029, 0.42598388434802215, 0.42760518435581063, 0.43376612438540685, 0.4324690843791761, 0.43636020439786843, 0.43733298440254154, 0.4396028044134454, 0.442196884425907, 0.44543948444148396, 0.44543948444148396, 0.4470607844492724, 0.45030338446484935, 0.4516004244710802, 0.45030338446484935, 0.45419450448354176, 0.4574371044991187, 0.4584098845037918, 0.4574371044991187, 0.46262526452404185, 0.4648950845349457, 0.4639223045302726, 0.4665163845427342, 0.46781342454896496, 0.47105602456454193, 0.4726773245723304, 0.4755956645863497, 0.4768927045925805, 0.48013530460815745, 0.47916252460348435, 0.4804595646097151, 0.4849992046315229, 0.48629624463775367, 0.48791754464554216, 0.48986310465488836, 0.4908358846595614, 0.4924571846673499, 0.493429964672023, 0.4969968246891577, 0.49829386469538844, 0.50088794470785, 0.5005636847062923, 0.5018607247125231, 0.507373144739004, 0.507373144739004, 0.5060761047327732, 0.5086701847452347, 0.5122370447623694, 0.5145068647732732, 0.5145068647732732, 0.514831124774831, 0.5161281647810617, 0.5183979847919656, 0.5193707647966387, 0.5206678048028694, 0.5232618848153311, 0.5252074448246773, 0.5255317048262349, 0.5258559648277926, 0.5274772648355811, 0.529747084846485, 0.5323411648589466, 0.5323411648589466, 0.5346109848698505, 0.5355837648745235, 0.537205064882312, 0.5397991448947735, 0.537205064882312, 0.5420689649056775, 0.5420689649056775, 0.5417447049041197, 0.5443387849165814, 0.5456358249228122, 0.5462843449259275, 0.5462843449259275, 0.5488784249383891, 0.5504997249461776, 0.5540665849633122, 0.5560121449726584, 0.5537423249617546, 0.5553636249695431, 0.5563364049742161, 0.5589304849866776, 0.5608760449960238, 0.5595790049897931, 0.5602275249929085, 0.5621730850022546, 0.5618488250006969, 0.5657399450193893, 0.5637943850100431, 0.566064205020947, 0.5657399450193893, 0.5663884650225047, 0.5686582850334085, 0.5706038450427547, 0.5683340250318508, 0.5696310650380817, 0.5722251450505432, 0.5731979250552163, 0.5719008850489855, 0.5722251450505432, 0.5754677450661202, 0.5738464450583317, 0.5780618250785817, 0.5761162650692356, 0.5780618250785817, 0.5780618250785817, 0.5803316450894856, 0.5774133050754664, 0.580980165092601, 0.5826014651003895, 0.5845470251097357, 0.5842227651081779, 0.5858440651159664, 0.5861683251175241, 0.5871411051221973, 0.5887624051299858, 0.5868168451206396, 0.5874653651237549, 0.5894109251331011, 0.5887624051299858, 0.5864925851190819, 0.5907079651393319, 0.5907079651393319, 0.5890866651315434, 0.5894109251331011, 0.5920050051455628, 0.5897351851346588, 0.5933020451517935, 0.5897351851346588, 0.5929777851502358, 0.5942748251564666, 0.5933020451517935, 0.5955718651626973, 0.5942748251564666, 0.5923292651471204, 0.5942748251564666, 0.598165945175159, 0.5955718651626973, 0.5945990851580243, 0.5978416851736013, 0.595896125164255, 0.5968689051689281, 0.595896125164255, 0.5945990851580243, 0.598165945175159, 0.5968689051689281, 0.5968689051689281, 0.5968689051689281, 0.599138725179832, 0.5984902051767166, 0.5978416851736013, 0.5965446451673705, 0.5968689051689281, 0.5978416851736013, 0.599138725179832, 0.5965446451673705, 0.598165945175159, 0.5978416851736013, 0.5968689051689281, 0.595896125164255, 0.5965446451673705, 0.599138725179832, 0.5971931651704858, 0.5952476051611396, 0.5968689051689281, 0.5988144651782743, 0.598165945175159, 0.598165945175159, 0.5942748251564666, 0.5955718651626973, 0.598165945175159, 0.5965446451673705, 0.5965446451673705, 0.5933020451517935, 0.595896125164255, 0.5887624051299858, 0.5942748251564666, 0.5939505651549088, 0.5968689051689281, 0.5897351851346588, 0.5897351851346588, 0.5910322251408896, 0.5910322251408896, 0.5881138851268704, 0.5910322251408896, 0.5894109251331011, 0.591680745144005, 0.5900594451362166, 0.5887624051299858, 0.5884381451284281, 0.5871411051221973, 0.5864925851190819, 0.5861683251175241, 0.5848712851112934, 0.5874653651237549, 0.5835742451050626, 0.5829257251019472, 0.5816286850957164, 0.5838985051066203, 0.5816286850957164, 0.5816286850957164, 0.5793588650848125, 0.5793588650848125, 0.5787103450816972, 0.577737565077024, 0.5751434850645625, 0.5783860850801394, 0.5741707050598894, 0.5751434850645625, 0.5731979250552163, 0.5715766250474278, 0.5719008850489855, 0.5709281050443125, 0.5683340250318508, 0.5683340250318508, 0.5676855050287355, 0.5680097650302932, 0.566064205020947, 0.5647671650147162, 0.5657399450193893, 0.5634701250084854, 0.5599032649913508, 0.5608760449960238, 0.5589304849866776, 0.5579577049820046, 0.5573091849788891, 0.5543908449648699, 0.5553636249695431, 0.5540665849633122, 0.5540665849633122, 0.5527695449570814, 0.5501754649446199, 0.5495269449415044, 0.5492026849399467, 0.5495269449415044, 0.5495269449415044, 0.5433660049119082, 0.5423932249072352, 0.5433660049119082, 0.544663044918139, 0.5394748848932159, 0.5375293248838697, 0.5385021048885428, 0.5359080248760812, 0.5326654248605043, 0.5342867248682928, 0.5313683848542735, 0.5323411648589466, 0.5290985648433696, 0.5281257848386965, 0.5252074448246773, 0.5265044848309081, 0.5252074448246773, 0.5219648448091003, 0.5206678048028694, 0.5209920648044272, 0.519046504795081, 0.514831124774831, 0.5135340847686002, 0.514831124774831, 0.511588524759254, 0.5102914847530232, 0.5089944447467925, 0.5076974047405617, 0.5076974047405617, 0.504130544723427, 0.504130544723427, 0.49861812469694616, 0.4995909047016192, 0.4979696046938307, 0.4937542246735807, 0.49569978468292686, 0.493429964672023, 0.49051162465800374, 0.4872690246424268, 0.48759328464398444, 0.485971984636196, 0.4849992046315229, 0.4804595646097151, 0.48013530460815745, 0.4814323446143882, 0.4755956645863497, 0.4733258445754458, 0.47202880456921503, 0.47397436457856124, 0.46878620455363806, 0.4668406445442919, 0.464570824533388, 0.4613282245178111, 0.46262526452404185, 0.4597069245100226, 0.4587341445053495, 0.45646432449444563, 0.45646432449444563, 0.44868208445706087, 0.4509519044679648, 0.4506276444664071, 0.4493306044601763, 0.44316966443058003, 0.44349392443213775, 0.44089984441967617, 0.43992706441500307, 0.4360359443963107, 0.43506316439163767, 0.43279334438073375, 0.4305235243698299, 0.4298750043667145, 0.42533536434490676, 0.42338980433556056, 0.4237140643371183, 0.4220927643293298, 0.4185259043121951, 0.41560756429817586, 0.4136620042888297, 0.41301348428571427, 0.40782532426079116, 0.40782532426079116, 0.4055555042498873, 0.40069160422652184, 0.4019886442327526, 0.39874604421717563, 0.3968004842078295, 0.3945306641969256, 0.3932336241906948, 0.39031528417667555, 0.3916123241829063, 0.3851271241517524, 0.3848028641501947, 0.3786419241205985, 0.38188452413617546, 0.3773448841143677, 0.3766963641112523, 0.37215672408944456, 0.37280524409255994, 0.36956264407698297, 0.3669685640645214, 0.3637259640489444, 0.36242892404271365, 0.3611318840364829, 0.3559437240115597, 0.35529520400844433, 0.35432242400377123, 0.3507555639866366, 0.348161483974175, 0.34589166396327115, 0.34329758395080956, 0.3413520239414634, 0.33810942392588644, 0.33616386391654024, 0.33551534391342486, 0.33194848389629017, 0.32773310387604015, 0.32611180386825167, 0.32481476386202085, 0.3235177238557901, 0.31962660383709773, 0.31703252382463615, 0.3141141838106169, 0.3115201037981553, 0.30925028378725145, 0.30762898377946296, 0.3069804637763476, 0.30244082375453984, 0.3017923037514244, 0.29627988372494357, 0.29692840372805895, 0.2953071037202705, 0.2914159837015781, 0.28849764368755887, 0.28395800366575114, 0.2855793036735396, 0.28168818365484727, 0.2794183636439434, 0.27455446362057795, 0.2748787236221356, 0.2706633436018856, 0.2696905635972125, 0.2683935235909817, 0.26482666357384704, 0.2615840635582701, 0.2580172035411354, 0.25607164353178924, 0.2557473835302315, 0.25347756351932765, 0.24861366349596223, 0.24634384348505833, 0.24731662348973144, 0.23985864345390442, 0.23856160344767363, 0.23564326343365435, 0.23629178343676976, 0.231752143414962, 0.22980658340561583, 0.22461842338069268, 0.2239699033775773, 0.2226728633713465, 0.21943026335576954, 0.2145663633324041, 0.2129450633246156, 0.21586340333863488, 0.21164802331838484, 0.20581134329034628, 0.2041900432825578, 0.2038657832810001, 0.1977048432514039, 0.19835336325451927, 0.19381372323271154, 0.19219242322492305, 0.1870042631999999, 0.18570722319376912, 0.18505870319065373, 0.18441018318753832, 0.18051906316884597, 0.17565516314548052, 0.17241256312990355, 0.17143978312523048, 0.1707912631221151, 0.16722440310498043, 0.16495458309407654, 0.1607392030738265, 0.1597664230691534, 0.15555104304890335, 0.15230844303332639, 0.15360548303955718, 0.1493901030193071, 0.1493901030193071, 0.14355342299126858, 0.1425806429865955, 0.13933804297101854, 0.13804100296478775, 0.1341498829460954, 0.1331771029414223, 0.12993450292584532, 0.12961024292428763, 0.1237735628962491, 0.12344930289469142, 0.12215226288846062, 0.11696410286353748, 0.11663984286197979, 0.11177594283861433, 0.11047890283238355, 0.10464222280434501, 0.10237240279344115, 0.10366944279967193, 0.10010258278253727, 0.0975085027700757, 0.09621146276384492, 0.09296886274826795, 0.09134756274047946, 0.08875348272801789, 0.08453810270776783, 0.08356532270309475, 0.08161976269374857, 0.07708012267194082, 0.07708012267194082, 0.07578308266571004, 0.0699464026376715, 0.0702706626392292, 0.06637954262053684, 0.06443398261119067, 0.06540676261586376, 0.05989434258938292, 0.058273042581594436, 0.05470618256445978, 0.055678962569132864, 0.048869502536421236, 0.04789672253174815, 0.04595116252240197, 0.04724820252863275, 0.041411522500594225, 0.03849318248657496, 0.03881744248813265, 0.0346020624678826, 0.03233224245697873, 0.03006242244607485, 0.02811686243672867, 0.027792602435170975, 0.021631662405574743, 0.021631662405574743, 0.020010362397786263, 0.020010362397786263, 0.018064802388440084, 0.011579602357286155, 0.008012742340151494, 0.009958302349497673, 0.00833700234170919, 0.0025003223136706556, 0.003473102318343745, -9.375769879091552e-05, -0.0007422777019063083, -0.006578957729944843, -0.00690321773150254, -0.008200257737733325, -0.012091377756425683, -0.013388417762656467, -0.016306757776675736, -0.019873617793810396, -0.018900837789137308, -0.022467697806271968, -0.02408899781406045, -0.027331597829637413, -0.023764737812502754, -0.030898457846772073, -0.03057419784521438, -0.03446531786390673, -0.03543809786857982, -0.038356437882599084, -0.04127477789661836, -0.03997773789038757, -0.04322033790596454, -0.04743571792621459, -0.04873275793244537, -0.05035405794023386, -0.05229961794958003, -0.05229961794958003, -0.054893697962041604, -0.05586647796671469, -0.05975759798540706, -0.057487777974503176, -0.06300019800098403, -0.06300019800098403, -0.06753983802279177, -0.06851261802746486, -0.07143095804148412, -0.07240373804615721, -0.073700778052388, -0.07305225804927261, -0.07791615807263805, -0.07986171808198424, -0.08083449808665732, -0.0834285780991189, -0.08569839811002276, -0.08667117811469585, -0.08796821812092664, -0.09023803813183051, -0.08991377813027282, -0.09412915815052288, -0.09542619815675366, -0.09412915815052288, -0.09866879817233062, -0.10223565818946528, -0.10191139818790759, -0.10158713818634989, -0.10709955821283074, -0.10450547820036916, -0.11034215822840769, -0.10677529821127303, -0.11293623824086926, -0.11261197823931157, -0.11488179825021544, -0.11293623824086926, -0.1184486582673501, -0.12104273827981167, -0.1184486582673501, -0.12169125828292707, -0.12266403828760016, -0.12460959829694633, -0.12623089830473483, -0.1272036783094079, -0.13141905832965797, -0.13077053832654256, -0.13141905832965797, -0.13174331833121566, -0.1346616583452349, -0.13790425836081188, -0.1362829583530234, -0.1366072183545811, -0.1375799983592542, -0.14179537837950423, -0.14406519839040813, -0.14147111837794654, -0.1450379783950812, -0.1460107583997543, -0.1476320584075428, -0.1450379783950812, -0.15119891842467745, -0.15119891842467745, -0.15217169842935052, -0.14990187841844665, -0.15314447843402362, -0.153792998437139, -0.15606281844804287, -0.1550900384433698, -0.15703559845271597, -0.16027819846829294, -0.15930541846361984, -0.16481783849010068, -0.16189949847608143, -0.1638450584854276, -0.1654663584932161, -0.16481783849010068, -0.16643913849788916, -0.16903321851035075, -0.16870895850879306, -0.16935747851190844, -0.17000599851502382, -0.17227581852592772, -0.17357285853215848, -0.1726000785274854, -0.1726000785274854, -0.1738971185337162, -0.17584267854306238, -0.17746397855085086, -0.17551841854150468, -0.1807065785664278, -0.17876101855708162, -0.1816793585711009, -0.17746397855085086, -0.1807065785664278, -0.182652138575774, -0.1829763985773317, -0.182652138575774, -0.18232787857421628, -0.18524621858823556, -0.18751603859913943, -0.18427343858356246, -0.18427343858356246, -0.18784029860069712, -0.18816455860225484, -0.18654325859446635, -0.18816455860225484, -0.1894615986084856, -0.18978585861004332, -0.1917314186193895, -0.1891373386069279, -0.19237993862250488, -0.1914071586178318, -0.19432549863185106, -0.1920556786209472, -0.19367697862873567, -0.19497401863496647, -0.19400123863029337, -0.1917314186193895, -0.19464975863340875, -0.19464975863340875, -0.19335271862717798, -0.19367697862873567, -0.19627105864119723, -0.19400123863029337, -0.19270419862406257, -0.19659531864275492, -0.19627105864119723, -0.19724383864587033, -0.19659531864275492, -0.19529827863652416, -0.19854087865210113, -0.19627105864119723, -0.19854087865210113, -0.19854087865210113, -0.2004864386614473, -0.19691957864431264, -0.19432549863185106, -0.19756809864742803, -0.19756809864742803, -0.19562253863808185, -0.19529827863652416, -0.19562253863808185, -0.19594679863963954, -0.19627105864119723, -0.19724383864587033, -0.19659531864275492, -0.19594679863963954, -0.1982166186505434, -0.19659531864275492, -0.19400123863029337, -0.19594679863963954, -0.19691957864431264, -0.19237993862250488, -0.19400123863029337, -0.19691957864431264, -0.19464975863340875, -0.19335271862717798, -0.19270419862406257, -0.19237993862250488, -0.19335271862717798, -0.19302845862562026, -0.1917314186193895, -0.19497401863496647, -0.19302845862562026, -0.19270419862406257, -0.19011011861160101, -0.1914071586178318, -0.1914071586178318, -0.1914071586178318, -0.1914071586178318, -0.18589473859135094, -0.1907586386147164, -0.1914071586178318, -0.18621899859290866, -0.18589473859135094, -0.1910828986162741, -0.18654325859446635, -0.18427343858356246, -0.18427343858356246, -0.18654325859446635, -0.18330065857888939, -0.182652138575774, -0.18232787857421628, -0.18394917858200477, -0.17940953856019703, -0.1807065785664278, -0.17713971854929314, -0.18005805856331242, -0.17811249855396624, -0.17843675855552393, -0.17454563853683158, -0.17454563853683158, -0.17713971854929314, -0.17357285853215848, -0.17195155852437, -0.1726000785274854, -0.1726000785274854, -0.1716272985228123, -0.16870895850879306, -0.16870895850879306, -0.16806043850567765, -0.16838469850723534, -0.1654663584932161, -0.16319653848231222, -0.16643913849788916, -0.16481783849010068, -0.1628722784807545, -0.15671133845115828, -0.15768411845583136, -0.15930541846361984, -0.15735985845427367, -0.15573855844648518, -0.153792998437139, -0.15703559845271597, -0.15282021843246593, -0.15022613842000435, -0.1524959584309082, -0.14957761841688896, -0.15055039842156204, -0.14892909841377355, -0.146335018401312, -0.1450379783950812, -0.1453622383966389, -0.14276815838417733, -0.14179537837950423, -0.14114685837638885, -0.13790425836081188, -0.1385527783639273, -0.13433739834367722, -0.13433739834367722, -0.13271609833588874, -0.13174331833121566, -0.13304035833744643, -0.1278521983125233, -0.1272036783094079, -0.12558237830161942, -0.1259066383031771, -0.12266403828760016, -0.12233977828604246, -0.12136699828136938, -0.1187729182689078, -0.11520605825177314, -0.11520605825177314, -0.11326049824242697, -0.11390901824554235, -0.11163919823463848, -0.10872085822061921, -0.1093693782237346, -0.10482973820192686, -0.10580251820659994, -0.10418121819881146, -0.10385695819725377, -0.10223565818946528, -0.09931731817544602, -0.09477767815363827, -0.09607471815986905, -0.09348063814740748, -0.09477767815363827, -0.08991377813027282, -0.08991377813027282, -0.08667117811469585, -0.08472561810534968, -0.08310431809756119, -0.08310431809756119, -0.07986171808198424, -0.07921319807886884, -0.07629485806484958, -0.07467355805706109, -0.07110669803992643, -0.07207947804459952, -0.06883687802902255, -0.06656705801811869, -0.0649457580103302, -0.06656705801811869, -0.06300019800098403, -0.06040611798852244, -0.05813629797761857, -0.05651499796983009, -0.05586647796671469, -0.051326837944906945, -0.05100257794334925, -0.04970553793711846, -0.047759977927772285, -0.044193117910637625, -0.041923297899733744, -0.04159903789817605, -0.03965347788882988, -0.037059397876368305, -0.031222717848329768, -0.030898457846772073, -0.03219549785300285, -0.027655857831195108, -0.026034557823406627, -0.022791957807829662, -0.022467697806271968, -0.021494917801598876, -0.015658237773560343, -0.01500971777044495, -0.01663101777823343, -0.014361197767329557, -0.00949729774396411, -0.005930437726829451, -0.005930437726829451, -0.0023635777096947903, -0.0004180177003486119, 0.00477014232457453, 0.0008790223058821737, 0.007039962335478405, 0.00574292232924762, 0.010931082354170762, 0.011579602357286155, 0.012876642363516941, 0.016767762382209297, 0.02098314240245935, 0.01903758239311317, 0.021631662405574743, 0.023252962413363224, 0.028441122438286368, 0.028765382439844063, 0.03103520245074794, 0.034277802466324905, 0.0346020624678826, 0.038168922485017256, 0.041411522500594225, 0.0440056025130558, 0.04432986251461349, 0.04822098253330585, 0.048869502536421236, 0.052436362553555896, 0.05470618256445978, 0.059245822586267524, 0.059570082587825215, 0.059245822586267524, 0.06637954262053684, 0.06540676261586376, 0.06962214263611381, 0.07156770264545999, 0.07416178265792156, 0.07481030266103694, 0.0796742026844024, 0.07999846268596009, 0.08324106270153706, 0.08648366271711402, 0.0877807027233448, 0.09037478273580637, 0.09134756274047946, 0.09523868275917183, 0.097184242768518, 0.09945406277942187, 0.10010258278253727, 0.10593926281057581, 0.1056150028090181, 0.10853334282303738, 0.11177594283861433, 0.11372150284796052, 0.11696410286353748, 0.12020670287911445, 0.12053096288067214, 0.12280078289157602, 0.12863746291961456, 0.13090728293051843, 0.1328528429398646, 0.13479840294921078, 0.1341498829460954, 0.13804100296478775, 0.14355342299126858, 0.14387768299282627, 0.14679602300684555, 0.14906584301774942, 0.15295696303644177, 0.15295696303644177, 0.15652382305357643, 0.1581451230613649, 0.16268476308317267, 0.16495458309407654, 0.16625162310030733, 0.1688457031127689, 0.17273682313146127, 0.177276463153269, 0.1769522031517113, 0.1795462831641729, 0.18181610317507677, 0.18668000319844222, 0.18473444318909601, 0.19121964322024995, 0.18927408321090378, 0.19251668322648074, 0.1951107632389423, 0.1973805832498462, 0.20192022327165393, 0.20354152327944242, 0.20808116330125018, 0.20743264329813477, 0.2126208033230579, 0.2139178433292887, 0.21716044334486567, 0.21780896334798105, 0.2233213833744619, 0.224294163379135, 0.22623972338848117, 0.22850954339938503, 0.231752143414962, 0.2343462234274236, 0.23758882344300053, 0.23791308344455825, 0.23888586344923132, 0.24342550347103908, 0.24731662348973144, 0.24893792349751992, 0.25088348350686607, 0.25412608352244304, 0.2593142435473662, 0.2599627635504816, 0.26125980355671236, 0.26385388356917394, 0.2651509235754047, 0.268069263589424, 0.2693663035956548, 0.27423020361902023, 0.2781213236377126, 0.27974262364550107, 0.2826609636595203, 0.2842822636673088, 0.2865520836782127, 0.29011894369534735, 0.28979468369378963, 0.2914159837015781, 0.29692840372805895, 0.29854970373584744, 0.301143783748309, 0.3017923037514244, 0.3053591637685591, 0.30827750378257834, 0.31087158379503993, 0.3115201037981553, 0.31605974381996305, 0.31832956383086697, 0.32059938384177084, 0.3212479038448862, 0.3235177238557901, 0.32740884387448244, 0.3303271838885017, 0.3309757038916171, 0.33194848389629017, 0.33454256390875176, 0.3397307239336749, 0.34329758395080956, 0.3403792439367903, 0.3462159239648288, 0.3497827839819635, 0.3488100039772904, 0.35302538399754047, 0.35399816400221357, 0.35626798401311743, 0.3591863240271367, 0.36048336403336745, 0.36405022405050214, 0.3646987440536175, 0.3689141240738676, 0.37118394408477146, 0.37183246408788684, 0.3757235841065792, 0.38188452413617546, 0.37961470412527154, 0.38415434414707933, 0.3854513841533101, 0.38836972416732934, 0.3873969441626563, 0.39712474420938715, 0.395179184200041, 0.3925851041875794, 0.39842178421561797, 0.4003673442249641, 0.402637164235868, 0.40069160422652184, 0.40620402425300267, 0.4049069842467719, 0.4113921842779258, 0.41041940427325274, 0.4169046043044066, 0.4194986843168682, 0.4185259043121951, 0.4204714643215413, 0.42663240435113753, 0.42403832433867594, 0.4289022243620414, 0.42695666435269525, 0.431496304374503, 0.43279334438073375, 0.43473890439007995, 0.4386300244087723, 0.4396028044134454, 0.43992706441500307, 0.4447909644383685, 0.4438181844336955, 0.4493306044601763, 0.4490063444586186, 0.4509519044679648, 0.45127616446952246, 0.4567885844960033, 0.457112844497561, 0.4623010045224841, 0.4577613645006764, 0.46003118451158026, 0.46262526452404185, 0.4648950845349457, 0.4681376845505227, 0.47040750456142655, 0.47040750456142655, 0.4733258445754458, 0.4733258445754458, 0.47754122459569587, 0.48013530460815745, 0.48175660461594594, 0.48272938462061904, 0.48272938462061904, 0.4849992046315229, 0.48986310465488836, 0.48953884465333064, 0.4921329246657922, 0.49148440466267684, 0.4944027446766961, 0.4960240446844846, 0.5005636847062923, 0.5005636847062923, 0.5015364647109654, 0.504130544723427, 0.504130544723427, 0.5031577647187538, 0.5093187047483502, 0.5125613047639271, 0.5089944447467925, 0.5112642647576963, 0.514831124774831, 0.5183979847919656, 0.5167766847841772, 0.5180737247904079, 0.5213163248059849, 0.5232618848153311, 0.5206678048028694, 0.5245589248215619, 0.5268287448324658, 0.5265044848309081, 0.529747084846485, 0.5278015248371388, 0.5316926448558311, 0.5323411648589466, 0.533962464866735, 0.533962464866735, 0.5375293248838697, 0.5388263648901005, 0.5388263648901005, 0.5410961849010044, 0.5420689649056775, 0.5440145249150237, 0.5423932249072352, 0.5443387849165814, 0.5466086049274852, 0.5466086049274852, 0.5501754649446199, 0.5521210249539661, 0.5517967649524084, 0.5540665849633122, 0.5550393649679853, 0.5553636249695431, 0.5553636249695431, 0.5573091849788891, 0.5608760449960238, 0.5624973450038123, 0.5599032649913508, 0.5595790049897931, 0.5644429050131585, 0.5631458650069278, 0.5650914250162739, 0.5624973450038123, 0.566064205020947, 0.5673612450271778, 0.5696310650380817, 0.570279585041197, 0.5696310650380817, 0.5709281050443125, 0.5709281050443125, 0.5719008850489855, 0.5751434850645625, 0.5754677450661202, 0.5754677450661202, 0.576764785072351, 0.5751434850645625, 0.5774133050754664, 0.5774133050754664, 0.5787103450816972, 0.5826014651003895, 0.5800073850879279, 0.5826014651003895, 0.5842227651081779, 0.5871411051221973, 0.5826014651003895, 0.5845470251097357, 0.5858440651159664, 0.5858440651159664, 0.5858440651159664, 0.5871411051221973, 0.5894109251331011, 0.5881138851268704, 0.5861683251175241, 0.5874653651237549, 0.5897351851346588, 0.5884381451284281, 0.5887624051299858, 0.5868168451206396, 0.5897351851346588, 0.5939505651549088, 0.5929777851502358, 0.591680745144005, 0.5910322251408896, 0.5945990851580243, 0.5933020451517935, 0.5939505651549088, 0.5942748251564666, 0.5945990851580243, 0.5945990851580243, 0.5952476051611396, 0.5952476051611396, 0.595896125164255, 0.5968689051689281, 0.5945990851580243, 0.5955718651626973, 0.5971931651704858, 0.5997872451829475, 0.5952476051611396, 0.5978416851736013, 0.5965446451673705, 0.598165945175159, 0.5933020451517935, 0.5955718651626973, 0.5965446451673705, 0.5978416851736013, 0.5968689051689281, 0.5965446451673705, 0.5978416851736013, 0.5968689051689281, 0.5945990851580243, 0.5939505651549088, 0.5965446451673705, 0.5965446451673705, 0.5988144651782743, 0.5968689051689281, 0.5978416851736013, 0.5968689051689281, 0.598165945175159, 0.5945990851580243, 0.5968689051689281, 0.5971931651704858, 0.5952476051611396, 0.5955718651626973, 0.5952476051611396, 0.5965446451673705, 0.594923345159582, 0.5952476051611396, 0.5910322251408896, 0.594923345159582, 0.5933020451517935, 0.594923345159582, 0.5936263051533511, 0.5933020451517935, 0.591680745144005, 0.5920050051455628, 0.5907079651393319, 0.5897351851346588, 0.5897351851346588, 0.5871411051221973, 0.5907079651393319, 0.5887624051299858, 0.5877896251253126, 0.5868168451206396, 0.5858440651159664, 0.5855198051144088, 0.5861683251175241, 0.5855198051144088, 0.5835742451050626, 0.5816286850957164, 0.5851955451128511, 0.5826014651003895, 0.5848712851112934, 0.5796831250863702, 0.5806559050910434, 0.5774133050754664, 0.5796831250863702, 0.5793588650848125, 0.5787103450816972, 0.5761162650692356, 0.5787103450816972, 0.5754677450661202, 0.5751434850645625, 0.572549405052101, 0.570279585041197, 0.5706038450427547, 0.5683340250318508, 0.5706038450427547, 0.5689825450349663, 0.5673612450271778, 0.5683340250318508, 0.5663884650225047, 0.5641186450116008, 0.5657399450193893, 0.5634701250084854, 0.5634701250084854, 0.5579577049820046, 0.5605517849944661, 0.5618488250006969, 0.55860622498512, 0.5573091849788891, 0.5573091849788891, 0.5573091849788891, 0.5521210249539661, 0.5508239849477352, 0.5514725049508507, 0.5492026849399467, 0.5495269449415044, 0.547905644933716, 0.5453115649212544, 0.5482299049352737, 0.5469328649290429, 0.5433660049119082, 0.5397991448947735, 0.5401234048963313, 0.5385021048885428, 0.537205064882312, 0.5359080248760812, 0.533962464866735, 0.5375293248838697, 0.5287743048418119, 0.5300713448480426, 0.5290985648433696, 0.5290985648433696, 0.5255317048262349, 0.5229376248137734, 0.5232618848153311, 0.5242346648200041, 0.5235861448168888, 0.5196950247981964, 0.5180737247904079, 0.5183979847919656, 0.5154796447779464, 0.5122370447623694, 0.5109400047561387, 0.5112642647576963, 0.5093187047483502, 0.5070488847374462, 0.5070488847374462, 0.504130544723427, 0.5031577647187538, 0.49926664470006155, 0.49569978468292686, 0.49569978468292686, 0.49634830468604224, 0.493429964672023, 0.4918086646642345, 0.4908358846595614, 0.48953884465333064, 0.48629624463775367, 0.48629624463775367, 0.48175660461594594, 0.4840264246268498, 0.47981104460659973, 0.47397436457856124, 0.4755956645863497, 0.4755956645863497, 0.4733258445754458, 0.46943472455675345, 0.4671649045458496, 0.4668406445442919, 0.4639223045302726, 0.464570824533388, 0.4639223045302726, 0.46100396451625336, 0.4584098845037918, 0.4554915444897725, 0.4525732044757533, 0.45289746447731094, 0.44965486446173397, 0.4480335644539455, 0.4447909644383685, 0.44349392443213775, 0.44349392443213775, 0.4412241044212339, 0.43992706441500307, 0.43506316439163767, 0.4360359443963107, 0.43506316439163767, 0.43311760438229147, 0.42955074436515683, 0.42695666435269525, 0.42695666435269525, 0.42403832433867594, 0.4217685043277721, 0.4194986843168682, 0.41755312430752206, 0.4139862642903874, 0.4113921842779258, 0.4091223642670219, 0.40782532426079116, 0.4065282842545604, 0.4029614242374257, 0.40425846424365647, 0.39971882422184873, 0.39712474420938715, 0.3961519642047141, 0.3938821441938102, 0.39128806418134865, 0.38999102417511783, 0.38772120416421396, 0.38836972416732934, 0.380263224128387, 0.37896618412215616, 0.3792904441237139, 0.37183246408788684, 0.3715082040863292, 0.3705354240816561, 0.3682656040707522, 0.36858986407230987, 0.3611318840364829, 0.3595105840286944, 0.3601591040318098, 0.3595105840286944, 0.35529520400844433, 0.3497827839819635, 0.3497827839819635, 0.348161483974175, 0.34491888395859804, 0.34232480394613646, 0.3420005439445788, 0.3387579439290018, 0.33292126390096327, 0.33292126390096327, 0.33194848389629017, 0.3325970038994056, 0.3254632838651363, 0.3222206838495593, 0.3222206838495593, 0.3212479038448862, 0.31962660383709773, 0.31508696381529, 0.3134656638075015, 0.3105473237934822, 0.3069804637763476, 0.30244082375453984, 0.3027650837560975, 0.3021165637529821, 0.29952248374052054, 0.2923887637062512, 0.2923887637062512, 0.28979468369378963, 0.28979468369378963, 0.2826609636595203, 0.28298522366107803, 0.28201244365640493, 0.28201244365640493, 0.2774728036345972, 0.2722846436096741, 0.271311863605001, 0.2690420435940971, 0.2683935235909817, 0.2635296235676163, 0.2609355435551547, 0.2615840635582701, 0.2547746035255585, 0.25185626351153917, 0.249910703502193, 0.24893792349751992, 0.24634384348505833, 0.2431012434694814, 0.23985864345390442, 0.23921012345078901, 0.23758882344300053, 0.23467048342898128, 0.2320764034165197, 0.23077936341028893, 0.22494268338225037, 0.22461842338069268, 0.22105156336355802, 0.22007878335888492, 0.2152148833355195, 0.21326932332617332, 0.20937820330748094, 0.21164802331838484, 0.206135603291904, 0.20224448327321162, 0.20192022327165393, 0.1973805832498462, 0.1977048432514039, 0.1947865032373846, 0.19251668322648074, 0.19024686321557688, 0.1886255632077884, 0.18376166318442294, 0.18408592318598063, 0.17565516314548052, 0.177276463153269, 0.17370960313613434, 0.17306108313301896, 0.1685214431112112, 0.16527884309563423, 0.16495458309407654, 0.1620362430800573, 0.15717234305669184, 0.15587530305046104, 0.1510114030270956, 0.1519841830317687, 0.14744454300996093, 0.14776880301151865, 0.144201942994384, 0.1406350829772493, 0.1425806429865955, 0.13641970295699926, 0.13447414294765309, 0.1315558029336338, 0.12863746291961456, 0.12766468291494146, 0.12020670287911445, 0.12247652289001831, 0.11858540287132596, 0.11826114286976827, 0.1143700228510759, 0.11145168283705664, 0.10983038282926816, 0.10820908282147967, 0.10464222280434501, 0.10139962278876806, 0.10204814279188344, 0.09912980277786418, 0.09491442275761412, 0.09361738275138334, 0.08940200273113329, 0.08940200273113329, 0.08518662271088323, 0.08421384270621014, 0.08194402269530628, 0.0796742026844024, 0.07513456266259465, 0.07286474265169077, 0.0702706626392292, 0.07124344264390228, 0.06735232262520993, 0.06378546260807527, 0.06281268260340218, 0.05762452257847904, 0.05989434258938292, 0.05665174257380595, 0.05113932254732512, 0.05016654254265203, 0.050815062545767425, 0.044978382517728885, 0.04368134251149809, 0.041411522500594225, 0.04303282250838271, 0.03687188247878648, 0.03233224245697873, 0.03330502246165182, 0.0346020624678826, 0.025847042425824796, 0.02487426242115171, 0.021955922407132438, 0.02260444241024783, 0.01838906238999778, 0.016767762382209297, 0.016767762382209297, 0.013200902365074638, 0.011579602357286155, 0.006391442332363013, 0.007364222337036101, 0.00477014232457453, -9.375769879091552e-05, -0.0023635777096947903, -0.0033363577143678794, -0.005930437726829451, -0.00949729774396411, -0.007551737734617933, -0.012091377756425683, -0.011767117754867986, -0.01663101777823343, -0.018252317786021915, -0.021494917801598876, -0.019225097790695003, -0.02408899781406045, -0.027007337828079715, -0.028952897837425894, -0.027331597829637413, -0.03219549785300285, -0.03284401785611825, -0.034789577865464424, -0.03803217788104139, -0.03997773789038757, -0.04127477789661836, -0.04257181790284914, -0.04743571792621459, -0.046462937921541506, -0.04905701793400308, -0.05067831794179155, -0.053596657955810825, -0.054893697962041604, -0.05910907798229166, -0.06137889799319554, -0.06170315799475323, -0.0649457580103302, -0.0642972380072148, -0.06721557802123407, -0.07013391803525335, -0.07143095804148412, -0.07272799804771492, -0.07143095804148412, -0.07499781805861878, -0.07629485806484958, -0.07986171808198424, -0.08180727809133041, -0.08245579809444581, -0.08472561810534968, -0.08504987810690738, -0.08991377813027282, -0.09023803813183051, -0.0915350781380613, -0.0915350781380613, -0.09510193815519596, -0.09510193815519596, -0.09737175816609984, -0.09899305817388832, -0.1009386181832345, -0.10223565818946528, -0.10320843819413837, -0.10418121819881146, -0.1093693782237346, -0.11131493823308078, -0.10904511822217691, -0.1096936382252923, -0.11715161826111932, -0.11520605825177314, -0.11455753824865775, -0.11780013826423472, -0.12233977828604246, -0.12233977828604246, -0.12266403828760016, -0.1268794183078502, -0.128176458314081, -0.128176458314081, -0.1278521983125233, -0.13077053832654256, -0.13109479832810025, -0.13368887834056184, -0.13304035833744643, -0.1369314783561388, -0.14017407837171575, -0.13790425836081188, -0.14017407837171575, -0.1366072183545811, -0.14406519839040813, -0.1453622383966389, -0.1453622383966389, -0.14309241838573503, -0.1476320584075428, -0.14795631840910048, -0.15119891842467745, -0.15184743842779283, -0.15217169842935052, -0.15282021843246593, -0.153792998437139, -0.15217169842935052, -0.1554142984449275, -0.15995393846673525, -0.15671133845115828, -0.15930541846361984, -0.15768411845583136, -0.16449357848854299, -0.16189949847608143, -0.1638450584854276, -0.16319653848231222, -0.1654663584932161, -0.16741191850256226, -0.16773617850411995, -0.16708765850100457, -0.16773617850411995, -0.17000599851502382, -0.17227581852592772, -0.17195155852437, -0.17195155852437, -0.17486989853838927, -0.17551841854150468, -0.17519415853994696, -0.17713971854929314, -0.17713971854929314, -0.17876101855708162, -0.17713971854929314, -0.17811249855396624, -0.18005805856331242, -0.1803823185648701, -0.17876101855708162, -0.1816793585711009, -0.1816793585711009, -0.1816793585711009, -0.18103083856798552, -0.18330065857888939, -0.18654325859446635, -0.18751603859913943, -0.18784029860069712, -0.18784029860069712, -0.18751603859913943, -0.18784029860069712, -0.18784029860069712, -0.18816455860225484, -0.1917314186193895, -0.19011011861160101, -0.1917314186193895, -0.19011011861160101, -0.1917314186193895, -0.1917314186193895, -0.1917314186193895, -0.19497401863496647, -0.18978585861004332, -0.19562253863808185, -0.1914071586178318, -0.19302845862562026, -0.19562253863808185, -0.19497401863496647, -0.19594679863963954, -0.19432549863185106, -0.19400123863029337, -0.19367697862873567, -0.19724383864587033, -0.19854087865210113, -0.19854087865210113, -0.19237993862250488, -0.19497401863496647, -0.19529827863652416, -0.1982166186505434, -0.19529827863652416, -0.19659531864275492, -0.19464975863340875, -0.19627105864119723, -0.19627105864119723, -0.19562253863808185, -0.19724383864587033, -0.19691957864431264, -0.19627105864119723, -0.19497401863496647, -0.19691957864431264, -0.19756809864742803, -0.19659531864275492, -0.19400123863029337, -0.19724383864587033, -0.19724383864587033, -0.19627105864119723, -0.19400123863029337, -0.19270419862406257, -0.19691957864431264, -0.19400123863029337, -0.19529827863652416, -0.19270419862406257, -0.19367697862873567, -0.19464975863340875, -0.19335271862717798, -0.19594679863963954, -0.19432549863185106, -0.19302845862562026, -0.19367697862873567, -0.1920556786209472, -0.1904343786131587, -0.19237993862250488, -0.1907586386147164, -0.18881307860537022, -0.18784029860069712, -0.1910828986162741, -0.1904343786131587, -0.18881307860537022, -0.18784029860069712, -0.18881307860537022, -0.18784029860069712, -0.18654325859446635, -0.18427343858356246, -0.18654325859446635, -0.18654325859446635, -0.18427343858356246, -0.1829763985773317, -0.1816793585711009, -0.182652138575774, -0.1807065785664278, -0.1807065785664278, -0.18103083856798552, -0.1813550985695432, -0.17973379856175473, -0.17876101855708162, -0.17713971854929314, -0.17616693854462007, -0.17746397855085086, -0.17227581852592772, -0.17519415853994696, -0.17454563853683158, -0.17486989853838927, -0.1738971185337162, -0.1726000785274854, -0.17033025851658154, -0.17065451851813923, -0.16903321851035075, -0.16838469850723534, -0.16643913849788916, -0.16676339849944688, -0.16157523847452374, -0.16481783849010068, -0.15962967846517756, -0.15995393846673525, -0.15735985845427367, -0.15865689846050446, -0.15962967846517756, -0.15703559845271597, -0.15573855844648518, -0.15444151844025442, -0.15217169842935052, -0.1541172584386967, -0.14925335841533127, -0.14957761841688896, -0.14892909841377355, -0.1460107583997543, -0.1447137183935235, -0.14406519839040813, -0.1456864983981966, -0.14147111837794654, -0.14309241838573503, -0.13887703836548498, -0.14017407837171575, -0.1366072183545811, -0.13531017834835032, -0.13531017834835032, -0.13563443834990802, -0.13109479832810025, -0.13109479832810025, -0.128176458314081, -0.13109479832810025, -0.128176458314081, -0.1272036783094079, -0.12363681829227324, -0.12006995827513858, -0.12233977828604246, -0.11747587826267701, -0.12201551828448476, -0.11553031825333084, -0.11650309825800392, -0.11293623824086926, -0.11099067823152309, -0.10709955821283074, -0.10904511822217691, -0.10547825820504225, -0.10418121819881146, -0.10450547820036916, -0.1012628781847922, -0.09834453817077293, -0.09542619815675366, -0.09542619815675366, -0.09769601816765754, -0.09380489814896517, -0.09250785814273439, -0.08894099812559973, -0.08894099812559973, -0.08634691811313816, -0.08796821812092664, -0.08472561810534968, -0.08115875808821502, -0.07953745808042653, -0.0733765180508303, -0.0740250380539457, -0.07467355805706109, -0.0740250380539457, -0.07013391803525335, -0.06689131801967638, -0.06818835802590716, -0.06527001801188789, -0.061054637991637836, -0.062027417996310924, -0.05975759798540706, -0.057487777974503176, -0.05456943796048391, -0.051326837944906945, -0.05586647796671469, -0.04970553793711846, -0.04873275793244537, -0.04354459790752223, -0.0461386779199838, -0.04354459790752223, -0.041923297899733744, -0.03803217788104139, -0.035762357870137526, -0.03446531786390673, -0.031222717848329768, -0.029277157838983593, -0.029601417840541287, -0.029277157838983593, -0.026034557823406627, -0.021494917801598876, -0.019225097790695003, -0.019873617793810396, -0.016306757776675736, -0.01306415776109877, -0.01144285775331029, -0.011118597751752593, -0.00949729774396411, -0.0062546977283871475, -0.003984877717483272, -0.0010665377034640047, 0.001851802310555263, 0.00574292232924762, 0.006715702333920709, 0.008661262343266887, 0.009634042347939976, 0.014497942371305422, 0.012876642363516941, 0.017092022383766992, 0.016767762382209297, 0.022280182408690136, 0.02455000241959401, 0.027792602435170975, 0.0255227824242671, 0.03006242244607485, 0.03233224245697873, 0.03168372245386333, 0.035574842472555684, 0.03881744248813265, 0.0433570825099404, 0.04595116252240197, 0.048545242534863545, 0.048545242534863545, 0.048869502536421236, 0.052112102551998205, 0.05470618256445978, 0.05503044256601747, 0.06021860259094061, 0.06248842260184449, 0.06410972260963296, 0.06637954262053684, 0.06800084262832533, 0.07221622264857538, 0.07286474265169077, 0.07481030266103694, 0.0793499426828447, 0.08097124269063317, 0.08194402269530628, 0.08680792271867172, 0.0877807027233448, 0.09134756274047946, 0.09394164275294103, 0.09426590275449873, 0.09848128277474878, 0.10075110278565266, 0.10204814279188344, 0.10593926281057581, 0.10820908282147967, 0.10853334282303738, 0.11274872284328742, 0.11663984286197979, 0.11890966287288365, 0.11890966287288365, 0.12085522288222984, 0.1237735628962491, 0.12928598292272994, 0.13123154293207612, 0.1328528429398646, 0.13577118295388388, 0.13641970295699926, 0.13933804297101854, 0.14128360298036471, 0.14517472299905707, 0.14614750300373017, 0.15003862302242252, 0.14971436302086483, 0.1513356630286533, 0.15619956305201874, 0.159117903066038, 0.16138772307694188, 0.1620362430800573, 0.16560310309719195, 0.169818483117442, 0.17338534313457665, 0.17241256312990355, 0.17597942314703824, 0.1776007231548267, 0.18116758317196135, 0.18116758317196135, 0.18570722319376912, 0.19154390322180764, 0.19057112321713457, 0.19348946323115382, 0.1964078032451731, 0.19965040326075006, 0.20224448327321162, 0.20354152327944242, 0.2054870832887886, 0.21067524331371174, 0.2129450633246156, 0.2142421033308464, 0.21716044334486567, 0.22007878335888492, 0.22461842338069268, 0.2239699033775773, 0.22623972338848117, 0.22818528339782734, 0.2330491834211928, 0.2330491834211928, 0.23694030343988515, 0.23921012345078901, 0.24342550347103908, 0.24245272346636598, 0.24634384348505833, 0.2505592235053084, 0.2521805235130969, 0.25088348350686607, 0.2576929435395777, 0.2593142435473662, 0.26288110356450084, 0.2651509235754047, 0.2667722235831932, 0.2690420435940971, 0.2703390836003279, 0.2739059436174625, 0.2748787236221356, 0.2758515036268087, 0.2790941036423857, 0.28298522366107803, 0.2865520836782127, 0.2865520836782127, 0.2940100637140397, 0.29206450370469356, 0.29627988372494357, 0.29692840372805895, 0.301143783748309, 0.2982254437342898, 0.3060076837716745, 0.30730472377790524, 0.3115201037981553, 0.31119584379659765, 0.31541122381684766, 0.3128171438043861, 0.3212479038448862, 0.3212479038448862, 0.322544943851117, 0.32481476386202085, 0.32740884387448244, 0.3306514438900594, 0.33713664392121334, 0.337460903922771, 0.3387579439290018, 0.3413520239414634, 0.3410277639399057, 0.3471887039695019, 0.3478372239726173, 0.3523768639944251, 0.3517283439913097, 0.35561946401000205, 0.3575650240193482, 0.36080762403492517, 0.35983484403025207, 0.3637259640489444, 0.3676170840676368, 0.3669685640645214, 0.37021116408009835, 0.37183246408788684, 0.3773448841143677, 0.37799340411748306, 0.3792904441237139, 0.38253304413929085, 0.3854513841533101, 0.38869398416888706, 0.3860999041564255, 0.39096380417979093, 0.3925851041875794, 0.3948549241984833, 0.39842178421561797, 0.40069160422652184, 0.40004308422340645, 0.40620402425300267, 0.40620402425300267, 0.40685254425611805, 0.4120407042810412, 0.4136620042888297, 0.41463478429350276, 0.4169046043044066, 0.4188501643137528, 0.4220927643293298, 0.4211199843246567, 0.4256596243464644, 0.4289022243620414, 0.4308477843713876, 0.4324690843791761, 0.43214482437761836, 0.43636020439786843, 0.4376572444040992, 0.4412241044212339, 0.44316966443058003, 0.44349392443213775, 0.4480335644539455, 0.4467365244477147, 0.44965486446173397, 0.45127616446952246, 0.45484302448665714, 0.4561400644928879, 0.4577613645006764, 0.4593826645084649, 0.460355444513138, 0.4655436045380611, 0.4648950845349457, 0.4648950845349457, 0.4668406445442919, 0.47105602456454193, 0.4691104645551958, 0.47397436457856124, 0.4746228845816766, 0.47656844459102277, 0.47883826460192663, 0.4804595646097151, 0.48110808461283056, 0.485971984636196, 0.48856606464865754, 0.48629624463775367, 0.48889032465021526, 0.49310570467046533, 0.4944027446766961, 0.493429964672023, 0.49764534469227306, 0.49764534469227306, 0.5005636847062923, 0.49926664470006155, 0.5015364647109654, 0.5064003647343308, 0.5060761047327732, 0.5089944447467925, 0.5096429647499078, 0.5080216647421193, 0.5132098247670425, 0.5132098247670425, 0.5145068647732732, 0.515803904779504, 0.5183979847919656, 0.5196950247981964, 0.5196950247981964, 0.5229376248137734, 0.5258559648277926, 0.5268287448324658, 0.5252074448246773, 0.5300713448480426, 0.5313683848542735, 0.5313683848542735, 0.5342867248682928, 0.536232284877639, 0.5359080248760812, 0.5336382048651773, 0.5397991448947735, 0.5397991448947735, 0.5417447049041197, 0.5440145249150237, 0.5433660049119082, 0.5433660049119082, 0.5459600849243698, 0.5466086049274852, 0.5469328649290429, 0.547905644933716, 0.5492026849399467, 0.5530938049586391, 0.5527695449570814, 0.5530938049586391, 0.5553636249695431, 0.5553636249695431, 0.5579577049820046, 0.5599032649913508, 0.5602275249929085, 0.5612003049975816, 0.5647671650147162, 0.56282160500537, 0.5647671650147162, 0.566064205020947, 0.566064205020947, 0.5667127250240623, 0.5696310650380817, 0.5680097650302932, 0.570279585041197, 0.570279585041197, 0.5715766250474278, 0.5719008850489855, 0.5715766250474278, 0.5728736650536587, 0.5754677450661202, 0.5770890450739087, 0.5728736650536587, 0.5787103450816972, 0.5764405250707932, 0.5806559050910434, 0.5787103450816972, 0.5800073850879279, 0.5806559050910434, 0.5813044250941587, 0.5822772050988319, 0.5832499851035049, 0.5835742451050626, 0.5858440651159664, 0.5848712851112934, 0.5845470251097357, 0.5884381451284281, 0.5903837051377743, 0.5884381451284281, 0.5868168451206396, 0.5884381451284281, 0.5920050051455628, 0.5897351851346588, 0.5900594451362166, 0.5897351851346588, 0.5907079651393319, 0.5881138851268704, 0.5933020451517935, 0.5907079651393319, 0.5920050051455628, 0.5907079651393319, 0.5923292651471204, 0.5910322251408896, 0.5942748251564666, 0.5942748251564666, 0.5926535251486781, 0.5952476051611396, 0.5975174251720435, 0.5955718651626973, 0.5965446451673705, 0.595896125164255, 0.595896125164255, 0.5968689051689281, 0.5978416851736013, 0.595896125164255, 0.5988144651782743, 0.5984902051767166, 0.5988144651782743, 0.5955718651626973, 0.5997872451829475, 0.598165945175159, 0.599138725179832, 0.5965446451673705, 0.5975174251720435, 0.5971931651704858, 0.5994629851813897, 0.5994629851813897, 0.5968689051689281, 0.5978416851736013, 0.5968689051689281, 0.5968689051689281, 0.595896125164255, 0.5978416851736013, 0.5968689051689281, 0.5955718651626973, 0.5965446451673705, 0.5994629851813897, 0.5936263051533511, 0.5952476051611396, 0.5955718651626973, 0.5955718651626973, 0.5955718651626973, 0.5936263051533511, 0.594923345159582, 0.5965446451673705, 0.5936263051533511, 0.5942748251564666, 0.5929777851502358, 0.5939505651549088, 0.5929777851502358, 0.5923292651471204, 0.5907079651393319, 0.5910322251408896, 0.5920050051455628, 0.5894109251331011, 0.5894109251331011, 0.5920050051455628, 0.5868168451206396, 0.5894109251331011, 0.5887624051299858, 0.5907079651393319, 0.5874653651237549, 0.5858440651159664, 0.5874653651237549, 0.5858440651159664, 0.5881138851268704, 0.5845470251097357, 0.5848712851112934, 0.5845470251097357, 0.5822772050988319, 0.5790346050832549, 0.5806559050910434, 0.5813044250941587, 0.5800073850879279, 0.5764405250707932, 0.5787103450816972, 0.5787103450816972, 0.5754677450661202, 0.5731979250552163, 0.5728736650536587, 0.5748192250630048, 0.5722251450505432, 0.5731979250552163, 0.569306805036524, 0.569306805036524, 0.5706038450427547, 0.5657399450193893, 0.5657399450193893, 0.5650914250162739, 0.5657399450193893, 0.5615245649991393, 0.5624973450038123, 0.5631458650069278, 0.5631458650069278, 0.55860622498512, 0.5576334449804469, 0.5576334449804469, 0.5576334449804469, 0.5569849249773315, 0.5550393649679853, 0.5543908449648699, 0.5521210249539661, 0.5504997249461776, 0.5514725049508507, 0.5488784249383891, 0.5504997249461776, 0.5466086049274852, 0.5453115649212544, 0.5449873049196967, 0.5449873049196967, 0.544663044918139, 0.5397991448947735, 0.5368808048807543, 0.540447664897889, 0.5375293248838697, 0.5342867248682928, 0.5313683848542735, 0.5326654248605043, 0.5294228248449273, 0.5326654248605043, 0.5278015248371388, 0.5284500448402543, 0.5239104048184464, 0.5245589248215619, 0.5206678048028694, 0.5209920648044272, 0.5209920648044272, 0.5183979847919656, 0.5180737247904079, 0.5132098247670425, 0.514831124774831, 0.5109400047561387, 0.5112642647576963, 0.5060761047327732, 0.5089944447467925, 0.507373144739004, 0.5031577647187538, 0.5002394247047346, 0.5005636847062923, 0.49764534469227306, 0.49764534469227306, 0.49569978468292686, 0.4953755246813692, 0.490187364656446, 0.48986310465488836, 0.4872690246424268, 0.4882418046470999, 0.4872690246424268, 0.4840264246268498, 0.47916252460348435, 0.48175660461594594, 0.47916252460348435, 0.4772169645941382, 0.4746228845816766, 0.4742986245801189, 0.4717045445676573, 0.4684619445520804, 0.4674891645474073, 0.4648950845349457, 0.46262526452404185, 0.46165248451936874, 0.460355444513138, 0.4587341445053495, 0.4587341445053495, 0.45322172447886866, 0.45419450448354176, 0.4506276444664071, 0.4493306044601763, 0.4470607844492724, 0.4470607844492724, 0.44543948444148396, 0.44187262442434927, 0.43992706441500307, 0.4376572444040992, 0.43636020439786843, 0.43376612438540685, 0.4324690843791761, 0.4272809243542529, 0.42663240435113753, 0.42501110434334904, 0.4217685043277721, 0.4204714643215413, 0.4220927643293298, 0.41722886430596434, 0.4152833042966182, 0.4113921842779258, 0.4081495842623488, 0.4097708842701373, 0.4045827242452142, 0.4032856842389834, 0.40069160422652184, 0.40004308422340645, 0.39712474420938715, 0.3938821441938102, 0.3925851041875794, 0.3916123241829063, 0.3864241641579832, 0.384478604148637, 0.3838300841455216, 0.38350582414396395, 0.37961470412527154, 0.3757235841065792, 0.3757235841065792, 0.3734537640956753, 0.37280524409255994, 0.36956264407698297, 0.36599578405984834, 0.3653472640567329, 0.36242892404271365, 0.3578892840209059, 0.35626798401311743, 0.3559437240115597, 0.35107982398819426, 0.3494585239804058, 0.34751296397105963, 0.34524314396015576, 0.3462159239648288, 0.3416762839430211, 0.3368123839196556, 0.33648812391809796, 0.33519108391186714, 0.3306514438900594, 0.32935440388382864, 0.32578754386669395, 0.32676032387136705, 0.3212479038448862, 0.31800530382930925, 0.31865382383242463, 0.31541122381684766, 0.3128171438043861, 0.31184436379971303, 0.30860176378413606, 0.3053591637685591, 0.3027650837560975, 0.29984674374207826, 0.2991982237389629, 0.2953071037202705, 0.29368580371248204, 0.29109172370002045, 0.2881733836860012, 0.2868763436797704, 0.2846065236688665, 0.28298522366107803, 0.2771485436330395, 0.2758515036268087, 0.271311863605001, 0.27098760360344326, 0.27001482359877016, 0.2687177835925394, 0.26288110356450084, 0.2615840635582701, 0.2576929435395777, 0.2580172035411354, 0.2547746035255585, 0.25445034352400075, 0.2492621834990776, 0.24537106348038526, 0.24504680347882757, 0.2405071634570198, 0.23921012345078901, 0.23661604343832746, 0.23240066341807739, 0.23077936341028893, 0.2314278834134043, 0.22721250339315427, 0.22526694338380807, 0.22040304336044264, 0.22007878335888492, 0.21618766334019257, 0.2142421033308464, 0.21035098331215404, 0.21197228331994253, 0.206135603291904, 0.20451430328411552, 0.20192022327165393, 0.19802910325296158, 0.1964078032451731, 0.19348946323115382, 0.19284094322803844, 0.1886255632077884, 0.1876527832031153, 0.18538296319221143, 0.18084332317040366, 0.17792498315638441, 0.1785735031594998, 0.17500664314236514, 0.1707912631221151, 0.169818483117442, 0.16787292310809582, 0.16365754308784577, 0.1604149430722688, 0.1594421630675957, 0.15652382305357643, 0.15555104304890335, 0.15425400304267256, 0.14874158301619173, 0.14517472299905707, 0.1425806429865955, 0.1403108229756916, 0.13674396295855695, 0.13577118295388388, 0.13479840294921078, 0.13188006293519153, 0.13025876292740304, 0.12604338290715297, 0.1244220828993645, 0.12215226288846062, 0.11890966287288365, 0.11728836286509518, 0.1156670628573067, 0.11372150284796052, 0.10820908282147967, 0.1062635228121335, 0.10366944279967193, 0.10464222280434501, 0.10204814279188344, 0.0978327627716334, 0.097184242768518, 0.09588720276228721, 0.09037478273580637, 0.09167182274203717, 0.08680792271867172, 0.08324106270153706, 0.08064698268907548, 0.07772864267505622, 0.07513456266259465, 0.07643160266882543, 0.07124344264390228, 0.06929788263455611, 0.06670380262209454, 0.06410972260963296, 0.06378546260807527, 0.061839902598729096, 0.056003222570690556, 0.05373340255978669, 0.056003222570690556, 0.049842282541094324, 0.04757246253019046, 0.046275422523959664, 0.04432986251461349, 0.04043874249592114, 0.037844662483459565, 0.03687188247878648, 0.03589910247411339, 0.031359462452305635, 0.028441122438286368, 0.02811686243672867, 0.026171302427382494, 0.023577222414920922, 0.018064802388440084, 0.01741628238532469, 0.01579498237753621, 0.015470722375978511, 0.013525162366632332, 0.010606822352613066, 0.008012742340151494, 0.006391442332363013, 0.003473102318343745, 0.0008790223058821737, -0.0010665377034640047, -0.0033363577143678794, -0.0056061777252717545, -0.00949729774396411, -0.008200257737733325, -0.01241563775798338, -0.013388417762656467, -0.01663101777823343, -0.017928057784464217, -0.021819177803156575, -0.021494917801598876, -0.022791957807829662, -0.023440477810945055, -0.027331597829637413, -0.0286286378358682, -0.03057419784521438, -0.03284401785611825, -0.036735137874810614, -0.0377079178794837, -0.03868069788415679, -0.04224755790129145, -0.043868857909079934, -0.04549015791686842, -0.04743571792621459, -0.047759977927772285, -0.05067831794179155, -0.05262387795113774, -0.05424517795892621, -0.05586647796671469, -0.058460557979176264, -0.06170315799475323, -0.06170315799475323, -0.06170315799475323, -0.0646214980087725, -0.06753983802279177, -0.06980965803369564, -0.07045817803681104, -0.0733765180508303, -0.07597059806329187, -0.07726763806952267, -0.07629485806484958, -0.07824041807419575, -0.08440135810379198, -0.08667117811469585, -0.08861673812404204, -0.08667117811469585, -0.09056229813338822, -0.09121081813650361, -0.09283211814429208, -0.09348063814740748, -0.09737175816609984, -0.09737175816609984, -0.10029009818011911, -0.1012628781847922, -0.10320843819413837, -0.10482973820192686, -0.10807233821750382, -0.10742381821438843, -0.11293623824086926, -0.11099067823152309, -0.11326049824242697, -0.11196345823619618, -0.11650309825800392, -0.1187729182689078, -0.1190971782704655, -0.11942143827202319, -0.12233977828604246, -0.12266403828760016, -0.12558237830161942, -0.12558237830161942, -0.12914923831875408, -0.13174331833121566, -0.13077053832654256, -0.13044627832498487, -0.13012201832342718, -0.1359586983514657, -0.13563443834990802, -0.1366072183545811, -0.1359586983514657, -0.14017407837171575, -0.14049833837327347, -0.14374093838885044, -0.14309241838573503, -0.14406519839040813, -0.14665927840286969, -0.1476320584075428, -0.14860483841221586, -0.15119891842467745, -0.1524959584309082, -0.15087465842311976, -0.1524959584309082, -0.15444151844025442, -0.15671133845115828, -0.15930541846361984, -0.15573855844648518, -0.15703559845271597, -0.15833263845894677, -0.15995393846673525, -0.1635207984838699, -0.1641693184869853, -0.16449357848854299, -0.16643913849788916, -0.16319653848231222, -0.16773617850411995, -0.16643913849788916, -0.17033025851658154, -0.16773617850411995, -0.17357285853215848, -0.17357285853215848, -0.17065451851813923, -0.1732485985306008, -0.17357285853215848, -0.1726000785274854, -0.17616693854462007, -0.17713971854929314, -0.17713971854929314, -0.17746397855085086, -0.17940953856019703, -0.17811249855396624, -0.17876101855708162, -0.1829763985773317, -0.17973379856175473, -0.18427343858356246, -0.1820036185726586, -0.182652138575774, -0.18427343858356246, -0.18394917858200477, -0.18621899859290866, -0.18557047858979325, -0.18686751859602405, -0.18686751859602405, -0.1894615986084856, -0.18784029860069712, -0.18784029860069712, -0.18881307860537022, -0.18784029860069712, -0.1891373386069279, -0.1914071586178318, -0.19237993862250488, -0.19011011861160101, -0.18978585861004332, -0.19464975863340875, -0.19400123863029337, -0.19497401863496647, -0.19497401863496647, -0.19335271862717798, -0.1904343786131587, -0.19302845862562026, -0.19497401863496647, -0.19594679863963954, -0.19302845862562026, -0.19497401863496647, -0.19497401863496647, -0.19627105864119723, -0.19497401863496647, -0.19627105864119723, -0.19724383864587033, -0.19594679863963954, -0.19562253863808185, -0.19627105864119723, -0.19756809864742803, -0.19497401863496647, -0.1982166186505434, -0.19367697862873567, -0.19724383864587033, -0.19886513865365882, -0.19627105864119723, -0.19400123863029337, -0.19594679863963954, -0.19691957864431264, -0.19691957864431264, -0.19627105864119723, -0.19497401863496647, -0.19724383864587033, -0.19627105864119723, -0.19594679863963954, -0.19529827863652416, -0.19724383864587033, -0.19302845862562026, -0.19529827863652416, -0.19529827863652416, -0.19659531864275492, -0.19562253863808185, -0.19400123863029337, -0.19400123863029337, -0.19659531864275492, -0.19335271862717798, -0.19691957864431264, -0.19335271862717798, -0.19237993862250488, -0.19335271862717798, -0.19367697862873567, -0.19335271862717798, -0.1914071586178318, -0.1917314186193895, -0.1904343786131587, -0.19011011861160101, -0.19335271862717798, -0.18751603859913943, -0.19011011861160101, -0.18427343858356246, -0.18784029860069712, -0.18557047858979325, -0.18751603859913943, -0.18621899859290866, -0.18524621858823556, -0.18394917858200477, -0.18427343858356246, -0.18589473859135094, -0.18330065857888939, -0.1820036185726586, -0.18232787857421628, -0.17876101855708162, -0.17908527855863934, -0.17843675855552393, -0.17713971854929314, -0.17713971854929314, -0.17778823855240855, -0.17713971854929314, -0.1738971185337162, -0.1716272985228123, -0.17357285853215848, -0.1713030385212546, -0.17357285853215848, -0.17000599851502382, -0.16773617850411995, -0.16838469850723534, -0.16968173851346613, -0.16838469850723534, -0.16449357848854299, -0.16643913849788916, -0.1625480184791968, -0.1635207984838699, -0.16027819846829294, -0.1628722784807545, -0.16027819846829294, -0.15898115846206215, -0.15898115846206215, -0.15768411845583136, -0.15444151844025442, -0.1541172584386967, -0.15217169842935052, -0.15217169842935052, -0.15119891842467745, -0.15022613842000435, -0.14860483841221586, -0.1473077984059851, -0.14665927840286969, -0.14341667838729272, -0.14309241838573503, -0.14179537837950423, -0.14244389838261964, -0.1385527783639273, -0.13887703836548498, -0.13822851836236957, -0.1362829583530234, -0.13433739834367722, -0.1288249783171964, -0.13433739834367722, -0.13109479832810025, -0.13077053832654256, -0.1268794183078502, -0.1272036783094079, -0.12558237830161942, -0.12298829828915786, -0.12104273827981167, -0.11974569827358089, -0.12006995827513858, -0.1187729182689078, -0.11163919823463848, -0.11358475824398466, -0.11293623824086926, -0.11196345823619618, -0.1106664182299654, -0.10807233821750382, -0.1093693782237346, -0.10580251820659994, -0.10320843819413837, -0.10223565818946528, -0.10158713818634989, -0.10223565818946528, -0.09769601816765754, -0.09834453817077293, -0.09510193815519596, -0.09412915815052288, -0.09023803813183051, -0.08634691811313816, -0.08796821812092664, -0.08796821812092664, -0.08537413810846507, -0.08051023808509962, -0.07986171808198424, -0.07824041807419575, -0.07564633806173418, -0.07564633806173418, -0.07240373804615721, -0.07175521804304183, -0.07013391803525335, -0.06689131801967638, -0.0646214980087725, -0.06170315799475323, -0.06332445800254172, -0.062027417996310924, -0.058460557979176264, -0.05456943796048391, -0.055542217965157, -0.05100257794334925, -0.047759977927772285, -0.050029797938676165, -0.04743571792621459, -0.04257181790284914, -0.04159903789817605, -0.04159903789817605, -0.03900495788571448, -0.03608661787169522, -0.03414105786234904, -0.028952897837425894, -0.031222717848329768, -0.029925677842098986, -0.027331597829637413, -0.022467697806271968, -0.021494917801598876, -0.02117065780004118, -0.017603797782906522, -0.01695527777979113, -0.01403693776577186, -0.01144285775331029, -0.006578957729944843, -0.007551737734617933, -0.008200257737733325, -0.0043091377190409685, -0.0017150577065793975, -0.002039317708137094, 0.002824582315228352, 0.002824582315228352, 0.00574292232924762, 0.011903862358843852, 0.010931082354170762, 0.015146462374420815, 0.015146462374420815, 0.018713322391555477, 0.02098314240245935, 0.02455000241959401, 0.026171302427382494, 0.026171302427382494, 0.027792602435170975, 0.03168372245386333, 0.0349263224694403, 0.03362928246320951, 0.03687188247878648, 0.04076300249747883, 0.044978382517728885, 0.046275422523959664, 0.04595116252240197, 0.05113932254732512, 0.05049080254420972, 0.05470618256445978, 0.05503044256601747, 0.061515642597171405, 0.06346120260651758, 0.06346120260651758, 0.06735232262520993, 0.06897362263299842, 0.07318900265324847, 0.07610734266726774, 0.07513456266259465, 0.0783771626781716, 0.0796742026844024, 0.08291680269997936, 0.08518662271088323, 0.08745644272178711, 0.09069904273736407, 0.09361738275138334, 0.09361738275138334, 0.09848128277474878, 0.09880554277630649, 0.10366944279967193, 0.10237240279344115, 0.10658778281369119, 0.10950612282771047, 0.11307298284484513, 0.1150185428541913, 0.11793688286821057, 0.11988244287755674, 0.12150374288534523, 0.12636764290871066, 0.12701616291182607, 0.12636764290871066, 0.1341498829460954, 0.13447414294765309, 0.13641970295699926, 0.13836526296634544, 0.14485046299749937, 0.14485046299749937, 0.14582324300217245, 0.14776880301151865, 0.1510114030270956, 0.15360548303955718, 0.15457826304423025, 0.15684808305513415, 0.16171198307849957, 0.16430606309096116, 0.16527884309563423, 0.16787292310809582, 0.1707912631221151, 0.1769522031517113, 0.17597942314703824, 0.1785735031594998, 0.18181610317507677, 0.18570722319376912, 0.18668000319844222, 0.1870042631999999, 0.19186816322336536, 0.19381372323271154, 0.1964078032451731, 0.19705632324828848, 0.19900188325763468, 0.2048385632856732, 0.20710838329657708, 0.20937820330748094, 0.21132376331682715, 0.2152148833355195, 0.21651192334175026, 0.21878174335265416, 0.22234860336978882, 0.22559120338536578, 0.22753676339471196, 0.22721250339315427, 0.2304551034087312, 0.23694030343988515, 0.2343462234274236, 0.23823734344611594, 0.23921012345078901, 0.24472254347726985, 0.24472254347726985, 0.2482894034944045, 0.25185626351153917, 0.25509886352711614, 0.2557473835302315, 0.2583414635426931, 0.2593142435473662, 0.26320536356605856, 0.2661237035800778, 0.27001482359877016, 0.27196038360811636, 0.2758515036268087, 0.27617576362836643, 0.2784455836392703, 0.2800668836470588, 0.28395800366575114, 0.2852550436719819, 0.2878491236844435, 0.29011894369534735, 0.29627988372494357, 0.2959556237233859, 0.29952248374052054, 0.30049526374519364, 0.3017923037514244, 0.30762898377946296, 0.3069804637763476, 0.3128171438043861, 0.3124928838028284, 0.3134656638075015, 0.31638400382152077, 0.31995086383865545, 0.31865382383242463, 0.32578754386669395, 0.32481476386202085, 0.32676032387136705, 0.3296786638853863, 0.33551534391342486, 0.33454256390875176, 0.3377851639243287, 0.3413520239414634, 0.34232480394613646, 0.34524314396015576, 0.3491342639788481, 0.34848574397573273, 0.3523768639944251, 0.35302538399754047, 0.3565922440146751, 0.3575650240193482, 0.36242892404271365, 0.36405022405050214, 0.3646987440536175, 0.3676170840676368, 0.3724809840910022, 0.37312950409411766, 0.37377802409723304, 0.3773448841143677, 0.3822087841377331, 0.38253304413929085, 0.384478604148637, 0.3864241641579832, 0.3925851041875794, 0.38966676417356017, 0.38999102417511783, 0.39647622420627177, 0.4003673442249641, 0.40069160422652184, 0.39971882422184873, 0.4039342042420988, 0.4081495842623488, 0.40879810426546426, 0.4107436642748104, 0.413337744287272, 0.4149590442950605, 0.41982294431842593, 0.4185259043121951, 0.4230655443340029, 0.4230655443340029, 0.42695666435269525, 0.42792944435736835, 0.42760518435581063, 0.4301992643682722, 0.43376612438540685, 0.43409038438696457, 0.43538742439319533, 0.4376572444040992, 0.4402513244165608, 0.44608800444459934, 0.4467365244477147, 0.44511522443992624, 0.4490063444586186, 0.4525732044757533, 0.45322172447886866, 0.4554915444897725, 0.4567885844960033, 0.46100396451625336, 0.46327378452715723, 0.46327378452715723, 0.4665163845427342, 0.4648950845349457, 0.47073176456298427, 0.4668406445442919, 0.47105602456454193, 0.47397436457856124, 0.47754122459569587, 0.4768927045925805, 0.4814323446143882, 0.48013530460815745, 0.4837021646252921, 0.4820808646175036, 0.4849992046315229, 0.4872690246424268, 0.48856606464865754, 0.4882418046470999, 0.493429964672023, 0.49472700467825376, 0.4960240446844846, 0.5005636847062923, 0.5015364647109654, 0.5031577647187538, 0.5025092447156385, 0.5054275847296578, 0.5028335047171962, 0.5086701847452347, 0.5112642647576963, 0.511588524759254, 0.5112642647576963, 0.5135340847686002, 0.5145068647732732, 0.5180737247904079, 0.5219648448091003, 0.5229376248137734, 0.5200192847997541, 0.5242346648200041, 0.5232618848153311, 0.5252074448246773, 0.5252074448246773, 0.5268287448324658, 0.5313683848542735, 0.5307198648511581, 0.5316926448558311, 0.5336382048651773, 0.5346109848698505, 0.5368808048807543, 0.5381778448869851, 0.5385021048885428, 0.5430417449103505, 0.5443387849165814, 0.5433660049119082, 0.543690264913466, 0.5469328649290429, 0.5501754649446199, 0.5482299049352737, 0.5495269449415044, 0.547905644933716, 0.5550393649679853, 0.5527695449570814, 0.5540665849633122, 0.5547151049664276, 0.55860622498512, 0.5573091849788891, 0.55860622498512, 0.55860622498512, 0.5647671650147162, 0.5621730850022546, 0.5641186450116008, 0.5644429050131585, 0.5667127250240623, 0.5650914250162739, 0.569306805036524, 0.5657399450193893, 0.566064205020947, 0.5706038450427547, 0.5696310650380817, 0.570279585041197, 0.5719008850489855, 0.5738464450583317, 0.5719008850489855, 0.5719008850489855, 0.5754677450661202, 0.5754677450661202, 0.576764785072351, 0.5774133050754664, 0.576764785072351, 0.5813044250941587, 0.5803316450894856, 0.5790346050832549, 0.5826014651003895, 0.5832499851035049, 0.5848712851112934, 0.5845470251097357, 0.5826014651003895, 0.5861683251175241, 0.5868168451206396, 0.5864925851190819, 0.5871411051221973, 0.5884381451284281, 0.5868168451206396, 0.5887624051299858, 0.5887624051299858, 0.5894109251331011, 0.5910322251408896, 0.5900594451362166, 0.5910322251408896, 0.5900594451362166, 0.5923292651471204, 0.5897351851346588, 0.5942748251564666, 0.5933020451517935, 0.5945990851580243, 0.5923292651471204, 0.5933020451517935, 0.5952476051611396, 0.5965446451673705, 0.5952476051611396, 0.5955718651626973, 0.5907079651393319, 0.5962203851658128, 0.5965446451673705, 0.5975174251720435, 0.595896125164255, 0.5968689051689281, 0.5971931651704858, 0.598165945175159, 0.5968689051689281, 0.594923345159582, 0.5952476051611396, 0.5978416851736013, 0.5971931651704858, 0.5988144651782743, 0.5975174251720435, 0.5968689051689281, 0.5968689051689281, 0.599138725179832, 0.5965446451673705, 0.598165945175159, 0.5978416851736013, 0.5971931651704858, 0.5968689051689281, 0.5968689051689281, 0.5978416851736013, 0.5965446451673705, 0.5933020451517935, 0.5945990851580243, 0.5955718651626973, 0.5965446451673705, 0.5971931651704858, 0.5945990851580243, 0.5988144651782743, 0.5968689051689281, 0.598165945175159, 0.5933020451517935, 0.5945990851580243, 0.5952476051611396, 0.5939505651549088, 0.5933020451517935, 0.591680745144005, 0.5936263051533511, 0.5929777851502358, 0.5907079651393319, 0.5920050051455628, 0.5936263051533511, 0.5910322251408896, 0.5884381451284281, 0.5907079651393319, 0.591680745144005, 0.5894109251331011, 0.5894109251331011, 0.5894109251331011, 0.5864925851190819, 0.5871411051221973, 0.5842227651081779, 0.5838985051066203, 0.5838985051066203, 0.5874653651237549, 0.5806559050910434, 0.5822772050988319, 0.5813044250941587, 0.5838985051066203, 0.5774133050754664, 0.577737565077024, 0.5803316450894856, 0.580980165092601, 0.5764405250707932, 0.5751434850645625, 0.576764785072351, 0.5764405250707932, 0.5751434850645625, 0.572549405052101, 0.569306805036524, 0.572549405052101, 0.5680097650302932, 0.5709281050443125, 0.5683340250318508, 0.569306805036524, 0.5667127250240623, 0.5647671650147162, 0.5657399450193893, 0.5657399450193893, 0.56282160500537, 0.5595790049897931, 0.5612003049975816, 0.5592547449882354, 0.5576334449804469, 0.5576334449804469, 0.5576334449804469, 0.5540665849633122, 0.5553636249695431, 0.5540665849633122, 0.5527695449570814, 0.5514725049508507, 0.5488784249383891, 0.5492026849399467, 0.5466086049274852, 0.5469328649290429, 0.5456358249228122, 0.5466086049274852, 0.5407719248994467, 0.5417447049041197, 0.540447664897889, 0.5388263648901005, 0.5381778448869851, 0.5378535848854274, 0.5333139448636196, 0.5316926448558311, 0.5336382048651773, 0.5313683848542735, 0.5274772648355811, 0.5274772648355811, 0.5258559648277926, 0.5239104048184464, 0.5245589248215619, 0.5219648448091003, 0.5219648448091003, 0.5193707647966387, 0.5183979847919656, 0.5164524247826194, 0.515803904779504, 0.5141826047717155, 0.5122370447623694, 0.5112642647576963, 0.5089944447467925, 0.5070488847374462, 0.5064003647343308, 0.504130544723427, 0.5018607247125231, 0.5018607247125231, 0.49926664470006155, 0.4969968246891577, 0.49569978468292686, 0.4924571846673499, 0.4918086646642345, 0.48986310465488836, 0.48889032465021526, 0.48889032465021526, 0.48629624463775367, 0.4849992046315229, 0.48272938462061904, 0.47818974459881125, 0.48013530460815745, 0.47754122459569587, 0.4733258445754458, 0.47300158457388813, 0.47202880456921503, 0.4700832445598689, 0.4661921245411765, 0.4655436045380611, 0.464570824533388, 0.46424656453183033, 0.4597069245100226, 0.4545187644850994, 0.4567885844960033, 0.45387024448198404, 0.45322172447886866, 0.44965486446173397, 0.4509519044679648, 0.4480335644539455, 0.44608800444459934, 0.44316966443058003, 0.44089984441967617, 0.4412241044212339, 0.43733298440254154, 0.43473890439007995, 0.4324690843791761, 0.43636020439786843, 0.4272809243542529, 0.42533536434490676, 0.42663240435113753, 0.4256596243464644, 0.4224170243308875, 0.4188501643137528, 0.4149590442950605, 0.4139862642903874, 0.4149590442950605, 0.4097708842701373, 0.40782532426079116, 0.40685254425611805, 0.4055555042498873, 0.39907030421873335, 0.39809752421406025, 0.3961519642047141, 0.39712474420938715, 0.39193658418446403, 0.3925851041875794, 0.38836972416732934, 0.38869398416888706, 0.3828573041408485, 0.38253304413929085, 0.37961470412527154, 0.3776691441159254, 0.3753993241050215, 0.3724809840910022, 0.37085968408321374, 0.3669685640645214, 0.3676170840676368, 0.36178040403959827, 0.3611318840364829, 0.36048336403336745, 0.3601591040318098, 0.35302538399754047, 0.3517283439913097, 0.3517283439913097, 0.3488100039772904, 0.3462159239648288, 0.3436218439523673, 0.3416762839430211, 0.3377851639243287, 0.33616386391654024, 0.333245523902521, 0.3312999638931748, 0.3290301438822709, 0.3270845838729248, 0.32481476386202085, 0.3244905038604632, 0.3202751238402131, 0.31638400382152077, 0.31638400382152077, 0.31087158379503993, 0.30957454378880916, 0.30762898377946296, 0.30568342377011676, 0.30244082375453984, 0.30081952374675136, 0.2972526637296167, 0.29692840372805895, 0.2940100637140397, 0.2923887637062512, 0.2855793036735396, 0.286227823676655, 0.28201244365640493, 0.28395800366575114, 0.2784455836392703, 0.27423020361902023, 0.2722846436096741, 0.27325742361434713, 0.2667722235831932, 0.2683935235909817, 0.26320536356605856, 0.260611283553597, 0.2593142435473662, 0.25542312352867386, 0.2547746035255585, 0.25282904351621227, 0.24893792349751992, 0.24601958348350064, 0.24342550347103908, 0.24407402347415447, 0.23564326343365435, 0.23499474343053897, 0.2343462234274236, 0.2330491834211928, 0.22948232340405814, 0.22850954339938503, 0.22494268338225037, 0.22364564337601958, 0.21683618334330798, 0.2148906233339618, 0.2126208033230579, 0.21164802331838484, 0.21099950331526943, 0.20451430328411552, 0.20451430328411552, 0.20192022327165393, 0.19867762325607696, 0.19543502324050002, 0.19284094322803844, 0.19251668322648074, 0.18927408321090378, 0.18473444318909601, 0.18311314318130756, 0.18311314318130756, 0.18116758317196135, 0.1776007231548267, 0.17338534313457665, 0.17176404312678817, 0.1688457031127689, 0.16463032309251885, 0.16365754308784577, 0.16171198307849957, 0.16300902308473036, 0.15555104304890335, 0.15230844303332639, 0.15230844303332639, 0.1519841830317687, 0.14517472299905707, 0.14387768299282627, 0.1419321229834801, 0.1416078629819224, 0.13641970295699926, 0.1341498829460954, 0.13090728293051843, 0.12928598292272994, 0.12734042291338377, 0.12247652289001831, 0.12215226288846062, 0.11923392287444136, 0.11372150284796052, 0.11404576284951821, 0.11274872284328742, 0.11080316283394125, 0.10820908282147967, 0.10496648280590272, 0.10107536278721035, 0.10042684278409496, 0.097184242768518, 0.09588720276228721, 0.09296886274826795, 0.09134756274047946, 0.08583514271399863, 0.08583514271399863, 0.08324106270153706, 0.08324106270153706, 0.0796742026844024, 0.07740438267349851, 0.07156770264545999, 0.07091918264234459, 0.06832510262988302, 0.06929788263455611, 0.06346120260651758, 0.061515642597171405, 0.061839902598729096, 0.05859730258315213, 0.05665174257380595, 0.0527606225551136, 0.052436362553555896, 0.04595116252240197, 0.04692394252707506, 0.04432986251461349, 0.04303282250838271, 0.039141702489690344, 0.03622336247567108, 0.031359462452305635, 0.0346020624678826, 0.028765382439844063, 0.025847042425824796, 0.02649556242894019, 0.023577222414920922, 0.01903758239311317, 0.021631662405574743, 0.017740542386882385, 0.015470722375978511, 0.012876642363516941, 0.011579602357286155, 0.009634042347939976, 0.007364222337036101, 0.003797362319901441, 0.003473102318343745, 0.0005547623043244773, -0.0033363577143678794, -0.005930437726829451, -0.0062546977283871475, -0.00949729774396411, -0.008524517739291021, -0.01500971777044495, -0.015333977772002646, -0.014685457768887253, -0.01857657778757961, -0.02117065780004118, -0.023764737812502754, -0.027331597829637413, -0.027331597829637413, -0.03024993784365668, -0.03446531786390673, -0.03446531786390673, -0.03543809786857982, -0.037059397876368305, -0.03965347788882988, -0.04257181790284914, -0.042896077904406846, -0.0461386779199838, -0.04938127793556077, -0.04873275793244537, -0.05262387795113774, -0.051326837944906945, -0.05683925797138778, -0.05781203797606087, -0.060730377990080145, -0.06040611798852244, -0.06332445800254172, -0.06656705801811869, -0.06656705801811869, -0.06624279801656098, -0.07240373804615721, -0.07240373804615721, -0.07272799804771492, -0.073700778052388, -0.07791615807263805, -0.08083449808665732, -0.0821315380928881, -0.0834285780991189, -0.08472561810534968, -0.08634691811313816, -0.08829247812248434, -0.09121081813650361, -0.0921835981411767, -0.09412915815052288, -0.09866879817233062, -0.09672323816298445, -0.09639897816142674, -0.10320843819413837, -0.10191139818790759, -0.10223565818946528, -0.10418121819881146, -0.10839659821906152, -0.10677529821127303, -0.10612677820815763, -0.11131493823308078, -0.11196345823619618, -0.11423327824710006, -0.11326049824242697, -0.11650309825800392, -0.12006995827513858, -0.11974569827358089, -0.12169125828292707, -0.12233977828604246, -0.12006995827513858, -0.1285007183156387, -0.12914923831875408, -0.1272036783094079, -0.12947349832031177, -0.13271609833588874, -0.13174331833121566, -0.1297977583218695, -0.1362829583530234, -0.1375799983592542, -0.1375799983592542, -0.1375799983592542, -0.14147111837794654, -0.14179537837950423, -0.1447137183935235, -0.1450379783950812, -0.14665927840286969, -0.1450379783950812, -0.15055039842156204, -0.14892909841377355, -0.15217169842935052, -0.15087465842311976, -0.15314447843402362, -0.15314447843402362, -0.15573855844648518, -0.15735985845427367, -0.15573855844648518, -0.15671133845115828, -0.15833263845894677, -0.16060245846985063, -0.1625480184791968, -0.16157523847452374, -0.16319653848231222, -0.1651420984916584, -0.16449357848854299, -0.16773617850411995, -0.16806043850567765, -0.16870895850879306, -0.16903321851035075, -0.17097877851969692, -0.1713030385212546, -0.17097877851969692, -0.17227581852592772, -0.1716272985228123, -0.1726000785274854, -0.17713971854929314, -0.17908527855863934, -0.17713971854929314, -0.17713971854929314, -0.17940953856019703, -0.17908527855863934, -0.17940953856019703, -0.17940953856019703, -0.18524621858823556, -0.18427343858356246, -0.1820036185726586, -0.1807065785664278, -0.18557047858979325, -0.18524621858823556, -0.182652138575774, -0.18427343858356246, -0.18524621858823556, -0.18784029860069712, -0.18881307860537022, -0.18751603859913943, -0.1910828986162741, -0.19237993862250488, -0.1891373386069279, -0.18686751859602405, -0.19400123863029337, -0.19270419862406257, -0.19302845862562026, -0.1914071586178318, -0.19237993862250488, -0.19270419862406257, -0.1914071586178318, -0.1914071586178318, -0.1904343786131587, -0.1914071586178318, -0.19497401863496647, -0.19237993862250488, -0.19367697862873567, -0.19562253863808185, -0.19529827863652416, -0.19529827863652416, -0.19400123863029337, -0.1982166186505434, -0.19627105864119723, -0.19400123863029337, -0.19400123863029337, -0.19886513865365882, -0.19594679863963954, -0.19724383864587033, -0.19724383864587033, -0.19756809864742803, -0.19627105864119723, -0.19400123863029337, -0.19724383864587033, -0.19691957864431264, -0.19724383864587033, -0.19756809864742803, -0.19854087865210113, -0.19854087865210113, -0.19724383864587033, -0.1991893986552165, -0.19724383864587033, -0.19627105864119723, -0.19627105864119723, -0.19497401863496647, -0.19659531864275492, -0.19529827863652416, -0.19562253863808185, -0.19529827863652416, -0.19497401863496647, -0.19497401863496647, -0.19367697862873567, -0.19659531864275492, -0.1914071586178318, -0.19302845862562026, -0.1917314186193895, -0.19237993862250488, -0.1917314186193895, -0.1914071586178318, -0.1910828986162741, -0.1910828986162741, -0.18881307860537022, -0.1914071586178318, -0.18881307860537022, -0.18978585861004332, -0.19011011861160101, -0.18686751859602405, -0.18881307860537022, -0.18686751859602405, -0.18784029860069712, -0.18427343858356246, -0.18621899859290866, -0.18427343858356246, -0.18686751859602405, -0.18621899859290866, -0.1829763985773317, -0.1813550985695432, -0.18103083856798552, -0.1816793585711009, -0.18103083856798552, -0.18005805856331242, -0.17713971854929314, -0.17681545854773545, -0.17973379856175473, -0.17908527855863934, -0.17713971854929314, -0.17584267854306238, -0.17649119854617776, -0.17584267854306238, -0.16968173851346613, -0.17000599851502382, -0.17097877851969692, -0.17195155852437, -0.16838469850723534, -0.17000599851502382, -0.16676339849944688, -0.16708765850100457, -0.16643913849788916, -0.1641693184869853, -0.1654663584932161, -0.1628722784807545, -0.1625480184791968, -0.15735985845427367, -0.16125097847296602, -0.15865689846050446, -0.15768411845583136, -0.15573855844648518, -0.1541172584386967, -0.153792998437139, -0.153792998437139, -0.14990187841844665, -0.14990187841844665, -0.15282021843246593, -0.14925335841533127, -0.1476320584075428, -0.1450379783950812, -0.1460107583997543, -0.14341667838729272, -0.14276815838417733, -0.1372557383576965, -0.14017407837171575, -0.13984981837015806, -0.14017407837171575, -0.1346616583452349, -0.1362829583530234, -0.13336461833900415, -0.13433739834367722, -0.1288249783171964, -0.1297977583218695, -0.12947349832031177, -0.1272036783094079, -0.12233977828604246, -0.12169125828292707, -0.12266403828760016, -0.11942143827202319, -0.11974569827358089, -0.11780013826423472, -0.1184486582673501, -0.11390901824554235, -0.1106664182299654, -0.11034215822840769, -0.11034215822840769, -0.1096936382252923, -0.10612677820815763, -0.10320843819413837, -0.10418121819881146, -0.10191139818790759, -0.09834453817077293, -0.09899305817388832, -0.09769601816765754, -0.09412915815052288, -0.09412915815052288, -0.08958951812871513, -0.09250785814273439, -0.08894099812559973, -0.08602265811158047, -0.08504987810690738, -0.08245579809444581, -0.08245579809444581, -0.08115875808821502, -0.07564633806173418, -0.07532207806017649, -0.07499781805861878, -0.07272799804771492, -0.07013391803525335, -0.06948539803213795, -0.06786409802434946, -0.0646214980087725, -0.06364871800409941, -0.05943333798384935, -0.06137889799319554, -0.05910907798229166, -0.053596657955810825, -0.05262387795113774, -0.05165109794646465, -0.051326837944906945, -0.04711145792465689, -0.0461386779199838, -0.04549015791686842, -0.04159903789817605, -0.03900495788571448, -0.037059397876368305, -0.03414105786234904, -0.03284401785611825, -0.033492537859233645, -0.029601417840541287, -0.027655857831195108, -0.026358817824964322, -0.025710297821848933, -0.02473751781717584, -0.020197877795368094, -0.017603797782906522, -0.015658237773560343, -0.01403693776577186, -0.011767117754867986, -0.00690321773150254, -0.00690321773150254, -0.005930437726829451, -0.004633397720598665, 0.00120328230743987, 0.0008790223058821737, 0.003797362319901441, 0.003797362319901441, 0.006391442332363013, 0.012228122360401548, 0.011579602357286155, 0.013200902365074638, 0.0164435023806516, 0.017092022383766992, 0.022280182408690136, 0.022280182408690136, 0.02455000241959401, 0.027792602435170975, 0.03168372245386333, 0.03168372245386333, 0.03265650245853642, 0.0339535424647672, 0.03946596249124805, 0.03946596249124805, 0.04303282250838271, 0.04659968252551737, 0.05146358254888281, 0.048545242534863545, 0.052112102551998205, 0.05405766256134438, 0.06021860259094061, 0.05730026257692135, 0.06313694260495988, 0.06216416260028679, 0.06670380262209454, 0.06767658262676762, 0.0702706626392292, 0.07189196264701768, 0.07610734266726774, 0.0796742026844024, 0.08129550269219088, 0.08324106270153706, 0.08551088271244094, 0.09005052273424868, 0.0884292227264602, 0.09199608274359486, 0.09621146276384492, 0.09912980277786418, 0.09523868275917183, 0.10075110278565266, 0.1069120428152489, 0.10723630281680659, 0.11080316283394125, 0.11307298284484513, 0.11663984286197979, 0.115342802855749, 0.12053096288067214, 0.12117948288378753, 0.1240978228978068, 0.12961024292428763, 0.12961024292428763, 0.12961024292428763, 0.13447414294765309, 0.13804100296478775, 0.13674396295855695, 0.14095934297880702, 0.14387768299282627, 0.14874158301619173, 0.14874158301619173, 0.1519841830317687, 0.15457826304423025, 0.15619956305201874, 0.15717234305669184, 0.16171198307849957, 0.16171198307849957, 0.16625162310030733, 0.16690014310342272, 0.17111552312367279, 0.17338534313457665, 0.1785735031594998, 0.1769522031517113, 0.1785735031594998, 0.18376166318442294, 0.18830130320623067, 0.18797704320467298, 0.19154390322180764, 0.19446224323582692, 0.19835336325451927, 0.19705632324828848, 0.20224448327321162, 0.20289300327632703, 0.20808116330125018, 0.20808116330125018, 0.21132376331682715, 0.21326932332617332, 0.21878174335265416, 0.21975452335732723, 0.22105156336355802, 0.22234860336978882, 0.224294163379135, 0.231752143414962, 0.231752143414962, 0.2343462234274236, 0.23402196342586587, 0.23856160344767363, 0.2411556834601352, 0.2431012434694814, 0.24731662348973144, 0.2482894034944045, 0.2505592235053084, 0.25736868353802, 0.2557473835302315, 0.2615840635582701, 0.26288110356450084, 0.26417814357073166, 0.2687177835925394, 0.27196038360811636, 0.27325742361434713, 0.27455446362057795, 0.27617576362836643, 0.2790941036423857, 0.2794183636439434, 0.28395800366575114, 0.286227823676655, 0.29011894369534735, 0.2881733836860012, 0.2946585837171551, 0.29692840372805895, 0.29952248374052054, 0.3017923037514244, 0.3030893437576552, 0.30568342377011676, 0.3089260237856937, 0.31022306379192455, 0.3128171438043861, 0.3134656638075015, 0.31832956383086697, 0.31897808383398235, 0.32059938384177084, 0.32481476386202085, 0.3290301438822709, 0.3303271838885017, 0.32935440388382864, 0.3338940439056364, 0.33713664392121334, 0.3436218439523673, 0.3400549839352326, 0.3420005439445788, 0.348161483974175, 0.34654018396638653, 0.35107982398819426, 0.35302538399754047, 0.3565922440146751, 0.3578892840209059, 0.3575650240193482, 0.36048336403336745, 0.36210466404115593, 0.37118394408477146, 0.36858986407230987, 0.3698869040785407, 0.37280524409255994, 0.3783176641190408, 0.3766963641112523, 0.38123600413306, 0.38415434414707933, 0.384478604148637, 0.3860999041564255, 0.3880454641657717, 0.39128806418134865, 0.3948549241984833, 0.3948549241984833, 0.3961519642047141, 0.4003673442249641, 0.4036099442405411, 0.40620402425300267, 0.4055555042498873, 0.4065282842545604, 0.41041940427325274, 0.4126892242841566, 0.4113921842779258, 0.4185259043121951, 0.4194986843168682, 0.4201472043199836, 0.42630814434957987, 0.42533536434490676, 0.42760518435581063, 0.4305235243698299, 0.4305235243698299, 0.43473890439007995, 0.43733298440254154, 0.4402513244165608, 0.44089984441967617, 0.44316966443058003, 0.442196884425907, 0.4447909644383685, 0.4457637444430416, 0.4499791244632917, 0.4506276444664071, 0.4535459844804263, 0.4551672844882148, 0.457112844497561, 0.4587341445053495, 0.46359804452871495, 0.46327378452715723, 0.4665163845427342, 0.46359804452871495, 0.4700832445598689, 0.4684619445520804, 0.47300158457388813, 0.4726773245723304, 0.4768927045925805, 0.47656844459102277, 0.47883826460192663, 0.4833779046237344, 0.48272938462061904, 0.48272938462061904, 0.4846749446299652, 0.4882418046470999, 0.48953884465333064, 0.4908358846595614, 0.4908358846595614, 0.493429964672023, 0.4979696046938307, 0.49667256468759996, 0.4979696046938307, 0.5025092447156385, 0.504130544723427, 0.504130544723427, 0.5054275847296578, 0.5089944447467925, 0.5099672247514655, 0.5122370447623694, 0.5125613047639271, 0.5154796447779464, 0.5174252047872925, 0.5151553847763887, 0.5183979847919656, 0.5203435448013118, 0.5239104048184464, 0.5219648448091003, 0.5252074448246773, 0.5265044848309081, 0.5278015248371388, 0.5300713448480426, 0.5290985648433696, 0.5323411648589466, 0.5326654248605043, 0.536232284877639, 0.533962464866735, 0.536232284877639, 0.536232284877639, 0.541420444902562, 0.5410961849010044, 0.5417447049041197, 0.5433660049119082, 0.5449873049196967, 0.5466086049274852, 0.5488784249383891, 0.5495269449415044, 0.5488784249383891, 0.5514725049508507, 0.5501754649446199, 0.5537423249617546, 0.5553636249695431, 0.5560121449726584, 0.5537423249617546, 0.5576334449804469, 0.5595790049897931, 0.5605517849944661, 0.55860622498512, 0.5621730850022546, 0.5641186450116008, 0.5654156850178316, 0.5650914250162739, 0.5647671650147162, 0.5663884650225047, 0.5680097650302932, 0.5696310650380817, 0.5673612450271778, 0.5715766250474278, 0.5728736650536587, 0.5699553250396393, 0.570279585041197, 0.5728736650536587, 0.5751434850645625, 0.5754677450661202, 0.5751434850645625, 0.576764785072351, 0.577737565077024, 0.5790346050832549, 0.5803316450894856, 0.5806559050910434, 0.5822772050988319, 0.5845470251097357, 0.5835742451050626, 0.5838985051066203, 0.5813044250941587, 0.5842227651081779, 0.5858440651159664, 0.5851955451128511, 0.5858440651159664, 0.5845470251097357, 0.5884381451284281, 0.5884381451284281, 0.5884381451284281, 0.5887624051299858, 0.591680745144005, 0.5884381451284281, 0.5926535251486781, 0.5897351851346588, 0.5907079651393319, 0.5929777851502358, 0.594923345159582, 0.5884381451284281, 0.5929777851502358, 0.5939505651549088, 0.5923292651471204, 0.5945990851580243, 0.5936263051533511, 0.5933020451517935, 0.5936263051533511, 0.5965446451673705, 0.5933020451517935, 0.5965446451673705, 0.5988144651782743, 0.5968689051689281, 0.5942748251564666, 0.5965446451673705, 0.5988144651782743, 0.5968689051689281, 0.5942748251564666, 0.598165945175159, 0.5994629851813897, 0.5971931651704858, 0.5965446451673705, 0.5968689051689281, 0.5988144651782743, 0.5978416851736013, 0.5968689051689281, 0.598165945175159, 0.5952476051611396, 0.5978416851736013, 0.5978416851736013, 0.5968689051689281, 0.5984902051767166, 0.5978416851736013, 0.5968689051689281, 0.5968689051689281, 0.598165945175159, 0.5965446451673705, 0.5929777851502358, 0.595896125164255, 0.5952476051611396, 0.5942748251564666, 0.5926535251486781, 0.5945990851580243, 0.5939505651549088, 0.5978416851736013, 0.5933020451517935, 0.5920050051455628, 0.5907079651393319, 0.5952476051611396, 0.5910322251408896, 0.5939505651549088, 0.591680745144005, 0.5920050051455628, 0.5926535251486781, 0.5887624051299858, 0.5897351851346588, 0.5894109251331011, 0.5929777851502358, 0.5861683251175241, 0.5900594451362166, 0.5897351851346588, 0.5881138851268704, 0.5861683251175241, 0.5861683251175241, 0.5861683251175241, 0.5848712851112934, 0.5842227651081779, 0.5826014651003895, 0.5838985051066203, 0.5835742451050626, 0.5816286850957164, 0.580980165092601, 0.5796831250863702, 0.5803316450894856, 0.5800073850879279, 0.577737565077024, 0.576764785072351, 0.5757920050676779, 0.5744949650614471, 0.5741707050598894, 0.573522185056774, 0.5757920050676779, 0.5706038450427547, 0.5738464450583317, 0.5719008850489855, 0.5696310650380817, 0.5663884650225047, 0.5680097650302932, 0.5657399450193893, 0.5667127250240623, 0.5654156850178316, 0.5647671650147162, 0.5621730850022546, 0.5608760449960238, 0.5608760449960238, 0.5573091849788891, 0.5573091849788891, 0.5592547449882354, 0.5569849249773315, 0.5530938049586391, 0.5560121449726584, 0.5524452849555237, 0.5543908449648699, 0.5517967649524084, 0.5504997249461776, 0.5504997249461776, 0.5488784249383891, 0.547905644933716, 0.544663044918139, 0.5456358249228122, 0.5430417449103505, 0.5423932249072352, 0.5388263648901005, 0.5391506248916582, 0.5397991448947735, 0.5352595048729658, 0.5336382048651773, 0.5336382048651773, 0.532989684862062, 0.5290985648433696, 0.5278015248371388, 0.5310441248527158, 0.5261802248293503, 0.5239104048184464, 0.5235861448168888, 0.5232618848153311, 0.5209920648044272, 0.515803904779504, 0.5193707647966387, 0.5171009447857349, 0.514831124774831, 0.5122370447623694, 0.5096429647499078, 0.5109400047561387, 0.5089944447467925, 0.5064003647343308, 0.5054275847296578, 0.504130544723427, 0.504130544723427, 0.5005636847062923, 0.5002394247047346, 0.4969968246891577, 0.4969968246891577, 0.4924571846673499, 0.48759328464398444, 0.48953884465333064, 0.4882418046470999, 0.48759328464398444, 0.4840264246268498, 0.4824051246190613, 0.4814323446143882, 0.4837021646252921, 0.48013530460815745, 0.47397436457856124, 0.4762441845894651, 0.4733258445754458, 0.4717045445676573, 0.4684619445520804, 0.4671649045458496, 0.46975898455831117, 0.464570824533388, 0.4623010045224841, 0.46003118451158026, 0.46262526452404185, 0.4577613645006764, 0.45224894447419556, 0.4506276444664071, 0.45419450448354176, 0.4470607844492724, 0.44446670443681086, 0.44446670443681086, 0.44543948444148396, 0.43895428441033, 0.43895428441033, 0.43636020439786843, 0.43636020439786843, 0.4324690843791761, 0.4308477843713876, 0.4298750043667145, 0.42792944435736835, 0.42436258434023366, 0.4230655443340029, 0.4211199843246567, 0.4185259043121951, 0.4169046043044066, 0.4143105242919451, 0.413337744287272, 0.4097708842701373, 0.40847384426390654, 0.40847384426390654, 0.402637164235868, 0.4013401242296372, 0.40069160422652184, 0.39809752421406025, 0.3935578841922525, 0.3945306641969256, 0.3922608441860217, 0.38966676417356017, 0.3860999041564255, 0.3854513841533101, 0.38091174413150236, 0.38058748412994464, 0.3773448841143677, 0.3744265441003484, 0.3734537640956753, 0.37085968408321374, 0.3689141240738676, 0.3653472640567329, 0.36275318404427137, 0.36178040403959827, 0.3578892840209059, 0.35724076401779054, 0.35561946401000205, 0.3523768639944251, 0.35270112399598275, 0.3494585239804058, 0.34686444396794425, 0.3397307239336749, 0.3420005439445788, 0.3397307239336749, 0.3384336839274441, 0.3348668239103095, 0.3322727438978479, 0.3280573638775978, 0.3270845838729248, 0.3238419838573478, 0.3218964238480016, 0.322544943851117, 0.31832956383086697, 0.31184436379971303, 0.31022306379192455, 0.3105473237934822, 0.3124928838028284, 0.30568342377011676, 0.29984674374207826, 0.29984674374207826, 0.29854970373584744, 0.29692840372805895, 0.2956313637218282, 0.29206450370469356, 0.28979468369378963, 0.28493078367042424, 0.28168818365484727, 0.2784455836392703, 0.2794183636439434, 0.2748787236221356, 0.27358168361590485, 0.2706633436018856, 0.2687177835925394, 0.26742074358630863, 0.26482666357384704, 0.260611283553597, 0.25963850354892387, 0.2589899835458085, 0.2521805235130969, 0.249910703502193, 0.24893792349751992, 0.24861366349596223, 0.2431012434694814, 0.24245272346636598, 0.24018290345546212, 0.23564326343365435, 0.23467048342898128, 0.2320764034165197, 0.22948232340405814, 0.22688824339159655, 0.22591546338692348, 0.21878174335265416, 0.21780896334798105, 0.21683618334330798, 0.2148906233339618, 0.21035098331215404, 0.21002672331059635, 0.21002672331059635, 0.20354152327944242, 0.19705632324828848, 0.19867762325607696, 0.19965040326075006, 0.19186816322336536, 0.19024686321557688, 0.1886255632077884, 0.18668000319844222, 0.18473444318909601, 0.18278888317974984, 0.1785735031594998, 0.1769522031517113, 0.17662794315015362, 0.17370960313613434, 0.1681971831096535, 0.16722440310498043, 0.16398180308940347, 0.16268476308317267, 0.15782086305980722, 0.15782086305980722, 0.15230844303332639, 0.1513356630286533, 0.15003862302242252, 0.14549898300061476, 0.14387768299282627, 0.1416078629819224, 0.13771674296323005, 0.13479840294921078, 0.13350136294297998, 0.13577118295388388, 0.12961024292428763, 0.12734042291338377, 0.1250706029024799, 0.12344930289469142, 0.11988244287755674, 0.11761262286665287, 0.1150185428541913, 0.11210020284017204, 0.11015464283082585, 0.1069120428152489, 0.10464222280434501, 0.10269666279499884, 0.10075110278565266, 0.09394164275294103, 0.0975085027700757, 0.09232034274515255, 0.09199608274359486, 0.08810496272490251, 0.08680792271867172, 0.08421384270621014, 0.08226828269686397, 0.07870142267972931, 0.07870142267972931, 0.07416178265792156, 0.0702706626392292, 0.07156770264545999, 0.06800084262832533, 0.06443398261119067, 0.05989434258938292, 0.05989434258938292, 0.056003222570690556, 0.05730026257692135, 0.052436362553555896, 0.05113932254732512, 0.04919376253797894, 0.045302642519286576, 0.0440056025130558, 0.041087262499036534, 0.04043874249592114, 0.038168922485017256, 0.034277802466324905, 0.03330502246165182, 0.027792602435170975, 0.028765382439844063, 0.0255227824242671, 0.022280182408690136, 0.020658882400901656, 0.01903758239311317, 0.017740542386882385, 0.014173682369747725, 0.012876642363516941, 0.009958302349497673, 0.006715702333920709, 0.006067182330805316, 0.004445882323016834, 0.0015275423089975665, -0.0013907977050217012, -0.0023635777096947903, -0.005930437726829451, -0.003660617715925576, -0.007875997736175628, -0.010794337750194897, -0.01403693776577186, -0.014361197767329557, -0.020846397798483483, -0.018900837789137308, -0.021819177803156575, -0.023764737812502754, -0.025386037820291234, -0.0286286378358682, -0.029601417840541287, -0.029925677842098986, -0.03187123785144516, -0.0377079178794837, -0.03997773789038757, -0.039329217887272186, -0.040301997891945274, -0.04516589791531071, -0.04549015791686842, -0.04516589791531071, -0.047759977927772285, -0.05229961794958003, -0.053596657955810825, -0.05392091795736852, -0.055542217965157, -0.05943333798384935, -0.06040611798852244, -0.0649457580103302, -0.06267593799942632, -0.06786409802434946, -0.06916113803058026, -0.07013391803525335, -0.06851261802746486, -0.07532207806017649, -0.073700778052388, -0.07694337806796496, -0.07953745808042653, -0.08310431809756119, -0.0834285780991189, -0.08602265811158047, -0.08537413810846507, -0.08764395811936895, -0.09023803813183051, -0.0915350781380613, -0.091859338139619, -0.09380489814896517, -0.09737175816609984, -0.09931731817544602, -0.09769601816765754, -0.1012628781847922, -0.10191139818790759, -0.10418121819881146, -0.10482973820192686, -0.10839659821906152, -0.11034215822840769, -0.11390901824554235, -0.10839659821906152, -0.11293623824086926, -0.11520605825177314, -0.11682735825956163, -0.11682735825956163, -0.12006995827513858, -0.11780013826423472, -0.12201551828448476, -0.12363681829227324, -0.1268794183078502, -0.1272036783094079, -0.1288249783171964, -0.13077053832654256, -0.13044627832498487, -0.13433739834367722, -0.1346616583452349, -0.13822851836236957, -0.1362829583530234, -0.13790425836081188, -0.14147111837794654, -0.14179537837950423, -0.13952555836860037, -0.14276815838417733, -0.14406519839040813, -0.146335018401312, -0.1460107583997543, -0.14957761841688896, -0.15022613842000435, -0.14795631840910048, -0.15087465842311976, -0.1524959584309082, -0.15444151844025442, -0.15444151844025442, -0.1547657784418121, -0.15444151844025442, -0.16157523847452374, -0.16027819846829294, -0.15930541846361984, -0.16189949847608143, -0.1628722784807545, -0.16319653848231222, -0.16222375847763912, -0.16643913849788916, -0.16773617850411995, -0.16806043850567765, -0.16643913849788916, -0.17000599851502382, -0.17195155852437, -0.17357285853215848, -0.1713030385212546, -0.16935747851190844, -0.1738971185337162, -0.17486989853838927, -0.17713971854929314, -0.17551841854150468, -0.17713971854929314, -0.17713971854929314, -0.17584267854306238, -0.17616693854462007, -0.1816793585711009, -0.182652138575774, -0.182652138575774, -0.1803823185648701, -0.1829763985773317, -0.182652138575774, -0.18557047858979325, -0.18427343858356246, -0.18492195858667787, -0.18654325859446635, -0.18589473859135094, -0.18686751859602405, -0.18784029860069712, -0.19011011861160101, -0.1910828986162741, -0.18784029860069712, -0.1917314186193895, -0.1904343786131587, -0.1907586386147164, -0.1904343786131587, -0.19335271862717798, -0.19367697862873567, -0.19367697862873567, -0.1904343786131587, -0.19562253863808185, -0.19270419862406257, -0.19237993862250488, -0.19594679863963954, -0.19529827863652416, -0.19497401863496647, -0.19400123863029337, -0.19627105864119723, -0.19497401863496647, -0.19854087865210113, -0.19497401863496647, -0.19497401863496647, -0.19497401863496647, -0.19659531864275492, -0.19691957864431264, -0.19594679863963954, -0.19724383864587033, -0.2004864386614473, -0.19367697862873567, -0.19756809864742803, -0.19562253863808185, -0.19691957864431264, -0.19756809864742803, -0.19659531864275492, -0.19691957864431264, -0.19627105864119723, -0.19594679863963954, -0.19529827863652416, -0.19302845862562026, -0.19854087865210113, -0.1982166186505434, -0.19659531864275492, -0.19529827863652416, -0.19497401863496647, -0.19529827863652416, -0.19464975863340875, -0.19659531864275492, -0.19627105864119723, -0.19497401863496647, -0.19497401863496647, -0.19335271862717798, -0.19594679863963954, -0.19367697862873567, -0.19497401863496647, -0.19400123863029337, -0.19400123863029337, -0.19270419862406257, -0.19400123863029337, -0.19367697862873567, -0.19237993862250488, -0.1914071586178318, -0.1914071586178318, -0.1917314186193895, -0.1910828986162741, -0.19011011861160101, -0.18816455860225484, -0.18686751859602405, -0.18654325859446635, -0.18784029860069712, -0.18784029860069712, -0.18459769858512018, -0.18427343858356246, -0.18621899859290866, -0.1829763985773317, -0.1807065785664278, -0.1829763985773317, -0.18330065857888939, -0.18232787857421628, -0.1807065785664278, -0.1807065785664278, -0.18005805856331242, -0.17811249855396624, -0.17746397855085086, -0.17746397855085086, -0.17681545854773545, -0.17713971854929314, -0.17649119854617776, -0.17097877851969692, -0.1732485985306008, -0.1726000785274854, -0.17065451851813923, -0.17000599851502382, -0.17097877851969692, -0.17000599851502382, -0.16838469850723534, -0.1641693184869853, -0.17097877851969692, -0.16773617850411995, -0.16092671847140833, -0.16125097847296602, -0.1635207984838699, -0.16189949847608143, -0.16060245846985063, -0.15833263845894677, -0.15703559845271597, -0.15573855844648518, -0.15573855844648518, -0.1554142984449275, -0.15217169842935052, -0.15346873843558131, -0.15022613842000435, -0.14860483841221586, -0.1447137183935235, -0.14828057841065817, -0.14698353840442738, -0.1450379783950812, -0.14147111837794654, -0.1453622383966389, -0.14179537837950423, -0.1369314783561388, -0.13531017834835032, -0.14049833837327347, -0.1359586983514657, -0.13563443834990802, -0.13336461833900415, -0.13206757833277336, -0.13401313834211953, -0.13077053832654256, -0.1272036783094079, -0.1275279383109656, -0.1288249783171964, -0.12558237830161942, -0.11974569827358089, -0.1184486582673501, -0.12006995827513858, -0.1190971782704655, -0.11455753824865775, -0.11553031825333084, -0.11131493823308078, -0.11261197823931157, -0.10839659821906152, -0.11196345823619618, -0.10774807821594612, -0.10450547820036916, -0.10320843819413837, -0.10353269819569608, -0.09899305817388832, -0.1012628781847922, -0.10029009818011911, -0.09737175816609984, -0.09283211814429208, -0.09412915815052288, -0.08699543811625356, -0.08731969811781125, -0.08440135810379198, -0.0827800580960035, -0.08310431809756119, -0.0821315380928881, -0.08115875808821502, -0.07629485806484958, -0.07597059806329187, -0.073700778052388, -0.073700778052388, -0.07143095804148412, -0.06980965803369564, -0.06786409802434946, -0.0655942780134456, -0.06397297800565711, -0.060730377990080145, -0.061054637991637836, -0.05683925797138778, -0.05392091795736852, -0.055542217965157, -0.05294813795269543, -0.04905701793400308, -0.04970553793711846, -0.04549015791686842, -0.043868857909079934, -0.042896077904406846, -0.039329217887272186, -0.037059397876368305, -0.036735137874810614, -0.03608661787169522, -0.030898457846772073, -0.0286286378358682, -0.026034557823406627, -0.029277157838983593, -0.02408899781406045, -0.02408899781406045, -0.01857657778757961, -0.019225097790695003, -0.015658237773560343, -0.01403693776577186, -0.009821557745521807, -0.0104700777486372, -0.00690321773150254, -0.0049576577221563615, -0.0043091377190409685, -0.002687837711252487, -0.0017150577065793975, 0.0025003223136706556, 0.006391442332363013, 0.008661262343266887, 0.008012742340151494, 0.009958302349497673, 0.015470722375978511, 0.020334622399343957, 0.01838906238999778, 0.020658882400901656, 0.02455000241959401, 0.025847042425824796, 0.026171302427382494, 0.03006242244607485, 0.030710942449190242, 0.03525058247099799, 0.0349263224694403, 0.03687188247878648, 0.04043874249592114, 0.0440056025130558, 0.046275422523959664, 0.04659968252551737, 0.05113932254732512, 0.056003222570690556, 0.05470618256445978, 0.05697600257536366, 0.05730026257692135, 0.06313694260495988, 0.061839902598729096, 0.06573102261742145, 0.06929788263455611, 0.07383752265636385, 0.0705949226407869, 0.07351326265480616, 0.07578308266571004, 0.08194402269530628, 0.08421384270621014, 0.08421384270621014, 0.08680792271867172, 0.08875348272801789, 0.09394164275294103, 0.09394164275294103, 0.09880554277630649, 0.10107536278721035, 0.10204814279188344, 0.10399370280122963, 0.10658778281369119, 0.11177594283861433, 0.11307298284484513, 0.1150185428541913, 0.11631558286042208, 0.12247652289001831, 0.12053096288067214, 0.1237735628962491, 0.12571912290559528, 0.13123154293207612, 0.13188006293519153, 0.13350136294297998, 0.13706822296011464, 0.13868952296790313, 0.14128360298036471, 0.14355342299126858, 0.14647176300528786, 0.14874158301619173, 0.15295696303644177, 0.15230844303332639, 0.15587530305046104, 0.15587530305046104, 0.16300902308473036, 0.16171198307849957, 0.1681971831096535, 0.1694942231158843, 0.17241256312990355, 0.17241256312990355, 0.17597942314703824, 0.17922202316261518, 0.18214036317663446, 0.18181610317507677, 0.18441018318753832, 0.18927408321090378, 0.19121964322024995, 0.1951107632389423, 0.1951107632389423, 0.19965040326075006, 0.20094744326698086, 0.20224448327321162, 0.2064598632934617, 0.21164802331838484, 0.2126208033230579, 0.2126208033230579, 0.21683618334330798, 0.21780896334798105, 0.22234860336978882, 0.22591546338692348, 0.22623972338848117, 0.22915806340250044, 0.231752143414962, 0.2333734434227505, 0.23661604343832746, 0.24018290345546212, 0.24277698346792367, 0.24277698346792367, 0.24277698346792367, 0.2482894034944045, 0.25088348350686607, 0.2538018235208854, 0.2567201635349046, 0.2593142435473662, 0.26125980355671236, 0.2664479635816355, 0.2664479635816355, 0.2677450035878663, 0.27098760360344326, 0.27423020361902023, 0.27358168361590485, 0.28071540365017417, 0.2794183636439434, 0.2855793036735396, 0.28298522366107803, 0.2868763436797704, 0.29076746369846274, 0.29368580371248204, 0.2930372837093666, 0.29984674374207826, 0.2982254437342898, 0.30406212376232833, 0.3063319437732322, 0.3060076837716745, 0.3079532437810207, 0.3134656638075015, 0.31638400382152077, 0.31703252382463615, 0.32059938384177084, 0.3235177238557901, 0.3235177238557901, 0.32578754386669395, 0.3270845838729248, 0.33292126390096327, 0.33616386391654024, 0.33551534391342486, 0.33616386391654024, 0.3416762839430211, 0.34394610395392494, 0.34491888395859804, 0.34751296397105963, 0.35302538399754047, 0.35302538399754047, 0.35302538399754047, 0.3559437240115597, 0.358862064025579, 0.36340170404738675, 0.36307744404582903, 0.3669685640645214, 0.36858986407230987, 0.37118394408477146, 0.37021116408009835, 0.3753993241050215, 0.37702062411281, 0.38058748412994464, 0.38123600413306, 0.38415434414707933, 0.38415434414707933, 0.3890182441704448, 0.3932336241906948, 0.3935578841922525, 0.3968004842078295, 0.39842178421561797, 0.39907030421873335, 0.39939456422029107, 0.4039342042420988, 0.40879810426546426, 0.40750106425923344, 0.410095144271695, 0.41041940427325274, 0.41722886430596434, 0.4149590442950605, 0.4178773843090797, 0.42079572432309903, 0.4220927643293298, 0.4220927643293298, 0.4272809243542529, 0.42955074436515683, 0.4305235243698299, 0.431496304374503, 0.43311760438229147, 0.4386300244087723, 0.43992706441500307, 0.4412241044212339, 0.44187262442434927, 0.446412264446157, 0.4473850444508301, 0.4483578244555032, 0.44868208445706087, 0.45224894447419556, 0.4574371044991187, 0.45905840450690716, 0.4554915444897725, 0.46003118451158026, 0.4613282245178111, 0.4648950845349457, 0.46359804452871495, 0.4668406445442919, 0.4684619445520804, 0.47300158457388813, 0.47202880456921503, 0.4755956645863497, 0.47883826460192663, 0.4778654845972536, 0.4824051246190613, 0.48272938462061904, 0.4843506846284075, 0.48694476464086905, 0.4849992046315229, 0.48953884465333064, 0.49051162465800374, 0.4924571846673499, 0.49472700467825376, 0.4937542246735807, 0.4960240446844846, 0.5038062847218693, 0.5005636847062923, 0.504130544723427, 0.504130544723427, 0.5060761047327732, 0.5054275847296578, 0.5057518447312155, 0.5109400047561387, 0.5132098247670425, 0.5125613047639271, 0.5125613047639271, 0.5145068647732732, 0.5206678048028694, 0.5203435448013118, 0.5206678048028694, 0.5206678048028694, 0.5232618848153311, 0.5274772648355811, 0.5265044848309081, 0.5284500448402543, 0.5303956048496004, 0.5303956048496004, 0.5316926448558311, 0.532989684862062, 0.5342867248682928, 0.5375293248838697, 0.536232284877639, 0.5388263648901005, 0.5401234048963313, 0.5430417449103505, 0.5449873049196967, 0.5433660049119082, 0.544663044918139, 0.547905644933716, 0.5514725049508507, 0.5517967649524084, 0.5501754649446199, 0.5517967649524084, 0.5514725049508507, 0.5537423249617546, 0.5550393649679853, 0.5566606649757738, 0.5556878849711007, 0.5595790049897931, 0.5573091849788891, 0.5615245649991393, 0.5634701250084854, 0.5621730850022546, 0.5634701250084854, 0.5647671650147162, 0.5654156850178316, 0.566064205020947, 0.56703698502562, 0.5686582850334085, 0.5696310650380817, 0.5683340250318508, 0.5696310650380817, 0.5728736650536587, 0.5719008850489855, 0.5731979250552163, 0.5754677450661202, 0.5748192250630048, 0.5764405250707932, 0.5731979250552163, 0.5774133050754664, 0.5770890450739087, 0.5790346050832549, 0.5790346050832549, 0.5806559050910434, 0.5803316450894856, 0.5838985051066203, 0.5826014651003895, 0.5838985051066203, 0.5835742451050626, 0.5881138851268704, 0.5861683251175241, 0.5851955451128511, 0.5874653651237549, 0.5887624051299858, 0.5874653651237549, 0.5877896251253126, 0.5861683251175241, 0.5897351851346588, 0.5874653651237549, 0.5907079651393319, 0.591680745144005, 0.5887624051299858, 0.5900594451362166, 0.5910322251408896, 0.5929777851502358, 0.5936263051533511, 0.5945990851580243, 0.594923345159582, 0.5929777851502358, 0.5955718651626973, 0.5933020451517935, 0.5955718651626973, 0.5955718651626973, 0.5978416851736013, 0.5962203851658128, 0.5968689051689281, 0.5942748251564666, 0.5968689051689281, 0.5965446451673705, 0.5975174251720435, 0.5945990851580243, 0.6004357651860628, 0.5978416851736013, 0.5933020451517935, 0.5955718651626973, 0.5988144651782743, 0.6010842851891782, 0.598165945175159, 0.5968689051689281, 0.5952476051611396, 0.5988144651782743, 0.599138725179832, 0.5965446451673705, 0.598165945175159, 0.5968689051689281, 0.595896125164255, 0.5955718651626973, 0.5968689051689281, 0.6001115051845051, 0.5965446451673705, 0.5945990851580243, 0.5978416851736013, 0.5971931651704858, 0.5926535251486781, 0.5952476051611396, 0.5965446451673705, 0.5978416851736013, 0.5929777851502358, 0.5933020451517935, 0.5936263051533511, 0.5926535251486781, 0.5942748251564666, 0.5942748251564666, 0.5920050051455628, 0.5920050051455628, 0.5910322251408896, 0.5897351851346588, 0.5907079651393319, 0.5897351851346588, 0.5929777851502358, 0.5903837051377743, 0.5874653651237549, 0.5897351851346588, 0.5897351851346588, 0.5871411051221973, 0.5864925851190819, 0.5871411051221973, 0.5861683251175241, 0.5838985051066203, 0.5851955451128511, 0.5874653651237549, 0.5858440651159664, 0.5826014651003895, 0.5835742451050626, 0.5826014651003895, 0.5793588650848125, 0.5806559050910434, 0.576764785072351, 0.5790346050832549, 0.5790346050832549, 0.5774133050754664, 0.5754677450661202, 0.5754677450661202, 0.5728736650536587, 0.5719008850489855, 0.5728736650536587, 0.570279585041197, 0.5722251450505432, 0.5699553250396393, 0.5689825450349663, 0.5686582850334085, 0.569306805036524, 0.5647671650147162, 0.5654156850178316, 0.5647671650147162, 0.5644429050131585, 0.5612003049975816, 0.5621730850022546, 0.5608760449960238, 0.5608760449960238, 0.5576334449804469, 0.5573091849788891, 0.5573091849788891, 0.5566606649757738, 0.5560121449726584, 0.5540665849633122, 0.5537423249617546, 0.5524452849555237, 0.547905644933716, 0.5466086049274852, 0.5482299049352737, 0.5459600849243698, 0.5488784249383891, 0.544663044918139, 0.5440145249150237, 0.5417447049041197, 0.5410961849010044, 0.536232284877639, 0.5385021048885428, 0.5359080248760812, 0.5346109848698505, 0.5303956048496004, 0.5307198648511581, 0.529747084846485, 0.5303956048496004, 0.5274772648355811, 0.5278015248371388, 0.5271530048340234, 0.5232618848153311, 0.5232618848153311, 0.519046504795081, 0.5161281647810617, 0.5180737247904079, 0.5164524247826194, 0.514831124774831, 0.511588524759254, 0.5135340847686002, 0.5112642647576963, 0.5060761047327732, 0.5051033247281, 0.5076974047405617, 0.5038062847218693, 0.5018607247125231, 0.5005636847062923, 0.5018607247125231, 0.4969968246891577, 0.4937542246735807, 0.49472700467825376, 0.49310570467046533, 0.48986310465488836, 0.4882418046470999, 0.4846749446299652, 0.4843506846284075, 0.4846749446299652, 0.4824051246190613, 0.48175660461594594, 0.47818974459881125, 0.4768927045925805, 0.475271404584792, 0.47040750456142655, 0.47105602456454193, 0.4726773245723304, 0.464570824533388, 0.4648950845349457, 0.46327378452715723, 0.46327378452715723, 0.4623010045224841, 0.45646432449444563, 0.4561400644928879, 0.45419450448354176, 0.45192468447263784, 0.45030338446484935, 0.4493306044601763, 0.44608800444459934, 0.446412264446157, 0.44252114442746465, 0.4412241044212339, 0.43733298440254154, 0.4396028044134454, 0.43636020439786843, 0.43117204437294526, 0.4324690843791761, 0.42792944435736835, 0.42533536434490676, 0.42533536434490676, 0.42436258434023366, 0.4217685043277721, 0.4220927643293298, 0.4149590442950605, 0.41755312430752206, 0.4126892242841566, 0.40782532426079116, 0.40685254425611805, 0.40620402425300267, 0.4055555042498873, 0.4013401242296372, 0.39712474420938715, 0.3948549241984833, 0.3935578841922525, 0.39128806418134865, 0.39128806418134865, 0.38999102417511783, 0.38836972416732934, 0.38318156414240623, 0.38188452413617546, 0.3792904441237139, 0.37896618412215616, 0.3744265441003484, 0.3766963641112523, 0.3689141240738676, 0.3672928240660791, 0.3653472640567329, 0.3637259640489444, 0.36145614403804055, 0.358862064025579, 0.3569165040162328, 0.35432242400377123, 0.35302538399754047, 0.3507555639866366, 0.34848574397573273, 0.3436218439523673, 0.34491888395859804, 0.3455674039617134, 0.3400549839352326, 0.3384336839274441, 0.33454256390875176, 0.3325970038994056, 0.32838162387915554, 0.32676032387136705, 0.32578754386669395, 0.32481476386202085, 0.3202751238402131, 0.3147627038137323, 0.31443844381217456, 0.3128171438043861, 0.30827750378257834, 0.30762898377946296, 0.304386383763886, 0.304386383763886, 0.3021165637529821, 0.29627988372494357, 0.29627988372494357, 0.29627988372494357, 0.2878491236844435, 0.2878491236844435, 0.28493078367042424, 0.2826609636595203, 0.28330948366263575, 0.2790941036423857, 0.2748787236221356, 0.27423020361902023, 0.27358168361590485, 0.2683935235909817, 0.26320536356605856, 0.260611283553597, 0.26288110356450084, 0.2589899835458085, 0.25445034352400075, 0.25412608352244304, 0.25445034352400075, 0.249910703502193, 0.24374976347259678, 0.24407402347415447, 0.2414799434616929, 0.23791308344455825, 0.2327249234196351, 0.23402196342586587, 0.2343462234274236, 0.22818528339782734, 0.22591546338692348, 0.2226728633713465, 0.2226728633713465, 0.22007878335888492, 0.21618766334019257, 0.2142421033308464, 0.2129450633246156, 0.21035098331215404, 0.2054870832887886, 0.20289300327632703, 0.20094744326698086, 0.20062318326542314, 0.1957592832420577, 0.1957592832420577, 0.19251668322648074, 0.18992260321401916, 0.18830130320623067, 0.18311314318130756, 0.18311314318130756, 0.18084332317040366, 0.1795462831641729, 0.17403386313769204, 0.17208830312834586, 0.17014274311899968, 0.1685214431112112, 0.16560310309719195, 0.16300902308473036, 0.1597664230691534, 0.15555104304890335, 0.15457826304423025, 0.15230844303332639, 0.1510114030270956, 0.14517472299905707, 0.1429049029881532, 0.1403108229756916, 0.13998656297413392, 0.13674396295855695, 0.13674396295855695, 0.12993450292584532, 0.13090728293051843, 0.12734042291338377, 0.12604338290715297, 0.12312504289313371, 0.12215226288846062, 0.11631558286042208, 0.11761262286665287, 0.11210020284017204, 0.11274872284328742, 0.10788482281992198, 0.10237240279344115, 0.10302092279655653, 0.09880554277630649, 0.10042684278409496, 0.09523868275917183, 0.09394164275294103, 0.09167182274203717, 0.0877807027233448, 0.08615940271555632, 0.08551088271244094, 0.08291680269997936, 0.07708012267194082, 0.07254048265013308, 0.07286474265169077, 0.07318900265324847, 0.0699464026376715, 0.06702806262365224, 0.06508250261430605, 0.06410972260963296, 0.061839902598729096, 0.05665174257380595, 0.05470618256445978, 0.055678962569132864, 0.052112102551998205, 0.04757246253019046, 0.045302642519286576, 0.04659968252551737, 0.04238430250526731, 0.037844662483459565, 0.03881744248813265, 0.0346020624678826, 0.03168372245386333, 0.0255227824242671, 0.028441122438286368, 0.025847042425824796, 0.026171302427382494, 0.021307402404017045, 0.017092022383766992, 0.016767762382209297, 0.017092022383766992, 0.013200902365074638, 0.00930978234638228, 0.009634042347939976, 0.005094402326132227, 0.0031488423167860486, 0.0008790223058821737, -0.0023635777096947903, -0.0010665377034640047, -0.005930437726829451, -0.009173037742406414, -0.00949729774396411, -0.00949729774396411, -0.014685457768887253, -0.014361197767329557, -0.018252317786021915, -0.017603797782906522, -0.021494917801598876, -0.023440477810945055, -0.02408899781406045, -0.026358817824964322, -0.03057419784521438, -0.03284401785611825, -0.034789577865464424, -0.03446531786390673, -0.034789577865464424, -0.03997773789038757, -0.04354459790752223, -0.04516589791531071, -0.04516589791531071, -0.04873275793244537, -0.04905701793400308, -0.05424517795892621, -0.05327239795425312, -0.0561907379682724, -0.05781203797606087, -0.05975759798540706, -0.062027417996310924, -0.0646214980087725, -0.0646214980087725, -0.06916113803058026, -0.06753983802279177, -0.06883687802902255, -0.073700778052388, -0.07629485806484958, -0.07434929805550339, -0.07629485806484958, -0.07856467807575344, -0.08180727809133041, -0.08407709810223428, -0.08375283810067659, -0.08894099812559973, -0.08796821812092664, -0.08796821812092664, -0.09023803813183051, -0.09477767815363827, -0.09542619815675366, -0.09510193815519596, -0.09964157817700371, -0.0999658381785614, -0.09964157817700371, -0.10223565818946528, -0.10742381821438843, -0.10839659821906152, -0.10677529821127303, -0.10904511822217691, -0.11131493823308078, -0.11261197823931157, -0.11455753824865775, -0.11747587826267701, -0.11650309825800392, -0.11780013826423472, -0.12039421827669629, -0.12104273827981167, -0.12460959829694633, -0.12623089830473483, -0.1275279383109656, -0.12623089830473483, -0.12525811830006173, -0.13174331833121566, -0.13239183833433105, -0.13239183833433105, -0.13336461833900415, -0.1366072183545811, -0.1366072183545811, -0.13887703836548498, -0.14179537837950423, -0.13822851836236957, -0.14211963838106195, -0.14147111837794654, -0.14374093838885044, -0.1460107583997543, -0.14665927840286969, -0.14698353840442738, -0.15055039842156204, -0.15087465842311976, -0.15184743842779283, -0.15314447843402362, -0.15346873843558131, -0.1554142984449275, -0.15800837845738908, -0.15800837845738908, -0.15573855844648518, -0.1635207984838699, -0.1628722784807545, -0.16027819846829294, -0.15800837845738908, -0.16449357848854299, -0.16643913849788916, -0.16676339849944688, -0.1641693184869853, -0.16643913849788916, -0.16806043850567765, -0.1713030385212546, -0.16903321851035075, -0.1726000785274854, -0.17454563853683158, -0.17454563853683158, -0.17195155852437, -0.17357285853215848, -0.17713971854929314, -0.17713971854929314, -0.17713971854929314, -0.17357285853215848, -0.17876101855708162, -0.17908527855863934, -0.1803823185648701, -0.1816793585711009, -0.1829763985773317, -0.18427343858356246, -0.18459769858512018, -0.1816793585711009, -0.18654325859446635, -0.18621899859290866, -0.18427343858356246, -0.18686751859602405, -0.18784029860069712, -0.1891373386069279, -0.18881307860537022, -0.18686751859602405, -0.1891373386069279, -0.1914071586178318, -0.19011011861160101, -0.1917314186193895, -0.1910828986162741, -0.1914071586178318, -0.1914071586178318, -0.19237993862250488, -0.19011011861160101, -0.19237993862250488, -0.19367697862873567, -0.19497401863496647, -0.19335271862717798, -0.19237993862250488, -0.19400123863029337, -0.19237993862250488, -0.19627105864119723, -0.1914071586178318, -0.19497401863496647, -0.19400123863029337, -0.19367697862873567, -0.19400123863029337, -0.19724383864587033, -0.19497401863496647, -0.19724383864587033, -0.19691957864431264, -0.19691957864431264, -0.19594679863963954, -0.19594679863963954, -0.19529827863652416, -0.19659531864275492, -0.1998379186583319, -0.19497401863496647, -0.19691957864431264, -0.19756809864742803, -0.19659531864275492, -0.19497401863496647, -0.19854087865210113, -0.19432549863185106, -0.19367697862873567, -0.19400123863029337, -0.19659531864275492, -0.19627105864119723, -0.19562253863808185, -0.19562253863808185, -0.19854087865210113, -0.19627105864119723, -0.19529827863652416, -0.19562253863808185, -0.19724383864587033, -0.19529827863652416, -0.1917314186193895, -0.1917314186193895, -0.19367697862873567, -0.19464975863340875, -0.19367697862873567, -0.19302845862562026, -0.19367697862873567, -0.19400123863029337, -0.1910828986162741, -0.19011011861160101, -0.19237993862250488, -0.1914071586178318, -0.19011011861160101, -0.18816455860225484, -0.1917314186193895, -0.18881307860537022, -0.18816455860225484, -0.18686751859602405, -0.18784029860069712, -0.18557047858979325, -0.18654325859446635, -0.18394917858200477, -0.18232787857421628, -0.182652138575774, -0.18524621858823556, -0.1829763985773317, -0.18103083856798552, -0.18232787857421628, -0.1803823185648701, -0.17908527855863934, -0.17551841854150468, -0.1816793585711009, -0.17746397855085086, -0.17713971854929314, -0.1716272985228123, -0.17584267854306238, -0.17584267854306238, -0.1738971185337162, -0.17000599851502382, -0.1716272985228123, -0.1726000785274854, -0.17097877851969692, -0.16870895850879306, -0.16903321851035075, -0.16806043850567765, -0.16643913849788916, -0.1641693184869853, -0.1628722784807545, -0.1651420984916584, -0.1628722784807545, -0.15833263845894677, -0.16092671847140833, -0.16060245846985063, -0.15735985845427367, -0.1547657784418121, -0.15346873843558131, -0.1541172584386967, -0.15314447843402362, -0.15119891842467745, -0.15087465842311976, -0.14860483841221586, -0.14957761841688896, -0.146335018401312, -0.1453622383966389, -0.14406519839040813, -0.146335018401312, -0.14179537837950423, -0.13952555836860037, -0.13822851836236957, -0.13790425836081188, -0.13952555836860037, -0.1359586983514657, -0.1346616583452349, -0.13077053832654256, -0.13141905832965797, -0.12914923831875408, -0.13077053832654256, -0.13044627832498487, -0.1268794183078502, -0.12623089830473483, -0.12396107829383095, -0.12331255829071555, -0.12233977828604246, -0.1187729182689078, -0.11747587826267701, -0.11747587826267701, -0.11423327824710006, -0.11261197823931157, -0.11163919823463848, -0.10904511822217691, -0.10904511822217691, -0.10580251820659994, -0.10547825820504225, -0.10385695819725377, -0.10223565818946528, -0.09964157817700371, -0.09866879817233062, -0.09737175816609984, -0.09412915815052288, -0.09250785814273439, -0.09477767815363827, -0.0915350781380613, -0.09056229813338822, -0.08537413810846507, -0.08569839811002276, -0.0827800580960035, -0.08083449808665732, -0.07759189807108036, -0.07434929805550339, -0.07888893807731115, -0.07272799804771492, -0.07110669803992643, -0.07013391803525335, -0.07013391803525335, -0.06689131801967638, -0.0649457580103302, -0.0642972380072148, -0.06300019800098403, -0.05910907798229166, -0.057487777974503176, -0.05456943796048391, -0.05424517795892621, -0.05165109794646465, -0.05035405794023386, -0.0467871979230992, -0.046462937921541506, -0.04743571792621459, -0.04159903789817605, -0.04127477789661836, -0.03803217788104139, -0.03997773789038757, -0.033492537859233645, -0.0286286378358682, -0.03446531786390673, -0.029277157838983593, -0.02408899781406045, -0.022467697806271968, -0.023764737812502754, -0.019225097790695003, -0.02214343780471427, -0.014361197767329557, -0.016306757776675736, -0.01144285775331029, -0.01144285775331029, -0.0062546977283871475, -0.0049576577221563615, -0.004633397720598665, -0.0010665377034640047, 0.0015275423089975665, 0.006067182330805316, 0.004445882323016834, 0.00930978234638228, 0.008985522344824583, 0.013200902365074638, 0.012228122360401548, 0.016767762382209297, 0.01838906238999778, 0.021631662405574743, 0.01936184239467087, 0.02455000241959401, 0.025847042425824796, 0.03233224245697873, 0.03265650245853642, 0.034277802466324905, 0.03719614248034417, 0.03849318248657496, 0.04238430250526731, 0.04303282250838271, 0.04562690252084428, 0.04951802253953663, 0.048869502536421236, 0.050815062545767425, 0.0527606225551136, 0.05632748257224826, 0.05730026257692135, 0.061839902598729096, 0.061839902598729096, 0.06800084262832533, 0.06637954262053684, 0.07481030266103694, 0.07221622264857538, 0.07416178265792156, 0.07772864267505622, 0.08161976269374857, 0.08194402269530628, 0.08875348272801789, 0.08810496272490251, 0.09069904273736407, 0.09134756274047946, 0.09491442275761412, 0.10010258278253727, 0.09945406277942187, 0.10269666279499884, 0.1062635228121335, 0.10723630281680659, 0.10820908282147967, 0.11177594283861433, 0.11631558286042208, 0.11728836286509518, 0.11761262286665287, 0.12182800288690293, 0.12636764290871066, 0.12571912290559528, 0.12766468291494146, 0.13220432293674922, 0.1338256229445377, 0.13836526296634544, 0.13706822296011464, 0.14128360298036471, 0.14387768299282627, 0.14744454300996093, 0.1493901030193071, 0.1503628830239802, 0.15490252304578797, 0.15425400304267256, 0.16009068307071112, 0.16009068307071112, 0.16430606309096116, 0.1681971831096535, 0.16722440310498043, 0.17273682313146127, 0.1769522031517113, 0.1785735031594998, 0.177276463153269, 0.18311314318130756, 0.18343740318286525, 0.18797704320467298, 0.18927408321090378, 0.19057112321713457, 0.19089538321869226, 0.1973805832498462, 0.1973805832498462, 0.20321726327788472, 0.20354152327944242, 0.20808116330125018, 0.20808116330125018, 0.2142421033308464, 0.2139178433292887, 0.21975452335732723, 0.22105156336355802, 0.22137582336511571, 0.224294163379135, 0.22915806340250044, 0.2304551034087312, 0.22980658340561583, 0.23499474343053897, 0.2405071634570198, 0.23985864345390442, 0.23985864345390442, 0.24374976347259678, 0.24634384348505833, 0.2505592235053084, 0.249910703502193, 0.25412608352244304, 0.2557473835302315, 0.2602870235520393, 0.2602870235520393, 0.26482666357384704, 0.26579944357852014, 0.2722846436096741, 0.27358168361590485, 0.2722846436096741, 0.2739059436174625, 0.2794183636439434, 0.2784455836392703, 0.28395800366575114, 0.2842822636673088, 0.29109172370002045, 0.29011894369534735, 0.29368580371248204, 0.2946585837171551, 0.2982254437342898, 0.30081952374675136, 0.3021165637529821, 0.3021165637529821, 0.3089260237856937, 0.30827750378257834, 0.31184436379971303, 0.3141141838106169, 0.31962660383709773, 0.31832956383086697, 0.3218964238480016, 0.3222206838495593, 0.3290301438822709, 0.3306514438900594, 0.3325970038994056, 0.33292126390096327, 0.337460903922771, 0.3400549839352326, 0.3400549839352326, 0.34232480394613646, 0.34491888395859804, 0.3494585239804058, 0.3494585239804058, 0.35561946401000205, 0.35626798401311743, 0.3559437240115597, 0.36048336403336745, 0.36340170404738675, 0.3653472640567329, 0.3672928240660791, 0.36858986407230987, 0.37085968408321374, 0.3744265441003484, 0.3766963641112523, 0.3786419241205985, 0.3792904441237139, 0.38188452413617546, 0.38415434414707933, 0.38674842415954086, 0.38999102417511783, 0.3925851041875794, 0.38999102417511783, 0.3935578841922525, 0.39907030421873335, 0.39939456422029107, 0.40523124424832957, 0.4019886442327526, 0.40425846424365647, 0.40750106425923344, 0.40782532426079116, 0.413337744287272, 0.41625608430129124, 0.41625608430129124, 0.41982294431842593, 0.4230655443340029, 0.4230655443340029, 0.4246868443417914, 0.42792944435736835, 0.4298750043667145, 0.43117204437294526, 0.43279334438073375, 0.43733298440254154, 0.43636020439786843, 0.43733298440254154, 0.44187262442434927, 0.4447909644383685, 0.4499791244632917, 0.4477093044523878, 0.44965486446173397, 0.45127616446952246, 0.45289746447731094, 0.4525732044757533, 0.4577613645006764, 0.4623010045224841, 0.4623010045224841, 0.4613282245178111, 0.4648950845349457, 0.464570824533388, 0.46943472455675345, 0.47105602456454193, 0.47105602456454193, 0.46943472455675345, 0.4755956645863497, 0.4736501045770035, 0.47754122459569587, 0.48013530460815745, 0.4840264246268498, 0.48110808461283056, 0.4872690246424268, 0.485971984636196, 0.48986310465488836, 0.48986310465488836, 0.4911601446611191, 0.49634830468604224, 0.4960240446844846, 0.4979696046938307, 0.50088794470785, 0.5002394247047346, 0.5038062847218693, 0.5057518447312155, 0.5067246247358885, 0.5051033247281, 0.5093187047483502, 0.5093187047483502, 0.5125613047639271, 0.5171009447857349, 0.5161281647810617, 0.5174252047872925, 0.5180737247904079, 0.5196950247981964, 0.5222891048106579, 0.5239104048184464, 0.5245589248215619, 0.5252074448246773, 0.5271530048340234, 0.5290985648433696, 0.5303956048496004, 0.5313683848542735, 0.5316926448558311, 0.533962464866735, 0.533962464866735, 0.536232284877639, 0.5365565448791966, 0.5388263648901005, 0.540447664897889, 0.5443387849165814, 0.5407719248994467, 0.544663044918139, 0.5449873049196967, 0.5466086049274852, 0.547905644933716, 0.5485541649368314, 0.5508239849477352, 0.5524452849555237, 0.5517967649524084, 0.5556878849711007, 0.5543908449648699, 0.5573091849788891, 0.5543908449648699, 0.5599032649913508, 0.5576334449804469, 0.5569849249773315, 0.5599032649913508, 0.5631458650069278, 0.5644429050131585, 0.5644429050131585, 0.5654156850178316, 0.56703698502562, 0.5647671650147162, 0.5673612450271778, 0.5715766250474278, 0.5696310650380817, 0.5683340250318508, 0.5728736650536587, 0.5731979250552163, 0.5741707050598894, 0.5764405250707932, 0.5741707050598894, 0.5774133050754664, 0.5770890450739087, 0.576764785072351, 0.5757920050676779, 0.5790346050832549, 0.5787103450816972, 0.5800073850879279, 0.5806559050910434, 0.5832499851035049, 0.5832499851035049, 0.5826014651003895, 0.5842227651081779, 0.5822772050988319, 0.5861683251175241, 0.5874653651237549, 0.5861683251175241, 0.5855198051144088, 0.5907079651393319, 0.5903837051377743, 0.5894109251331011, 0.5903837051377743, 0.5907079651393319, 0.5900594451362166, 0.5913564851424473, 0.5907079651393319, 0.5907079651393319, 0.5942748251564666, 0.5920050051455628, 0.5907079651393319, 0.5926535251486781, 0.5965446451673705, 0.5936263051533511, 0.591680745144005, 0.5933020451517935, 0.5965446451673705, 0.5955718651626973, 0.5952476051611396, 0.5952476051611396, 0.5968689051689281, 0.5968689051689281, 0.5978416851736013, 0.5962203851658128, 0.5978416851736013, 0.5978416851736013, 0.5968689051689281, 0.598165945175159, 0.5988144651782743, 0.5955718651626973, 0.5942748251564666, 0.595896125164255, 0.5955718651626973, 0.5994629851813897, 0.5968689051689281, 0.5965446451673705, 0.5978416851736013, 0.595896125164255, 0.598165945175159, 0.598165945175159, 0.5945990851580243, 0.598165945175159, 0.5971931651704858, 0.5968689051689281, 0.595896125164255, 0.5968689051689281, 0.5988144651782743, 0.5929777851502358, 0.5968689051689281, 0.5968689051689281, 0.5968689051689281, 0.5952476051611396, 0.5942748251564666, 0.595896125164255, 0.5968689051689281, 0.5933020451517935, 0.5920050051455628, 0.5955718651626973, 0.5945990851580243, 0.5910322251408896, 0.5913564851424473, 0.5942748251564666, 0.591680745144005, 0.5910322251408896, 0.5890866651315434, 0.5894109251331011, 0.5920050051455628, 0.5881138851268704, 0.5890866651315434, 0.5877896251253126, 0.5887624051299858, 0.5894109251331011, 0.5884381451284281, 0.5848712851112934, 0.5861683251175241, 0.5826014651003895, 0.5822772050988319, 0.5832499851035049, 0.5838985051066203, 0.5803316450894856, 0.5813044250941587, 0.5822772050988319, 0.5787103450816972, 0.5787103450816972, 0.577737565077024, 0.5751434850645625, 0.5780618250785817, 0.5787103450816972, 0.5744949650614471, 0.5748192250630048, 0.5751434850645625, 0.5706038450427547, 0.570279585041197, 0.5715766250474278, 0.570279585041197, 0.5686582850334085, 0.566064205020947, 0.566064205020947, 0.5680097650302932, 0.5634701250084854, 0.5634701250084854, 0.5641186450116008, 0.5621730850022546, 0.5599032649913508, 0.5589304849866776, 0.55860622498512, 0.5592547449882354, 0.5560121449726584, 0.5553636249695431, 0.5556878849711007, 0.5560121449726584, 0.5537423249617546, 0.5504997249461776, 0.5488784249383891, 0.5504997249461776, 0.5504997249461776, 0.5433660049119082, 0.5466086049274852, 0.5469328649290429, 0.5443387849165814, 0.5397991448947735, 0.5423932249072352, 0.5397991448947735, 0.5407719248994467, 0.5349352448714081, 0.5352595048729658, 0.5346109848698505, 0.5326654248605043, 0.5290985648433696, 0.5278015248371388, 0.5268287448324658, 0.5268287448324658, 0.5268287448324658, 0.5219648448091003, 0.5216405848075426, 0.5229376248137734, 0.5174252047872925, 0.5174252047872925, 0.5174252047872925, 0.5171009447857349, 0.5122370447623694, 0.5112642647576963, 0.5096429647499078, 0.5086701847452347, 0.5067246247358885, 0.504130544723427, 0.5031577647187538, 0.504130544723427, 0.5031577647187538, 0.49926664470006155, 0.4969968246891577, 0.4953755246813692, 0.4921329246657922, 0.4911601446611191, 0.49051162465800374, 0.4882418046470999, 0.48889032465021526, 0.4849992046315229, 0.48272938462061904, 0.4837021646252921, 0.4814323446143882, 0.4768927045925805, 0.475271404584792, 0.4768927045925805, 0.475271404584792, 0.47300158457388813, 0.47073176456298427, 0.4668406445442919, 0.4648950845349457, 0.4648950845349457, 0.4629495245255995, 0.460355444513138, 0.4584098845037918, 0.4554915444897725, 0.45192468447263784, 0.45030338446484935, 0.4493306044601763, 0.4493306044601763, 0.4470607844492724, 0.44349392443213775, 0.44252114442746465, 0.4396028044134454, 0.44089984441967617, 0.43733298440254154, 0.4360359443963107, 0.4301992643682722, 0.4305235243698299, 0.42760518435581063, 0.4256596243464644, 0.4230655443340029, 0.4237140643371183, 0.41917442431531055, 0.41560756429817586, 0.41625608430129124, 0.4139862642903874, 0.413337744287272, 0.4097708842701373, 0.4065282842545604, 0.40523124424832957, 0.4055555042498873, 0.40620402425300267, 0.4010158642280795, 0.39809752421406025, 0.3935578841922525, 0.3925851041875794, 0.3925851041875794, 0.38999102417511783, 0.3848028641501947, 0.38415434414707933, 0.38188452413617546, 0.38058748412994464, 0.37702062411281, 0.3760478441081369, 0.3741022840987907, 0.3698869040785407, 0.3698869040785407, 0.3666443040629637, 0.36502300405517524, 0.36145614403804055, 0.3578892840209059, 0.3591863240271367, 0.3559437240115597, 0.3491342639788481, 0.3491342639788481, 0.348161483974175, 0.3471887039695019, 0.3426490639476942, 0.3410277639399057, 0.3394064639321172, 0.33616386391654024, 0.33292126390096327, 0.32935440388382864, 0.330002923886944, 0.32740884387448244, 0.3238419838573478, 0.3218964238480016, 0.31541122381684766, 0.31995086383865545, 0.3131414038059438, 0.3115201037981553, 0.30989880379036683, 0.30730472377790524, 0.30244082375453984, 0.30406212376232833, 0.29984674374207826, 0.29984674374207826, 0.2991982237389629, 0.2933615437109243, 0.2914159837015781, 0.28914616369067425, 0.28914616369067425, 0.28298522366107803, 0.2800668836470588, 0.2800668836470588, 0.28071540365017417, 0.2703390836003279, 0.2696905635972125, 0.27098760360344326, 0.2687177835925394, 0.26385388356917394, 0.2589899835458085, 0.260611283553597, 0.25704442353646234, 0.25704442353646234, 0.2505592235053084, 0.24861366349596223, 0.24699236348817374, 0.24504680347882757, 0.2421284634648083, 0.2411556834601352, 0.23531900343209666, 0.2343462234274236, 0.23077936341028893, 0.22850954339938503, 0.22948232340405814, 0.224294163379135, 0.22072730336200033, 0.21716044334486567, 0.21748470334642336, 0.21164802331838484, 0.21132376331682715, 0.20710838329657708, 0.20743264329813477, 0.20192022327165393, 0.20256874327476934, 0.19965040326075006, 0.19705632324828848, 0.19219242322492305, 0.19348946323115382, 0.18505870319065373, 0.18668000319844222, 0.18538296319221143, 0.18181610317507677, 0.18051906316884597, 0.17597942314703824, 0.17597942314703824, 0.17046700312055738, 0.17111552312367279, 0.16690014310342272, 0.16365754308784577, 0.1594421630675957, 0.1597664230691534, 0.1594421630675957, 0.15490252304578797, 0.1493901030193071, 0.14906584301774942, 0.14776880301151865, 0.14517472299905707, 0.13998656297413392, 0.13901378296946085, 0.13674396295855695, 0.1338256229445377, 0.13350136294297998, 0.12766468291494146, 0.12798894291649915, 0.12604338290715297, 0.12312504289313371, 0.12020670287911445, 0.11858540287132596, 0.11728836286509518, 0.11047890283238355, 0.11145168283705664, 0.10950612282771047, 0.10431796280278732, 0.10010258278253727, 0.09945406277942187, 0.09848128277474878, 0.097184242768518, 0.09199608274359486, 0.09167182274203717, 0.0877807027233448, 0.08648366271711402, 0.08226828269686397, 0.08097124269063317, 0.0793499426828447, 0.07772864267505622, 0.07708012267194082, 0.0699464026376715, 0.06897362263299842, 0.07091918264234459, 0.06410972260963296, 0.06410972260963296, 0.06021860259094061, 0.057948782580036745, 0.054381922562902085, 0.050815062545767425, 0.05016654254265203, 0.05113932254732512, 0.04562690252084428, 0.04011448249436343, 0.04011448249436343, 0.04043874249592114, 0.03719614248034417, 0.0346020624678826, 0.03330502246165182, 0.027468342433613277, 0.029738162444517154, 0.02487426242115171, 0.02292870241180553, 0.020010362397786263, 0.020658882400901656, 0.01741628238532469, 0.012552382361959245, 0.011903862358843852, 0.013849422368190029, 0.009634042347939976, 0.00574292232924762, 0.003797362319901441, 0.00120328230743987, -0.0010665377034640047, -0.002039317708137094, -0.004633397720598665, -0.007551737734617933, -0.010145817747079504, -0.011118597751752593, -0.012739897759541076, -0.014361197767329557, -0.015333977772002646, -0.020846397798483483, -0.022791957807829662, -0.02408899781406045, -0.02506177781873354, -0.027331597829637413, -0.028952897837425894, -0.03251975785456056, -0.03543809786857982, -0.03446531786390673, -0.037059397876368305, -0.03997773789038757, -0.04257181790284914, -0.04711145792465689, -0.0461386779199838, -0.0461386779199838, -0.04873275793244537, -0.04905701793400308, -0.05586647796671469, -0.05586647796671469, -0.0561907379682724, -0.05975759798540706, -0.06300019800098403, -0.06332445800254172, -0.0642972380072148, -0.06786409802434946, -0.07013391803525335, -0.07272799804771492, -0.06916113803058026, -0.07434929805550339, -0.07499781805861878, -0.07888893807731115, -0.07856467807575344, -0.08440135810379198, -0.0827800580960035, -0.08440135810379198, -0.08634691811313816, -0.08796821812092664, -0.08991377813027282, -0.0915350781380613, -0.09412915815052288, -0.09510193815519596, -0.09866879817233062, -0.09769601816765754, -0.09866879817233062, -0.10191139818790759, -0.10450547820036916, -0.10223565818946528, -0.10353269819569608, -0.1093693782237346, -0.10839659821906152, -0.10839659821906152, -0.11196345823619618, -0.11488179825021544, -0.11553031825333084, -0.11747587826267701, -0.11780013826423472, -0.11780013826423472, -0.12460959829694633, -0.12363681829227324, -0.12006995827513858, -0.12493385829850404, -0.12914923831875408, -0.13077053832654256, -0.13174331833121566, -0.13239183833433105, -0.13336461833900415, -0.13304035833744643, -0.1359586983514657, -0.13531017834835032, -0.13822851836236957, -0.13920129836704268, -0.14309241838573503, -0.14147111837794654, -0.146335018401312, -0.14309241838573503, -0.14698353840442738, -0.14828057841065817, -0.14892909841377355, -0.14990187841844665, -0.14892909841377355, -0.14990187841844665, -0.1541172584386967, -0.15444151844025442, -0.15444151844025442, -0.1547657784418121, -0.15573855844648518, -0.15800837845738908, -0.16189949847608143, -0.15962967846517756, -0.16157523847452374, -0.1641693184869853, -0.16319653848231222, -0.16319653848231222, -0.16481783849010068, -0.16643913849788916, -0.16773617850411995, -0.16806043850567765, -0.16870895850879306, -0.1713030385212546, -0.17065451851813923, -0.1713030385212546, -0.17227581852592772, -0.1726000785274854, -0.17357285853215848, -0.17713971854929314, -0.17616693854462007, -0.17876101855708162, -0.17908527855863934, -0.17746397855085086, -0.17973379856175473, -0.17973379856175473, -0.18459769858512018, -0.18232787857421628, -0.182652138575774, -0.1816793585711009, -0.18103083856798552, -0.18589473859135094, -0.18589473859135094, -0.18621899859290866, -0.18751603859913943, -0.18621899859290866, -0.18459769858512018, -0.18719177859758174, -0.1891373386069279, -0.1910828986162741, -0.19011011861160101, -0.1891373386069279, -0.19335271862717798, -0.19302845862562026, -0.1917314186193895, -0.18978585861004332, -0.19270419862406257, -0.19302845862562026, -0.19302845862562026, -0.19270419862406257, -0.19464975863340875, -0.19594679863963954, -0.1914071586178318, -0.19367697862873567, -0.19529827863652416, -0.19497401863496647, -0.19237993862250488, -0.19594679863963954, -0.19594679863963954, -0.19724383864587033, -0.19594679863963954, -0.19659531864275492, -0.19497401863496647, -0.19627105864119723, -0.19497401863496647, -0.19497401863496647, -0.1995136586567742, -0.19627105864119723, -0.19497401863496647, -0.19594679863963954, -0.19854087865210113, -0.19594679863963954, -0.19756809864742803, -0.19691957864431264, -0.19627105864119723, -0.19659531864275492, -0.19756809864742803, -0.19854087865210113, -0.19724383864587033, -0.1982166186505434, -0.19594679863963954, -0.19464975863340875, -0.19691957864431264, -0.19724383864587033, -0.19432549863185106, -0.19302845862562026, -0.19691957864431264, -0.19691957864431264, -0.1917314186193895, -0.19400123863029337, -0.19464975863340875, -0.19432549863185106, -0.19302845862562026, -0.19302845862562026, -0.1917314186193895, -0.19367697862873567, -0.19400123863029337, -0.19335271862717798, -0.1907586386147164, -0.1904343786131587, -0.1904343786131587, -0.18784029860069712, -0.18816455860225484, -0.1910828986162741, -0.1894615986084856, -0.18784029860069712, -0.18686751859602405, -0.18881307860537022, -0.18621899859290866, -0.18557047858979325, -0.18589473859135094, -0.18654325859446635, -0.18394917858200477, -0.18330065857888939, -0.182652138575774, -0.18557047858979325, -0.18330065857888939, -0.18232787857421628, -0.17940953856019703, -0.17876101855708162, -0.18232787857421628, -0.17876101855708162, -0.17713971854929314, -0.17681545854773545, -0.17551841854150468, -0.1738971185337162, -0.17454563853683158, -0.17357285853215848, -0.1732485985306008, -0.17195155852437, -0.17097877851969692, -0.17033025851658154, -0.16838469850723534, -0.16773617850411995, -0.1651420984916584, -0.16773617850411995, -0.1641693184869853, -0.16449357848854299, -0.16319653848231222, -0.1628722784807545, -0.15800837845738908, -0.15833263845894677, -0.15833263845894677, -0.15671133845115828, -0.15444151844025442, -0.1554142984449275, -0.15444151844025442, -0.1524959584309082, -0.15119891842467745, -0.15022613842000435, -0.14892909841377355, -0.1460107583997543, -0.14698353840442738, -0.146335018401312, -0.1450379783950812, -0.14309241838573503, -0.14147111837794654, -0.14244389838261964, -0.13887703836548498, -0.13984981837015806, -0.1366072183545811, -0.1362829583530234, -0.13401313834211953, -0.13239183833433105, -0.13336461833900415, -0.13239183833433105, -0.12947349832031177, -0.13044627832498487, -0.1272036783094079, -0.12363681829227324, -0.12558237830161942, -0.12266403828760016, -0.12071847827825398, -0.1187729182689078, -0.11682735825956163, -0.11423327824710006, -0.11617883825644623, -0.11326049824242697, -0.1093693782237346, -0.10774807821594612, -0.11001789822685, -0.10580251820659994, -0.10612677820815763, -0.10450547820036916, -0.10482973820192686, -0.10158713818634989, -0.09542619815675366, -0.09542619815675366, -0.09672323816298445, -0.09542619815675366, -0.09056229813338822, -0.08958951812871513, -0.08926525812715742, -0.08958951812871513, -0.08602265811158047, -0.08245579809444581, -0.08180727809133041, -0.07824041807419575, -0.07921319807886884, -0.07629485806484958, -0.07532207806017649, -0.07272799804771492, -0.07305225804927261, -0.06753983802279177, -0.0642972380072148, -0.06656705801811869, -0.0642972380072148, -0.060730377990080145, -0.05813629797761857, -0.057163517972945485, -0.05683925797138778, -0.05586647796671469, -0.05100257794334925, -0.05100257794334925, -0.05067831794179155, -0.047759977927772285, -0.04322033790596454, -0.041923297899733744, -0.04159903789817605, -0.039329217887272186, -0.03381679786079134, -0.03543809786857982, -0.03154697784988747, -0.031222717848329768, -0.027331597829637413, -0.025386037820291234, -0.025710297821848933, -0.021819177803156575, -0.018900837789137308, -0.018252317786021915, -0.01663101777823343, -0.01403693776577186, -0.00949729774396411, -0.0104700777486372, -0.00949729774396411, -0.003984877717483272, -0.0023635777096947903, -0.002687837711252487, 0.00120328230743987, 0.003797362319901441, 0.006715702333920709, 0.009958302349497673, 0.008985522344824583, 0.013525162366632332, 0.014497942371305422, 0.018713322391555477, 0.017740542386882385, 0.018064802388440084, 0.024225742418036315, 0.028441122438286368, 0.028765382439844063, 0.028765382439844063, 0.03330502246165182, 0.03233224245697873, 0.03589910247411339, 0.04043874249592114, 0.04043874249592114, 0.04368134251149809, 0.04595116252240197, 0.04757246253019046, 0.048869502536421236, 0.05470618256445978, 0.054381922562902085, 0.05730026257692135, 0.05730026257692135, 0.06086712259405601, 0.061839902598729096, 0.06637954262053684, 0.06864936263144071, 0.06897362263299842, 0.0699464026376715, 0.07383752265636385, 0.0796742026844024, 0.08291680269997936, 0.08324106270153706, 0.08518662271088323, 0.09005052273424868, 0.08972626273269098, 0.09296886274826795, 0.097184242768518, 0.0965357227654026, 0.09556294276072952, 0.09977832278097958, 0.10593926281057581, 0.10593926281057581, 0.10983038282926816, 0.11112742283549895, 0.11177594283861433, 0.11793688286821057, 0.12150374288534523, 0.12247652289001831, 0.1240978228978068, 0.12571912290559528, 0.13123154293207612, 0.1325285829383069, 0.13577118295388388, 0.13447414294765309, 0.13901378296946085, 0.13771674296323005, 0.14387768299282627, 0.14387768299282627, 0.1493901030193071, 0.1510114030270956, 0.151659923030211, 0.15490252304578797, 0.15717234305669184, 0.16268476308317267, 0.16171198307849957, 0.16463032309251885, 0.1688457031127689, 0.17208830312834586, 0.17306108313301896, 0.17468238314080745, 0.1785735031594998, 0.18343740318286525, 0.18408592318598063, 0.18505870319065373, 0.1886255632077884, 0.19186816322336536, 0.19381372323271154, 0.19348946323115382, 0.1973805832498462, 0.20321726327788472, 0.20321726327788472, 0.20581134329034628, 0.21067524331371174, 0.2126208033230579, 0.2152148833355195, 0.2152148833355195, 0.21878174335265416, 0.22526694338380807, 0.2239699033775773, 0.22559120338536578, 0.22688824339159655, 0.23531900343209666, 0.23564326343365435, 0.23823734344611594, 0.23791308344455825, 0.2414799434616929, 0.24504680347882757, 0.24504680347882757, 0.24861366349596223, 0.25315330351777, 0.25445034352400075, 0.2557473835302315, 0.26125980355671236, 0.26125980355671236, 0.26417814357073166, 0.2664479635816355, 0.2664479635816355, 0.2706633436018856, 0.27325742361434713, 0.27617576362836643, 0.2781213236377126, 0.27974262364550107, 0.28168818365484727, 0.286227823676655, 0.2865520836782127, 0.2904432036969051, 0.29011894369534735, 0.2953071037202705, 0.2991982237389629, 0.30081952374675136, 0.30406212376232833, 0.3053591637685591, 0.30730472377790524, 0.3079532437810207, 0.31119584379659765, 0.3124928838028284, 0.31962660383709773, 0.31865382383242463, 0.3218964238480016, 0.3222206838495593, 0.32935440388382864, 0.32740884387448244, 0.3309757038916171, 0.333245523902521, 0.3390822039305595, 0.3397307239336749, 0.34232480394613646, 0.3426490639476942, 0.34589166396327115, 0.3501070439835212, 0.3494585239804058, 0.35399816400221357, 0.35367390400065585, 0.3575650240193482, 0.36048336403336745, 0.36145614403804055, 0.36275318404427137, 0.36405022405050214, 0.3689141240738676, 0.37215672408944456, 0.3744265441003484, 0.37475080410190614, 0.37702062411281, 0.38123600413306, 0.3828573041408485, 0.3828573041408485, 0.3890182441704448, 0.3880454641657717, 0.38999102417511783, 0.3935578841922525, 0.39712474420938715, 0.39971882422184873, 0.4003673442249641, 0.4045827242452142, 0.4055555042498873, 0.40523124424832957, 0.4065282842545604, 0.4091223642670219, 0.4126892242841566, 0.413337744287272, 0.41755312430752206, 0.41755312430752206, 0.42079572432309903, 0.42630814434957987, 0.42533536434490676, 0.42663240435113753, 0.4298750043667145, 0.431496304374503, 0.43279334438073375, 0.43376612438540685, 0.4386300244087723, 0.43895428441033, 0.44349392443213775, 0.44446670443681086, 0.4438181844336955, 0.45030338446484935, 0.4490063444586186, 0.44965486446173397, 0.45387024448198404, 0.45646432449444563, 0.4593826645084649, 0.4561400644928879, 0.4597069245100226, 0.46165248451936874, 0.4658678645396188, 0.4648950845349457, 0.4691104645551958, 0.46878620455363806, 0.47397436457856124, 0.47300158457388813, 0.4742986245801189, 0.47754122459569587, 0.47818974459881125, 0.48110808461283056, 0.47981104460659973, 0.4833779046237344, 0.4849992046315229, 0.48532346463308057, 0.4849992046315229, 0.48953884465333064, 0.4918086646642345, 0.4944027446766961, 0.4969968246891577, 0.49667256468759996, 0.49926664470006155, 0.5002394247047346, 0.5015364647109654, 0.5054275847296578, 0.507373144739004, 0.5080216647421193, 0.5086701847452347, 0.5096429647499078, 0.5135340847686002, 0.5112642647576963, 0.514831124774831, 0.5180737247904079, 0.5203435448013118, 0.5206678048028694, 0.5206678048028694, 0.5219648448091003, 0.5252074448246773, 0.5274772648355811, 0.5290985648433696, 0.5261802248293503, 0.5290985648433696, 0.5310441248527158, 0.5349352448714081, 0.5336382048651773, 0.5359080248760812, 0.536232284877639, 0.5378535848854274, 0.5407719248994467, 0.5407719248994467, 0.5423932249072352, 0.5420689649056775, 0.5449873049196967, 0.544663044918139, 0.5488784249383891, 0.547905644933716, 0.5504997249461776, 0.5482299049352737, 0.5514725049508507, 0.5530938049586391, 0.5537423249617546, 0.55860622498512, 0.5560121449726584, 0.5563364049742161, 0.5569849249773315, 0.5608760449960238, 0.5644429050131585, 0.5612003049975816, 0.5618488250006969, 0.5644429050131585, 0.5624973450038123, 0.5657399450193893, 0.5657399450193893, 0.5686582850334085, 0.570279585041197, 0.5663884650225047, 0.5680097650302932, 0.5706038450427547, 0.5741707050598894, 0.5738464450583317, 0.5719008850489855, 0.5738464450583317, 0.5790346050832549, 0.5764405250707932, 0.577737565077024, 0.5764405250707932, 0.577737565077024, 0.580980165092601, 0.5826014651003895, 0.5787103450816972, 0.5822772050988319, 0.5816286850957164, 0.5835742451050626, 0.5816286850957164, 0.5842227651081779, 0.5861683251175241, 0.5829257251019472, 0.5861683251175241, 0.5861683251175241, 0.5887624051299858, 0.5871411051221973, 0.5897351851346588, 0.5881138851268704, 0.5900594451362166, 0.5881138851268704, 0.5897351851346588, 0.5894109251331011, 0.5894109251331011, 0.5897351851346588, 0.5897351851346588, 0.5907079651393319, 0.5933020451517935, 0.5929777851502358, 0.5929777851502358, 0.5945990851580243, 0.5945990851580243, 0.5942748251564666, 0.5945990851580243, 0.595896125164255, 0.5965446451673705, 0.5971931651704858, 0.5952476051611396, 0.5968689051689281, 0.5968689051689281, 0.5978416851736013, 0.5978416851736013, 0.5962203851658128, 0.5965446451673705, 0.595896125164255, 0.5975174251720435, 0.5965446451673705, 0.5965446451673705, 0.6001115051845051, 0.5971931651704858, 0.595896125164255, 0.5975174251720435, 0.5965446451673705, 0.5965446451673705, 0.5955718651626973, 0.5962203851658128, 0.598165945175159, 0.599138725179832, 0.5965446451673705, 0.5939505651549088, 0.5968689051689281, 0.5936263051533511, 0.5955718651626973, 0.5978416851736013, 0.5968689051689281, 0.5952476051611396, 0.5952476051611396, 0.594923345159582, 0.5965446451673705, 0.5962203851658128, 0.5952476051611396, 0.5936263051533511, 0.5920050051455628, 0.5933020451517935, 0.5945990851580243, 0.5910322251408896, 0.5929777851502358, 0.5936263051533511, 0.5894109251331011, 0.5926535251486781, 0.5942748251564666, 0.5881138851268704, 0.5894109251331011, 0.5907079651393319, 0.5881138851268704, 0.5907079651393319, 0.5907079651393319, 0.5871411051221973, 0.5874653651237549, 0.5861683251175241, 0.5861683251175241, 0.5858440651159664, 0.5838985051066203, 0.5881138851268704, 0.580980165092601, 0.5845470251097357, 0.5845470251097357, 0.5800073850879279, 0.5800073850879279, 0.5813044250941587, 0.5780618250785817, 0.5774133050754664, 0.576764785072351, 0.5774133050754664, 0.5722251450505432, 0.5715766250474278, 0.5715766250474278, 0.5741707050598894, 0.5712523650458702, 0.570279585041197, 0.570279585041197, 0.5683340250318508, 0.5680097650302932, 0.570279585041197, 0.56703698502562, 0.5644429050131585, 0.5647671650147162, 0.5644429050131585, 0.5634701250084854, 0.5621730850022546, 0.5602275249929085, 0.5621730850022546, 0.5595790049897931, 0.5566606649757738, 0.5556878849711007, 0.55860622498512, 0.5569849249773315, 0.5537423249617546, 0.5488784249383891, 0.5530938049586391, 0.5517967649524084, 0.5459600849243698, 0.5495269449415044, 0.5469328649290429, 0.5488784249383891, 0.5433660049119082, 0.5433660049119082, 0.5427174849087929, 0.5430417449103505, 0.537205064882312, 0.5388263648901005, 0.536232284877639, 0.5359080248760812, 0.5326654248605043, 0.5310441248527158, 0.5287743048418119, 0.5307198648511581, 0.5268287448324658, 0.5252074448246773, 0.5255317048262349, 0.5232618848153311, 0.5203435448013118, 0.5222891048106579, 0.519046504795081, 0.5183979847919656, 0.5193707647966387, 0.5145068647732732, 0.5145068647732732, 0.5125613047639271, 0.5102914847530232, 0.5089944447467925, 0.5076974047405617, 0.5076974047405617, 0.5028335047171962, 0.5038062847218693, 0.50088794470785, 0.49861812469694616, 0.4960240446844846, 0.49667256468759996, 0.49310570467046533, 0.4944027446766961, 0.48986310465488836, 0.48986310465488836, 0.4866205046393114, 0.48791754464554216, 0.48532346463308057, 0.4840264246268498, 0.4778654845972536, 0.47916252460348435, 0.4755956645863497, 0.47202880456921503, 0.47300158457388813, 0.47202880456921503, 0.47138028456609965, 0.46521934453650343, 0.4671649045458496, 0.464570824533388, 0.46100396451625336, 0.4593826645084649, 0.4580856245022341, 0.4574371044991187, 0.4551672844882148, 0.4525732044757533, 0.45030338446484935, 0.4480335644539455, 0.44543948444148396, 0.44187262442434927, 0.44349392443213775, 0.43992706441500307, 0.44349392443213775, 0.4376572444040992, 0.43473890439007995, 0.43409038438696457, 0.431496304374503, 0.42598388434802215, 0.4256596243464644, 0.42663240435113753, 0.42338980433556056, 0.4185259043121951, 0.41982294431842593, 0.4185259043121951, 0.4152833042966182, 0.4113921842779258, 0.4097708842701373, 0.40750106425923344, 0.4065282842545604, 0.4049069842467719, 0.4003673442249641, 0.39907030421873335, 0.39809752421406025, 0.3945306641969256, 0.39290936418913713, 0.39193658418446403, 0.39063954417823327, 0.3854513841533101, 0.38415434414707933, 0.38091174413150236, 0.38318156414240623, 0.3783176641190408, 0.3753993241050215, 0.37085968408321374, 0.3715082040863292, 0.37021116408009835, 0.3637259640489444, 0.36340170404738675, 0.36242892404271365, 0.3595105840286944, 0.3569165040162328, 0.35367390400065585, 0.35334964399909813, 0.35334964399909813, 0.3455674039617134, 0.34329758395080956, 0.3413520239414634, 0.3436218439523673, 0.3390822039305595, 0.3368123839196556, 0.33194848389629017, 0.3348668239103095, 0.3280573638775978, 0.3290301438822709, 0.3244905038604632, 0.32319346385423237, 0.31962660383709773, 0.31768104382775153, 0.3141141838106169, 0.31087158379503993, 0.3105473237934822, 0.3060076837716745, 0.3079532437810207, 0.3034136037592129, 0.30081952374675136, 0.2982254437342898, 0.2956313637218282, 0.2959556237233859, 0.28979468369378963, 0.2878491236844435, 0.2865520836782127, 0.2865520836782127, 0.28168818365484727, 0.2781213236377126, 0.2739059436174625, 0.2758515036268087, 0.27196038360811636, 0.2677450035878663, 0.2664479635816355, 0.26385388356917394, 0.2599627635504816, 0.25963850354892387, 0.2589899835458085, 0.2521805235130969, 0.25282904351621227, 0.2502349635037507, 0.24731662348973144, 0.24504680347882757, 0.2411556834601352, 0.23823734344611594, 0.23791308344455825, 0.23564326343365435, 0.2333734434227505, 0.22948232340405814, 0.22526694338380807, 0.22234860336978882, 0.22234860336978882, 0.21878174335265416, 0.21780896334798105, 0.21716044334486567, 0.21132376331682715, 0.2139178433292887, 0.2048385632856732, 0.20451430328411552, 0.20094744326698086, 0.1973805832498462, 0.19705632324828848, 0.19705632324828848, 0.19251668322648074, 0.18992260321401916, 0.1863557431968845, 0.18441018318753832, 0.18408592318598063, 0.1795462831641729, 0.1769522031517113, 0.17500664314236514, 0.17176404312678817, 0.17014274311899968, 0.1685214431112112, 0.16430606309096116, 0.16300902308473036, 0.1594421630675957, 0.15587530305046104, 0.15360548303955718, 0.15230844303332639, 0.14906584301774942, 0.14517472299905707, 0.14485046299749937, 0.1422563829850378, 0.13998656297413392, 0.13512266295076847, 0.1354469229523262, 0.13220432293674922, 0.12896172292117225, 0.12701616291182607, 0.1237735628962491, 0.1237735628962491, 0.12117948288378753, 0.11761262286665287, 0.11761262286665287, 0.11307298284484513, 0.11177594283861433, 0.10723630281680659, 0.10366944279967193, 0.10302092279655653, 0.10010258278253727, 0.0975085027700757, 0.09491442275761412, 0.09491442275761412, 0.09037478273580637, 0.0890777427295756, 0.08680792271867172, 0.08291680269997936, 0.08324106270153706, 0.0793499426828447, 0.07610734266726774, 0.07286474265169077, 0.07221622264857538, 0.07221622264857538, 0.06800084262832533, 0.06540676261586376, 0.06313694260495988, 0.06054286259249832, 0.055678962569132864, 0.053409142558228984, 0.053409142558228984, 0.052436362553555896, 0.04757246253019046, 0.04562690252084428, 0.0433570825099404, 0.04238430250526731, 0.037844662483459565, 0.03622336247567108, 0.035574842472555684, 0.03298076246009411, 0.03006242244607485, 0.026171302427382494, 0.024225742418036315, 0.02260444241024783, 0.021631662405574743, 0.020010362397786263, 0.017740542386882385, 0.013200902365074638, 0.015470722375978511, 0.009634042347939976, 0.008012742340151494, 0.006067182330805316, 0.005418662327689923, 0.003473102318343745, -0.0013907977050217012, -0.0030120977128101833, -0.005281917723714058, -0.0056061777252717545, -0.007551737734617933, -0.00949729774396411, -0.014361197767329557, -0.01306415776109877, -0.02214343780471427, -0.0195493577922527, -0.02214343780471427, -0.02408899781406045, -0.027980117832752806, -0.027331597829637413, -0.03187123785144516, -0.0286286378358682, -0.03251975785456056, -0.03446531786390673, -0.037059397876368305, -0.03900495788571448, -0.039329217887272186, -0.04516589791531071, -0.04516589791531071, -0.04873275793244537, -0.04970553793711846, -0.051326837944906945, -0.05294813795269543, -0.057487777974503176, -0.055542217965157, -0.061054637991637836, -0.060730377990080145, -0.0646214980087725, -0.06170315799475323, -0.06332445800254172, -0.06818835802590716, -0.07110669803992643, -0.07207947804459952, -0.07207947804459952, -0.0740250380539457, -0.07726763806952267, -0.07953745808042653, -0.08115875808821502, -0.08245579809444581, -0.08602265811158047, -0.08796821812092664, -0.08634691811313816, -0.08991377813027282, -0.09412915815052288, -0.09380489814896517, -0.09380489814896517, -0.09380489814896517, -0.09899305817388832, -0.1012628781847922, -0.1009386181832345, -0.10385695819725377, -0.10547825820504225, -0.10839659821906152, -0.10742381821438843, -0.10872085822061921, -0.11034215822840769, -0.11423327824710006, -0.11390901824554235, -0.11455753824865775, -0.11650309825800392, -0.12039421827669629, -0.12039421827669629, -0.12136699828136938, -0.12363681829227324, -0.12396107829383095, -0.1268794183078502, -0.12623089830473483, -0.13044627832498487, -0.13077053832654256, -0.13239183833433105, -0.13109479832810025, -0.13433739834367722, -0.13531017834835032, -0.1385527783639273, -0.13822851836236957, -0.1385527783639273, -0.14017407837171575, -0.14341667838729272, -0.14244389838261964, -0.14147111837794654, -0.146335018401312, -0.14860483841221586, -0.1476320584075428, -0.14698353840442738, -0.15217169842935052, -0.15314447843402362, -0.15217169842935052, -0.15184743842779283, -0.1524959584309082, -0.15573855844648518, -0.15930541846361984, -0.15800837845738908, -0.16027819846829294, -0.16060245846985063, -0.16125097847296602, -0.1628722784807545, -0.1638450584854276, -0.1641693184869853, -0.16676339849944688, -0.16806043850567765, -0.16870895850879306, -0.17000599851502382, -0.17097877851969692, -0.1716272985228123, -0.17033025851658154, -0.17227581852592772, -0.17454563853683158, -0.17227581852592772, -0.17486989853838927, -0.17195155852437, -0.17713971854929314, -0.17843675855552393, -0.17616693854462007, -0.17811249855396624, -0.17811249855396624, -0.1807065785664278, -0.1807065785664278, -0.1820036185726586, -0.1816793585711009, -0.18232787857421628, -0.18232787857421628, -0.18654325859446635, -0.18330065857888939, -0.18459769858512018, -0.18459769858512018, -0.18589473859135094, -0.18654325859446635, -0.18816455860225484, -0.18719177859758174, -0.1891373386069279, -0.18784029860069712, -0.1894615986084856, -0.19302845862562026, -0.1891373386069279, -0.1920556786209472, -0.1910828986162741, -0.19302845862562026, -0.19367697862873567, -0.19400123863029337, -0.19011011861160101, -0.1917314186193895, -0.19302845862562026, -0.19367697862873567, -0.19464975863340875, -0.19367697862873567, -0.19302845862562026, -0.19367697862873567, -0.19529827863652416, -0.19270419862406257, -0.19497401863496647, -0.19886513865365882, -0.19724383864587033, -0.19529827863652416, -0.19691957864431264, -0.19756809864742803, -0.19724383864587033, -0.19627105864119723, -0.19497401863496647, -0.1998379186583319, -0.19594679863963954, -0.19497401863496647, -0.19367697862873567, -0.19659531864275492, -0.19627105864119723, -0.19400123863029337, -0.19497401863496647, -0.1991893986552165, -0.19627105864119723, -0.19529827863652416, -0.19691957864431264, -0.19854087865210113, -0.19756809864742803, -0.19691957864431264, -0.19367697862873567, -0.19529827863652416, -0.19659531864275492, -0.19594679863963954, -0.19464975863340875, -0.19335271862717798, -0.19302845862562026, -0.19237993862250488, -0.19627105864119723, -0.19302845862562026, -0.19270419862406257, -0.19237993862250488, -0.19302845862562026, -0.1914071586178318, -0.19400123863029337, -0.19497401863496647, -0.1907586386147164, -0.19335271862717798, -0.1894615986084856, -0.1914071586178318, -0.1891373386069279, -0.18784029860069712, -0.18816455860225484, -0.18816455860225484, -0.18589473859135094, -0.18589473859135094, -0.18621899859290866, -0.18654325859446635, -0.18686751859602405, -0.18103083856798552, -0.18427343858356246, -0.18232787857421628, -0.1807065785664278, -0.1816793585711009, -0.1807065785664278, -0.17940953856019703, -0.17940953856019703, -0.17713971854929314, -0.1807065785664278, -0.17843675855552393, -0.17519415853994696, -0.17519415853994696, -0.17713971854929314, -0.17227581852592772, -0.17519415853994696, -0.1713030385212546, -0.16903321851035075, -0.17454563853683158, -0.17000599851502382, -0.16903321851035075, -0.16838469850723534, -0.1651420984916584, -0.16741191850256226, -0.1628722784807545, -0.1641693184869853, -0.16125097847296602, -0.1641693184869853, -0.16157523847452374, -0.16060245846985063, -0.15833263845894677, -0.15800837845738908, -0.15573855844648518, -0.15606281844804287, -0.15346873843558131, -0.15119891842467745, -0.1524959584309082, -0.15282021843246593, -0.15119891842467745, -0.15022613842000435, -0.14860483841221586, -0.146335018401312, -0.14374093838885044, -0.14309241838573503, -0.14082259837483116, -0.14017407837171575, -0.14147111837794654, -0.13790425836081188, -0.13531017834835032, -0.1359586983514657, -0.13531017834835032, -0.13531017834835032, -0.12947349832031177, -0.13077053832654256, -0.13077053832654256, -0.12914923831875408, -0.12914923831875408, -0.12396107829383095, -0.12558237830161942, -0.12233977828604246, -0.12006995827513858, -0.1184486582673501, -0.1187729182689078, -0.11553031825333084, -0.11131493823308078, -0.1106664182299654, -0.11163919823463848, -0.1096936382252923, -0.10807233821750382, -0.10709955821283074, -0.10677529821127303, -0.10320843819413837, -0.1012628781847922, -0.1006143581816768, -0.10223565818946528, -0.09704749816454214, -0.09607471815986905, -0.09250785814273439, -0.09380489814896517, -0.08861673812404204, -0.08926525812715742, -0.08699543811625356, -0.08537413810846507, -0.08569839811002276, -0.0827800580960035, -0.07953745808042653, -0.07467355805706109, -0.07921319807886884, -0.07467355805706109, -0.07207947804459952, -0.06916113803058026, -0.07143095804148412, -0.06786409802434946, -0.06300019800098403, -0.06397297800565711, -0.06300019800098403, -0.060730377990080145, -0.05586647796671469, -0.053596657955810825, -0.053596657955810825, -0.05067831794179155, -0.04970553793711846, -0.04905701793400308, -0.0461386779199838, -0.04516589791531071, -0.04581441791842611, -0.040626257893502965, -0.035762357870137526, -0.03803217788104139, -0.03414105786234904, -0.03187123785144516, -0.03057419784521438, -0.028952897837425894, -0.02506177781873354, -0.02506177781873354, -0.020846397798483483, -0.020197877795368094, -0.017603797782906522, -0.012739897759541076, -0.012739897759541076, -0.0104700777486372, -0.00949729774396411, -0.0056061777252717545, -0.0062546977283871475, -0.002687837711252487, -0.002039317708137094, -0.0010665377034640047, 0.0025003223136706556, 0.006715702333920709, 0.006391442332363013, 0.009634042347939976, 0.012552382361959245, 0.012876642363516941, 0.017740542386882385, 0.021631662405574743, 0.021307402404017045, 0.021631662405574743, 0.024225742418036315, 0.027468342433613277, 0.028765382439844063, 0.028765382439844063, 0.03525058247099799, 0.035574842472555684, 0.037844662483459565, 0.039141702489690344, 0.0440056025130558, 0.04562690252084428, 0.050815062545767425, 0.05113932254732512, 0.05373340255978669, 0.05405766256134438, 0.05632748257224826, 0.059570082587825215, 0.06086712259405601, 0.06378546260807527, 0.06670380262209454, 0.06864936263144071, 0.0702706626392292, 0.07545882266415234, 0.07351326265480616, 0.07870142267972931, 0.0796742026844024, 0.08324106270153706, 0.08324106270153706, 0.08940200273113329, 0.08875348272801789, 0.09491442275761412, 0.097184242768518, 0.09848128277474878, 0.097184242768518, 0.10366944279967193, 0.10593926281057581, 0.1062635228121335, 0.10950612282771047, 0.11145168283705664, 0.11890966287288365, 0.1143700228510759, 0.11890966287288365, 0.12117948288378753, 0.12604338290715297, 0.12636764290871066, 0.13123154293207612, 0.13123154293207612, 0.13674396295855695, 0.13804100296478775, 0.13804100296478775, 0.1403108229756916, 0.14517472299905707, 0.14776880301151865, 0.14874158301619173, 0.15003862302242252, 0.15425400304267256, 0.15425400304267256, 0.15490252304578797, 0.16171198307849957, 0.16300902308473036, 0.16690014310342272, 0.1685214431112112, 0.17241256312990355, 0.17370960313613434, 0.177276463153269, 0.1769522031517113, 0.18311314318130756, 0.18408592318598063, 0.1863557431968845, 0.18992260321401916, 0.19024686321557688, 0.19348946323115382, 0.1973805832498462, 0.20062318326542314, 0.19835336325451927, 0.20289300327632703, 0.20808116330125018, 0.21035098331215404, 0.20905394330592325, 0.2152148833355195, 0.21780896334798105, 0.21910600335421185, 0.22007878335888492, 0.2233213833744619, 0.22494268338225037, 0.22753676339471196, 0.2314278834134043, 0.23110362341184662, 0.23694030343988515, 0.24018290345546212, 0.24018290345546212, 0.23888586344923132, 0.24634384348505833, 0.2495864435006353, 0.25282904351621227, 0.25445034352400075, 0.2589899835458085, 0.2589899835458085, 0.26125980355671236, 0.26385388356917394, 0.2687177835925394, 0.2722846436096741, 0.27001482359877016, 0.2748787236221356, 0.275527243625251, 0.2794183636439434, 0.2794183636439434, 0.28039114364861645, 0.28298522366107803, 0.29011894369534735, 0.29109172370002045, 0.2946585837171551, 0.29368580371248204, 0.29854970373584744, 0.29984674374207826, 0.3034136037592129, 0.3069804637763476, 0.3079532437810207, 0.30925028378725145, 0.3128171438043861, 0.3167082638230785, 0.31768104382775153, 0.31962660383709773, 0.322544943851117, 0.3254632838651363, 0.32416624385890547, 0.32676032387136705, 0.33292126390096327, 0.33454256390875176, 0.3377851639243287, 0.3377851639243287, 0.3429733239492519, 0.3436218439523673, 0.34394610395392494, 0.3523768639944251, 0.348161483974175, 0.3497827839819635, 0.35464668400532895, 0.3569165040162328, 0.35983484403025207, 0.36145614403804055, 0.3637259640489444, 0.3666443040629637, 0.366320044061406, 0.37118394408477146, 0.37475080410190614, 0.3760478441081369, 0.37702062411281, 0.3792904441237139, 0.38156026413461774, 0.3848028641501947, 0.38674842415954086, 0.39031528417667555, 0.38869398416888706, 0.39647622420627177, 0.395179184200041, 0.39939456422029107, 0.39971882422184873, 0.4023129042343103, 0.4039342042420988, 0.40523124424832957, 0.40879810426546426, 0.413337744287272, 0.4091223642670219, 0.4136620042888297, 0.41463478429350276, 0.4194986843168682, 0.4188501643137528, 0.42533536434490676, 0.42338980433556056, 0.4305235243698299, 0.4308477843713876, 0.43279334438073375, 0.4334418643838492, 0.43473890439007995, 0.4360359443963107, 0.43992706441500307, 0.44187262442434927, 0.44316966443058003, 0.4457637444430416, 0.4457637444430416, 0.4483578244555032, 0.45322172447886866, 0.4551672844882148, 0.4554915444897725, 0.4567885844960033, 0.4593826645084649, 0.4613282245178111, 0.4623010045224841, 0.4648950845349457, 0.4684619445520804, 0.4668406445442919, 0.47040750456142655, 0.47073176456298427, 0.4749471445832343, 0.4755956645863497, 0.4778654845972536, 0.4778654845972536, 0.48013530460815745, 0.4846749446299652, 0.48532346463308057, 0.4849992046315229, 0.48629624463775367, 0.48889032465021526, 0.48889032465021526, 0.4924571846673499, 0.49667256468759996, 0.4969968246891577, 0.4979696046938307, 0.4995909047016192, 0.49926664470006155, 0.5021849847140808, 0.504130544723427, 0.5054275847296578, 0.5080216647421193, 0.5086701847452347, 0.5119127847608117, 0.5145068647732732, 0.5125613047639271, 0.5154796447779464, 0.5167766847841772, 0.5180737247904079, 0.5216405848075426, 0.5216405848075426, 0.5226133648122157, 0.5229376248137734, 0.5255317048262349, 0.5265044848309081, 0.5278015248371388, 0.5313683848542735, 0.5300713448480426, 0.5323411648589466, 0.5323411648589466, 0.5346109848698505, 0.5388263648901005, 0.5420689649056775, 0.5397991448947735, 0.5407719248994467, 0.5443387849165814, 0.5449873049196967, 0.5459600849243698, 0.5423932249072352, 0.5453115649212544, 0.5485541649368314, 0.547905644933716, 0.5488784249383891, 0.5524452849555237, 0.5524452849555237, 0.5517967649524084, 0.5550393649679853, 0.5560121449726584, 0.5576334449804469, 0.5573091849788891, 0.5566606649757738, 0.5595790049897931, 0.5612003049975816, 0.56282160500537, 0.56282160500537, 0.5641186450116008, 0.5657399450193893, 0.5706038450427547, 0.5634701250084854, 0.5657399450193893, 0.5683340250318508, 0.5722251450505432, 0.5699553250396393, 0.5728736650536587, 0.5728736650536587, 0.5741707050598894, 0.5744949650614471, 0.5764405250707932, 0.573522185056774, 0.5796831250863702, 0.580980165092601, 0.5761162650692356, 0.5787103450816972, 0.5816286850957164, 0.5826014651003895, 0.5796831250863702, 0.5826014651003895, 0.5858440651159664, 0.5848712851112934, 0.5845470251097357, 0.5868168451206396, 0.5874653651237549, 0.5881138851268704, 0.5858440651159664, 0.5861683251175241, 0.5874653651237549, 0.5897351851346588, 0.5887624051299858, 0.5890866651315434, 0.5874653651237549, 0.5913564851424473, 0.5920050051455628, 0.5897351851346588, 0.5923292651471204, 0.5920050051455628, 0.5897351851346588, 0.5920050051455628, 0.5933020451517935, 0.5933020451517935, 0.591680745144005, 0.5926535251486781, 0.5955718651626973, 0.5955718651626973, 0.5945990851580243, 0.5955718651626973, 0.5942748251564666, 0.5955718651626973, 0.5952476051611396, 0.5942748251564666, 0.5955718651626973, 0.5971931651704858, 0.5952476051611396, 0.5968689051689281, 0.5988144651782743, 0.598165945175159, 0.5968689051689281, 0.5975174251720435, 0.5988144651782743, 0.6010842851891782, 0.5965446451673705, 0.5968689051689281, 0.5955718651626973, 0.598165945175159, 0.5978416851736013, 0.599138725179832, 0.5965446451673705, 0.5965446451673705, 0.5988144651782743, 0.5968689051689281, 0.5968689051689281, 0.5965446451673705, 0.5978416851736013, 0.5942748251564666, 0.5965446451673705, 0.5945990851580243, 0.5952476051611396, 0.5968689051689281, 0.5952476051611396, 0.5955718651626973, 0.5942748251564666, 0.5942748251564666, 0.5955718651626973, 0.5936263051533511, 0.5942748251564666, 0.5920050051455628, 0.5926535251486781, 0.591680745144005, 0.5900594451362166, 0.591680745144005, 0.5897351851346588, 0.5920050051455628, 0.591680745144005, 0.5903837051377743, 0.5897351851346588, 0.5897351851346588, 0.5923292651471204, 0.5877896251253126, 0.5861683251175241, 0.5871411051221973, 0.5884381451284281, 0.5826014651003895, 0.5822772050988319, 0.5848712851112934, 0.5845470251097357, 0.5838985051066203, 0.5826014651003895, 0.5796831250863702, 0.5806559050910434, 0.5790346050832549, 0.5803316450894856, 0.5793588650848125, 0.5780618250785817, 0.5787103450816972, 0.5738464450583317, 0.5738464450583317, 0.5744949650614471, 0.5741707050598894, 0.5696310650380817, 0.5715766250474278, 0.570279585041197, 0.5683340250318508, 0.5683340250318508, 0.5680097650302932, 0.5683340250318508, 0.5647671650147162, 0.5647671650147162, 0.5637943850100431, 0.5637943850100431, 0.56282160500537, 0.5631458650069278, 0.5612003049975816, 0.5566606649757738, 0.55860622498512, 0.5573091849788891, 0.5537423249617546, 0.5527695449570814, 0.5543908449648699, 0.5508239849477352, 0.5504997249461776, 0.5514725049508507, 0.5492026849399467, 0.5495269449415044, 0.5469328649290429, 0.5453115649212544, 0.5433660049119082, 0.541420444902562, 0.5410961849010044, 0.540447664897889, 0.5407719248994467, 0.5381778448869851, 0.5359080248760812, 0.5346109848698505, 0.5326654248605043, 0.5326654248605043, 0.5336382048651773, 0.5278015248371388, 0.5313683848542735, 0.5271530048340234, 0.5278015248371388, 0.5203435448013118, 0.5255317048262349, 0.5226133648122157, 0.5200192847997541, 0.519046504795081, 0.5161281647810617, 0.5167766847841772, 0.515803904779504, 0.5119127847608117, 0.5093187047483502, 0.5076974047405617, 0.5070488847374462, 0.508345924743677, 0.504130544723427, 0.5031577647187538, 0.5005636847062923, 0.5002394247047346, 0.4960240446844846, 0.4944027446766961, 0.4924571846673499, 0.49310570467046533, 0.4911601446611191, 0.48694476464086905, 0.48759328464398444, 0.48532346463308057, 0.4849992046315229, 0.4814323446143882, 0.47883826460192663, 0.47916252460348435, 0.4778654845972536, 0.475271404584792, 0.47202880456921503, 0.46975898455831117, 0.4717045445676573, 0.46975898455831117, 0.4671649045458496, 0.464570824533388, 0.45905840450690716, 0.46327378452715723, 0.45646432449444563, 0.4551672844882148, 0.45419450448354176, 0.4551672844882148, 0.45289746447731094, 0.4480335644539455, 0.44543948444148396, 0.4483578244555032, 0.44446670443681086, 0.4396028044134454, 0.4386300244087723, 0.43733298440254154, 0.43506316439163767, 0.4324690843791761, 0.4298750043667145, 0.428253704358926, 0.4289022243620414, 0.42501110434334904, 0.42403832433867594, 0.4204714643215413, 0.42403832433867594, 0.4169046043044066, 0.4126892242841566, 0.4126892242841566, 0.4110679242763681, 0.40782532426079116, 0.4055555042498873, 0.4039342042420988, 0.4023129042343103, 0.39712474420938715, 0.3968004842078295, 0.39290936418913713, 0.39290936418913713, 0.39096380417979093, 0.3880454641657717, 0.3851271241517524, 0.3828573041408485, 0.38188452413617546, 0.3838300841455216, 0.3757235841065792, 0.3773448841143677, 0.37215672408944456, 0.37118394408477146, 0.366320044061406, 0.366320044061406, 0.366320044061406, 0.36210466404115593, 0.358862064025579, 0.358862064025579, 0.35626798401311743, 0.35334964399909813, 0.3501070439835212, 0.34751296397105963, 0.348161483974175, 0.34329758395080956, 0.3403792439367903, 0.3387579439290018, 0.337460903922771, 0.3325970038994056, 0.32935440388382864, 0.3280573638775978, 0.3270845838729248, 0.32481476386202085, 0.3235177238557901, 0.3167082638230785, 0.3167082638230785, 0.3124928838028284, 0.3124928838028284, 0.30989880379036683, 0.3069804637763476, 0.304386383763886, 0.3021165637529821, 0.2982254437342898, 0.2991982237389629, 0.2956313637218282, 0.29271302370780894, 0.28979468369378963, 0.28914616369067425, 0.28298522366107803, 0.2855793036735396, 0.28103966365173183, 0.2784455836392703, 0.2758515036268087, 0.27325742361434713, 0.2722846436096741, 0.27001482359877016, 0.2651509235754047, 0.26385388356917394, 0.26320536356605856, 0.25736868353802, 0.25736868353802, 0.25445034352400075, 0.2512077435084238, 0.2492621834990776, 0.24861366349596223, 0.2421284634648083, 0.24277698346792367, 0.2418042034632506, 0.23531900343209666, 0.2333734434227505, 0.22948232340405814, 0.2314278834134043, 0.22559120338536578, 0.2226728633713465, 0.22007878335888492, 0.21975452335732723, 0.21910600335421185, 0.21618766334019257, 0.2126208033230579, 0.20775690329969249, 0.20808116330125018, 0.20289300327632703, 0.20192022327165393, 0.1977048432514039, 0.20094744326698086, 0.19219242322492305, 0.19024686321557688, 0.18830130320623067, 0.1876527832031153, 0.18343740318286525, 0.18116758317196135, 0.1795462831641729, 0.1785735031594998, 0.17468238314080745, 0.17111552312367279, 0.1688457031127689, 0.16690014310342272, 0.16398180308940347, 0.1604149430722688, 0.159117903066038, 0.1597664230691534, 0.15619956305201874, 0.1510114030270956, 0.14744454300996093, 0.14906584301774942, 0.1425806429865955, 0.1406350829772493, 0.13966230297257623, 0.13836526296634544, 0.13512266295076847, 0.13058302292896073, 0.13058302292896073, 0.12766468291494146, 0.12280078289157602, 0.12247652289001831, 0.11826114286976827, 0.11663984286197979, 0.11761262286665287, 0.11145168283705664, 0.10658778281369119, 0.10788482281992198, 0.1056150028090181, 0.10172388279032575, 0.10107536278721035, 0.0975085027700757, 0.0965357227654026, 0.09394164275294103, 0.09199608274359486, 0.08680792271867172, 0.08518662271088323, 0.08324106270153706, 0.0793499426828447, 0.0793499426828447, 0.07708012267194082, 0.07772864267505622, 0.0705949226407869, 0.06670380262209454, 0.06767658262676762, 0.06313694260495988, 0.06216416260028679, 0.05762452257847904, 0.05697600257536366, 0.056003222570690556, 0.054381922562902085, 0.04789672253174815, 0.05113932254732512, 0.04562690252084428, 0.044978382517728885, 0.041411522500594225, 0.041411522500594225, 0.03687188247878648, 0.0346020624678826, 0.031359462452305635, 0.029738162444517154, 0.032007982455421025, 0.027792602435170975, 0.024225742418036315, 0.021955922407132438, 0.020334622399343957, 0.015470722375978511, 0.015146462374420815, 0.013849422368190029, 0.012876642363516941, 0.006715702333920709, 0.00574292232924762, 0.003473102318343745, -0.0007422777019063083, -0.0010665377034640047, -0.005930437726829451, -0.0049576577221563615, -0.003984877717483272, -0.011118597751752593, -0.01403693776577186, -0.011767117754867986, -0.01403693776577186, -0.015658237773560343, -0.019225097790695003, -0.02052213779692579, -0.022467697806271968, -0.028952897837425894, -0.02506177781873354, -0.027331597829637413, -0.03057419784521438, -0.03608661787169522, -0.03446531786390673, -0.03543809786857982, -0.03900495788571448, -0.04257181790284914, -0.04549015791686842, -0.04549015791686842, -0.04873275793244537, -0.05067831794179155, -0.05327239795425312, -0.05229961794958003, -0.05424517795892621, -0.05813629797761857, -0.061054637991637836, -0.05943333798384935, -0.05943333798384935, -0.0655942780134456, -0.06786409802434946, -0.06916113803058026, -0.06851261802746486, -0.07175521804304183, -0.073700778052388, -0.07629485806484958, -0.07499781805861878, -0.07499781805861878, -0.08115875808821502, -0.08569839811002276, -0.08634691811313816, -0.08472561810534968, -0.08667117811469585, -0.0915350781380613, -0.09056229813338822, -0.09088655813494591, -0.09348063814740748, -0.09737175816609984, -0.09769601816765754, -0.09704749816454214, -0.10288417819258068, -0.10418121819881146, -0.10547825820504225, -0.10709955821283074, -0.10807233821750382, -0.1093693782237346, -0.1106664182299654, -0.11293623824086926, -0.11196345823619618, -0.11617883825644623, -0.11650309825800392, -0.1190971782704655, -0.11650309825800392, -0.12071847827825398, -0.12201551828448476, -0.12396107829383095, -0.1272036783094079, -0.128176458314081, -0.12947349832031177, -0.13077053832654256, -0.13271609833588874, -0.13401313834211953, -0.13336461833900415, -0.13433739834367722, -0.13822851836236957, -0.1385527783639273, -0.13920129836704268, -0.14147111837794654, -0.14244389838261964, -0.14147111837794654, -0.1450379783950812, -0.14374093838885044, -0.14665927840286969, -0.14860483841221586, -0.1476320584075428, -0.14860483841221586, -0.15022613842000435, -0.1547657784418121, -0.15314447843402362, -0.15282021843246593, -0.15606281844804287, -0.15768411845583136, -0.15573855844648518, -0.15833263845894677, -0.16157523847452374, -0.1628722784807545, -0.16157523847452374, -0.1638450584854276, -0.16157523847452374, -0.1654663584932161, -0.16741191850256226, -0.1654663584932161, -0.17033025851658154, -0.16806043850567765, -0.17454563853683158, -0.1732485985306008, -0.1738971185337162, -0.17486989853838927, -0.17357285853215848, -0.17454563853683158, -0.17486989853838927, -0.17876101855708162, -0.17811249855396624, -0.17713971854929314, -0.17519415853994696, -0.1807065785664278, -0.17973379856175473, -0.18103083856798552, -0.18005805856331242, -0.182652138575774, -0.18427343858356246, -0.18524621858823556, -0.18589473859135094, -0.18362491858044708, -0.18459769858512018, -0.18816455860225484, -0.18427343858356246, -0.182652138575774, -0.18978585861004332, -0.1894615986084856, -0.18524621858823556, -0.18686751859602405, -0.1904343786131587, -0.1894615986084856, -0.1891373386069279, -0.19011011861160101, -0.19237993862250488, -0.1917314186193895, -0.19302845862562026, -0.19367697862873567, -0.19270419862406257, -0.19335271862717798, -0.19367697862873567, -0.1920556786209472, -0.19400123863029337, -0.19400123863029337, -0.19724383864587033, -0.1914071586178318, -0.19529827863652416, -0.19756809864742803, -0.19302845862562026, -0.19497401863496647, -0.19464975863340875, -0.19724383864587033, -0.19756809864742803, -0.19302845862562026, -0.19854087865210113, -0.19594679863963954, -0.19724383864587033, -0.19724383864587033, -0.19659531864275492, -0.19691957864431264, -0.19854087865210113, -0.19594679863963954, -0.19497401863496647, -0.19594679863963954, -0.19594679863963954, -0.19464975863340875, -0.19497401863496647, -0.19724383864587033, -0.19627105864119723, -0.19497401863496647, -0.19367697862873567, -0.19497401863496647, -0.19886513865365882, -0.19302845862562026, -0.19432549863185106, -0.19302845862562026, -0.19432549863185106, -0.19237993862250488, -0.19464975863340875, -0.19400123863029337, -0.19302845862562026, -0.19367697862873567, -0.1920556786209472, -0.1920556786209472, -0.1914071586178318, -0.1917314186193895, -0.19011011861160101, -0.19335271862717798, -0.19335271862717798, -0.19270419862406257, -0.1904343786131587, -0.18978585861004332, -0.18978585861004332, -0.1910828986162741, -0.19011011861160101, -0.19011011861160101, -0.18751603859913943, -0.18621899859290866, -0.18589473859135094, -0.1829763985773317, -0.18524621858823556, -0.18524621858823556, -0.18232787857421628, -0.1813550985695432, -0.18427343858356246, -0.18232787857421628, -0.1807065785664278, -0.1820036185726586, -0.1813550985695432, -0.17908527855863934, -0.17616693854462007, -0.17940953856019703, -0.17713971854929314, -0.1738971185337162, -0.17033025851658154, -0.17486989853838927, -0.17357285853215848, -0.17195155852437, -0.1713030385212546, -0.17033025851658154, -0.17033025851658154, -0.16968173851346613, -0.16579061849477378, -0.16643913849788916, -0.17000599851502382, -0.16611487849633147, -0.16027819846829294, -0.16189949847608143, -0.1651420984916584, -0.15898115846206215, -0.15930541846361984, -0.15800837845738908, -0.15930541846361984, -0.15703559845271597, -0.15314447843402362, -0.15152317842623514, -0.15444151844025442, -0.15217169842935052, -0.15022613842000435, -0.14892909841377355, -0.14860483841221586, -0.14892909841377355, -0.1473077984059851, -0.14049833837327347, -0.14341667838729272, -0.14049833837327347, -0.14147111837794654, -0.13790425836081188, -0.1375799983592542, -0.1366072183545811, -0.1372557383576965, -0.13206757833277336, -0.13531017834835032, -0.1346616583452349, -0.13109479832810025, -0.13012201832342718, -0.1272036783094079, -0.1259066383031771, -0.12460959829694633, -0.12396107829383095, -0.12006995827513858, -0.12136699828136938, -0.12006995827513858, -0.11812439826579241, -0.11455753824865775, -0.11455753824865775, -0.11293623824086926, -0.1096936382252923, -0.1093693782237346, -0.11001789822685, -0.10839659821906152, -0.10450547820036916, -0.10255991819102298, -0.1009386181832345, -0.1012628781847922, -0.0999658381785614, -0.09899305817388832, -0.09510193815519596, -0.09477767815363827, -0.09023803813183051, -0.08926525812715742, -0.09023803813183051, -0.08991377813027282, -0.08569839811002276, -0.08634691811313816, -0.08245579809444581, -0.07986171808198424, -0.07726763806952267, -0.073700778052388, -0.07726763806952267, -0.073700778052388, -0.06916113803058026, -0.07045817803681104, -0.06656705801811869, -0.06786409802434946, -0.06300019800098403, -0.061054637991637836, -0.05813629797761857, -0.05813629797761857, -0.05586647796671469, -0.05229961794958003, -0.05424517795892621, -0.05100257794334925, -0.046462937921541506, -0.04581441791842611, -0.04516589791531071, -0.04484163791375302, -0.040626257893502965, -0.036735137874810614, -0.033168277857675954, -0.034789577865464424, -0.03284401785611825, -0.03057419784521438, -0.0286286378358682, -0.027331597829637413, -0.02408899781406045, -0.019873617793810396, -0.022791957807829662, -0.018900837789137308, -0.01857657778757961, -0.014361197767329557, -0.01403693776577186, -0.00949729774396411, -0.007875997736175628, -0.0049576577221563615, -0.002687837711252487, -0.0033363577143678794, 0.00023050230276678088, 0.0025003223136706556, 0.006715702333920709, 0.007039962335478405, 0.012228122360401548, 0.012228122360401548, 0.014497942371305422, 0.015146462374420815, 0.016767762382209297, 0.021631662405574743, 0.021631662405574743, 0.026171302427382494, 0.025198522422709403, 0.02811686243672867, 0.0339535424647672, 0.03654762247722877, 0.03362928246320951, 0.03752040248190186, 0.041735782502151916, 0.04206004250370962, 0.045302642519286576, 0.04757246253019046, 0.05373340255978669, 0.05373340255978669, 0.052112102551998205, 0.05535470256757517, 0.0611913825956137, 0.06410972260963296, 0.06443398261119067, 0.06540676261586376, 0.0702706626392292, 0.0702706626392292, 0.0702706626392292, 0.07545882266415234, 0.0783771626781716, 0.08356532270309475, 0.0793499426828447, 0.08583514271399863, 0.09037478273580637, 0.09199608274359486, 0.09394164275294103, 0.09621146276384492, 0.0978327627716334, 0.09912980277786418, 0.10139962278876806, 0.10593926281057581, 0.10853334282303738, 0.11145168283705664, 0.11177594283861433, 0.11080316283394125, 0.11696410286353748, 0.12053096288067214, 0.12344930289469142, 0.12280078289157602, 0.12863746291961456, 0.12961024292428763, 0.13188006293519153, 0.13512266295076847, 0.13674396295855695, 0.14128360298036471, 0.13998656297413392, 0.14517472299905707, 0.14387768299282627, 0.14971436302086483, 0.14971436302086483, 0.15425400304267256, 0.15425400304267256, 0.15684808305513415, 0.15846938306292263, 0.16560310309719195, 0.16787292310809582, 0.1681971831096535, 0.1688457031127689, 0.17241256312990355, 0.1782492431579421, 0.1788977631610575, 0.1795462831641729, 0.18473444318909601, 0.18830130320623067, 0.19024686321557688, 0.19186816322336536, 0.19381372323271154, 0.1960835432436154, 0.19835336325451927, 0.20094744326698086, 0.20354152327944242, 0.20808116330125018, 0.20905394330592325, 0.2126208033230579, 0.213593583327731, 0.2152148833355195, 0.21878174335265416, 0.22137582336511571, 0.22137582336511571, 0.22688824339159655, 0.23013084340717352, 0.231752143414962, 0.2330491834211928, 0.23564326343365435, 0.23888586344923132, 0.24018290345546212, 0.24277698346792367, 0.24699236348817374, 0.24861366349596223, 0.25315330351777, 0.25445034352400075, 0.25445034352400075, 0.2593142435473662, 0.26385388356917394, 0.2645024035722893, 0.26288110356450084, 0.27001482359877016, 0.27325742361434713, 0.2722846436096741, 0.2748787236221356, 0.2784455836392703, 0.28395800366575114, 0.28103966365173183, 0.2859035636750973, 0.28849764368755887, 0.29368580371248204, 0.2923887637062512, 0.2953071037202705, 0.29854970373584744, 0.30244082375453984, 0.30081952374675136, 0.3060076837716745, 0.3089260237856937, 0.3131414038059438, 0.3131414038059438, 0.3137899238090592, 0.31768104382775153, 0.31962660383709773, 0.3222206838495593, 0.31995086383865545, 0.3254632838651363, 0.3280573638775978, 0.33454256390875176, 0.3342183039071941, 0.3358396039149826, 0.33810942392588644, 0.34232480394613646, 0.3413520239414634, 0.3462159239648288, 0.34848574397573273, 0.3497827839819635, 0.35334964399909813, 0.35432242400377123, 0.35432242400377123, 0.358862064025579, 0.36275318404427137, 0.36275318404427137, 0.36437448405205985, 0.3698869040785407, 0.37312950409411766, 0.3724809840910022, 0.37475080410190614, 0.37702062411281, 0.38156026413461774, 0.38156026413461774, 0.38156026413461774, 0.3860999041564255, 0.38869398416888706, 0.39031528417667555, 0.3948549241984833, 0.3961519642047141, 0.39809752421406025, 0.39971882422184873, 0.40166438423119494, 0.40425846424365647, 0.4055555042498873, 0.40750106425923344, 0.40879810426546426, 0.4126892242841566, 0.41658034430284896, 0.41560756429817586, 0.4201472043199836, 0.4217685043277721, 0.4224170243308875, 0.4227412843324452, 0.42760518435581063, 0.428253704358926, 0.431496304374503, 0.43376612438540685, 0.43311760438229147, 0.4386300244087723, 0.43992706441500307, 0.43992706441500307, 0.44284540442902237, 0.44446670443681086, 0.4473850444508301, 0.4473850444508301, 0.4516004244710802, 0.45322172447886866, 0.4561400644928879, 0.45419450448354176, 0.4587341445053495, 0.46262526452404185, 0.46327378452715723, 0.4648950845349457, 0.46424656453183033, 0.4665163845427342, 0.46975898455831117, 0.46975898455831117, 0.47235306457077275, 0.4778654845972536, 0.4762441845894651, 0.47818974459881125, 0.4814323446143882, 0.4824051246190613, 0.48629624463775367, 0.4846749446299652, 0.48759328464398444, 0.4882418046470999, 0.4918086646642345, 0.493429964672023, 0.49667256468759996, 0.4953755246813692, 0.49926664470006155, 0.5002394247047346, 0.5018607247125231, 0.5038062847218693, 0.507373144739004, 0.507373144739004, 0.5089944447467925, 0.5070488847374462, 0.5125613047639271, 0.5145068647732732, 0.514831124774831, 0.5138583447701579, 0.5183979847919656, 0.5183979847919656, 0.519046504795081, 0.5229376248137734, 0.5206678048028694, 0.5255317048262349, 0.5245589248215619, 0.5239104048184464, 0.5268287448324658, 0.5320169048573888, 0.5323411648589466, 0.5310441248527158, 0.5349352448714081, 0.5359080248760812, 0.537205064882312, 0.5385021048885428, 0.5397991448947735, 0.5417447049041197, 0.5433660049119082, 0.5423932249072352, 0.5453115649212544, 0.5456358249228122, 0.5459600849243698, 0.547905644933716, 0.5482299049352737, 0.5504997249461776, 0.5530938049586391, 0.5537423249617546, 0.5540665849633122, 0.5556878849711007, 0.5540665849633122, 0.5576334449804469, 0.5612003049975816, 0.5612003049975816, 0.55860622498512, 0.5602275249929085, 0.5621730850022546, 0.5647671650147162, 0.5631458650069278, 0.5673612450271778, 0.56703698502562, 0.5647671650147162, 0.569306805036524, 0.569306805036524, 0.5680097650302932, 0.5686582850334085, 0.5719008850489855, 0.5738464450583317, 0.5744949650614471, 0.5751434850645625, 0.5757920050676779, 0.5761162650692356, 0.5787103450816972, 0.5764405250707932, 0.5780618250785817, 0.5787103450816972, 0.5796831250863702, 0.5800073850879279, 0.5816286850957164, 0.5835742451050626, 0.5816286850957164, 0.5845470251097357, 0.5871411051221973, 0.5826014651003895, 0.5874653651237549, 0.5890866651315434, 0.5881138851268704, 0.5861683251175241, 0.5864925851190819, 0.5881138851268704, 0.5868168451206396, 0.5894109251331011, 0.5907079651393319, 0.591680745144005, 0.5910322251408896, 0.5897351851346588, 0.5923292651471204, 0.5933020451517935, 0.5903837051377743, 0.5929777851502358, 0.5929777851502358, 0.5955718651626973, 0.594923345159582, 0.595896125164255, 0.5939505651549088, 0.5955718651626973, 0.5965446451673705, 0.594923345159582, 0.5945990851580243, 0.5952476051611396, 0.598165945175159, 0.5968689051689281, 0.5968689051689281, 0.5968689051689281, 0.595896125164255, 0.5978416851736013, 0.5978416851736013, 0.595896125164255, 0.598165945175159, 0.599138725179832, 0.5955718651626973, 0.5945990851580243, 0.5965446451673705, 0.6001115051845051, 0.5955718651626973, 0.5968689051689281, 0.594923345159582, 0.5988144651782743, 0.5929777851502358, 0.5975174251720435, 0.599138725179832, 0.5968689051689281, 0.595896125164255, 0.5962203851658128, 0.5968689051689281, 0.5968689051689281, 0.5952476051611396, 0.5936263051533511, 0.5933020451517935, 0.5952476051611396, 0.5933020451517935, 0.5929777851502358, 0.5945990851580243, 0.5929777851502358, 0.5939505651549088, 0.5910322251408896, 0.5923292651471204, 0.5929777851502358, 0.5929777851502358, 0.5910322251408896, 0.5897351851346588, 0.5926535251486781, 0.5894109251331011, 0.5897351851346588, 0.5894109251331011, 0.5871411051221973, 0.5897351851346588, 0.5913564851424473, 0.5881138851268704, 0.5897351851346588, 0.5897351851346588, 0.5858440651159664, 0.5842227651081779, 0.5848712851112934, 0.5858440651159664, 0.5845470251097357, 0.5838985051066203, 0.5803316450894856, 0.5838985051066203, 0.5819529450972741, 0.5790346050832549, 0.5764405250707932, 0.5783860850801394, 0.5790346050832549, 0.5787103450816972, 0.5764405250707932, 0.5764405250707932, 0.573522185056774, 0.573522185056774, 0.5715766250474278, 0.5748192250630048, 0.5715766250474278, 0.5719008850489855, 0.570279585041197, 0.570279585041197, 0.5657399450193893, 0.5680097650302932, 0.56703698502562, 0.56703698502562, 0.5624973450038123, 0.5647671650147162, 0.5599032649913508, 0.5624973450038123, 0.5592547449882354, 0.5576334449804469, 0.5595790049897931, 0.5563364049742161, 0.5560121449726584, 0.5524452849555237, 0.5530938049586391, 0.5514725049508507, 0.5530938049586391, 0.547905644933716, 0.5492026849399467, 0.5469328649290429, 0.5482299049352737, 0.5443387849165814, 0.544663044918139, 0.543690264913466, 0.5397991448947735, 0.5410961849010044, 0.5388263648901005, 0.5381778448869851, 0.5349352448714081, 0.5359080248760812, 0.5313683848542735, 0.5323411648589466, 0.5323411648589466, 0.5278015248371388, 0.5287743048418119, 0.5271530048340234, 0.5268287448324658, 0.5242346648200041, 0.5216405848075426, 0.5196950247981964, 0.5196950247981964, 0.515803904779504, 0.5196950247981964, 0.5125613047639271, 0.5132098247670425, 0.5112642647576963, 0.5086701847452347, 0.5057518447312155, 0.5064003647343308, 0.5054275847296578, 0.5025092447156385, 0.5028335047171962, 0.5038062847218693, 0.5005636847062923, 0.4979696046938307, 0.4953755246813692, 0.4937542246735807, 0.493429964672023, 0.4908358846595614, 0.48953884465333064, 0.4872690246424268, 0.4872690246424268, 0.4824051246190613, 0.47916252460348435, 0.48013530460815745, 0.47981104460659973, 0.4778654845972536, 0.4755956645863497, 0.47397436457856124, 0.47300158457388813, 0.46943472455675345, 0.4668406445442919, 0.464570824533388, 0.4668406445442919, 0.4613282245178111, 0.4597069245100226, 0.46100396451625336, 0.4577613645006764, 0.4525732044757533, 0.45387024448198404, 0.44965486446173397, 0.4509519044679648, 0.4467365244477147, 0.44511522443992624, 0.44187262442434927, 0.4412241044212339, 0.43830576440721464, 0.4376572444040992, 0.43441464438852223, 0.43311760438229147, 0.4305235243698299, 0.4292264843635991, 0.42663240435113753, 0.42663240435113753, 0.4220927643293298, 0.4217685043277721, 0.41755312430752206, 0.4169046043044066, 0.41625608430129124, 0.4123649642825989, 0.410095144271695, 0.40685254425611805, 0.40587976425144495, 0.4039342042420988, 0.4019886442327526, 0.4019886442327526, 0.39712474420938715, 0.39550344420159866, 0.3932336241906948, 0.38999102417511783, 0.38999102417511783, 0.38415434414707933, 0.38415434414707933, 0.38058748412994464, 0.380263224128387, 0.3776691441159254, 0.37702062411281, 0.37312950409411766, 0.3698869040785407, 0.3669685640645214, 0.36437448405205985, 0.36599578405984834, 0.36307744404582903, 0.358862064025579, 0.3549709440068866, 0.35432242400377123, 0.35432242400377123, 0.348161483974175, 0.34491888395859804, 0.3471887039695019, 0.3413520239414634, 0.3400549839352326, 0.3390822039305595, 0.33648812391809796, 0.33292126390096327, 0.32935440388382864, 0.32676032387136705, 0.32481476386202085, 0.3270845838729248, 0.3215721638464439, 0.31703252382463615, 0.31768104382775153, 0.31443844381217456, 0.3137899238090592, 0.30925028378725145, 0.3079532437810207, 0.3047106437654437, 0.3017923037514244, 0.29952248374052054, 0.2982254437342898, 0.29952248374052054, 0.29627988372494357, 0.29206450370469356, 0.286227823676655, 0.28752486368288577, 0.2846065236688665, 0.28330948366263575, 0.2784455836392703, 0.27358168361590485, 0.27423020361902023, 0.2706633436018856, 0.2696905635972125, 0.2651509235754047, 0.2667722235831932, 0.2586657235442508, 0.25704442353646234, 0.25704442353646234, 0.2557473835302315, 0.2521805235130969, 0.2482894034944045, 0.24893792349751992, 0.24537106348038526, 0.2431012434694814, 0.23921012345078901, 0.23661604343832746, 0.23629178343676976, 0.231752143414962, 0.22786102339626965, 0.22591546338692348, 0.224294163379135, 0.224294163379135, 0.21748470334642336, 0.2142421033308464, 0.2155391433370772, 0.20970246330903866, 0.21197228331994253, 0.2054870832887886, 0.2041900432825578, 0.20127170326853855, 0.19835336325451927, 0.19381372323271154, 0.1947865032373846, 0.19251668322648074, 0.18959834321246147, 0.1870042631999999, 0.18343740318286525, 0.18149184317351907, 0.1795462831641729, 0.177276463153269, 0.17500664314236514, 0.17338534313457665, 0.16527884309563423, 0.16722440310498043, 0.16171198307849957, 0.16268476308317267, 0.159117903066038, 0.15846938306292263, 0.15360548303955718, 0.1510114030270956, 0.14971436302086483, 0.14874158301619173, 0.1429049029881532, 0.1422563829850378, 0.1403108229756916, 0.13771674296323005, 0.13447414294765309, 0.12993450292584532, 0.12928598292272994, 0.12798894291649915, 0.1250706029024799, 0.12280078289157602, 0.11923392287444136, 0.11890966287288365, 0.1156670628573067, 0.1143700228510759, 0.10983038282926816, 0.10788482281992198, 0.1062635228121335, 0.10658778281369119, 0.09880554277630649, 0.09815702277319109, 0.09588720276228721, 0.09361738275138334, 0.08940200273113329, 0.08680792271867172, 0.0871321827202294, 0.08421384270621014, 0.07999846268596009, 0.0783771626781716, 0.07610734266726774, 0.07481030266103694, 0.07481030266103694, 0.06573102261742145, 0.06800084262832533, 0.06540676261586376, 0.06313694260495988, 0.05989434258938292, 0.05665174257380595, 0.055678962569132864, 0.05470618256445978, 0.05016654254265203, 0.04724820252863275, 0.048545242534863545, 0.04238430250526731, 0.041735782502151916, 0.038168922485017256, 0.03752040248190186, 0.03654762247722877, 0.031359462452305635, 0.029413902442959456, 0.028765382439844063, 0.027468342433613277, 0.02292870241180553, 0.022280182408690136, 0.01903758239311317, 0.017740542386882385, 0.010282562351055369, 0.011903862358843852, 0.011903862358843852, 0.007039962335478405, 0.006715702333920709, 0.0025003223136706556, 0.002176062312112959, 0.0008790223058821737, -0.003660617715925576, -0.004633397720598665, -0.008200257737733325, -0.010794337750194897, -0.0104700777486372, -0.01306415776109877, -0.014361197767329557, -0.01500971777044495, -0.018900837789137308, -0.02214343780471427, -0.02506177781873354, -0.023764737812502754, -0.026358817824964322, -0.027655857831195108, -0.033168277857675954, -0.03219549785300285, -0.03414105786234904, -0.039329217887272186, -0.04159903789817605, -0.040950517895060656, -0.044193117910637625, -0.04711145792465689, -0.048084237929329976, -0.04743571792621459, -0.05262387795113774, -0.05392091795736852, -0.05683925797138778, -0.05910907798229166, -0.05910907798229166, -0.06137889799319554, -0.06332445800254172, -0.0655942780134456, -0.06656705801811869, -0.06624279801656098, -0.06916113803058026, -0.07110669803992643, -0.07240373804615721, -0.07564633806173418, -0.07629485806484958, -0.07921319807886884, -0.07888893807731115, -0.0834285780991189, -0.08634691811313816, -0.08667117811469585, -0.08796821812092664, -0.08958951812871513, -0.09056229813338822, -0.0915350781380613, -0.09542619815675366, -0.09639897816142674, -0.09964157817700371, -0.10029009818011911, -0.0999658381785614, -0.1012628781847922, -0.10482973820192686, -0.10645103820971534, -0.10807233821750382, -0.10904511822217691, -0.11520605825177314, -0.11034215822840769, -0.11650309825800392, -0.11520605825177314, -0.1187729182689078, -0.11812439826579241, -0.1190971782704655, -0.11812439826579241, -0.12460959829694633, -0.12363681829227324, -0.128176458314081, -0.1259066383031771, -0.13077053832654256, -0.1288249783171964, -0.13271609833588874, -0.13304035833744643, -0.13563443834990802, -0.13531017834835032, -0.1375799983592542, -0.1375799983592542, -0.13887703836548498, -0.13984981837015806, -0.13920129836704268, -0.13920129836704268, -0.1456864983981966, -0.14406519839040813, -0.1473077984059851, -0.1450379783950812, -0.15087465842311976, -0.14828057841065817, -0.15119891842467745, -0.15217169842935052, -0.15573855844648518, -0.15346873843558131, -0.15606281844804287, -0.15606281844804287, -0.15833263845894677, -0.15833263845894677, -0.1628722784807545, -0.16092671847140833, -0.16157523847452374, -0.16319653848231222, -0.16643913849788916, -0.1651420984916584, -0.1651420984916584, -0.16806043850567765, -0.16903321851035075, -0.17000599851502382, -0.17097877851969692, -0.1738971185337162, -0.1726000785274854, -0.17227581852592772, -0.1732485985306008, -0.17486989853838927, -0.1738971185337162, -0.17713971854929314, -0.17454563853683158, -0.17908527855863934, -0.17843675855552393, -0.17649119854617776, -0.17973379856175473, -0.17940953856019703, -0.18524621858823556, -0.18232787857421628, -0.1816793585711009, -0.18103083856798552, -0.18394917858200477, -0.18654325859446635, -0.18589473859135094, -0.18557047858979325, -0.18654325859446635, -0.18816455860225484, -0.18654325859446635, -0.18978585861004332, -0.1894615986084856, -0.1891373386069279, -0.1910828986162741, -0.18816455860225484, -0.1904343786131587, -0.1914071586178318, -0.1914071586178318, -0.19400123863029337, -0.1914071586178318, -0.19270419862406257, -0.1891373386069279, -0.19464975863340875, -0.19367697862873567, -0.19464975863340875, -0.1914071586178318, -0.19594679863963954, -0.19497401863496647, -0.19562253863808185, -0.19529827863652416, -0.19367697862873567, -0.19432549863185106, -0.19659531864275492, -0.19594679863963954, -0.19691957864431264, -0.19691957864431264, -0.19529827863652416, -0.19627105864119723, -0.19659531864275492, -0.19854087865210113, -0.19497401863496647, -0.19659531864275492, -0.19400123863029337, -0.19529827863652416, -0.19464975863340875, -0.19886513865365882, -0.19659531864275492, -0.19497401863496647, -0.19691957864431264, -0.19464975863340875, -0.19529827863652416, -0.19691957864431264, -0.19497401863496647, -0.19529827863652416, -0.19400123863029337, -0.19756809864742803, -0.19691957864431264, -0.19497401863496647, -0.19529827863652416, -0.19659531864275492, -0.19627105864119723, -0.19400123863029337, -0.19562253863808185, -0.19497401863496647, -0.19302845862562026, -0.19400123863029337, -0.1914071586178318, -0.19464975863340875, -0.19367697862873567, -0.1917314186193895, -0.19335271862717798, -0.18881307860537022, -0.1914071586178318, -0.19237993862250488, -0.19270419862406257, -0.1891373386069279, -0.18784029860069712, -0.1904343786131587, -0.18459769858512018, -0.18394917858200477, -0.18719177859758174, -0.18621899859290866, -0.18524621858823556, -0.182652138575774, -0.18394917858200477, -0.18427343858356246, -0.18362491858044708, -0.1829763985773317, -0.18103083856798552, -0.1816793585711009, -0.18103083856798552, -0.17940953856019703, -0.1803823185648701, -0.17973379856175473, -0.17811249855396624, -0.17519415853994696, -0.17454563853683158, -0.17551841854150468, -0.17486989853838927, -0.17454563853683158, -0.17357285853215848, -0.17357285853215848, -0.1716272985228123, -0.17097877851969692, -0.17000599851502382, -0.16903321851035075, -0.16643913849788916, -0.16741191850256226, -0.16579061849477378, -0.16643913849788916, -0.1628722784807545, -0.16027819846829294, -0.16157523847452374, -0.15962967846517756, -0.16060245846985063, -0.15346873843558131, -0.15606281844804287, -0.1547657784418121, -0.153792998437139, -0.15087465842311976, -0.15055039842156204, -0.14990187841844665, -0.15022613842000435, -0.1473077984059851, -0.14860483841221586, -0.14406519839040813, -0.1450379783950812, -0.14049833837327347, -0.14017407837171575, -0.14114685837638885, -0.13920129836704268, -0.14017407837171575, -0.1366072183545811, -0.13498591834679263, -0.13498591834679263, -0.13304035833744643, -0.13077053832654256, -0.13239183833433105, -0.13141905832965797, -0.128176458314081, -0.1272036783094079, -0.12493385829850404, -0.12331255829071555, -0.12266403828760016, -0.12298829828915786, -0.1190971782704655, -0.11553031825333084, -0.11455753824865775, -0.11293623824086926, -0.11131493823308078, -0.11326049824242697, -0.11196345823619618, -0.10774807821594612, -0.1093693782237346, -0.10807233821750382, -0.10158713818634989, -0.10320843819413837, -0.10191139818790759, -0.09931731817544602, -0.09866879817233062, -0.09834453817077293, -0.09510193815519596, -0.09283211814429208, -0.0915350781380613, -0.08796821812092664, -0.08634691811313816, -0.08699543811625356, -0.08440135810379198, -0.08051023808509962, -0.07791615807263805, -0.07953745808042653, -0.07597059806329187, -0.07207947804459952, -0.0733765180508303, -0.07045817803681104, -0.06818835802590716, -0.06786409802434946, -0.06527001801188789, -0.0642972380072148, -0.06235167799786863, -0.06137889799319554, -0.05781203797606087, -0.054893697962041604, -0.05456943796048391, -0.05229961794958003, -0.0467871979230992, -0.0467871979230992, -0.0467871979230992, -0.04516589791531071, -0.042896077904406846, -0.043868857909079934, -0.03997773789038757, -0.037059397876368305, -0.03024993784365668, -0.03446531786390673, -0.03024993784365668, -0.029277157838983593, -0.022791957807829662, -0.026034557823406627, -0.021494917801598876, -0.02052213779692579, -0.015658237773560343, -0.01663101777823343, -0.014685457768887253, -0.013388417762656467, -0.009821557745521807, -0.007875997736175628, -0.00690321773150254, -0.0049576577221563615, 0.00023050230276678088, 0.00120328230743987, 0.0025003223136706556, 0.007039962335478405, 0.008985522344824583, 0.012228122360401548, 0.012876642363516941, 0.013525162366632332, 0.0164435023806516, 0.017740542386882385, 0.021631662405574743, 0.02260444241024783, 0.02455000241959401, 0.02811686243672867, 0.029738162444517154, 0.03103520245074794, 0.03362928246320951, 0.03719614248034417, 0.03719614248034417, 0.04043874249592114, 0.042708562506825004, 0.04562690252084428, 0.04919376253797894, 0.05113932254732512, 0.052436362553555896, 0.05470618256445978, 0.055678962569132864, 0.06086712259405601, 0.059570082587825215, 0.06508250261430605, 0.06378546260807527, 0.06929788263455611, 0.06864936263144071, 0.07740438267349851, 0.07545882266415234, 0.0783771626781716, 0.07999846268596009, 0.08097124269063317, 0.08518662271088323, 0.0877807027233448, 0.09232034274515255, 0.09296886274826795, 0.09394164275294103, 0.0975085027700757, 0.10075110278565266, 0.09977832278097958, 0.10658778281369119, 0.10593926281057581, 0.11080316283394125, 0.11307298284484513, 0.11404576284951821, 0.1150185428541913, 0.12215226288846062, 0.12150374288534523, 0.1240978228978068, 0.1247463429009222, 0.1315558029336338, 0.13479840294921078, 0.13447414294765309, 0.13577118295388388, 0.13771674296323005, 0.14128360298036471, 0.144201942994384, 0.14614750300373017, 0.14614750300373017, 0.1510114030270956, 0.15587530305046104, 0.1581451230613649, 0.1594421630675957, 0.16009068307071112, 0.16300902308473036, 0.16495458309407654, 0.1688457031127689, 0.17046700312055738, 0.17468238314080745, 0.17500664314236514, 0.1782492431579421, 0.18084332317040366, 0.18668000319844222, 0.18668000319844222, 0.18830130320623067, 0.19284094322803844, 0.19413798323426923, 0.1951107632389423, 0.19835336325451927, 0.20224448327321162, 0.20581134329034628, 0.2064598632934617, 0.20710838329657708, 0.21132376331682715, 0.21975452335732723, 0.21878174335265416, 0.21845748335109647, 0.22040304336044264, 0.2239699033775773, 0.22948232340405814, 0.22786102339626965, 0.23077936341028893, 0.2343462234274236, 0.23791308344455825, 0.23888586344923132, 0.2414799434616929, 0.24407402347415447, 0.24731662348973144, 0.24699236348817374, 0.249910703502193, 0.25412608352244304, 0.2589899835458085, 0.2599627635504816, 0.25963850354892387, 0.2602870235520393, 0.26579944357852014, 0.2696905635972125, 0.271311863605001, 0.27455446362057795, 0.2771485436330395, 0.2794183636439434, 0.28103966365173183, 0.28298522366107803, 0.2842822636673088, 0.28752486368288577, 0.2923887637062512, 0.29368580371248204, 0.29627988372494357, 0.2966041437265013, 0.29952248374052054, 0.30049526374519364, 0.30665620377478986, 0.30568342377011676, 0.3105473237934822, 0.3105473237934822, 0.31832956383086697, 0.31541122381684766, 0.3212479038448862, 0.3212479038448862, 0.32676032387136705, 0.3235177238557901, 0.32935440388382864, 0.3296786638853863, 0.33616386391654024, 0.33648812391809796, 0.3397307239336749, 0.3420005439445788, 0.34589166396327115, 0.34589166396327115, 0.3504313039850789, 0.35205260399286736, 0.35367390400065585, 0.3565922440146751, 0.36048336403336745, 0.36048336403336745, 0.36405022405050214, 0.36437448405205985, 0.3653472640567329, 0.3672928240660791, 0.37085968408321374, 0.3757235841065792, 0.3741022840987907, 0.37799340411748306, 0.37961470412527154, 0.38350582414396395, 0.38253304413929085, 0.3870726841610986, 0.38999102417511783, 0.3932336241906948, 0.39193658418446403, 0.3935578841922525, 0.39842178421561797, 0.4010158642280795, 0.40166438423119494, 0.4032856842389834, 0.40685254425611805, 0.40750106425923344, 0.4113921842779258, 0.410095144271695, 0.4159318242997336, 0.4188501643137528, 0.4169046043044066, 0.4214442443262144, 0.4220927643293298, 0.42792944435736835, 0.4256596243464644, 0.42695666435269525, 0.43279334438073375, 0.43473890439007995, 0.43409038438696457, 0.4360359443963107, 0.4392785444118877, 0.4447909644383685, 0.44608800444459934, 0.4457637444430416, 0.4473850444508301, 0.4490063444586186, 0.4506276444664071, 0.4493306044601763, 0.45646432449444563, 0.457112844497561, 0.4597069245100226, 0.45905840450690716, 0.46165248451936874, 0.4648950845349457, 0.4671649045458496, 0.4681376845505227, 0.46781342454896496, 0.47202880456921503, 0.47397436457856124, 0.4749471445832343, 0.4749471445832343, 0.48013530460815745, 0.48175660461594594, 0.48110808461283056, 0.4840264246268498, 0.48759328464398444, 0.48759328464398444, 0.4911601446611191, 0.48889032465021526, 0.4911601446611191, 0.49569978468292686, 0.4944027446766961, 0.4995909047016192, 0.5005636847062923, 0.50088794470785, 0.5031577647187538, 0.504130544723427, 0.5067246247358885, 0.5086701847452347, 0.5119127847608117, 0.5109400047561387, 0.5109400047561387, 0.515803904779504, 0.5145068647732732, 0.515803904779504, 0.5180737247904079, 0.5226133648122157, 0.5209920648044272, 0.5242346648200041, 0.5252074448246773, 0.5235861448168888, 0.5261802248293503, 0.5268287448324658, 0.5281257848386965, 0.5336382048651773, 0.5326654248605043, 0.5352595048729658, 0.5336382048651773, 0.5375293248838697, 0.5397991448947735, 0.5397991448947735, 0.540447664897889, 0.5420689649056775, 0.5443387849165814, 0.5443387849165814, 0.5469328649290429, 0.5488784249383891, 0.5488784249383891, 0.5472571249306006, 0.5530938049586391, 0.5521210249539661, 0.5540665849633122, 0.5540665849633122, 0.5563364049742161, 0.5553636249695431, 0.55860622498512, 0.5576334449804469, 0.55860622498512, 0.5621730850022546, 0.5608760449960238, 0.5589304849866776, 0.5631458650069278, 0.5663884650225047, 0.56703698502562, 0.5647671650147162, 0.56703698502562, 0.569306805036524, 0.5715766250474278, 0.5680097650302932, 0.5689825450349663, 0.5719008850489855, 0.5770890450739087, 0.5744949650614471, 0.5719008850489855, 0.5757920050676779, 0.577737565077024, 0.576764785072351, 0.5764405250707932, 0.5800073850879279, 0.5845470251097357, 0.5790346050832549, 0.577737565077024, 0.5783860850801394, 0.5864925851190819, 0.5835742451050626, 0.5813044250941587, 0.5826014651003895, 0.5874653651237549, 0.5868168451206396, 0.5845470251097357, 0.5871411051221973, 0.5858440651159664, 0.5900594451362166, 0.5861683251175241, 0.5897351851346588, 0.5903837051377743, 0.5910322251408896, 0.5881138851268704, 0.591680745144005, 0.5913564851424473, 0.5929777851502358, 0.5936263051533511, 0.5907079651393319, 0.5933020451517935, 0.5933020451517935, 0.5945990851580243, 0.5952476051611396, 0.5942748251564666, 0.595896125164255, 0.5968689051689281, 0.594923345159582, 0.5945990851580243, 0.595896125164255, 0.5955718651626973, 0.595896125164255, 0.5978416851736013, 0.595896125164255, 0.5968689051689281, 0.5952476051611396, 0.594923345159582, 0.5988144651782743, 0.6001115051845051, 0.5965446451673705, 0.5968689051689281, 0.5988144651782743, 0.598165945175159, 0.5978416851736013, 0.599138725179832, 0.5994629851813897, 0.5968689051689281, 0.5962203851658128, 0.5962203851658128, 0.598165945175159, 0.598165945175159, 0.5968689051689281, 0.5968689051689281, 0.598165945175159, 0.595896125164255, 0.5952476051611396, 0.5965446451673705, 0.5952476051611396, 0.595896125164255, 0.5988144651782743, 0.5962203851658128, 0.5968689051689281, 0.5955718651626973, 0.5955718651626973, 0.5942748251564666, 0.5929777851502358, 0.5933020451517935, 0.5952476051611396, 0.5907079651393319, 0.5910322251408896, 0.5926535251486781, 0.5910322251408896, 0.5897351851346588, 0.5910322251408896, 0.5910322251408896, 0.5884381451284281, 0.5894109251331011, 0.5881138851268704, 0.591680745144005, 0.5894109251331011, 0.5871411051221973, 0.5894109251331011, 0.5897351851346588, 0.5874653651237549, 0.5851955451128511, 0.5855198051144088, 0.5838985051066203, 0.5829257251019472, 0.5838985051066203, 0.5838985051066203, 0.5826014651003895, 0.5796831250863702, 0.5774133050754664, 0.5793588650848125, 0.5783860850801394, 0.5790346050832549, 0.5754677450661202, 0.5741707050598894, 0.5744949650614471, 0.5738464450583317, 0.5731979250552163, 0.569306805036524, 0.5709281050443125, 0.5696310650380817, 0.5683340250318508, 0.5683340250318508, 0.5683340250318508, 0.5680097650302932, 0.5657399450193893, 0.5644429050131585, 0.5647671650147162, 0.5657399450193893, 0.5608760449960238, 0.5612003049975816, 0.5595790049897931, 0.5608760449960238, 0.5589304849866776, 0.5576334449804469, 0.5540665849633122, 0.5566606649757738, 0.5517967649524084, 0.5514725049508507, 0.5534180649601969, 0.5527695449570814, 0.5492026849399467, 0.5482299049352737, 0.547905644933716, 0.5466086049274852, 0.5466086049274852, 0.5427174849087929, 0.5385021048885428, 0.5410961849010044, 0.5381778448869851, 0.5381778448869851, 0.5333139448636196, 0.5359080248760812, 0.5359080248760812, 0.5313683848542735, 0.529747084846485, 0.5307198648511581, 0.5310441248527158, 0.5265044848309081, 0.5239104048184464, 0.5219648448091003, 0.5252074448246773, 0.5203435448013118, 0.5196950247981964, 0.5196950247981964, 0.5177494647888502, 0.5180737247904079, 0.5135340847686002, 0.5112642647576963, 0.5122370447623694, 0.5089944447467925, 0.5076974047405617, 0.5054275847296578, 0.5044548047249847, 0.5018607247125231, 0.5025092447156385, 0.4989423846985038, 0.49667256468759996, 0.4960240446844846, 0.49569978468292686, 0.493429964672023, 0.49310570467046533, 0.4882418046470999, 0.4849992046315229, 0.4843506846284075, 0.4840264246268498, 0.4804595646097151, 0.48078382461127284, 0.47818974459881125, 0.4749471445832343, 0.47754122459569587, 0.4717045445676573, 0.4742986245801189, 0.4665163845427342, 0.46975898455831117, 0.4661921245411765, 0.46327378452715723, 0.4639223045302726, 0.4613282245178111, 0.45646432449444563, 0.4587341445053495, 0.4551672844882148, 0.45289746447731094, 0.45030338446484935, 0.45030338446484935, 0.44608800444459934, 0.4447909644383685, 0.442196884425907, 0.44511522443992624, 0.43733298440254154, 0.43409038438696457, 0.43473890439007995, 0.4318205643760607, 0.431496304374503, 0.4305235243698299, 0.42533536434490676, 0.42338980433556056, 0.4256596243464644, 0.4227412843324452, 0.4136620042888297, 0.4152833042966182, 0.4149590442950605, 0.4113921842779258, 0.40750106425923344, 0.40782532426079116, 0.40425846424365647, 0.4055555042498873, 0.3968004842078295, 0.3977732642125026, 0.3968004842078295, 0.3938821441938102, 0.3922608441860217, 0.38869398416888706, 0.38869398416888706, 0.3873969441626563, 0.3860999041564255, 0.380263224128387, 0.38156026413461774, 0.380263224128387, 0.3766963641112523, 0.37215672408944456, 0.37085968408321374, 0.36956264407698297, 0.36599578405984834, 0.36340170404738675, 0.36145614403804055, 0.36178040403959827, 0.3565922440146751, 0.35432242400377123, 0.35302538399754047, 0.3507555639866366, 0.3504313039850789, 0.34491888395859804, 0.3416762839430211, 0.3420005439445788, 0.3400549839352326, 0.33616386391654024, 0.33454256390875176, 0.3306514438900594, 0.3306514438900594, 0.32578754386669395, 0.3222206838495593, 0.3202751238402131, 0.3222206838495593, 0.3147627038137323, 0.3137899238090592, 0.3115201037981553, 0.31119584379659765, 0.30568342377011676, 0.3063319437732322, 0.3034136037592129, 0.30049526374519364, 0.2982254437342898, 0.2956313637218282, 0.29206450370469356, 0.2923887637062512, 0.28752486368288577, 0.2846065236688665, 0.28071540365017417, 0.28071540365017417, 0.2790941036423857, 0.2748787236221356, 0.27325742361434713, 0.27098760360344326, 0.2696905635972125, 0.2667722235831932, 0.26417814357073166, 0.26288110356450084, 0.2593142435473662, 0.2557473835302315, 0.25315330351777, 0.25282904351621227, 0.2495864435006353, 0.2505592235053084, 0.24569532348194295, 0.24018290345546212, 0.2418042034632506, 0.2395343834523467, 0.23467048342898128, 0.23077936341028893, 0.2304551034087312, 0.22494268338225037, 0.22591546338692348, 0.22105156336355802, 0.21878174335265416, 0.2152148833355195, 0.2126208033230579, 0.20905394330592325, 0.21132376331682715, 0.20743264329813477, 0.2048385632856732, 0.19835336325451927, 0.1973805832498462, 0.19705632324828848, 0.19284094322803844, 0.19186816322336536, 0.19024686321557688, 0.18538296319221143, 0.18376166318442294, 0.1782492431579421, 0.1782492431579421, 0.17597942314703824, 0.17338534313457665, 0.17241256312990355, 0.1707912631221151, 0.16430606309096116, 0.1620362430800573, 0.1597664230691534, 0.1594421630675957, 0.15684808305513415, 0.15425400304267256, 0.1532812230379995, 0.1510114030270956, 0.14517472299905707, 0.14582324300217245, 0.13868952296790313, 0.1403108229756916, 0.13901378296946085, 0.13447414294765309, 0.1331771029414223, 0.13090728293051843, 0.12863746291961456, 0.1253948629040376, 0.12117948288378753, 0.11826114286976827, 0.1156670628573067, 0.115342802855749, 0.11307298284484513, 0.11015464283082585, 0.10950612282771047, 0.10269666279499884, 0.10204814279188344, 0.10010258278253727, 0.09880554277630649, 0.09199608274359486, 0.09296886274826795, 0.09005052273424868, 0.08940200273113329, 0.08615940271555632, 0.08064698268907548, 0.0796742026844024, 0.07740438267349851, 0.07610734266726774, 0.07351326265480616, 0.06929788263455611, 0.06864936263144071, 0.06767658262676762, 0.06313694260495988, 0.06216416260028679, 0.05989434258938292, 0.057948782580036745, 0.05470618256445978, 0.05373340255978669, 0.05016654254265203, 0.048869502536421236, 0.04595116252240197, 0.0440056025130558, 0.042708562506825004, 0.03525058247099799, 0.038168922485017256, 0.0346020624678826, 0.03362928246320951, 0.03330502246165182, 0.02811686243672867, 0.022280182408690136, 0.023577222414920922, 0.020334622399343957, 0.01936184239467087, 0.015470722375978511, 0.013200902365074638, 0.012876642363516941, 0.013200902365074638, 0.00574292232924762, 0.00574292232924762, 0.006391442332363013, -9.375769879091552e-05, -9.375769879091552e-05, -0.0023635777096947903, -0.005930437726829451, -0.007551737734617933, -0.008200257737733325, -0.011767117754867986, -0.012739897759541076, -0.01403693776577186, -0.015658237773560343, -0.02052213779692579, -0.02214343780471427, -0.023764737812502754, -0.023764737812502754, -0.027980117832752806, -0.027331597829637413, -0.03187123785144516, -0.03414105786234904, -0.03511383786702213, -0.03803217788104139, -0.04159903789817605, -0.04159903789817605, -0.04516589791531071, -0.04549015791686842, -0.04970553793711846, -0.04840849793088768, -0.05035405794023386, -0.05229961794958003, -0.05586647796671469, -0.057487777974503176, -0.060730377990080145, -0.05943333798384935, -0.06267593799942632, -0.0646214980087725, -0.06591853801500329, -0.06916113803058026, -0.06786409802434946, -0.07143095804148412, -0.07175521804304183, -0.07305225804927261, -0.07759189807108036, -0.07986171808198424, -0.0827800580960035, -0.08180727809133041, -0.08440135810379198, -0.08699543811625356, -0.08991377813027282, -0.09121081813650361, -0.0915350781380613, -0.09283211814429208, -0.09737175816609984, -0.09672323816298445, -0.09834453817077293, -0.0999658381785614, -0.1012628781847922, -0.10385695819725377, -0.10385695819725377, -0.10807233821750382, -0.10709955821283074, -0.10904511822217691, -0.10839659821906152, -0.11423327824710006, -0.11520605825177314, -0.11682735825956163, -0.11650309825800392, -0.12006995827513858, -0.12006995827513858, -0.12396107829383095, -0.12396107829383095, -0.12363681829227324, -0.1272036783094079, -0.1272036783094079, -0.1272036783094079, -0.12947349832031177, -0.13271609833588874, -0.13433739834367722, -0.13368887834056184, -0.13433739834367722, -0.13984981837015806, -0.13790425836081188, -0.14049833837327347, -0.14017407837171575, -0.14374093838885044, -0.14276815838417733, -0.1460107583997543, -0.1450379783950812, -0.14860483841221586, -0.14957761841688896, -0.14860483841221586, -0.15217169842935052, -0.14925335841533127, -0.15152317842623514, -0.153792998437139, -0.1547657784418121, -0.1541172584386967, -0.15833263845894677, -0.15865689846050446, -0.15833263845894677, -0.16092671847140833, -0.1638450584854276, -0.1628722784807545, -0.1625480184791968, -0.16773617850411995, -0.1651420984916584, -0.16870895850879306, -0.1654663584932161, -0.16903321851035075, -0.16806043850567765, -0.1726000785274854, -0.1738971185337162, -0.17551841854150468, -0.1713030385212546, -0.17551841854150468, -0.17616693854462007, -0.17454563853683158, -0.17486989853838927, -0.17843675855552393, -0.17746397855085086, -0.17876101855708162, -0.1803823185648701, -0.1816793585711009, -0.1820036185726586, -0.18103083856798552, -0.18232787857421628, -0.18524621858823556, -0.1829763985773317, -0.18427343858356246, -0.18427343858356246, -0.18654325859446635, -0.18589473859135094, -0.18654325859446635, -0.18848881860381253, -0.1894615986084856, -0.18621899859290866, -0.18816455860225484, -0.1914071586178318, -0.18978585861004332, -0.1891373386069279, -0.1904343786131587, -0.1914071586178318, -0.1910828986162741, -0.1920556786209472, -0.1914071586178318, -0.19529827863652416, -0.1914071586178318, -0.1917314186193895, -0.19237993862250488, -0.19529827863652416, -0.19627105864119723, -0.1914071586178318, -0.19497401863496647, -0.1917314186193895, -0.19594679863963954, -0.19659531864275492, -0.19497401863496647, -0.19724383864587033, -0.19562253863808185, -0.19724383864587033, -0.19497401863496647, -0.19627105864119723, -0.19659531864275492, -0.19756809864742803, -0.19529827863652416, -0.19659531864275492, -0.19529827863652416, -0.19627105864119723, -0.19497401863496647, -0.19594679863963954, -0.19756809864742803, -0.19854087865210113, -0.19367697862873567, -0.19367697862873567, -0.19724383864587033, -0.19627105864119723, -0.19594679863963954, -0.19464975863340875, -0.19854087865210113, -0.19464975863340875, -0.19400123863029337, -0.19594679863963954, -0.19529827863652416, -0.19756809864742803, -0.19367697862873567, -0.19497401863496647, -0.19400123863029337, -0.19659531864275492, -0.19659531864275492, -0.1910828986162741, -0.19400123863029337, -0.19335271862717798, -0.19497401863496647, -0.18881307860537022, -0.19400123863029337, -0.19011011861160101, -0.18978585861004332, -0.1917314186193895, -0.1891373386069279, -0.18816455860225484, -0.18881307860537022, -0.18784029860069712, -0.18784029860069712, -0.18751603859913943, -0.18978585861004332, -0.18427343858356246, -0.18784029860069712, -0.18654325859446635, -0.18524621858823556, -0.18330065857888939, -0.1820036185726586, -0.18459769858512018, -0.1813550985695432, -0.1807065785664278, -0.1807065785664278, -0.17973379856175473, -0.17940953856019703, -0.17843675855552393, -0.17713971854929314, -0.17908527855863934, -0.17811249855396624, -0.17454563853683158, -0.17486989853838927, -0.17454563853683158, -0.1726000785274854, -0.17227581852592772, -0.1713030385212546, -0.1713030385212546, -0.16903321851035075, -0.16870895850879306, -0.16676339849944688, -0.16741191850256226, -0.16449357848854299, -0.16643913849788916, -0.16741191850256226, -0.16449357848854299, -0.16092671847140833, -0.1625480184791968, -0.16092671847140833, -0.16060245846985063, -0.15768411845583136, -0.153792998437139, -0.1554142984449275, -0.15217169842935052, -0.15314447843402362, -0.15119891842467745, -0.15119891842467745, -0.15022613842000435, -0.14892909841377355, -0.1473077984059851, -0.14309241838573503, -0.1460107583997543, -0.1473077984059851, -0.14179537837950423, -0.1372557383576965, -0.13920129836704268, -0.1375799983592542, -0.1366072183545811, -0.13433739834367722, -0.13368887834056184, -0.13401313834211953, -0.13206757833277336, -0.1297977583218695, -0.12947349832031177, -0.1272036783094079, -0.1275279383109656, -0.12396107829383095, -0.12266403828760016, -0.12039421827669629, -0.12136699828136938, -0.1184486582673501, -0.11617883825644623, -0.11520605825177314, -0.11390901824554235, -0.11228771823775387, -0.11034215822840769, -0.11163919823463848, -0.10904511822217691, -0.10709955821283074, -0.10482973820192686, -0.10482973820192686, -0.10353269819569608, -0.09964157817700371, -0.09866879817233062, -0.09575045815831136, -0.09704749816454214, -0.09250785814273439, -0.09380489814896517, -0.08796821812092664, -0.08894099812559973, -0.08764395811936895, -0.08602265811158047, -0.0834285780991189, -0.0834285780991189, -0.08083449808665732, -0.07661911806640727, -0.07499781805861878, -0.07629485806484958, -0.0733765180508303, -0.06883687802902255, -0.06883687802902255, -0.06656705801811869, -0.06527001801188789, -0.06170315799475323, -0.05975759798540706, -0.06040611798852244, -0.05813629797761857, -0.05586647796671469, -0.05100257794334925, -0.05262387795113774, -0.05100257794334925, -0.04743571792621459, -0.0461386779199838, -0.04549015791686842, -0.04516589791531071, -0.03803217788104139, -0.037383657877925996, -0.03608661787169522, -0.036735137874810614, -0.03284401785611825, -0.03057419784521438, -0.027331597829637413, -0.0286286378358682, -0.023764737812502754, -0.02052213779692579, -0.02117065780004118, -0.017603797782906522, -0.015658237773560343, -0.011767117754867986, -0.01144285775331029, -0.008200257737733325, -0.00690321773150254, -0.0033363577143678794, -0.0056061777252717545, -0.0013907977050217012, 0.002176062312112959, 0.0031488423167860486, 0.004445882323016834, 0.010282562351055369, 0.012228122360401548, 0.012876642363516941, 0.013525162366632332, 0.01579498237753621, 0.020334622399343957, 0.02098314240245935, 0.02260444241024783, 0.026171302427382494, 0.026171302427382494, 0.028765382439844063, 0.031359462452305635, 0.034277802466324905, 0.038168922485017256, 0.03752040248190186, 0.039141702489690344, 0.0433570825099404, 0.044978382517728885, 0.04659968252551737, 0.05016654254265203, 0.052112102551998205, 0.0527606225551136, 0.05697600257536366, 0.06086712259405601, 0.06216416260028679, 0.06410972260963296, 0.06897362263299842, 0.06864936263144071, 0.0702706626392292, 0.07318900265324847, 0.07610734266726774, 0.0783771626781716, 0.08226828269686397, 0.08129550269219088, 0.08680792271867172, 0.0884292227264602, 0.0890777427295756, 0.09264460274671026, 0.09523868275917183, 0.09912980277786418, 0.09912980277786418, 0.10237240279344115, 0.10464222280434501, 0.10788482281992198, 0.10820908282147967, 0.11307298284484513, 0.11307298284484513, 0.12117948288378753, 0.11858540287132596, 0.12117948288378753, 0.12312504289313371, 0.12993450292584532, 0.12928598292272994, 0.13123154293207612, 0.13090728293051843, 0.13674396295855695, 0.13771674296323005, 0.13966230297257623, 0.14485046299749937, 0.14744454300996093, 0.14809306301307634, 0.1493901030193071, 0.15360548303955718, 0.15879364306448032, 0.15846938306292263, 0.1594421630675957, 0.1604149430722688, 0.16722440310498043, 0.169818483117442, 0.1707912631221151, 0.17338534313457665, 0.1769522031517113, 0.1785735031594998, 0.18084332317040366, 0.18149184317351907, 0.18505870319065373, 0.19154390322180764, 0.19057112321713457, 0.19121964322024995, 0.19413798323426923, 0.20321726327788472, 0.20321726327788472, 0.20094744326698086, 0.206135603291904, 0.20937820330748094, 0.21164802331838484, 0.21326932332617332, 0.21618766334019257, 0.21878174335265416, 0.22105156336355802, 0.2233213833744619, 0.22559120338536578, 0.2304551034087312, 0.2314278834134043, 0.2330491834211928, 0.23629178343676976, 0.23921012345078901, 0.24018290345546212, 0.24374976347259678, 0.24634384348505833, 0.2492621834990776, 0.2502349635037507, 0.25315330351777, 0.2576929435395777, 0.2593142435473662, 0.25963850354892387, 0.26125980355671236, 0.26385388356917394, 0.2696905635972125, 0.271311863605001, 0.2739059436174625, 0.2777970636361549, 0.2794183636439434, 0.28201244365640493, 0.28330948366263575, 0.28752486368288577, 0.2881733836860012, 0.28979468369378963, 0.2923887637062512, 0.2940100637140397, 0.2972526637296167, 0.30081952374675136, 0.3021165637529821, 0.3053591637685591, 0.3047106437654437, 0.31119584379659765, 0.31022306379192455, 0.31541122381684766, 0.31703252382463615, 0.31865382383242463, 0.3212479038448862, 0.32481476386202085, 0.32676032387136705, 0.3290301438822709, 0.3312999638931748, 0.3342183039071941, 0.3358396039149826, 0.3387579439290018, 0.34329758395080956, 0.3403792439367903, 0.3445946239570403, 0.34848574397573273, 0.3488100039772904, 0.35399816400221357, 0.35432242400377123, 0.3582135440224636, 0.3565922440146751, 0.36275318404427137, 0.36307744404582903, 0.3682656040707522, 0.3666443040629637, 0.3705354240816561, 0.3689141240738676, 0.3734537640956753, 0.380263224128387, 0.3792904441237139, 0.38156026413461774, 0.38415434414707933, 0.38772120416421396, 0.38772120416421396, 0.3916123241829063, 0.3938821441938102, 0.3977732642125026, 0.395179184200041, 0.39874604421717563, 0.4036099442405411, 0.4039342042420988, 0.4039342042420988, 0.4065282842545604, 0.4113921842779258, 0.4152833042966182, 0.41625608430129124, 0.41755312430752206, 0.4185259043121951, 0.42403832433867594, 0.4204714643215413, 0.42533536434490676, 0.42760518435581063, 0.4324690843791761, 0.4305235243698299, 0.43311760438229147, 0.43538742439319533, 0.4379815044056569, 0.43895428441033, 0.43992706441500307, 0.44316966443058003, 0.4447909644383685, 0.44511522443992624, 0.44868208445706087, 0.4490063444586186, 0.45419450448354176, 0.45192468447263784, 0.45646432449444563, 0.4623010045224841, 0.46100396451625336, 0.4623010045224841, 0.464570824533388, 0.4658678645396188, 0.4681376845505227, 0.47105602456454193, 0.4717045445676573, 0.47235306457077275, 0.4755956645863497, 0.47656844459102277, 0.4804595646097151, 0.48175660461594594, 0.4840264246268498, 0.48629624463775367, 0.4866205046393114, 0.4872690246424268, 0.4908358846595614, 0.4911601446611191, 0.4927814446689076, 0.49634830468604224, 0.49667256468759996, 0.5002394247047346, 0.49926664470006155, 0.5015364647109654, 0.5018607247125231, 0.504130544723427, 0.5076974047405617, 0.5060761047327732, 0.5054275847296578, 0.5102914847530232, 0.5132098247670425, 0.5138583447701579, 0.514831124774831, 0.514831124774831, 0.5174252047872925, 0.5229376248137734, 0.5219648448091003, 0.5239104048184464, 0.5235861448168888, 0.5248831848231196, 0.5274772648355811, 0.5287743048418119, 0.529747084846485, 0.5300713448480426, 0.5323411648589466, 0.5349352448714081, 0.533962464866735, 0.5359080248760812, 0.5388263648901005, 0.5394748848932159, 0.5423932249072352, 0.5397991448947735, 0.541420444902562, 0.5482299049352737, 0.547905644933716, 0.5459600849243698, 0.5488784249383891, 0.5492026849399467, 0.5517967649524084, 0.5504997249461776, 0.5514725049508507, 0.5524452849555237, 0.5540665849633122, 0.5537423249617546, 0.5592547449882354, 0.5608760449960238, 0.5592547449882354, 0.5624973450038123, 0.5599032649913508, 0.5615245649991393, 0.5631458650069278, 0.5624973450038123, 0.56703698502562, 0.5654156850178316, 0.5699553250396393, 0.5673612450271778, 0.5654156850178316, 0.5686582850334085, 0.5731979250552163, 0.5699553250396393, 0.5731979250552163, 0.5731979250552163, 0.5751434850645625, 0.573522185056774, 0.5761162650692356, 0.5757920050676779, 0.577737565077024, 0.5803316450894856, 0.5780618250785817, 0.5803316450894856, 0.5822772050988319, 0.5829257251019472, 0.5816286850957164, 0.5826014651003895, 0.5851955451128511, 0.5861683251175241, 0.5835742451050626, 0.5848712851112934, 0.5887624051299858, 0.5881138851268704, 0.5858440651159664, 0.5897351851346588, 0.5874653651237549, 0.5894109251331011, 0.5910322251408896, 0.5894109251331011, 0.591680745144005, 0.5897351851346588, 0.5933020451517935, 0.5910322251408896, 0.591680745144005, 0.5920050051455628, 0.5942748251564666, 0.5920050051455628, 0.5933020451517935, 0.5965446451673705, 0.5936263051533511, 0.5945990851580243, 0.5936263051533511, 0.5965446451673705, 0.5952476051611396, 0.5968689051689281, 0.5955718651626973, 0.598165945175159, 0.5968689051689281, 0.598165945175159, 0.5965446451673705, 0.5988144651782743, 0.5988144651782743, 0.5968689051689281, 0.594923345159582, 0.5968689051689281, 0.5968689051689281, 0.5978416851736013, 0.5968689051689281, 0.6001115051845051, 0.5955718651626973, 0.598165945175159, 0.6001115051845051, 0.5978416851736013, 0.5978416851736013, 0.5965446451673705, 0.5965446451673705, 0.5955718651626973, 0.595896125164255, 0.595896125164255, 0.5968689051689281, 0.5968689051689281, 0.5965446451673705, 0.5952476051611396, 0.5952476051611396, 0.595896125164255, 0.5942748251564666, 0.5952476051611396, 0.5939505651549088, 0.5968689051689281, 0.5945990851580243, 0.5936263051533511, 0.5933020451517935, 0.5945990851580243, 0.5907079651393319, 0.5929777851502358, 0.5926535251486781, 0.5933020451517935, 0.5894109251331011, 0.5897351851346588, 0.5871411051221973, 0.5897351851346588, 0.591680745144005, 0.5890866651315434, 0.5881138851268704, 0.5897351851346588, 0.5913564851424473, 0.5861683251175241, 0.5845470251097357, 0.5874653651237549, 0.5861683251175241, 0.5806559050910434, 0.5845470251097357, 0.5835742451050626, 0.5848712851112934, 0.5813044250941587, 0.5822772050988319, 0.5793588650848125, 0.5793588650848125, 0.5780618250785817, 0.5761162650692356, 0.5754677450661202, 0.576764785072351, 0.5751434850645625, 0.5754677450661202, 0.5731979250552163, 0.5751434850645625, 0.5731979250552163, 0.5680097650302932, 0.5680097650302932, 0.5706038450427547, 0.5683340250318508, 0.5667127250240623, 0.56703698502562, 0.5650914250162739, 0.56703698502562, 0.5644429050131585, 0.5621730850022546, 0.5644429050131585, 0.5621730850022546, 0.5612003049975816, 0.5576334449804469, 0.5573091849788891, 0.55860622498512, 0.5560121449726584, 0.5537423249617546, 0.5517967649524084, 0.5560121449726584, 0.5504997249461776, 0.5482299049352737, 0.5469328649290429, 0.5508239849477352, 0.547905644933716, 0.544663044918139, 0.544663044918139, 0.5453115649212544, 0.5440145249150237, 0.5397991448947735, 0.5365565448791966, 0.5368808048807543, 0.536232284877639, 0.5333139448636196, 0.5336382048651773, 0.533962464866735, 0.5300713448480426, 0.5313683848542735, 0.5242346648200041, 0.5274772648355811, 0.5239104048184464, 0.5252074448246773, 0.5206678048028694, 0.5232618848153311, 0.5193707647966387, 0.5180737247904079, 0.5183979847919656, 0.5183979847919656, 0.514831124774831, 0.511588524759254, 0.5112642647576963, 0.5096429647499078, 0.508345924743677, 0.5067246247358885, 0.5021849847140808, 0.5038062847218693, 0.5002394247047346, 0.49926664470006155, 0.49667256468759996, 0.4953755246813692, 0.49310570467046533, 0.4908358846595614, 0.490187364656446, 0.48856606464865754, 0.4872690246424268, 0.4840264246268498, 0.4849992046315229, 0.48110808461283056, 0.4804595646097151, 0.47818974459881125, 0.4778654845972536, 0.4755956645863497, 0.47073176456298427, 0.47040750456142655, 0.4681376845505227, 0.47040750456142655, 0.4668406445442919, 0.4658678645396188, 0.4584098845037918, 0.4593826645084649, 0.4577613645006764, 0.4580856245022341, 0.45289746447731094, 0.4525732044757533, 0.45322172447886866, 0.4467365244477147, 0.4447909644383685, 0.44543948444148396, 0.44349392443213775, 0.44252114442746465, 0.43733298440254154, 0.43538742439319533, 0.43733298440254154, 0.43279334438073375, 0.428253704358926, 0.42792944435736835, 0.4289022243620414, 0.42695666435269525, 0.4220927643293298, 0.4214442443262144, 0.41755312430752206, 0.41755312430752206, 0.4113921842779258, 0.4143105242919451, 0.40782532426079116, 0.4120407042810412, 0.4055555042498873, 0.4039342042420988, 0.4029614242374257, 0.39971882422184873, 0.39712474420938715, 0.3945306641969256, 0.3935578841922525, 0.3935578841922525, 0.3873969441626563, 0.3854513841533101, 0.3854513841533101, 0.38415434414707933, 0.3773448841143677, 0.37702062411281, 0.37702062411281, 0.37312950409411766, 0.37118394408477146, 0.3672928240660791, 0.3672928240660791, 0.3653472640567329, 0.36242892404271365, 0.35983484403025207, 0.3578892840209059, 0.35432242400377123, 0.35334964399909813, 0.3488100039772904, 0.3471887039695019, 0.34589166396327115, 0.3426490639476942, 0.3416762839430211, 0.337460903922771, 0.3400549839352326, 0.3342183039071941, 0.3309757038916171, 0.3309757038916171, 0.32838162387915554, 0.3235177238557901, 0.3222206838495593, 0.31995086383865545, 0.31800530382930925, 0.31605974381996305, 0.3134656638075015, 0.3105473237934822, 0.30957454378880916, 0.3063319437732322, 0.3017923037514244, 0.30081952374675136, 0.2982254437342898, 0.2959556237233859, 0.29368580371248204, 0.2943343237155974, 0.2888219036891166, 0.2872006036813281, 0.28071540365017417, 0.28298522366107803, 0.2781213236377126, 0.2771485436330395, 0.27325742361434713, 0.2706633436018856, 0.2696905635972125, 0.2654751835769624, 0.26288110356450084, 0.2602870235520393, 0.2583414635426931, 0.25445034352400075, 0.25445034352400075, 0.249910703502193, 0.249910703502193, 0.24796514349284682, 0.24342550347103908, 0.23791308344455825, 0.24018290345546212, 0.23985864345390442, 0.2333734434227505, 0.2320764034165197, 0.22948232340405814, 0.22915806340250044, 0.2217000833666734, 0.22137582336511571, 0.21975452335732723, 0.21975452335732723, 0.2152148833355195, 0.21002672331059635, 0.20905394330592325, 0.20808116330125018, 0.206135603291904, 0.20127170326853855, 0.1973805832498462, 0.19900188325763468, 0.19543502324050002, 0.19121964322024995, 0.1886255632077884, 0.18830130320623067, 0.18668000319844222, 0.1795462831641729, 0.1776007231548267, 0.17500664314236514, 0.17500664314236514, 0.17273682313146127, 0.1688457031127689, 0.16625162310030733, 0.16560310309719195, 0.1620362430800573, 0.15684808305513415, 0.15425400304267256, 0.15619956305201874, 0.14971436302086483, 0.14971436302086483, 0.14517472299905707, 0.14647176300528786, 0.14128360298036471, 0.13901378296946085, 0.13706822296011464, 0.13512266295076847, 0.13220432293674922, 0.12993450292584532, 0.12734042291338377, 0.12280078289157602, 0.12085522288222984, 0.11988244287755674, 0.11696410286353748, 0.115342802855749, 0.11274872284328742, 0.11210020284017204, 0.10788482281992198, 0.10593926281057581, 0.10496648280590272, 0.09912980277786418, 0.097184242768518, 0.09426590275449873, 0.09491442275761412, 0.09296886274826795, 0.09037478273580637, 0.08875348272801789, 0.08421384270621014, 0.08129550269219088, 0.08226828269686397, 0.07708012267194082, 0.07351326265480616, 0.07189196264701768, 0.06735232262520993, 0.06702806262365224, 0.06443398261119067, 0.06410972260963296, 0.059570082587825215, 0.05470618256445978, 0.05730026257692135, 0.05405766256134438, 0.052436362553555896, 0.046275422523959664, 0.04757246253019046, 0.04238430250526731, 0.04076300249747883, 0.03849318248657496, 0.035574842472555684, 0.035574842472555684, 0.03233224245697873, 0.027792602435170975, 0.028441122438286368, 0.02811686243672867, 0.02292870241180553, 0.021307402404017045, 0.020010362397786263, 0.015146462374420815, 0.013200902365074638, 0.014173682369747725, 0.011903862358843852, 0.007364222337036101, 0.006067182330805316, 0.0025003223136706556, 0.003473102318343745, -9.375769879091552e-05, -0.002687837711252487, -0.003984877717483272, -0.007551737734617933, -0.008524517739291021, -0.008524517739291021, -0.011767117754867986, -0.015658237773560343, -0.019225097790695003, -0.019225097790695003, -0.021819177803156575, -0.023440477810945055, -0.023764737812502754, -0.027655857831195108, -0.029925677842098986, -0.031222717848329768, -0.03057419784521438, -0.0377079178794837, -0.035762357870137526, -0.040301997891945274, -0.041923297899733744, -0.044193117910637625, -0.04743571792621459, -0.04711145792465689, -0.04873275793244537, -0.05197535794802234, -0.053596657955810825, -0.055542217965157, -0.05586647796671469, -0.05975759798540706, -0.06040611798852244, -0.06364871800409941, -0.06300019800098403, -0.06689131801967638, -0.06753983802279177, -0.07110669803992643, -0.06818835802590716, -0.07532207806017649, -0.07694337806796496, -0.07856467807575344, -0.08083449808665732, -0.08115875808821502, -0.08407709810223428, -0.08440135810379198, -0.08796821812092664, -0.08991377813027282, -0.09056229813338822, -0.0921835981411767, -0.091859338139619, -0.09348063814740748, -0.09866879817233062, -0.09964157817700371, -0.09866879817233062, -0.0999658381785614, -0.10320843819413837, -0.10580251820659994, -0.10547825820504225, -0.10742381821438843, -0.1106664182299654, -0.11163919823463848, -0.11163919823463848, -0.11326049824242697, -0.11455753824865775, -0.11780013826423472, -0.1184486582673501, -0.1190971782704655, -0.12006995827513858, -0.12363681829227324, -0.12558237830161942, -0.12623089830473483, -0.1259066383031771, -0.13109479832810025, -0.13109479832810025, -0.1288249783171964, -0.13304035833744643, -0.13271609833588874, -0.13368887834056184, -0.1375799983592542, -0.14244389838261964, -0.13790425836081188, -0.14374093838885044, -0.14017407837171575, -0.14374093838885044, -0.1453622383966389, -0.1460107583997543, -0.14665927840286969, -0.1473077984059851, -0.14990187841844665, -0.15022613842000435, -0.15055039842156204, -0.15119891842467745, -0.15282021843246593, -0.1541172584386967, -0.15606281844804287, -0.16060245846985063, -0.15671133845115828, -0.15703559845271597, -0.15930541846361984, -0.15962967846517756, -0.1638450584854276, -0.1651420984916584, -0.16611487849633147, -0.16643913849788916, -0.16741191850256226, -0.16806043850567765, -0.16579061849477378, -0.17033025851658154, -0.17065451851813923, -0.17033025851658154, -0.17195155852437, -0.17195155852437, -0.1732485985306008, -0.17357285853215848, -0.17551841854150468, -0.17713971854929314, -0.17876101855708162, -0.17940953856019703, -0.17908527855863934, -0.17811249855396624, -0.1816793585711009, -0.1816793585711009, -0.1816793585711009, -0.1829763985773317, -0.18427343858356246, -0.18330065857888939, -0.18330065857888939, -0.18232787857421628, -0.18686751859602405, -0.18589473859135094, -0.18654325859446635, -0.18557047858979325, -0.18589473859135094, -0.18978585861004332, -0.18816455860225484, -0.19011011861160101, -0.19237993862250488, -0.19237993862250488, -0.19011011861160101, -0.18816455860225484, -0.1914071586178318, -0.19237993862250488, -0.19335271862717798, -0.18751603859913943, -0.19237993862250488, -0.19335271862717798, -0.19724383864587033, -0.19270419862406257, -0.19302845862562026, -0.19497401863496647, -0.19335271862717798, -0.19302845862562026, -0.19335271862717798, -0.19886513865365882, -0.19529827863652416, -0.19497401863496647, -0.19464975863340875, -0.19756809864742803, -0.19756809864742803, -0.19659531864275492, -0.1917314186193895, -0.19724383864587033, -0.19659531864275492, -0.19854087865210113, -0.19594679863963954, -0.1982166186505434, -0.19756809864742803, -0.19627105864119723, -0.19464975863340875, -0.19659531864275492, -0.19756809864742803, -0.19464975863340875, -0.19627105864119723, -0.19594679863963954, -0.19464975863340875, -0.19756809864742803, -0.19529827863652416, -0.19691957864431264, -0.19497401863496647, -0.19627105864119723, -0.19367697862873567, -0.19464975863340875, -0.19302845862562026, -0.19594679863963954, -0.19594679863963954, -0.19302845862562026, -0.19464975863340875, -0.19691957864431264, -0.19270419862406257, -0.1917314186193895, -0.1914071586178318, -0.19302845862562026, -0.1910828986162741, -0.1914071586178318, -0.19270419862406257, -0.18881307860537022, -0.1894615986084856, -0.1891373386069279, -0.1904343786131587, -0.1894615986084856, -0.18654325859446635, -0.18686751859602405, -0.18751603859913943, -0.18427343858356246, -0.18686751859602405, -0.18459769858512018, -0.18492195858667787, -0.18459769858512018, -0.18524621858823556, -0.18232787857421628, -0.1829763985773317, -0.182652138575774, -0.18005805856331242, -0.17876101855708162, -0.1803823185648701, -0.17940953856019703, -0.17746397855085086, -0.17908527855863934, -0.17811249855396624, -0.17681545854773545, -0.17519415853994696, -0.1738971185337162, -0.1732485985306008, -0.1726000785274854, -0.17097877851969692, -0.1713030385212546, -0.1716272985228123, -0.17000599851502382, -0.16903321851035075, -0.1651420984916584, -0.16676339849944688, -0.1654663584932161, -0.1638450584854276, -0.15962967846517756, -0.16222375847763912, -0.16125097847296602, -0.16157523847452374, -0.1547657784418121, -0.15735985845427367, -0.15573855844648518, -0.15573855844648518, -0.15152317842623514, -0.15573855844648518, -0.15314447843402362, -0.15119891842467745, -0.14860483841221586, -0.1460107583997543, -0.14860483841221586, -0.1473077984059851, -0.146335018401312, -0.14244389838261964, -0.14309241838573503, -0.13920129836704268, -0.14082259837483116, -0.13822851836236957, -0.1375799983592542, -0.1369314783561388, -0.13563443834990802, -0.13206757833277336, -0.13368887834056184, -0.13206757833277336, -0.12914923831875408, -0.128176458314081, -0.12363681829227324, -0.1259066383031771, -0.12525811830006173, -0.12266403828760016, -0.1184486582673501, -0.11780013826423472, -0.11780013826423472, -0.11617883825644623, -0.11293623824086926, -0.11293623824086926, -0.11293623824086926, -0.1093693782237346, -0.11099067823152309, -0.10677529821127303, -0.10709955821283074, -0.10385695819725377, -0.10223565818946528, -0.09866879817233062, -0.09866879817233062, -0.09802027816921523, -0.09510193815519596, -0.09315637814584979, -0.0915350781380613, -0.09315637814584979, -0.08667117811469585, -0.08796821812092664, -0.08569839811002276, -0.08180727809133041, -0.08180727809133041, -0.07953745808042653, -0.07953745808042653, -0.07759189807108036, -0.07305225804927261, -0.07013391803525335, -0.06818835802590716, -0.07110669803992643, -0.0655942780134456, -0.06332445800254172, -0.06332445800254172, -0.06170315799475323, -0.05943333798384935, -0.05781203797606087, -0.05327239795425312, -0.054893697962041604, -0.05067831794179155, -0.05100257794334925, -0.04905701793400308, -0.04905701793400308, -0.04549015791686842, -0.04516589791531071, -0.038356437882599084, -0.037383657877925996, -0.03641087787325291, -0.03446531786390673, -0.03251975785456056, -0.029925677842098986, -0.029277157838983593, -0.027331597829637413, -0.023764737812502754, -0.023440477810945055, -0.022467697806271968, -0.02052213779692579, -0.015658237773560343, -0.011118597751752593, -0.011118597751752593, -0.009173037742406414, -0.008524517739291021, -0.003984877717483272, -0.0033363577143678794, -0.0004180177003486119, 0.0025003223136706556, 0.004121622321459137, 0.006067182330805316, 0.006715702333920709, 0.009958302349497673, 0.010282562351055369, 0.013849422368190029, 0.015470722375978511, 0.020010362397786263, 0.01903758239311317, 0.023577222414920922, 0.026171302427382494, 0.02908964244140176, 0.029413902442959456, 0.03168372245386333, 0.03687188247878648, 0.03654762247722877, 0.03719614248034417, 0.041411522500594225, 0.0440056025130558, 0.0440056025130558, 0.04757246253019046, 0.05049080254420972, 0.0527606225551136, 0.05632748257224826, 0.05665174257380595, 0.06021860259094061, 0.06216416260028679, 0.06410972260963296, 0.06410972260963296, 0.0702706626392292, 0.07156770264545999, 0.07448604265947925, 0.07351326265480616, 0.07740438267349851, 0.08161976269374857, 0.08324106270153706, 0.08388958270465245, 0.08680792271867172, 0.09069904273736407, 0.09361738275138334, 0.09523868275917183, 0.09815702277319109, 0.10107536278721035, 0.10334518279811424, 0.10334518279811424, 0.10658778281369119, 0.11047890283238355, 0.1143700228510759, 0.11372150284796052, 0.11696410286353748, 0.12150374288534523, 0.12344930289469142, 0.12344930289469142, 0.12701616291182607, 0.12961024292428763, 0.1315558029336338, 0.1341498829460954, 0.13674396295855695, 0.13933804297101854, 0.1419321229834801, 0.14355342299126858, 0.14549898300061476, 0.15003862302242252, 0.1519841830317687, 0.15684808305513415, 0.15652382305357643, 0.15782086305980722, 0.16398180308940347, 0.16171198307849957, 0.16495458309407654, 0.16527884309563423, 0.17306108313301896, 0.17370960313613434, 0.17500664314236514, 0.1785735031594998, 0.18051906316884597, 0.18246462317819215, 0.1863557431968845, 0.18830130320623067, 0.19186816322336536, 0.19348946323115382, 0.1967320632467308, 0.19997466326230776, 0.20192022327165393, 0.20354152327944242, 0.2054870832887886, 0.20775690329969249, 0.21164802331838484, 0.21197228331994253, 0.21845748335109647, 0.21878174335265416, 0.22234860336978882, 0.22591546338692348, 0.22721250339315427, 0.22786102339626965, 0.231752143414962, 0.23402196342586587, 0.23661604343832746, 0.24018290345546212, 0.24245272346636598, 0.24699236348817374, 0.24634384348505833, 0.24731662348973144, 0.25347756351932765, 0.25445034352400075, 0.2547746035255585, 0.25704442353646234, 0.25963850354892387, 0.26288110356450084, 0.2677450035878663, 0.268069263589424, 0.2706633436018856, 0.2739059436174625, 0.275527243625251, 0.27876984364082796, 0.28071540365017417, 0.2846065236688665, 0.2842822636673088, 0.2865520836782127, 0.29206450370469356, 0.2956313637218282, 0.2933615437109243, 0.29854970373584744, 0.301143783748309, 0.3021165637529821, 0.3069804637763476, 0.3047106437654437, 0.30957454378880916, 0.31508696381529, 0.3137899238090592, 0.31443844381217456, 0.3218964238480016, 0.3218964238480016, 0.3244905038604632, 0.32416624385890547, 0.3303271838885017, 0.3325970038994056, 0.3342183039071941, 0.337460903922771, 0.3400549839352326, 0.34427036395548266, 0.3445946239570403, 0.34686444396794425, 0.348161483974175, 0.3494585239804058, 0.3565922440146751, 0.35205260399286736, 0.3569165040162328, 0.36048336403336745, 0.36502300405517524, 0.36145614403804055, 0.36599578405984834, 0.37021116408009835, 0.37215672408944456, 0.37183246408788684, 0.3734537640956753, 0.3792904441237139, 0.3792904441237139, 0.38350582414396395, 0.3851271241517524, 0.3857756441548678, 0.38966676417356017, 0.38999102417511783, 0.3932336241906948, 0.39550344420159866, 0.40069160422652184, 0.4003673442249641, 0.40069160422652184, 0.4039342042420988, 0.4081495842623488, 0.4065282842545604, 0.4110679242763681, 0.413337744287272, 0.4152833042966182, 0.41301348428571427, 0.4211199843246567, 0.4220927643293298, 0.4201472043199836, 0.42403832433867594, 0.42695666435269525, 0.4272809243542529, 0.4301992643682722, 0.43117204437294526, 0.43473890439007995, 0.43733298440254154, 0.43992706441500307, 0.442196884425907, 0.442196884425907, 0.44252114442746465, 0.4467365244477147, 0.45030338446484935, 0.45030338446484935, 0.4506276444664071, 0.4584098845037918, 0.4574371044991187, 0.4597069245100226, 0.4613282245178111, 0.46262526452404185, 0.46262526452404185, 0.4674891645474073, 0.4661921245411765, 0.46975898455831117, 0.47040750456142655, 0.4742986245801189, 0.4755956645863497, 0.47754122459569587, 0.47948678460504207, 0.48013530460815745, 0.48272938462061904, 0.4866205046393114, 0.48856606464865754, 0.48532346463308057, 0.4911601446611191, 0.4918086646642345, 0.4921329246657922, 0.4921329246657922, 0.4960240446844846, 0.4995909047016192, 0.5012122047094077, 0.5028335047171962, 0.4989423846985038, 0.504130544723427, 0.5089944447467925, 0.5089944447467925, 0.5067246247358885, 0.5099672247514655, 0.5154796447779464, 0.514831124774831, 0.515803904779504, 0.5167766847841772, 0.5226133648122157, 0.5203435448013118, 0.5209920648044272, 0.5222891048106579, 0.5235861448168888, 0.5255317048262349, 0.5245589248215619, 0.5287743048418119, 0.529747084846485, 0.5349352448714081, 0.5303956048496004, 0.5323411648589466, 0.5352595048729658, 0.5365565448791966, 0.5359080248760812, 0.5397991448947735, 0.5420689649056775, 0.5427174849087929, 0.5423932249072352, 0.5466086049274852, 0.5443387849165814, 0.5495269449415044, 0.5485541649368314, 0.5485541649368314, 0.5514725049508507, 0.5504997249461776, 0.5537423249617546, 0.5530938049586391, 0.5543908449648699, 0.5589304849866776, 0.5573091849788891, 0.55860622498512, 0.5560121449726584, 0.5608760449960238, 0.5621730850022546, 0.5624973450038123, 0.5631458650069278, 0.56703698502562, 0.5634701250084854, 0.566064205020947, 0.5683340250318508, 0.570279585041197, 0.5683340250318508, 0.5683340250318508, 0.5712523650458702, 0.573522185056774, 0.572549405052101, 0.5738464450583317, 0.5731979250552163, 0.5754677450661202, 0.5751434850645625, 0.5774133050754664, 0.5764405250707932, 0.5803316450894856, 0.5790346050832549, 0.5787103450816972, 0.5832499851035049, 0.5838985051066203, 0.5822772050988319, 0.5826014651003895, 0.5829257251019472, 0.5826014651003895, 0.5848712851112934, 0.5861683251175241, 0.5848712851112934, 0.5838985051066203, 0.5874653651237549, 0.5861683251175241, 0.5894109251331011, 0.5874653651237549, 0.591680745144005, 0.5884381451284281, 0.5907079651393319, 0.5933020451517935, 0.5926535251486781, 0.5926535251486781, 0.5926535251486781, 0.5933020451517935, 0.5907079651393319, 0.594923345159582, 0.5923292651471204, 0.5933020451517935, 0.5907079651393319, 0.5923292651471204, 0.5939505651549088, 0.5968689051689281, 0.5968689051689281, 0.5955718651626973, 0.594923345159582, 0.5933020451517935, 0.5971931651704858, 0.5968689051689281, 0.5968689051689281, 0.5965446451673705, 0.5965446451673705, 0.5965446451673705, 0.5965446451673705, 0.595896125164255, 0.598165945175159, 0.5955718651626973, 0.5968689051689281, 0.5975174251720435, 0.598165945175159, 0.5975174251720435, 0.5952476051611396, 0.5975174251720435, 0.598165945175159, 0.5988144651782743, 0.5965446451673705, 0.5968689051689281, 0.598165945175159, 0.598165945175159, 0.594923345159582, 0.5968689051689281, 0.5968689051689281, 0.5936263051533511, 0.595896125164255, 0.5945990851580243, 0.5962203851658128, 0.5975174251720435, 0.5936263051533511, 0.594923345159582, 0.5952476051611396, 0.5945990851580243, 0.5920050051455628, 0.5920050051455628, 0.5920050051455628, 0.595896125164255, 0.5923292651471204, 0.591680745144005, 0.5903837051377743, 0.5926535251486781, 0.591680745144005, 0.5871411051221973, 0.5897351851346588, 0.5913564851424473, 0.5907079651393319, 0.5861683251175241, 0.5881138851268704, 0.5884381451284281, 0.5861683251175241, 0.5861683251175241, 0.5845470251097357, 0.5877896251253126, 0.5826014651003895, 0.5851955451128511, 0.5826014651003895, 0.5826014651003895, 0.5822772050988319, 0.5819529450972741, 0.5774133050754664, 0.5790346050832549, 0.577737565077024, 0.5780618250785817, 0.5754677450661202, 0.576764785072351, 0.5751434850645625, 0.5709281050443125, 0.5738464450583317, 0.5741707050598894, 0.5709281050443125, 0.5673612450271778, 0.5712523650458702, 0.570279585041197, 0.569306805036524, 0.56703698502562, 0.5680097650302932, 0.5650914250162739, 0.5624973450038123, 0.5641186450116008, 0.5634701250084854, 0.5612003049975816, 0.5624973450038123, 0.5569849249773315, 0.5592547449882354, 0.5560121449726584, 0.5543908449648699, 0.5524452849555237, 0.5537423249617546, 0.5530938049586391, 0.5530938049586391, 0.5485541649368314, 0.5488784249383891, 0.5485541649368314, 0.5488784249383891, 0.543690264913466, 0.5430417449103505, 0.544663044918139, 0.5433660049119082, 0.5394748848932159, 0.537205064882312, 0.5381778448869851, 0.536232284877639, 0.5352595048729658, 0.5326654248605043, 0.5320169048573888, 0.5326654248605043, 0.5287743048418119, 0.5278015248371388, 0.5281257848386965, 0.5252074448246773, 0.5261802248293503, 0.5226133648122157, 0.5200192847997541, 0.5203435448013118, 0.5187222447935234, 0.5171009447857349, 0.5154796447779464, 0.5138583447701579, 0.514831124774831, 0.5096429647499078, 0.5076974047405617, 0.504130544723427, 0.508345924743677, 0.5015364647109654, 0.5031577647187538, 0.5005636847062923, 0.5002394247047346, 0.4989423846985038, 0.49829386469538844, 0.49310570467046533, 0.4940784846751384, 0.48986310465488836, 0.4882418046470999, 0.48759328464398444, 0.4866205046393114, 0.4846749446299652, 0.48175660461594594, 0.4824051246190613, 0.47883826460192663, 0.4768927045925805, 0.4746228845816766, 0.4691104645551958, 0.47202880456921503, 0.47073176456298427, 0.4674891645474073, 0.4668406445442919, 0.46327378452715723, 0.4639223045302726, 0.46100396451625336, 0.4587341445053495, 0.4574371044991187, 0.4545187644850994, 0.4499791244632917, 0.44965486446173397, 0.4467365244477147, 0.4470607844492724, 0.44446670443681086, 0.442196884425907, 0.4412241044212339, 0.4386300244087723, 0.43636020439786843, 0.43409038438696457, 0.43279334438073375, 0.43117204437294526, 0.431496304374503, 0.4246868443417914, 0.4246868443417914, 0.42403832433867594, 0.4204714643215413, 0.41755312430752206, 0.41722886430596434, 0.41463478429350276, 0.40944662426857964, 0.41041940427325274, 0.40620402425300267, 0.4045827242452142, 0.40425846424365647, 0.4019886442327526, 0.40069160422652184, 0.3968004842078295, 0.3945306641969256, 0.39290936418913713, 0.38869398416888706, 0.38999102417511783, 0.3870726841610986, 0.3848028641501947, 0.3838300841455216, 0.3776691441159254, 0.37702062411281, 0.37475080410190614, 0.37183246408788684, 0.37377802409723304, 0.3682656040707522, 0.366320044061406, 0.36599578405984834, 0.36502300405517524, 0.3578892840209059, 0.3585378040240213, 0.35561946401000205, 0.35205260399286736, 0.3507555639866366, 0.34848574397573273, 0.3471887039695019, 0.3455674039617134, 0.3413520239414634, 0.337460903922771, 0.33519108391186714, 0.33454256390875176, 0.33292126390096327, 0.3280573638775978, 0.32578754386669395, 0.3244905038604632, 0.3238419838573478, 0.31865382383242463, 0.31508696381529, 0.31605974381996305, 0.3131414038059438, 0.30925028378725145, 0.3060076837716745, 0.30730472377790524, 0.3053591637685591, 0.3001710037436359, 0.2959556237233859, 0.2940100637140397, 0.2943343237155974, 0.29206450370469356, 0.2852550436719819, 0.2865520836782127, 0.2842822636673088, 0.2826609636595203, 0.2790941036423857, 0.275527243625251, 0.27423020361902023, 0.271311863605001, 0.2677450035878663, 0.2664479635816355, 0.26579944357852014, 0.25963850354892387, 0.2576929435395777, 0.2557473835302315, 0.25282904351621227, 0.2521805235130969, 0.24764088349128913, 0.24699236348817374, 0.24374976347259678, 0.24277698346792367, 0.23661604343832746, 0.23726456344144284, 0.23402196342586587, 0.2330491834211928, 0.22786102339626965, 0.22721250339315427, 0.22494268338225037, 0.22234860336978882, 0.21618766334019257, 0.2152148833355195, 0.2152148833355195, 0.21326932332617332, 0.20872968330436556, 0.2054870832887886, 0.2051628232872309, 0.20192022327165393, 0.1977048432514039, 0.1951107632389423, 0.1951107632389423, 0.19154390322180764, 0.18927408321090378, 0.18570722319376912, 0.18311314318130756, 0.18181610317507677, 0.17792498315638441, 0.17792498315638441, 0.17241256312990355, 0.17208830312834586, 0.1688457031127689, 0.16657588310186502, 0.1620362430800573, 0.16171198307849957, 0.15587530305046104, 0.16009068307071112, 0.15360548303955718, 0.15263270303488408, 0.1493901030193071, 0.14647176300528786, 0.1425806429865955, 0.1403108229756916, 0.13804100296478775, 0.13804100296478775, 0.13512266295076847, 0.13220432293674922, 0.12961024292428763, 0.12831320291805687, 0.1247463429009222, 0.1237735628962491, 0.12020670287911445, 0.11728836286509518, 0.11404576284951821, 0.11339724284640282, 0.10983038282926816, 0.1056150028090181, 0.1069120428152489, 0.10529074280746041, 0.10010258278253727, 0.0975085027700757, 0.09848128277474878, 0.09394164275294103, 0.09005052273424868, 0.08972626273269098, 0.08453810270776783, 0.08324106270153706, 0.0796742026844024, 0.07870142267972931, 0.07708012267194082, 0.07254048265013308, 0.07286474265169077, 0.06864936263144071, 0.06702806262365224, 0.06443398261119067, 0.06346120260651758, 0.059245822586267524, 0.05632748257224826, 0.05470618256445978, 0.05405766256134438, 0.04919376253797894, 0.049842282541094324, 0.04432986251461349, 0.04432986251461349, 0.03979022249280574, 0.038168922485017256, 0.035574842472555684, 0.03687188247878648, 0.030710942449190242, 0.028441122438286368, 0.028441122438286368, 0.027792602435170975, 0.020658882400901656, 0.021307402404017045, 0.01903758239311317, 0.01741628238532469, 0.014822202372863118, 0.013200902365074638, 0.011579602357286155, 0.007364222337036101, 0.007039962335478405, 0.0025003223136706556, -0.0004180177003486119, 0.00120328230743987, -0.0010665377034640047, -0.00690321773150254, -0.009173037742406414, -0.008200257737733325, -0.012739897759541076, -0.014361197767329557, -0.016306757776675736, -0.01663101777823343, -0.018900837789137308, -0.02214343780471427, -0.022467697806271968, -0.027007337828079715, -0.029601417840541287, -0.031222717848329768, -0.03414105786234904, -0.03219549785300285, -0.03641087787325291, -0.042896077904406846, -0.04159903789817605, -0.04322033790596454, -0.04322033790596454, -0.04743571792621459, -0.04905701793400308, -0.05197535794802234, -0.05197535794802234, -0.04970553793711846, -0.05586647796671469, -0.05813629797761857, -0.05586647796671469, -0.06300019800098403, -0.06300019800098403, -0.06656705801811869, -0.0655942780134456, -0.06818835802590716, -0.07143095804148412, -0.07499781805861878, -0.07207947804459952, -0.07726763806952267, -0.07597059806329187, -0.08115875808821502, -0.0834285780991189, -0.0821315380928881, -0.0821315380928881, -0.08861673812404204, -0.08894099812559973, -0.09056229813338822, -0.08926525812715742, -0.09348063814740748, -0.09380489814896517, -0.09672323816298445, -0.09931731817544602, -0.10029009818011911, -0.10191139818790759, -0.10255991819102298, -0.10774807821594612, -0.10774807821594612, -0.1106664182299654, -0.10774807821594612, -0.11293623824086926, -0.11326049824242697, -0.11390901824554235, -0.11488179825021544, -0.11650309825800392, -0.1190971782704655, -0.12104273827981167, -0.12071847827825398, -0.12558237830161942, -0.12363681829227324, -0.12460959829694633, -0.12947349832031177, -0.128176458314081, -0.13109479832810025, -0.12914923831875408, -0.13044627832498487, -0.13433739834367722, -0.1366072183545811, -0.1369314783561388, -0.1369314783561388, -0.14211963838106195, -0.14179537837950423, -0.14082259837483116, -0.14276815838417733, -0.1453622383966389, -0.146335018401312, -0.14957761841688896, -0.1473077984059851, -0.14957761841688896, -0.15087465842311976, -0.15152317842623514, -0.15314447843402362]
added voltages
[2.9222581286854776, 2.9167432821761277, 2.9180405648306453, 2.9138220303826654, 2.9128475518399837, 2.90181810146957, 2.900844593520036, 2.900518149683896, 2.893382973759905, 2.8914349872676897, 2.882999131613164, 2.8833236342630086, 2.8774821012692313, 2.8748887492016304, 2.8696969494524036, 2.8651536697062916, 2.8612591526115825, 2.8550965140439772, 2.85249976490036, 2.845037174547081, 2.8404931668561084, 2.8340067535835196, 2.8304379523800893, 2.83011223648881, 2.822973906137089, 2.822974876730237, 2.811619953116831, 2.8077254360221215, 2.8015589150819262, 2.795720051219305, 2.7915029726610467, 2.7889064661657157, 2.7781993346105645, 2.7762518334149227, 2.766520636292175, 2.763600112443573, 2.7548395114909154, 2.7493239370367046, 2.745755621129849, 2.7382918175351354, 2.736669304285912, 2.731153729831701, 2.723368092718299, 2.72206935417406, 2.705198128161582, 2.701628841661578, 2.698707104571542, 2.689299924802065, 2.677620255890527, 2.674698518800491, 2.6717787228967502, 2.6623698445892643, 2.6529612089300656, 2.6506887197880054, 2.6409563094238226, 2.634143452315094, 2.6266801340169543, 2.621162618376448, 2.6162972624633607, 2.6055915867979316, 2.59974956850758, 2.5906647075533655, 2.58482463044931, 2.576388532146497, 2.565358353831223, 2.552379461078872, 2.5465398692713905, 2.5429703401231, 2.533561947112188, 2.529667672665765, 2.521880579662642, 2.5095523907479893, 2.5085786401501684, 2.4981940700585663, 2.487163891743292, 2.4784045040320692, 2.4706181389738067, 2.4592612741741053, 2.4553684556174042, 2.444013289355712, 2.435250989865046, 2.4229228009503934, 2.418705479743848, 2.407349828185581, 2.402157057843206, 2.3946944674899275, 2.379770014728231, 2.3716589043718366, 2.3625750140107695, 2.359329016919175, 2.347648620062777, 2.339538480299531, 2.328505390204813, 2.3187732224889177, 2.3090374150487176, 2.293789430230324, 2.2898958837287626, 2.2804872480695635, 2.2701041338676835, 2.262642999404126, 2.255504426404118, 2.243498556304728, 2.2279263114847763, 2.2259785676408477, 2.212027622828685, 2.1980761927199484, 2.1896400944171357, 2.1841250052594985, 2.1747141857657173, 2.1623852689062035, 2.1529768758952916, 2.1357811472329695, 2.126047766275639, 2.122800798590897, 2.111446117625779, 2.1039835272725, 2.0890583465659422, 2.0819192882693605, 2.068292360810468, 2.059533215747533, 2.044609005634123, 2.0368221552792867, 2.0231942572272468, 2.0137846509749, 2.00243166854779, 1.9959394317163146, 1.9855563175144344, 1.9706330779941723, 1.9618736902829497, 1.951490818729356, 1.9368884421346348, 1.9294277929676515, 1.915475634914054, 1.9086627778053253, 1.8950348797532854, 1.8875722894000067, 1.870377773979119, 1.8612912144868956, 1.8489632682205297, 1.8405254713797086, 1.8272254730535304, 1.8181389135613069, 1.8038632234510126, 1.793803641305829, 1.7866682227335513, 1.7707692914291728, 1.759737657224177, 1.7477317871247864, 1.7308617743537436, 1.721128878692987, 1.7117180591992058, 1.69971340234125, 1.691601078743421, 1.6808961310228523, 1.6643481944187848, 1.6494222857673664, 1.6413099621695375, 1.6306052570972558, 1.6160050643371167, 1.6088647927991002, 1.5939400973891165, 1.5845329176196392, 1.5689584889651056, 1.5556560641560582, 1.5449474767111853, 1.5326202583896804, 1.5215891094812584, 1.50601346758529, 1.4979033278220437, 1.49043952422733, 1.474867036759092, 1.4586443307497297, 1.447612453896447, 1.4394996450020443, 1.4245766481300692, 1.4151684977674441, 1.3995928558714759, 1.3879129443116516, 1.3749367206904572, 1.3639038732440267, 1.35384453374713, 1.3373002368673665, 1.3243196455770074, 1.3132887393168724, 1.298686605370438, 1.2866831617539167, 1.2714344489906624, 1.26559412923832, 1.250343232640483, 1.236070211661345, 1.2250366362700538, 1.2140064579547793, 1.1994052946014926, 1.1893474109943176, 1.1770172808933694, 1.168257407885573, 1.151710441874653, 1.139706512961558, 1.1241328122518852, 1.1169925407138686, 1.0978502814490525, 1.0884414031415668, 1.0757857997976261, 1.0660533894334434, 1.0498314113689422, 1.0400977877633248, 1.0293901709115998, 1.0160872608059783, 0.9979187521389832, 0.9894831391327443, 0.9765049743252546, 0.9638510695193225, 0.9482763982165019, 0.9369217172513831, 0.9262165268825274, 0.9125879008856267, 0.9044763052326588, 0.8863063406759418, 0.8765722317737505, 0.8613232763622093, 0.8460733503575202, 0.8395840253054884, 0.826931576389278, 0.812331140980852, 0.7996765082300591, 0.7905926178689919, 0.7779377424699121, 0.7639870403060363, 0.7510083902019726, 0.7412733107066337, 0.7234300326343438, 0.7153196502228105, 0.6990952456754398, 0.6903368285573649, 0.6760599252056358, 0.6640557536442538, 0.643939258485043, 0.6387477013841029, 0.6296625977816008, 0.613442318255108, 0.6017604655089882, 0.592026356606797, 0.5793736650422997, 0.565421992285276, 0.5534170927790333, 0.5462765785927298, 0.5310298070157708, 0.5170783769070342, 0.5063702747587352, 0.4933916246546716, 0.479116662489238, 0.4687337909356445, 0.4577016714340748, 0.4453715413331266, 0.4375842056817163, 0.42103893820880495, 0.4090333107577014, 0.39346058064117617, 0.38404854790596027, 0.37269556547884997, 0.36101492597416485, 0.35257882767135224, 0.34122220551993787, 0.32694845659593896, 0.3175371518055839, 0.3029369590454449, 0.2899578236448074, 0.2779558359180078, 0.271789557626099, 0.2562156142681392, 0.2471297827207765, 0.2335026126135975, 0.22052614634411627, 0.21014424538367055, 0.19619111673692527, 0.1910005302291328, 0.1708859762562175, 0.164395437962751, 0.15109277050541658, 0.14006234954185542, 0.13162625123904279, 0.1196206237879392, 0.10761596692998335, 0.09690932067140602, 0.08750092766049414, 0.07646905080721138, 0.060569148909685296, 0.053107529149554265, 0.040453381695335286, 0.027152170127722516, 0.019690065071017622, 0.007360177618356338, -0.002699889823401071, -0.011783052239607515, -0.025736908831213552, -0.03514578713869929, -0.043580186903503404, -0.05753185966052704, -0.06921346975835986, -0.08056790807519179, -0.0860829972328289, -0.10133098205122253, -0.11009328154188835, -0.11950313044252182, -0.13312957260484004, -0.14221346296590728, -0.15194660127495072, -0.160383912819198, -0.17530690969117313, -0.1824466959326158, -0.1860157397843329, -0.20256270579525276, -0.2132693520538301, -0.2191087012130249, -0.23014057806630767, -0.23760413901273417, -0.25252689323642236, -0.2606380035928165, -0.27134634838940236, -0.27880918139096805, -0.291786618253597, -0.2979528965455058, -0.30995755340346165, -0.31320112401218636, -0.3320179100340101, -0.3359133977218673, -0.3479182972281101, -0.35505614228325727, -0.36511305529728455, -0.3732251362468264, -0.38295900250073067, -0.38944857020104945, -0.4030745270667937, -0.4072935468113478, -0.42124521956837147, -0.42838257932694473, -0.43941324293879286, -0.44460528533630694, -0.4553124168914582, -0.46602027639147015, -0.47153536554910724, -0.47640169205534205, -0.4890548689164133, -0.4923013513045812, -0.5072248334731302, -0.5124168758706442, -0.5234468115376315, -0.5318846083784528, -0.5351284216354644, -0.548429875851364, -0.5584875168102522, -0.5630312818529378, -0.5672483604111964, -0.5782804799127661, -0.5854168690781917, -0.5941791685688576, -0.5977489403654354, -0.606181398943944, -0.6142939651900597, -0.6220813008414701, -0.6285728097280843, -0.634735690943976, -0.6499831904657957, -0.6519304490131503, -0.6561487408128436, -0.6662056538268709, -0.6697768815131704, -0.6772385012733014, -0.6840532995683256, -0.6915141913835958, -0.7009230696910815, -0.7054665920854802, -0.7093615944767636, -0.7142264650932768, -0.7255809034101087, -0.7314231643487468, -0.7388852694054515, -0.7440760985615309, -0.750564695668702, -0.7531612021640329, -0.7615980284117063, -0.7664633843247934, -0.7697086534715266, -0.7787930291291678, -0.7820395115173358, -0.7927437312930437, -0.7966365498497445, -0.8015050601905618, -0.8053990919886973, -0.8092940943799807, -0.8196740541541309, -0.8196742968024178, -0.832327473663489, -0.8316804095500953, -0.8345999628055493, -0.8375190307644294, -0.8466048623117921, -0.850174391460083, -0.8592563406348547, -0.8618528471301857, -0.8654240748164851, -0.8719119439787953, -0.8758030639974878, -0.8764527972420377, -0.8829428502389303, -0.8881351352847313, -0.8897576485339544, -0.8949477497451731, -0.8991657988965795, -0.9056546386520374, -0.9066276613049974, -0.9076023824959659, -0.9134410037103, -0.9192822940557902, -0.9199303287623317, -0.9260949085162321, -0.9299882123695068, -0.9306389162072046, -0.9351800121187339, -0.9400475518664034, -0.9387488133221641, -0.9426433304168735, -0.94978044752716, -0.950430423419997, -0.9517269781296538, -0.9546475019782554, -0.9582160605333987, -0.9604875790823111, -0.9598395443757695, -0.9640578361754628, -0.9679487135458683, -0.9721670053455616, -0.9757348359558439, -0.9744394944876218, -0.9718454144751602, -0.9806031036483742, -0.9789803477508641, -0.9831983969022704, -0.9835241127935497, -0.9857932048595928, -0.9851478392842076, -0.9867691392919961, -0.9864448792904383, -0.9926060619683216, -0.9890394445994738, -0.9877431325381039, -0.9890404151926215, -0.9935815111041508, -0.9916354657982308, -0.9942317296452747, -0.9945552617019717, -0.9935824816972986, -0.9965017923044656, -0.9929349322873309, -0.9965022776010395, -0.9971500696592941, -0.9990966002617879, -1.000396309399175, -0.9994223161530672, -0.999746333506338, -0.9961768043580471, -1.0010443441057166, -0.9955294975963663, -0.9968267802508841, -0.9952054802430956, -0.9974765134954341, -0.9922856843393547, -0.9997439070234687, -0.9935824816972986, -0.9974750576057125, -0.9958554561359325, -0.9955277990583579, -0.9913099925552384, -0.9913109631483862, -0.9851483245807815, -0.9819028127857612, -0.9841738460380998, -0.9867681686988482, -0.9848209101514935, -0.9773588050947887, -0.9802786009985296, -0.979953855700398, -0.9799553115901196, -0.9744394944876218, -0.9760593386056885, -0.9724915079954062, -0.9708699653393307, -0.9724924785885538, -0.9656781655901037, -0.9630826296879205, -0.9604870937857373, -0.9575670552337094, -0.9575682684751441, -0.9569170793408724, -0.9458861730807374, -0.9471853969215506, -0.9445898610193674, -0.9439396424782435, -0.9338817588710685, -0.9332329962196662, -0.9316114535635908, -0.9247968979168536, -0.9238241179121804, -0.9209048073050133, -0.9183075728648217, -0.9157127649074993, -0.9118201889990853, -0.9046830718887989, -0.9101959772118536, -0.897544256240504, -0.8972185403492247, -0.8933259644408107, -0.8865123793872214, -0.8826176196442249, -0.8822931169943803, -0.8758047625354962, -0.869639697485022, -0.8670446468794129, -0.8618530897784726, -0.8602313044741103, -0.853090062342946, -0.8491984570276798, -0.8388187399018163, -0.8378425628211262, -0.8326519763133337, -0.8303819136541428, -0.8232435833024219, -0.8196740541541309, -0.8102651758466453, -0.8024778401952348, -0.796638733684327, -0.7933939498341676, -0.7878791033248174, -0.7830105929840002, -0.7787932717774547, -0.7739276732160807, -0.7622458204699609, -0.7570547486655945, -0.7560812407160606, -0.7447272876958027, -0.7424540706088817, -0.7382369920506231, -0.726556352545938, -0.7272039019559057, -0.7171469889418784, -0.7113066691895359, -0.7061146267920217, -0.7005980817446631, -0.6902171513773651, -0.6834030810272017, -0.680159510418477, -0.6707501468144174, -0.6636120591109832, -0.65679798876082, -0.6522547090147081, -0.6438210371947648, -0.637331712142733, -0.6308402032561187, -0.6207830475938046, -0.6126733931271321, -0.6058598080735426, -0.6026135683336616, -0.5915824194252397, -0.5841198290719609, -0.5737401119460975, -0.5662753377582364, -0.5607580647660169, -0.5555674782582244, -0.5429152719903009, -0.5380467616494836, -0.5279891206905956, -0.5221500141796876, -0.5166339544289028, -0.5049535575725047, -0.4929489007145489, -0.48743284096376405, -0.47899868384724686, -0.47315618026032186, -0.4598544833961352, -0.4523914077462826, -0.44460552798459385, -0.43811668822913596, -0.42935487403504397, -0.4163791357104236, -0.40794182416617625, -0.3998316844029298, -0.390419651667714, -0.3806877266001052, -0.37289966300383404, -0.36251897528482296, -0.3560284369913565, -0.34402329483682675, -0.333964440636504, -0.3281275179601786, -0.31839195316826574, -0.3093068495657638, -0.2969774474096764, -0.28302771583894826, -0.27394334018130717, -0.26777778983425915, -0.2570709009273949, -0.24993281322396077, -0.23955115491180193, -0.22981559011988917, -0.22040574121925569, -0.20742976024634835, -0.1954253460366794, -0.19218056218652005, -0.1821200094481888, -0.16525048197371975, -0.15778837691701486, -0.15162064273538448, -0.13831991646434558, -0.12923699669642608, -0.1175544160054455, -0.11009255359702755, -0.09841118614748166, -0.08543423458142659, -0.0773228815767455, -0.06823777797424357, -0.055583630520024595, -0.04552647485771039, -0.03254831005022065, -0.023139189094447975, -0.0134058081371176, 0.00022111932177446957, 0.01287526677599345, 0.02131233567195384, 0.032667501933646564, 0.04402291084362622, 0.05764959565423136, 0.0634906433514347, 0.0777670614065899, 0.08620485824741109, 0.09788331391751377, 0.11053721872344582, 0.1222156743935485, 0.13487030714434134, 0.14330592015058013, 0.15271576905121362, 0.16439568061103793, 0.17542828540918148, 0.18970373287118894, 0.19976137383007703, 0.21176651598460672, 0.2211756369403794, 0.23739737235659386, 0.24842973450645048, 0.25362129160739066, 0.26789673906939815, 0.28249741712611104, 0.2912577754304814, 0.3071550081968512, 0.31429406649343306, 0.3279209939523251, 0.3399266214034287, 0.3529045435626315, 0.36426019512089813, 0.37626339608913234, 0.39281303123120853, 0.3983286056854195, 0.41130579989976146, 0.4197416555542872, 0.4349901256692547, 0.4515370916801746, 0.46224470853189964, 0.47554761863752093, 0.48203670104126584, 0.4995588735397281, 0.507344268004843, 0.5199974448659143, 0.5362199082269895, 0.5446569771229498, 0.5553650792712488, 0.5702863776052154, 0.5806702197519567, 0.5998153907962159, 0.6066297037946662, 0.6225247527264537, 0.6332316416333179, 0.6419934558274099, 0.6517265941364534, 0.6627587136380231, 0.6848207688065802, 0.6922848150495804, 0.7016944213019269, 0.7211597273268661, 0.7273226085427579, 0.73997966777642, 0.7506860713867104, 0.7659347841499649, 0.7772887371702228, 0.7867007699054388, 0.8064905785802226, 0.8133051342269598, 0.8327709255484728, 0.8392619491385132, 0.8548332233653168, 0.8645702440469512, 0.8765732023668984, 0.8940936763273521, 0.9070735396728504, 0.9155081820859415, 0.9281616015952997, 0.944060290251391, 0.9580112350635539, 0.962229769511534, 0.9820207914277526, 0.993700217691003, 1.0073283583913297, 1.0180369458362026, 1.0284186041483614, 1.0420445610141056, 1.0566454817191056, 1.0676761453309536, 1.0835736207456104, 1.0978517373387742, 1.1082343662440808, 1.116994967196738, 1.1315934614188683, 1.1465196127185737, 1.1565774963257487, 1.168906655833549, 1.1822107791806051, 1.191619172191517, 1.2088139302606915, 1.2191980150557198, 1.23185046397193, 1.2412595849277028, 1.2539144603267824, 1.271758951640507, 1.2850621043944153, 1.2951182894635818, 1.3045293516056498, 1.3171837417081558, 1.3304854385723424, 1.3437878633813898, 1.3580633108433973, 1.368445697100417, 1.3801275498465366, 1.3911586987549585, 1.4103009580197747, 1.419708137789252, 1.4274971719786709, 1.4401513194328897, 1.4566980427955227, 1.4628614093079884, 1.4771380700114305, 1.4868719362653346, 1.5050411728771909, 1.5118550005790672, 1.5280764933469948, 1.5410565993407799, 1.5507897376498234, 1.564417393053576, 1.5770695993214998, 1.5881007482299216, 1.597834857132113, 1.6127605231352442, 1.6273602305988095, 1.636446062146172, 1.6465032178084864, 1.6601303879156655, 1.6685652729770433, 1.6838154416300193, 1.7013359155904733, 1.7075007379926603, 1.7169110721898675, 1.7285907411014052, 1.744164199162791, 1.7516277601092176, 1.7646044690269855, 1.7772583738329177, 1.7892632733391605, 1.79834934753481, 1.8110034949890292, 1.8178156241528969, 1.833065550157586, 1.843123191116474, 1.8551285759192908, 1.8655102342314496, 1.8778396363875371, 1.8904930558968953, 1.901524932750178, 1.9122323069536162, 1.9239105199754318, 1.9349440953667232, 1.9475972722277943, 1.955710566418771, 1.9680363288505545, 1.976800326879229, 1.9884790251976185, 1.9943200728948218, 2.0095666018234937, 2.0222222051674343, 2.032927638184577, 2.043312450924466, 2.0494753321403576, 2.0666730019889754, 2.0796494682584563, 2.0877613065597114, 2.0945741636684403, 2.106254317876551, 2.117611182676253, 2.126372026277197, 2.1354576151762727, 2.148434324094041, 2.1591426688906266, 2.1656310233495106, 2.174067849597184, 2.19126090912835, 2.200346740675713, 2.208135289568558, 2.217218451984764, 2.2259788102891345, 2.2379834671470906, 2.2496645919483496, 2.2577757023047433, 2.2671838526673684, 2.276593701568002, 2.28730107577144, 2.2986569699779937, 2.3070920976876588, 2.318447991894212, 2.3249385301876786, 2.333698645843762, 2.349594908016984, 2.3580317342646575, 2.3628985460674663, 2.371334159073705, 2.380094517378075, 2.388207568920765, 2.3992384751809, 2.412537988210504, 2.4151359505955567, 2.4261683127454132, 2.428765061889031, 2.4427152787563333, 2.4498533664597675, 2.462183253912429, 2.4712661736803483, 2.4771067360809775, 2.485544047625225, 2.4956012032875394, 2.500791789795332, 2.5102011533993913, 2.520583297008124, 2.524477571454547, 2.531939191214678, 2.541672572172008, 2.5507562198847884, 2.5578947928847966, 2.561465535274522, 2.575092220085127, 2.579635742479526, 2.5913134702047675, 2.601697797648083, 2.6046173509035366, 2.6085111400533854, 2.6127306450945134, 2.6221378248639904, 2.633493476422257, 2.6403073041241334, 2.650689447732866, 2.6529612089300656, 2.6636671272437824, 2.6688586843447224, 2.6756727546948857, 2.681189057093958, 2.6844331129992565, 2.6938429618998896, 2.7000080269503632, 2.706822097300527, 2.7129849785164186, 2.722068626229199, 2.7249898780226616, 2.734399484275008, 2.739914816080932, 2.749646741148541, 2.748025926437326, 2.75905853123547, 2.7603565418348484, 2.7668434404040108, 2.775604526653242, 2.781119858459166, 2.7850143755538754, 2.7947482418077794, 2.8002613897791213, 2.804158090708413, 2.809024417214648, 2.8148637663738425, 2.8200538675850613, 2.8268679379352246, 2.8258949152822646, 2.8297899176735477, 2.836924608300965, 2.843090886592874, 2.8489316916417904, 2.8541230060944436, 2.8570411034601757, 2.8612589099632952, 2.865479385597571, 2.868398696204738, 2.8735892827125302, 2.8800778798197015, 2.8830015580960335, 2.8881889901760953, 2.889164196663638, 2.897598596428442, 2.8976019935044595, 2.900845321464897, 2.9040901053150563, 2.9134967997879597, 2.9157683183368723, 2.916096460711021, 2.920312083379558, 2.9235554113399953, 2.925827900482056, 2.932639786997637, 2.9326412428873585, 2.933614265540318, 2.9401031052957762, 2.9410768558935967, 2.9414018438400156, 2.9550268301126117, 2.947889470354039, 2.9498372141979674, 2.9543792807026446, 2.9592451219123053, 2.9624903910590383, 2.9608678778098154, 2.9631403669518757, 2.962165888409194, 2.964112419011688, 2.9699522534674565, 2.9718992693665243, 2.972873019964345, 2.9696294493556206, 2.977415571765596, 2.980335610317624, 2.9767658385210463, 2.9819578809185603, 2.9861754447733926, 2.980662296802051, 2.981957638270273, 2.9874727274279103, 2.987149195371213, 2.9903922806833645, 2.989744245976823, 2.989419743326978, 2.9942867977780736, 2.990070447164676, 2.9946100871864836, 2.990393008628225, 2.9942867977780736, 2.9910422565762014, 2.9972065936818146, 2.993313047180253, 2.9946115430762053, 2.9897459445148313, 2.990069476571528, 2.9926645271771375, 2.9923412377687275, 2.989419743326978, 2.9890966965668553, 2.9920155218774482, 2.9897452165699705, 2.9887707380272888, 2.9852021794721453, 2.988771223323863, 2.988123188617321, 2.9803360956141978, 2.986499947423237, 2.9826059156251015, 2.9809841303207394, 2.974496261158429, 2.9852019368238585, 2.978064577065285, 2.9800106223712053, 2.9754687985148154, 2.974170787915437, 2.9706012587671458, 2.966710381396741, 2.9709255187687034, 2.9680062081615364, 2.9602181445652653, 2.9631391537104412, 2.95567753395031, 2.9595703525070105, 2.954052594218217, 2.9550273154091857, 2.949512711548123, 2.95080926625778, 2.942698155901385, 2.9388060652895454, 2.9401033479440635, 2.9388050946963977, 2.935233381713524, 2.9297202337421826, 2.925826929888908, 2.9245289192895294, 2.923229210152142, 2.9160928209867167, 2.9164180515814224, 2.908307911818176, 2.906359197381099, 2.9037622055891945, 2.8992225655673867, 2.895328291120965, 2.889164439311925, 2.887540955469554, 2.881053328955531, 2.8800776371714147, 2.872290786816578, 2.8677496909050486, 2.868076134741189, 2.8619103417458542, 2.858340812597563, 2.8550948155059688, 2.8570411034601757, 2.844390110433687, 2.837898116250499, 2.83757555478695, 2.830760028547065, 2.822650859376966, 2.822001368780703, 2.8112942372255523, 2.8106452319258626, 2.805131598657947, 2.797342321820241, 2.795720051219305, 2.7889064661657157, 2.779823546397796, 2.775605011949816, 2.7710605189622695, 2.7652221403962223, 2.759058288587183, 2.749973427632968, 2.7506195211532143, 2.7434821613946405, 2.73861632018498, 2.7324517404310793, 2.7269361659768685, 2.7188245703239002, 2.713308510573116, 2.7064944402229525, 2.700006813708929, 2.690920982161566, 2.6857313662469213, 2.6782695038385036, 2.6682121055279024, 2.6630188498889535, 2.6568549980799143, 2.648417929183954, 2.638685761468058, 2.637386052330671, 2.627328896668357, 2.6224606289758263, 2.619216815718815, 2.604293576198553, 2.598128025851505, 2.5883953728390354, 2.5867704331069428, 2.578986009234976, 2.5682783923832506, 2.558869756724052, 2.552056656967036, 2.546538656029956, 2.5397248283280796, 2.528694650012805, 2.526099356758909, 2.5105254134009494, 2.50825365220375, 2.4952774285825554, 2.4910574382448534, 2.4800253187432837, 2.471916149573185, 2.4631555486205277, 2.4573135303301767, 2.446282138773468, 2.439469039016452, 2.4320052354217387, 2.4161097011933776, 2.4138384252927523, 2.401183307245385, 2.3969664713354137, 2.3823665212235614, 2.3700354205294656, 2.369061184635071, 2.357382971613255, 2.3470005853562355, 2.341807815013861, 2.3262362981387703, 2.3223417810440607, 2.309039113586726, 2.2993050046845354, 2.2937891875820373, 2.284382735757421, 2.2733491603661298, 2.264263571467054, 2.2545304331580103, 2.2447972948489667, 2.2344139379987995, 2.22208550643586, 2.209108312221518, 2.20943063103678, 2.195804431522749, 2.1828279652532676, 2.1747137004691433, 2.1649822606981086, 2.153949655899965, 2.1406477163874915, 2.133832190147606, 2.1195584412236075, 2.1095000723198587, 2.102037239318293, 2.0929504371777825, 2.08257144799678, 2.0718631032001937, 2.0585604357428595, 2.0439600003344336, 2.0423379723817843, 2.031955343476478, 2.0150838748157134, 2.0050242926705297, 1.999830551735007, 1.983288196041539, 1.9703088179926145, 1.9651160476502398, 1.9505170681315351, 1.9381893645134565, 1.931699311516564, 1.9219627761315032, 1.9057407980670018, 1.8969816530040662, 1.8843292040878559, 1.8723226060436045, 1.8638872356856526, 1.8538300800233385, 1.8382566219619525, 1.8239785053687887, 1.8204099468136454, 1.799645416947893, 1.7941291145488214, 1.7866672521404035, 1.7701200434811966, 1.7581153866232409, 1.7474104389026721, 1.7341055876107552, 1.726318494607632, 1.7110692965478036, 1.7010106849957678, 1.6877099587247288, 1.6786219433427838, 1.6643481944187848, 1.6526680402106737, 1.6406638686492916, 1.6250877414567493, 1.6179508669947498, 1.6082179713339935, 1.5997809024380332, 1.58388391231995, 1.568310454258564, 1.5589010906545044, 1.5491674670488873, 1.539433358146696, 1.5241831894937201, 1.5108807646846725, 1.4998496157762506, 1.4871961962668925, 1.4774613594198405, 1.4638344319609482, 1.4463137153522077, 1.4378800435322643, 1.42846946668677, 1.4141932912799018, 1.3999168732247467, 1.388884025778316, 1.3762325474552535, 1.3613080946935567, 1.3580620976019626, 1.3376223130343416, 1.323021877625916, 1.3123152313673385, 1.3019316318688843, 1.286035127047375, 1.2763007754968971, 1.265269869236762, 1.2542355659006101, 1.2425563822856467, 1.226335132166006, 1.2201707950603928, 1.2045956384609982, 1.1906439657039747, 1.1792890420905688, 1.1659861319849474, 1.1530077245291708, 1.1406783223730834, 1.1286736655151275, 1.1156957433559247, 1.103041353253419, 1.0959047214397064, 1.0757872556873478, 1.067028595920986, 1.05080540461505, 1.0404218051165957, 1.0293901709115998, 1.0141412155000584, 1.0018139971785534, 0.9885096311832104, 0.9761787731374014, 0.9683931360239997, 0.9473058020464112, 0.9362734398965546, 0.9297821736582275, 0.9155084247342284, 0.9002575281363916, 0.8879290965734519, 0.8765705332357421, 0.8571074110453853, 0.8489943595026958, 0.8408825212014408, 0.832120464359062, 0.8146021742331906, 0.8019489973721193, 0.7909176058154104, 0.7737194506702189, 0.7649593350141355, 0.7516586087430965, 0.7396541945334276, 0.7240785526374591, 0.7120746237243643, 0.7013684627623608, 0.6890373620682648, 0.6757354225557912, 0.6650268351109184, 0.654647360633342, 0.6436135425937637, 0.6290133498336248, 0.6176567276822104, 0.6043557587628845, 0.5926748766099125, 0.5816446982946383, 0.5650960337457098, 0.5537411101323041, 0.5420614412207667, 0.5342743482176433, 0.5170771636655995, 0.5053965241609144, 0.49501559379361637, 0.4810624651468711, 0.4684102588789476, 0.4577016714340748, 0.4456977425209798, 0.43466586566769705, 0.4220107476203303, 0.41519861845646244, 0.39605684448822015, 0.3872962435355628, 0.3717220575293161, 0.3616639312738541, 0.34868455322492975, 0.3360318616604323, 0.3301915419080898, 0.31267106794763605, 0.302613426988748, 0.28606743157097586, 0.27827936797470476, 0.2659499658186173, 0.2558906263217207, 0.2510247851120598, 0.23317859526032675, 0.21890387574318007, 0.20657423093880573, 0.19489456202726838, 0.18808146227025274, 0.17380431627023674, 0.16601649532225254, 0.15466157170884673, 0.14233241220104625, 0.13032581415679492, 0.1186478437832661, 0.10729194957671258, 0.09431475536237058, 0.08328166526765315, 0.07484580961312742, 0.06511218600751012, 0.05116148384363422, 0.042076137592845377, 0.03266701663707269, 0.017741593282228234, 0.009305737627702516, -0.0026989192302533356, -0.016649136097555365, -0.03027630620473437, -0.03579236595551922, -0.04844627076145126, -0.05266456256114452, -0.07148207652782908, -0.07375456566988922, -0.08867804783843822, -0.10035917263969717, -0.10976732300232211, -0.1217729504534257, -0.13345407525468467, -0.14091496706995488, -0.15324485452261616, -0.16395392726406283, -0.16817052052574755, -0.18212340652420586, -0.1934773595444639, -0.20386047374634436, -0.21100025998778701, -0.2230022477145866, -0.23046411012300455, -0.24182024697784502, -0.2525298050158655, -0.2629095221417289, -0.26907580043363766, -0.2817292199429959, -0.2904893355990793, -0.2982771565470635, -0.31125313751997086, -0.3180672078701342, -0.33039758061936936, -0.3359133977218673, -0.3443487680798191, -0.3540821490371495, -0.3641410032374723, -0.3725763735954241, -0.3849045625100768, -0.3920436208066587, -0.40015594440448754, -0.4108630759596387, -0.4205954863238214, -0.4287061113836417, -0.435520424382092, -0.4442810253347492, -0.45044463449550176, -0.46699111520984776, -0.4699135802447449, -0.48191750915783993, -0.4877585568550433, -0.5007347804762377, -0.5078733534762456, -0.5124190597052266, -0.5250688394902808, -0.5302618524809427, -0.5403180375501091, -0.5422667519871854, -0.555568448851372, -0.5627055659616584, -0.5711414216161842, -0.5786052252108976, -0.5873658261635549, -0.5909334141255504, -0.6009905697878646, -0.6061840680751003, -0.6139721316713714, -0.6243518487972347, -0.6334359818065889, -0.6405752827514577, -0.6457678104455457, -0.6499839184106565, -0.6567977461125329, -0.6645838685225086, -0.6710741641676882, -0.6772394718664492, -0.6834033236754886, -0.6915151619767436, -0.6963831870209869, -0.7057906094387509, -0.7155237477477945, -0.7216883275016948, -0.7249348098898626, -0.7307736737524835, -0.7356421840933007, -0.7453738665126225, -0.7450508197524996, -0.7554322354163714, -0.7580289845599893, -0.7684106428721481, -0.7758732332254269, -0.7800903117836855, -0.785607584775905, -0.7895011312774667, -0.7976122416338609, -0.7976122416338609, -0.8079946278908805, -0.8125359664506968, -0.8180520262014817, -0.8229188380042903, -0.8281113656983782, -0.8329767216114652, -0.8388177693086687, -0.8456306264173973, -0.8492003982139752, -0.8543914700183415, -0.8540676953133577, -0.8605560497722419, -0.8647731283305005, -0.87126342397568, -0.8715886545703854, -0.8816450822878388, -0.8865126220355082, -0.8881339220432967, -0.8955962697482884, -0.8952729803398785, -0.9011120868507865, -0.9043575986458066, -0.9118189757576507, -0.9124684663539139, -0.914740955495974, -0.9192820514075033, -0.9222025752561049, -0.928368125603153, -0.9322594882701323, -0.9296641950162361, -0.9348559947654631, -0.9397230492165588, -0.9416688518741919, -0.9488062116327651, -0.9458871436738852, -0.9510796713679731, -0.9517272207779408, -0.9601623484876056, -0.9611360990854265, -0.9601640470256143, -0.9643808829355859, -0.9679489561941552, -0.9692474520901075, -0.9682749147337214, -0.9711942253408884, -0.9757350786041308, -0.9763857824418287, -0.9789818036405857, -0.978330857154601, -0.983522899552115, -0.9867674407539875, -0.9825532739751721, -0.9877421619449561, -0.9890406578409084, -0.9883906819480714, -0.9909874310916893, -0.9916342525567962, -0.9890409004891954, -0.9945562322951194, -0.9978022293867135, -0.9919609390412232, -0.9965005790630309, -0.995204024353374, -1.0000718067493304, -0.9955290122997925, -0.997150312307581, -1.0020168814621027, -0.9990975708549357, -0.9948797643518164, -0.9981247908502626, -1.0003955814543142, -0.9977995602555572, -0.9997477893960597, -1.0010443441057166, -0.998773310853378, -0.9984483229069595, -0.9981255187951235, -0.9974738443642779, -0.9955282843549317, -0.9990975708549357, -0.9948804922966771, -0.9942312443487009, -0.9942312443487009, -0.9890394445994738, -0.9922835005047723, -0.988065694001653, -0.9913102352035255, -0.9864443939938645, -0.986769381940283, -0.9844971354465097, -0.9848206675032066, -0.9783330409891834, -0.9828755927904342, -0.9809278489465058, -0.9754117891957208, -0.9793048504007087, -0.9744394944876218, -0.9708699653393307, -0.9689241626816976, -0.9685982041421314, -0.9637333335256182, -0.9660031535365221, -0.9588655511296618, -0.9588645805365141, -0.9536742366770086, -0.9510772448851038, -0.9523762260776301, -0.9494564301738893, -0.9436180516078421, -0.9452366824844742, -0.9400475518664034, -0.9368025253679572, -0.9332329962196662, -0.9309629335604753, -0.9228493967212118, -0.9218788005511213, -0.9225253793679411, -0.9147392569579654, -0.9108457104564037, -0.9053311065953404, -0.9040321254028143, -0.8991641003585709, -0.8994900588981372, -0.890405440592209, -0.8904056832404961, -0.8829440634803649, -0.8806708463934441, -0.8783998131411055, -0.8715867133840898, -0.8706134480828429, -0.8631496444881295, -0.8586083059283132, -0.8540657541270622, -0.8491994276208275, -0.842058913434524, -0.8365464934080432, -0.8303816710058559, -0.8235705124351358, -0.8183765288513263, -0.8199985568039755, -0.8096151999538082, -0.8083193731890121, -0.7992323284002147, -0.7976122416338609, -0.7898251486307375, -0.7843103021213873, -0.7813878370864902, -0.7719792014272914, -0.7690596481718374, -0.761922288413264, -0.7570547486655945, -0.7499156903690127, -0.7434268506135547, -0.7375882293992209, -0.7320707137587144, -0.7265558672493642, -0.7155237477477945, -0.7113078824309705, -0.7080614000428027, -0.6989762964403008, -0.6941106978789268, -0.6843770742733095, -0.6788610145225246, -0.6717212282810819, -0.6645845964673693, -0.6548517008066128, -0.6506324384137718, -0.6428451027623615, -0.6408985721598677, -0.6282458805953702, -0.6224075020293232, -0.6136447172420836, -0.609427638683825, -0.5987207497769607, -0.589638557953902, -0.5824970731744508, -0.5792539878623, -0.5695201216083957, -0.5597881965407869, -0.5519986770547942, -0.5455098372993363, -0.5377229869444998, -0.5292878592348349, -0.5231215809429262, -0.5124146920360618, -0.5036553043248393, -0.4935964501245165, -0.4867840783123617, -0.47672692265004746, -0.4689398296469241, -0.46180125664691607, -0.45758320749550974, -0.4459023253425377, -0.43681625114688805, -0.4215694795699292, -0.4196224636708613, -0.4105366321234986, -0.4008027658695944, -0.39042135020572255, -0.38458030250851916, -0.37354866830352335, -0.3719256697577263, -0.3553799169882411, -0.3443487680798191, -0.3333185897645449, -0.32455580497730524, -0.31774319051686345, -0.30833285631965607, -0.2956823485897411, -0.2888665797015692, -0.282701999947669, -0.2700502789763193, -0.2596661941812911, -0.24993281322396077, -0.2369544057681841, -0.2230046741974559, -0.2213794918170765, -0.2165143785522764, -0.2051558152145666, -0.19120753953356, -0.18601355594975047, -0.16946853112512605, -0.16589633284567884, -0.15194732921981152, -0.1405894938269625, -0.12923699669642608, -0.12144820515529414, -0.1107401030069952, -0.09581613554187235, -0.08640749988267353, -0.07667314833219542, -0.06499347942065807, -0.05655738111784542, -0.04520051631814415, -0.03092458355956283, -0.024111969099121063, -0.013730068138675297, 0.0005461072681929677, 0.00865697497630019, 0.01806876506322914, 0.03201898193053117, 0.044024124085060894, 0.05181097443989735, 0.06576143395548632, 0.07679428140191681, 0.08523037970472946, 0.09690907802311907, 0.1079392563383933, 0.12124337968544928, 0.1319500259440266, 0.14200960808921015, 0.15466181435713366, 0.16407093531290637, 0.17542877070575535, 0.18710941021044042, 0.1987890791219778, 0.21241600658086987, 0.2250691834419411, 0.2354527829403954, 0.24550896800956187, 0.2591368660616017, 0.27016922821145833, 0.28087514652517487, 0.28963526218125824, 0.30196369374419796, 0.3168900876921901, 0.32857194043830984, 0.33570881490030935, 0.35225456766979457, 0.3671804763212128, 0.3752913440293201, 0.3863227355860289, 0.40384223895333504, 0.4119548051994507, 0.42655596855273753, 0.4359636336187886, 0.44959298756055, 0.4632194297228682, 0.46938546536649006, 0.48398493018176825, 0.4982579511609064, 0.5076699838961223, 0.5206481487036121, 0.5326530482098548, 0.5459532891843198, 0.5579586739871365, 0.5683403322992953, 0.5819684729996221, 0.5972179137077372, 0.6040319840579007, 0.6189576500610321, 0.6355021895890826, 0.6445882637847322, 0.6530238767909711, 0.6669757921962817, 0.6812536661411586, 0.6906613312072095, 0.7081796213330809, 0.718564191424683, 0.7312193094720496, 0.7396546798300014, 0.7549014514069605, 0.7727483692035543, 0.7779411395459292, 0.7918911137649443, 0.8061675318200995, 0.8159001848325691, 0.8373144479428716, 0.8444537488877403, 0.8515908659980267, 0.8661915440547396, 0.8794946968086478, 0.8921466604282844, 0.9067480664298581, 0.9226445712513671, 0.929460582787826, 0.9391946916900171, 0.95703772711402, 0.9683943492654343, 0.9797502434719879, 0.9959729494813501, 1.002461546588521, 1.0219280658548948, 1.0284193320932222, 1.0469116154652012, 1.0605368443860848, 1.0712466450723923, 1.0816280607362643, 1.0955804614381486, 1.1040165597409612, 1.1208865725120043, 1.137434023819498, 1.1448978274142114, 1.1556027751347802, 1.1702044237846407, 1.1822105365323183, 1.194538482798684, 1.2049206264074166, 1.2198455644656874, 1.2305534239656992, 1.2448295993725675, 1.256185250930834, 1.272408684885057, 1.2850616190978412, 1.2980388133121834, 1.3097213940031638, 1.3178303205249757, 1.3304871371103508, 1.344437353977653, 1.3570905308387242, 1.3645548197300115, 1.383371848400122, 1.3986198332185158, 1.4106257033179062, 1.4206828589802205, 1.4349587917388018, 1.4417740753304, 1.4544270095431842, 1.4680524811123545, 1.4829771765223383, 1.4897931880587971, 1.503094642274697, 1.515100997670661, 1.5264556786357801, 1.538459850197162, 1.5543578109083929, 1.5637664465675916, 1.5764220499115322, 1.587129666763257, 1.601080854223707, 1.6153548457959928, 1.6247644520483395, 1.6393668286430607, 1.645531165748674, 1.664347466473924, 1.6721350447736212, 1.684789920172701, 1.696470074380812, 1.7100965165431306, 1.7182088401409592, 1.7305370290556121, 1.7448134471107672, 1.7532461483375628, 1.765576278438511, 1.778557112377157, 1.7892637586357343, 1.8019169354968056, 1.8148936444145738, 1.8265762251055544, 1.8343628328121038, 1.8463694308563552, 1.8632372597928157, 1.8690800060280275, 1.8807604028844258, 1.8901690385436245, 1.9002261942059386, 1.9128813122533055, 1.9268315291206073, 1.9381883939203086, 1.9450005230841767, 1.957980386429675, 1.9680394832782846, 1.9823127469057096, 1.992696103755877, 1.9991859141044825, 2.014758886869295, 2.0218974598693027, 2.0309813502303697, 2.0439609709275812, 2.0553171077824217, 2.0650495181466044, 2.073809633802688, 2.0858157465503653, 2.0987929407647075, 2.109175812318301, 2.1172859520815472, 2.133184155441065, 2.139997740494654, 2.146488764084695, 2.1604389809519966, 2.171146597803722, 2.1815282561158806, 2.194506906219944, 2.2006710006772705, 2.2152711934374096, 2.2224102517339914, 2.236686184492573, 2.2383069992037874, 2.249340331946792, 2.258100690251162, 2.2691330524010187, 2.2775681801106837, 2.2915193675711336, 2.3022243152917024, 2.3048225203250414, 2.3135821506845513, 2.3304509502141593, 2.3414850109020247, 2.3437558015060764, 2.355436683659048, 2.3664663766777485, 2.3758776814681037, 2.3823650653338397, 2.3940452195419515, 2.4018325551933617, 2.4057280428812184, 2.4187032959092654, 2.4287633633510226, 2.435576220459751, 2.444013046707425, 2.4547184797245674, 2.465102321871309, 2.46964487367256, 2.478732161109644, 2.4894356529404913, 2.5017652977448654, 2.5030623377510963, 2.5147449184420774, 2.5209087702511166, 2.531938705918104, 2.5387522909716935, 2.543944818665781, 2.552381159616881, 2.558219780831215, 2.5673048844337165, 2.5799575759982143, 2.5838518504446366, 2.5903397196069466, 2.5994253085060226, 2.608509441515377, 2.614025743914449, 2.6221385528088517, 2.6247336034144606, 2.636414000270859, 2.6435533012157277, 2.6545837221792885, 2.658152038086145, 2.6643175884331933, 2.670482896131954, 2.6740507267422364, 2.686380128898324, 2.692219720705806, 2.6951402445544073, 2.7019545575528574, 2.7142827464675103, 2.7181745944310634, 2.722070324767208, 2.7324531963208014, 2.7363452869326412, 2.7395910413759483, 2.7477014237874817, 2.7541926900258087, 2.7613278659498, 2.769762265714604, 2.7687923974893742, 2.7772277678473256, 2.783716850251071, 2.7882574608660264, 2.795073472402485, 2.80091282156168, 2.8038331027619945, 2.810320971924305, 2.814215974315588, 2.822973906137089, 2.823948384679771, 2.8320599803327386, 2.8353030656448897, 2.8404963212838386, 2.840171575985707, 2.850552991649579, 2.859960171419056, 2.852502434031516, 2.86126012320473, 2.86645168030567, 2.872291514761439, 2.8748887492016304, 2.8862439154633233, 2.883972154266124, 2.8872174234128574, 2.8943547831714307, 2.8992213523259522, 2.899871085570502, 2.9031153841240878, 2.9128482797848445, 2.910579187718801, 2.9154435730387407, 2.9238791860449793, 2.923231879283299, 2.9219336260356332, 2.930045949633462, 2.9300447363920274, 2.9352367787895415, 2.9404283358904815, 2.941400873246868, 2.9446444438555925, 2.9478904409471864, 2.951781803614166, 2.9498379421428282, 2.9563250833602774, 2.957949052499222, 2.9540559912942346, 2.95827331250078, 2.964111933715114, 2.9663841802088875, 2.9696287214107597, 2.968007664051258, 2.9725480320179267, 2.9790373570699584, 2.9783898076599904, 2.978064577065285, 2.9800106223712053, 2.975469769107963, 2.985200966230711, 2.9852012088789976, 2.9839041688727668, 2.988446235377444, 2.988447205970592, 2.9881217327275995, 2.993961809831655, 2.99266355658399, 2.9887707380272888, 2.9949353177811893, 2.9907175112780697, 2.9936390057198192, 2.995259577782747, 2.9968813630871094, 2.9968830616251174, 2.996882333680257, 2.997531581628233, 2.994936288374337, 2.994286555129787, 2.9959073698410013, 2.997532309573094, 2.994935560429476, 2.9949353177811893, 2.9946103298347704, 2.9936382777749584, 2.9946115430762053, 2.996882333680257, 2.9890966965668553, 2.993962537776516, 2.9887704953790015, 2.984877434174014, 2.988446235377444, 2.9923412377687275, 2.9868234794799338, 2.990716540684922, 2.9806596276708945, 2.9835786956297747, 2.9780648197135724, 2.982607128866536, 2.9761165905730698, 2.9731980079107636, 2.976442306464349, 2.9715745240683926, 2.971573310826958, 2.972224257312943, 2.9686556987577997, 2.9657351749091982, 2.961189953976791, 2.961842599000784, 2.957947353961214, 2.952758223343143, 2.953728576864947, 2.9495100424169665, 2.9472414356474976, 2.944970887691732, 2.9391295973462426, 2.9394531294029393, 2.9355600681979515, 2.9352355655481066, 2.930369239041872, 2.92323018074529, 2.9238806419347005, 2.9209593901412383, 2.914795053035625, 2.9144693371443458, 2.9131735103795497, 2.9076576932770517, 2.903114656179227, 2.89597681112408, 2.890786952561148, 2.8868941340044474, 2.8859189275169044, 2.8829979183717294, 2.8823503689617618, 2.8752117959617536, 2.871967497408168, 2.865153912354579, 2.860936348499746, 2.8563933114019213, 2.8489302357520687, 2.8502267904617256, 2.8469837051495746, 2.8349802615330537, 2.832384968279157, 2.826866239397216, 2.820380554069488, 2.817135527571042, 2.8122679878233727, 2.8083727427838023, 2.8015613415647955, 2.7953965191626082, 2.788908892648585, 2.7794990437479514, 2.7798218478597874, 2.770088709550744, 2.7678176762984057, 2.7603555712417007, 2.7577588220980824, 2.7441311666943298, 2.743807634637633, 2.7389398522416766, 2.7350463057401146, 2.7246656180211035, 2.72401539947998, 2.713958001169379, 2.7100639693712436, 2.69611302455908, 2.694490511309857, 2.6870286489014394, 2.6798900759014312, 2.67340147879426, 2.6678849337469015, 2.6588005580892604, 2.6532844983384756, 2.6445265665169746, 2.638035542926934, 2.6325194831761496, 2.622462084865548, 2.6127296745013657, 2.612078970663668, 2.6029948376543137, 2.594882271408198, 2.5851496183957283, 2.576714248037776, 2.5695756750377683, 2.5611395767349556, 2.554328175515949, 2.545566361321857, 2.5397257989212276, 2.5338854791688847, 2.526099356758909, 2.5173394837511127, 2.5089024148551524, 2.503384899214646, 2.4887885888270977, 2.483271073186591, 2.475159962830197, 2.4651011086298737, 2.4618570527245756, 2.4498528811631934, 2.4391440510700337, 2.4326564245560105, 2.4255176089077155, 2.4105948546840272, 2.40637607758776, 2.4028033940117393, 2.3839885491762107, 2.3768502188244898, 2.366142601972765, 2.3612743342802345, 2.348622855957172, 2.3401860297094985, 2.333698160547188, 2.3226655557490448, 2.314228972149658, 2.3031980658895232, 2.293140424930635, 2.2850295572225274, 2.2801620174748582, 2.263291034110668, 2.2545301905097235, 2.245121554850525, 2.2370099591975565, 2.2263025849941185, 2.2188407225857008, 2.2074857989722947, 2.1912601811834893, 2.185097057319311, 2.1734166604629124, 2.160764939491563, 2.15492146531149, 2.143892742885938, 2.136753199292782, 2.121828989179372, 2.1111206443827863, 2.1052808099270175, 2.0965216648640816, 2.081596484157524, 2.07023986200611, 2.0621297222428634, 2.053369363938493, 2.038120165878665, 2.0287103169780316, 2.0209220107334733, 2.0092440403599445, 1.9969139102589963, 1.9842600054530644, 1.9790665071658284, 1.9625214823412043, 1.9531130893302922, 1.9417554965857304, 1.9297503544312005, 1.919044678765771, 1.9106083378146714, 1.9024957715685555, 1.8898430800040582, 1.8739448766445406, 1.864213194225219, 1.850585296173179, 1.8408511872709878, 1.8314406104254937, 1.81684235885165, 1.8077570126008613, 1.7947783624967975, 1.785691803004574, 1.7736903005743483, 1.7623319798849255, 1.7512998603833556, 1.7347536223172968, 1.7269665293141732, 1.7182073842512375, 1.7036052503048031, 1.6870609534250396, 1.6782993818792347, 1.6669415464863855, 1.6588316493714261, 1.6429356298464908, 1.635146353008785, 1.617627092289766, 1.609838786045208, 1.5968615918308657, 1.583884154968237, 1.5773938593230574, 1.559225593304349, 1.550141217646708, 1.5358645569432658, 1.5238582015473017, 1.5092601926217448, 1.5008221531326367, 1.4888182242195416, 1.4742173035145418, 1.4618879013584545, 1.4505329777450486, 1.4369050796930087, 1.427496201385523, 1.4132192980337939, 1.3986198332185158, 1.3895361855057353, 1.3810981460166274, 1.3642286185421582, 1.3538462322851386, 1.3467064460436962, 1.3321072238767047, 1.314586749916251, 1.3022578330567374, 1.2990115933168564, 1.2772740407981442, 1.2672156718943954, 1.2542382350317662, 1.2425575955270813, 1.2282804495270654, 1.221143817713353, 1.2049208690557036, 1.1912939415968116, 1.176369003538541, 1.1669584266930466, 1.1530074818808838, 1.1455446488793182, 1.1296469308163746, 1.1131009353986023, 1.1036913291462558, 1.0920123881795794, 1.078708992777384, 1.0644333026670896, 1.0524264619745514, 1.0436675595599028, 1.0264730441390153, 1.0196575178991303, 1.0047313665994249, 0.9898086123757368, 0.9755321943205815, 0.9667706227747765, 0.9541157473756967, 0.9382206984439094, 0.9255665509896903, 0.9132376341301769, 0.9005820307862362, 0.8905241471790613, 0.8801415182737546, 0.8648928055105003, 0.8535364260073729, 0.838935990598947, 0.8298518575895927, 0.8188194954397361, 0.8016240094257008, 0.7873480766671195, 0.7740444386166373, 0.7636639935459132, 0.7526309034511958, 0.7403017439433953, 0.7269995617826348, 0.7166166902290413, 0.70396351336797, 0.690009899424651, 0.6741136372514289, 0.6666505616015762, 0.6530238767909711, 0.640693018745162, 0.6309608510292664, 0.6212264994787882, 0.6020837549173982, 0.5926751192581994, 0.5741830785345072, 0.5641232537410368, 0.5589324245849573, 0.5443322318248183, 0.5313518831827462, 0.518052127504855, 0.5099388333138783, 0.4963114205584125, 0.4839820184023251, 0.47003010299701453, 0.4586763926250434, 0.4479668345870228, 0.4375863895162987, 0.42558051941690817, 0.4109815398982038, 0.3970310803826148, 0.38534971293306897, 0.3701007575215276, 0.3632864445230773, 0.34901051176449593, 0.33830168167133623, 0.32532594334671583, 0.31396956384358843, 0.30034287903298335, 0.2954736407473053, 0.2805499159304694, 0.2678955258279635, 0.256539388973123, 0.2425884441609602, 0.22961100729833125, 0.2205268742889771, 0.21306210010111593, 0.19749034057773845, 0.19262377142321674, 0.17704764423067448, 0.16504468591072718, 0.15596031025308604, 0.13681732304340913, 0.13065104475150036, 0.12156739703872005, 0.10404813631970095, 0.09398806887794355, 0.08295691996952158, 0.07387327225674127, 0.06284163805174545, 0.05116075589877342, 0.041426161700008374, 0.03331626458504889, 0.01741733328067054, 0.00963048292583408, -0.007239772493495755, -0.01502759344147995, -0.02184287703307799, -0.03579091006579761, -0.04520245750443962, -0.05007048254868295, -0.06564466855492973, -0.08154044543157796, -0.08997678638267755, -0.09711608732754634, -0.10847198153409987, -0.12144747721043334, -0.13053427935094378, -0.13734883499768102, -0.14967629596747298, -0.1590856595715326, -0.16979327642325762, -0.18212243593105812, -0.19380234749088243, -0.19964266724322494, -0.21521612530461093, -0.22559754096848283, -0.2307907966074316, -0.23987565756164655, -0.2547979264887609, -0.2580431956354941, -0.27070001222086937, -0.2791353825788212, -0.28821757440187995, -0.3005467339096804, -0.31449913461156487, -0.31742038640502734, -0.330072107376377, -0.33558719653401414, -0.34759403722655235, -0.3583011687817036, -0.36219398733840447, -0.3741984015480734, -0.38555405310634, -0.39496511524840816, -0.4050220282624354, -0.40859058681757854, -0.42124473427179754, -0.42838403521666635, -0.4400603070521867, -0.44687680388521933, -0.45855525955532206, -0.4637487578425577, -0.4712106202509757, -0.47964647590550147, -0.4919761207098758, -0.4978144992759228, -0.507548608178114, -0.5153359438295243, -0.5253940700849863, -0.5318848510267397, -0.5383719922441891, -0.5471318652519855, -0.5536207050074435, -0.5653030430501371, -0.5682235668987388, -0.5773069719632322, -0.5912579167753951, -0.5964499591729091, -0.6000194883212, -0.6078053680828888, -0.6172132757972268, -0.6275988164819766, -0.6295434058981749, -0.6425215707056646, -0.643170333357067, -0.656151409944, -0.6561489834611307, -0.6668561150162817, -0.6759397627290621, -0.6782115239262614, -0.6856758128175487, -0.6950834778835999, -0.6967050205396753, -0.7064398573867273, -0.7135779450901614, -0.7213657660381456, -0.7272060857904881, -0.7307746443456313, -0.7379127320490655, -0.7440760985615309, -0.750564938316989, -0.7525129248092044, -0.7593269951593679, -0.7693831802285342, -0.7739262173263591, -0.7797645958924062, -0.7823640141671804, -0.7937172392425775, -0.7963149589793432, -0.7998835175344863, -0.8079938999460197, -0.814807970296183, -0.8177284941447847, -0.8284356256999359, -0.8297329083544536, -0.8326514910167598, -0.837843533414274, -0.8414147611005733, -0.8534157782342253, -0.8537424647186522, -0.8563375153242616, -0.862178563021465, -0.8634780295105651, -0.8667213574710029, -0.8790476051993601, -0.8839158728918903, -0.8865106808492127, -0.8884584246931413, -0.8939744844439261, -0.8946244603367631, -0.9020860800968942, -0.9053303786504797, -0.9144147543081208, -0.9098717172102959, -0.9153889902025155, -0.9173343075635747, -0.9222025752561049, -0.925771861756109, -0.9322599735667061, -0.9325842335682638, -0.9351800121187339, -0.9436161104215466, -0.9445891330745066, -0.9458885995636067, -0.9494554595807414, -0.9497809328237339, -0.953026444618754, -0.9530262019704671, -0.960161377894458, -0.9598393017274827, -0.9650281896972667, -0.9660043667779568, -0.9708699653393307, -0.9728169812383984, -0.9737892759464977, -0.9763862677384025, -0.9796303236437011, -0.9796315368851358, -0.9806031036483742, -0.986119163399159, -0.9818989304131703, -0.9822263448424581, -0.9883904392997845, -0.9861208619371676, -0.9887149419496292, -0.9942302737555532, -0.9926072752097562, -0.9909869457951155, -0.9974750576057125, -0.997800045552131, -0.9984475949620987, -0.9952064508362433, -1.0016940773502667, -0.9968265376025971, -1.0026651588169313, -1.0029920879496452, -1.0042884000110153, -0.998773310853378, -1.0013688467555613, -1.0007205694007328, -0.996503733490761, -0.995854000246211, -0.9974753002539994, -1.0003953388060274, -0.9994232867462151, -1.0026671000032268, -1.0007205694007328, -0.9939072269954301, -0.9987737961499519, -0.9958523017082025, -0.9984475949620987, -1.0013676335141264, -0.9913129043346817, -0.9958535149496371, -0.9932572511025932, -0.9926072752097562, -0.9903376978471392, -0.9932570084543062, -0.9903374551988523, -0.983199852791992, -0.9851446848564773, -0.981576854246195, -0.9819013568960396, -0.9812521089480635, -0.9783325556926095, -0.9754115465474339, -0.9737892759464977, -0.9711937400443146, -0.9728157679969638, -0.966326685593219, -0.9679489561941552, -0.9650298882352751, -0.958541533776391, -0.960810625842434, -0.9578915578835541, -0.9527016993206224, -0.9481593901676584, -0.9504296954751361, -0.9419943251171843, -0.9400473092181165, -0.9397232918648457, -0.9338824868159292, -0.93323348151624, -0.9290154323648337, -0.9283649711754229, -0.9218773446613995, -0.9157132502040732, -0.9118199463507984, -0.9095484278018859, -0.9056556092451851, -0.9050032068694789, -0.8962467309376995, -0.8988425094881696, -0.8952729803398785, -0.8900794820526429, -0.8874854020401813, -0.8803480422816079, -0.8725597360370498, -0.8696394548367352, -0.8709374654361137, -0.8628261124314327, -0.8579588153320501, -0.8501726929220744, -0.8479019023180229, -0.8440078705198872, -0.8397898213684809, -0.8355720148653616, -0.8219448447581825, -0.820323302102107, -0.814485166184347, -0.8102651758466453, -0.8083181599475773, -0.8028030707899403, -0.7946943869164155, -0.794365759245693, -0.7826863329824425, -0.7774947758815023, -0.7726296626167022, -0.767438105515762, -0.7602997751640409, -0.7547832301166821, -0.7440782823961134, -0.7408334985459539, -0.7372625135079415, -0.7320716843518622, -0.7239615445886156, -0.7171465036453045, -0.711629715949659, -0.7061146267920217, -0.6980040017322016, -0.6908663993253412, -0.6843768316250225, -0.6788598012810899, -0.6736682441801497, -0.6629625685147201, -0.6610145820225046, -0.652904684907545, -0.6421975533523938, -0.6353849388919521, -0.6262978941031547, -0.6227303061411593, -0.6133214278336736, -0.6061840680751003, -0.5993690271317892, -0.5922302114834943, -0.5854180823196263, -0.576657966663543, -0.5643302630454641, -0.5607590353591646, -0.5545946982535512, -0.5455098372993363, -0.5370744669413844, -0.5338287124980774, -0.5224725756432369, -0.5111181373264049, -0.5069005734715725, -0.498787036632309, -0.49035215157093104, -0.4780239626562782, -0.47348092555845345, -0.46309878194972076, -0.45271542509955337, -0.44265948267867383, -0.436170400274929, -0.42935535933161784, -0.4212437636786498, -0.4059962641568301, -0.4011287244091606, -0.3917188755085272, -0.3839315398571168, -0.3738743841948026, -0.3634927258826438, -0.35245866519477864, -0.34402329483682675, -0.33526463507046494, -0.3245579888118876, -0.3216369796667121, -0.3096335360501909, -0.2995734686084335, -0.2895165555944062, -0.2797829319887889, -0.2674530445361276, -0.2590159756401672, -0.25609642238471325, -0.24214547757255045, -0.22819429011210068, -0.22462451831552283, -0.2119706135095908, -0.20256173520210502, -0.1866637744908744, -0.1804987094404003, -0.16979279112668377, -0.16395028753975882, -0.1493520359659153, -0.14059070706839719, -0.12793898609704754, -0.11755465865373244, -0.11139032154811913, -0.09451812494249383, -0.08802904253874896, -0.0763486456823508, -0.0656422420720604, -0.05396087462251451, -0.04941759487640275, -0.03222356475208908, -0.02508474910379415, -0.019893192002853936, -0.00010314067978322693, 0.016119080033005086, 0.016769541222415946, 0.024880894227097036, 0.03947987374580139, 0.05602781034986901, 0.06478889659910016, 0.07387302960845434, 0.08490417851687629, 0.09853328981035075, 0.10761596692998335, 0.12091887703560465, 0.13097579004963192, 0.14233386809076784, 0.15174371699140132, 0.16829019770574735, 0.1780228507182169, 0.18775695962040811, 0.2010598697260294, 0.21111872392635211, 0.22539368609178573, 0.23512609645596838, 0.24713220920364581, 0.2614076566656533, 0.2698420564304574, 0.2802256559289117, 0.2958025110663148, 0.3052084775943573, 0.3201351141906364, 0.33246354575357606, 0.33765704404081176, 0.34836296235452835, 0.36426068041747195, 0.3762636387374193, 0.3924873153399292, 0.398653593631838, 0.4139015784502316, 0.42752899120569754, 0.43531632685710786, 0.4466722210636614, 0.4632182164814335, 0.4690585362337761, 0.4852814848914252, 0.4959903149845849, 0.5118870624543809, 0.5187008901562573, 0.5342738629210694, 0.5475779862681254, 0.558933395178105, 0.5719113173373079, 0.5855355756650437, 0.5952721110501041, 0.6056542546588369, 0.6176584262202188, 0.6351776869392379, 0.64393950113333, 0.6549725912280473, 0.6669757921962817, 0.6799539570037714, 0.6948791377103289, 0.705586754562054, 0.7188882087779537, 0.7282985429751611, 0.7428984930870131, 0.7584729217415468, 0.7678830132904673, 0.7802109595568331, 0.7931881537711751, 0.8045459891640241, 0.8191459392758762, 0.8301756322945766, 0.842181987690541, 0.8525634033544128, 0.8694351146634642, 0.8807910088700178, 0.891174851016759, 0.909017886440762, 0.9203747512404632, 0.9327022122102552, 0.9427639781900211, 0.9580112350635539, 0.9693683425115421, 0.9774792102196493, 0.992403905629633, 1.0095986636988075, 1.0173884258330872, 1.0300406321010107, 1.0417217569022696, 1.0576180190754916, 1.07254392772691, 1.0829263139839296, 1.093309913482384, 1.105313599747192, 1.121537033701415, 1.131918692013574, 1.148464930079633, 1.158849742819522, 1.170203938488067, 1.177992002084338, 1.1977827813522697, 1.207192630252903, 1.2221185389043214, 1.2299041760177232, 1.244505582019297, 1.256185250930834, 1.2707842304495385, 1.2827903431972159, 1.2931732147508095, 1.3048538542554944, 1.318479811121239, 1.33307903328823, 1.3457336660390231, 1.3580630681951105, 1.3694206609396726, 1.3804522951446683, 1.3963490426144642, 1.403488100911046, 1.42295462017742, 1.4287946972814756, 1.4420976073870966, 1.454104205431348, 1.4677296770005186, 1.4790841153173506, 1.4897941586519448, 1.50374413287096, 1.5163990082700396, 1.5293749892429471, 1.541705361992182, 1.5514399561909473, 1.5653909010031102, 1.5770705699146474, 1.5877781867663725, 1.6017313154131179, 1.6121127310769896, 1.631254262396945, 1.6383916221555184, 1.6484507190041282, 1.6581845852580321, 1.6718117553652112, 1.6834894830904532, 1.6945233011300314, 1.7087989912403259, 1.71788312424968, 1.7305358158141775, 1.7418926806138786, 1.7571423639702808, 1.7659022369780772, 1.775311115285563, 1.788938528041029, 1.7996449316513192, 1.8122990791055384, 1.8233319265519687, 1.8317668116133468, 1.8447454617174104, 1.85610087062739, 1.8690792780831667, 1.881732697592525, 1.8927655450389553, 1.9041207113006482, 1.9138536069614047, 1.9255337611695158, 1.9375396312689064, 1.9462985336835552, 1.9592774264359059, 1.9657674794327984, 1.9852330281060244, 1.9917235663994908, 2.00632375915963, 2.0121643215602596, 2.0274132769718007, 2.0300112393568535, 2.0478533041877083, 2.0572609692537593, 2.0653740207964493, 2.0764066255945925, 2.0884107971559747, 2.099117928711126, 2.1075535417173645, 2.1253958491965066, 2.129940827480627, 2.14129599374232, 2.148110792037344, 2.159141698297479, 2.1704983204488935, 2.182826024066972, 2.1928848782672947, 2.1996987059691713, 2.209431844278215, 2.2233835170352383, 2.230197344737115, 2.2389572177449115, 2.2551806516991344, 2.261344260859887, 2.2720484806355947, 2.275296904210058, 2.292816407577364, 2.301251777935316, 2.308713882992021, 2.320395493089854, 2.3272085928468695, 2.338890688241276, 2.3457013615154225, 2.3512196051007894, 2.3661435725659126, 2.366469045808905, 2.38171533208929, 2.3917763701241954, 2.4008605031335493, 2.4092968440846487, 2.4161099438416644, 2.4281155712927682, 2.4368752016522777, 2.4446608387656794, 2.455692958267249, 2.4586132394675637, 2.4693220695607234, 2.4784037760872084, 2.4900853861850414, 2.4985200285981324, 2.5079313333884876, 2.5105246854560885, 2.5212327876043874, 2.5273978526548615, 2.5355096909561166, 2.54653914132653, 2.5559494755237373, 2.558220508776076, 2.570873685637147, 2.575739284198521, 2.578335305397278, 2.591639671392621, 2.593585959346828, 2.6068888694524492, 2.6175930892281576, 2.6188932836621177, 2.630898425816648, 2.6370620349774008, 2.6442001226808345, 2.6532859542281972, 2.6565307380783567, 2.6659386457926946, 2.671455676136627, 2.683135102399878, 2.6863803715466106, 2.6905974501048693, 2.7000070563572156, 2.708441941418594, 2.716228549125143, 2.7185010382672035, 2.729207927174068, 2.726611420678737, 2.7431588719862305, 2.7460798811314064, 2.7506212196912223, 2.7535410155949633, 2.763599869795286, 2.764249117743262, 2.775604284004955, 2.7785248078535565, 2.7859878835034095, 2.7921505220710143, 2.7983170430112096, 2.8005875909669746, 2.8018865721595008, 2.810646930463871, 2.8197303355283645, 2.8255696846875593, 2.825570655280707, 2.831411217681336, 2.836277786835858, 2.842766383943029, 2.8463354277947466, 2.852502191383229, 2.8596390658452284, 2.859962840550212, 2.8645049070548896, 2.868399181501312, 2.876509806561132, 2.8787796265720362, 2.8855946675153468, 2.882351096906622, 2.887218394006005, 2.8956520658259484, 2.8959772964206536, 2.897924312319722, 2.905710434729697, 2.908306213280167, 2.9131735103795497, 2.915120040982044, 2.920634887491394, 2.921609123385789, 2.9248531792910875, 2.9310192149347087, 2.9313429896396928, 2.937182824095461, 2.938805337344685, 2.9433481317942225, 2.944320183854035, 2.948213973003883, 2.9491879662499914, 2.9482147009487445, 2.9547032980559154, 2.9579478392577876, 2.956326781898286, 2.9657351749091982, 2.965085684312935, 2.963788401658417, 2.967357202861847, 2.9712517199565567, 2.9683324093493897, 2.976766809114194, 2.9780631211755635, 2.977416299710457, 2.980334397076189, 2.9796863623696477, 2.987472484779623, 2.9861756874216794, 2.9826068862182495, 2.9848779194705877, 2.9910415286313405, 2.988447691267166, 2.9903939792213725, 2.987473455372771, 2.9871487100746394, 2.9907177539263565, 2.989744245976823, 2.9907177539263565, 2.9926642845288507, 2.996882333680257, 2.9962330857322805, 2.9926642845288507, 2.999153852229169, 2.9926645271771375, 2.995910766917018, 2.9942877683712217, 2.995585536322313, 3.0001261469372684, 2.9968837895699787, 2.9959095536755838, 2.992988787178695, 2.994611785724492, 2.9916922324690383, 2.9900692339232413, 2.9877972300777547, 2.9936370645335235, 2.989419500678691, 2.9881222180241735, 2.9887704953790015, 2.9855254688805553, 2.990393008628225, 2.982931388868094, 2.9816341062135763, 2.9826061582733883, 2.981634348861863, 2.975145266458118, 2.9751445385132578, 2.9754680705699545, 2.9680079066995453, 2.9650873828509434, 2.9728710787780495, 2.9676797643253967, 2.9660599202073294, 2.9660601628556167, 2.964112904308262, 2.956648615416974, 2.958595631316042, 2.9547032980559154, 2.948538960950302, 2.951782046262453, 2.9439959238524773, 2.9384818052879877, 2.936858564093904, 2.9342630281917206, 2.9303680258004374, 2.929071956387354, 2.9326405149424972, 2.922257400740617, 2.9212836501427963, 2.9157692889300195, 2.9134970424362465, 2.90927899328484, 2.9034386735324977, 2.90603348148982, 2.901167640280159, 2.8930579858134866, 2.8885134928259406, 2.8855956381084953, 2.87748379980724, 2.8755377545013197, 2.871967497408168, 2.865477929707849, 2.863532369698503, 2.8606123311464757, 2.85801533935457, 2.851526499599113, 2.8450388730850893, 2.8382252880315, 2.8346540603452004, 2.8323852109274443, 2.8281657058863163, 2.8258949152822646, 2.8164848237333446, 2.8122679878233727, 2.809022961324926, 2.8005868630221133, 2.7928009832604253, 2.7879346567541905, 2.782741886411815, 2.7782012757968597, 2.7726844881012145, 2.769762508362891, 2.7626258765491785, 2.755164742085621, 2.7470519331912184, 2.7467269452448, 2.7392636269466606, 2.7321262671880873, 2.7259616874341868, 2.72012330886814, 2.712010742622024, 2.709415449368128, 2.7026008937213906, 2.6918944901111, 2.690596236863435, 2.6763217599945746, 2.671455676136627, 2.667236656392073, 2.661720839289575, 2.6506887197880054, 2.6445265665169746, 2.6373877508686796, 2.6289523805107278, 2.6234346222219345, 2.614999009215696, 2.606240106801047, 2.6029950803026, 2.590341903441529, 2.585473635748999, 2.5822283666022656, 2.5682783923832506, 2.5595185193754544, 2.553029436971709, 2.5484859145773107, 2.5384287589149968, 2.5296679153140524, 2.520908284954543, 2.517014738452981, 2.505658358949854, 2.4998180391975113, 2.4949514700429893, 2.4829455999435988, 2.4741871828255237, 2.466724349823958, 2.4543930064815753, 2.45082541851958, 2.440120228150724, 2.432330951313018, 2.419678502396808, 2.4138364841064566, 2.407996164354114, 2.3937233860232627, 2.382042018573717, 2.377173265584613, 2.368414848466538, 2.3544639036543753, 2.3525159171621595, 2.342780352370247, 2.332398451409801, 2.319098453083623, 2.3145542027443637, 2.303522325891081, 2.292490206389511, 2.2837310613265753, 2.2759442109717387, 2.2642655126533495, 2.2555024852178227, 2.2431755095446047, 2.231169639445214, 2.226626359699102, 2.2142984134327364, 2.2039172404171516, 2.1987251980196376, 2.183475029366661, 2.1727674125149363, 2.1610870156585382, 2.1529771185435784, 2.14454150553734, 2.1344814380955826, 2.123451259780308, 2.1189077373859098, 2.102036754021719, 2.0923031304161017, 2.0819217147522298, 2.077378677654405, 2.0624534969478474, 2.0517461227444094, 2.0368223979275735, 2.026115509020709, 2.0196256986721033, 2.000807699408845, 2.0004824688141394, 1.9858822760540007, 1.981014736306331, 1.9677120688489969, 1.9524648119754637, 1.942729975128412, 1.9300782541570625, 1.9177456975732448, 1.9060653007168467, 1.8973063983021978, 1.8833549681934612, 1.8745941245925168, 1.8593441985878278, 1.85253206942396, 1.8405264419728562, 1.8252765159681672, 1.8171649203151992, 1.8019174207933797, 1.794130570438543, 1.7850454668360412, 1.7733638567382082, 1.7600619172257348, 1.7464342618219817, 1.7383248500035962, 1.7253449866580979, 1.712367307147182, 1.7032824461929672, 1.6909537719817405, 1.6802456698334416, 1.665970707668008, 1.6529913296190837, 1.6465034604567732, 1.6341723597626774, 1.6179515949396106, 1.6056214648386624, 1.594914575931798, 1.5812876484729061, 1.5699322395629263, 1.5585753747632252, 1.5465712032018433, 1.532944761039525, 1.521264606831414, 1.5125040058787564, 1.500821182539489, 1.4907640268771747, 1.4768142953064467, 1.4602670866472398, 1.4560478242543988, 1.4404724250067173, 1.4330132317294557, 1.412572719216974, 1.4038106623745952, 1.3934258496347063, 1.375907316860548, 1.3642276479490105, 1.3528724816873179, 1.3444351701430706, 1.3249684082284099, 1.3162082925723264, 1.3022585610015982, 1.2886301776529845, 1.2772735555015702, 1.264296603935515, 1.256185008282547, 1.2435298902351806, 1.2308767133741092, 1.211411649997457, 1.1981070413538273, 1.1896709430510146, 1.1802623073918157, 1.1614455213699921, 1.1530084524740316, 1.141976090324175, 1.1267273775609206, 1.116344991303901, 1.1049893397456343, 1.0920109322898577, 1.0731924477300254, 1.0650813373736312, 1.0517786699162968, 1.0404222904131695, 1.030038933563002, 1.0134953646280993, 1.0011635359891424, 0.9865645564704382, 0.9790980837445684, 0.9635282654074866, 0.9534679553174421, 0.9385432599074585, 0.9284829498174141, 0.9132376341301769, 0.9047998372893556, 0.8837122606634802, 0.8749492332279536, 0.8619732522550463, 0.8548334660136037, 0.8382874705958315, 0.8275803390406803, 0.8133034356889511, 0.7974091147020246, 0.7870245446104226, 0.7779374998216253, 0.7665828188565064, 0.7480905354845273, 0.74062624659324, 0.7276478391374632, 0.7136959237321527, 0.7036397386629862, 0.6900115979626595, 0.6754109199059466, 0.6666508042498631, 0.6539964141473572, 0.6423169878841068, 0.6290143204267724, 0.6173336809220873, 0.603057505515219, 0.5897562939476062, 0.5839145183055421, 0.5686653202457138, 0.5537411101323041, 0.5433594518201452, 0.530056299066237, 0.5193491675110857, 0.5086417933076476, 0.495663385851871, 0.4849562542967198, 0.4693830388836207, 0.4593258832213065, 0.4453729972228482, 0.4349898830209678, 0.4242839647072512, 0.41260381049913997, 0.3967051218430486, 0.3840521876302643, 0.37399260548508073, 0.3623136645184042, 0.35355209297259915, 0.33992540816199407, 0.33181381250902603, 0.3136455464903177, 0.30358547904856026, 0.2902840248326606, 0.28314375329464403, 0.26465316846067344, 0.25394603690552225, 0.24485972006158568, 0.235123912621386, 0.22084967840081315, 0.21111629744348281, 0.19748864203972993, 0.18645919166931652, 0.17737263217709298, 0.16309767001165937, 0.14914696784778347, 0.14103610013967627, 0.13130102064433735, 0.11442979463185979, 0.10858898958294336, 0.095286322125609, 0.08328239321251393, 0.06998142429318811, 0.06316517010844233, 0.05213450649659425, 0.040454109640196086, 0.02942393132492186, 0.01968885182958295, 0.0028176258171053806, -0.001401393927448682, -0.014378830790077624, -0.02670701970473037, -0.036117596550224645, -0.045202942801013495, -0.05396257316052304, -0.0695357885736221, -0.07505330421412855, -0.09095102227707223, -0.1055507297406374, -0.1100915830038798, -0.11593384394251782, -0.12956271258770535, -0.13961695647057637, -0.14805378271824982, -0.16460026343259582, -0.16590167110799142, -0.18212243593105812, -0.19217910629679846, -0.20385974580148353, -0.21424286000336398, -0.21910942915788567, -0.23533116457410014, -0.24052296432332732, -0.25090801971150317, -0.2596681353675866, -0.27199632428223935, -0.2755656107822434, -0.28951922472556246, -0.30087269244924664, -0.30801005220781996, -0.31904120111624196, -0.326829750009087, -0.3333195603576926, -0.3492138813446193, -0.35732596229416114, -0.3664122791380977, -0.3690095135782895, -0.38393105456054294, -0.3923686087530772, -0.3978836979107143, -0.41572940246587353, -0.42221848486961844, -0.4283811234372232, -0.4407110108898844, -0.45044511979207563, -0.45628616748927897, -0.46115176605065294, -0.47315666555689573, -0.48062095444818304, -0.4877585568550433, -0.49846301927903824, -0.5075493361229748, -0.5114433679211103, -0.5208529741734569, -0.5325316724918465, -0.5364252189934082, -0.5494038690974719, -0.5591377353513761, -0.5601124565423446, -0.570495813392512, -0.5802287090532685, -0.5867151223258571, -0.593854180622439, -0.598396247127116, -0.6097540825199651, -0.616242922275423, -0.6207837755386655, -0.6314904217972428, -0.6308433576838489, -0.6396042012847932, -0.6525809102025613, -0.6603665473159631, -0.6649107976552225, -0.6730204521218951, -0.6837280689736203, -0.6863240901723773, -0.6931384031708275, -0.6976802270272177, -0.7077368973929581, -0.7139039036297276, -0.7187704727842493, -0.725260040484568, -0.7346669776057584, -0.7323976428914283, -0.7466713918154273, -0.7502418915568659, -0.755756738066216, -0.7632193284194948, -0.7674371349226142, -0.7781425679397569, -0.7784692544241839, -0.7856073421276181, -0.7891766286276221, -0.7963149589793432, -0.8011824987270126, -0.8105894358482029, -0.8125362090989837, -0.8187012741494578, -0.8225926368164371, -0.8248651259584973, -0.83589700281178, -0.8375190307644294, -0.8430358184600749, -0.8508214555734768, -0.850497680868493, -0.8592587671177241, -0.869963229541719, -0.8654235895199113, -0.8745072372326916, -0.8745094210672739, -0.8806696331520094, -0.8852143687878429, -0.8907299432420537, -0.89462470298505, -0.8930026750324007, -0.8998135909548342, -0.904033338644249, -0.9069543477894244, -0.9114968995906754, -0.9176595381582802, -0.9160379955022048, -0.925772104404396, -0.9238248458570413, -0.9322590029735585, -0.9348540535791677, -0.9403725398128219, -0.9387502692118856, -0.9465349357321398, -0.9484826795760682, -0.9481598754642323, -0.9520517234277854, -0.9562680740411832, -0.9565935472841756, -0.9604875790823111, -0.9601640470256143, -0.9617851043851158, -0.9679501694355899, -0.9663276561863667, -0.9721691891801438, -0.9708694800427569, -0.9711942253408884, -0.978007567746191, -0.9822263448424581, -0.9877397354620867, -0.9857936901561666, -0.983199610143705, -0.9851483245807815, -0.9874169313502505, -0.9831991248471312, -0.9913102352035255, -0.9942324575901356, -0.9903374551988523, -0.9922851990427809, -0.9955292549480794, -0.9935824816972986, -0.9965022776010395, -0.997473601715991, -0.9971510402524417, -1.0007205694007328, -0.9984500214449681, -1.0003946108611665, -0.9961785028960556, -0.9981262467399843, -1.0007203267524458, -1.0010445867540034, -0.9968272655474579, -1.0013703026452827, -0.9968282361406057, -0.9994218308564934, -1.0000708361561825, -0.9990975708549357, -0.9994225588013542, -0.9955287696515056, -0.9961782602477687, -0.9981238202571149, -0.9981247908502626, -0.9961775323029078, -0.9939069843471432, -0.9909874310916893, -0.993907712292004, -0.991961424337797, -0.9922842284496332, -0.99066171520041, -0.9900129525490077, -0.986119163399159, -0.9835238701452628, -0.9887120301701859, -0.984172875444952, -0.9818999010063181, -0.9773585624465018, -0.9757377477352871, -0.9747630265443186, -0.973464773296653, -0.967626637378893, -0.9685984467904183, -0.9643813682321598, -0.9627581270380758, -0.9627593402795105, -0.9575672978819963, -0.9549722472763871, -0.949779719582299, -0.9530249887290323, -0.9510779728299645, -0.9497792342857252, -0.9445898610193674, -0.9387495412670249, -0.938426251858615, -0.9319352282685746, -0.927718392358603, -0.9251209152701242, -0.9218783152545472, -0.9170119887483125, -0.9134424596000216, -0.9134417316551608, -0.9046821012956512, -0.9088996651504837, -0.8994883603601286, -0.8994900588981372, -0.8942999576869185, -0.8868363967404921, -0.8878096620417391, -0.8783998131411055, -0.8761292651853408, -0.8719119439787953, -0.8654233468716244, -0.861851633888751, -0.8563380006208354, -0.8508216982217637, -0.8521206794142899, -0.8453058811192657, -0.838166822822684, -0.8323284442566368, -0.824543049791522, -0.8245396527155049, -0.8174037488466531, -0.8092914252488244, -0.8063723572899442, -0.7992323284002147, -0.795989243088064, -0.7898227221478682, -0.7839855568232558, -0.7813863811967685, -0.7739254893814984, -0.7667878869746381, -0.7606240351655986, -0.7570540207207338, -0.7495914303674551, -0.742779301203587, -0.7382369920506231, -0.7330459202462568, -0.7252585845948465, -0.7216883275016948, -0.7103338891848628, -0.7051425747322094, -0.7018975482337632, -0.6915156472733174, -0.6866471369325002, -0.6782122518711222, -0.6759397627290621, -0.6649083711723532, -0.6600430152592662, -0.6483643169408765, -0.6477131278066048, -0.6383042494991191, -0.631166404443972, -0.6246778073368009, -0.6146191957847652, -0.6078051254346017, -0.5974227391775822, -0.5876905714616865, -0.5854175970230525, -0.580227253163547, -0.5688708736604196, -0.5630312818529378, -0.5532974155990336, -0.5468063920089932, -0.5390209975438783, -0.5318846083784528, -0.52117602093358, -0.5146876664746959, -0.5052778175740624, -0.4974909672192259, -0.4880823315600271, -0.4806194985584614, -0.46958883494661335, -0.4643965499008123, -0.45855574485189593, -0.4442810253347492, -0.4377909723378567, -0.4277333313789686, -0.4163764665792673, -0.41410616127178956, -0.40469631237115605, -0.38782678489668704, -0.3810122292499498, -0.3716023803493163, -0.3667365391396554, -0.3583006834851297, -0.34370024807670374, -0.3352641497738911, -0.3206644423103259, -0.3167687119741819, -0.315794961376361, -0.30022198861154886, -0.2882180596984538, -0.2823765267046766, -0.2713473189825501, -0.2580441662286419, -0.24960758262925536, -0.24084770962145885, -0.23046556601272616, -0.22105523181551878, -0.21261913351270617, -0.20158774195599727, -0.19217910629679846, -0.18114795738837647, -0.1694673178836914, -0.16168046752885495, -0.15356984246903466, -0.1415622738316356, -0.13215606465530616, -0.11690638129890399, -0.10717348563814748, -0.09808668349763702, -0.08932632519326668, -0.07991914542378947, -0.06758780208140658, -0.054935353165196134, -0.04422749366518414, -0.03157553004554756, -0.02313821850130024, -0.012107797537739079, -0.001074464794734712, 0.00800869762147173, 0.021634411838929127, 0.029748433974766494, 0.040130577583499194, 0.055704035644885186, 0.0670584739617171, 0.06868341369380959, 0.08652741971096026, 0.09950582716673692, 0.11280728138263663, 0.11994658232750544, 0.13227380064901045, 0.144606357232828, 0.15239078110479512, 0.16342241530979096, 0.17997132250700631, 0.18743294226713736, 0.20040940853661854, 0.2120905333378775, 0.2208521048836825, 0.23480304969584534, 0.24810426126345814, 0.25718985016253393, 0.2724390482223622, 0.2821726718279795, 0.2909342433737845, 0.3078047414414013, 0.3191616062411025, 0.33311109516354376, 0.33992589345856794, 0.3538770809190177, 0.3616663577567235, 0.3775631052265194, 0.3911893047405507, 0.40481598955115583, 0.4109815398982038, 0.4233109420542912, 0.43271860712034227, 0.4495912890225415, 0.46256921118174427, 0.4736015733316009, 0.48722874343877987, 0.49728711234252876, 0.5076687706546876, 0.5271357752176353, 0.5345976376260533, 0.5446577050678106, 0.558933395178105, 0.5722367905803003, 0.5871605153971362, 0.595595885755088, 0.600138437556339, 0.6183084021130558, 0.6306382895657172, 0.6429669637769437, 0.6549689515037433, 0.6653542495402063, 0.6799541996520583, 0.6909846206156195, 0.7039637560162569, 0.7205107220271768, 0.7286223176801448, 0.7367327000916782, 0.7552276525948136, 0.7662590441515225, 0.7802107169085462, 0.7925391484714859, 0.8051935385739917, 0.8168744207269638, 0.826285240220745, 0.8408847050360232, 0.8577547178070661, 0.8668407920027157, 0.8807897956285832, 0.8931221095641138, 0.9067480664298581, 0.9161569447373439, 0.9297829016030882, 0.942114244945471, 0.958984257716514, 0.9661238013096697, 0.9839675646785334, 0.9927301068174862, 1.0073288436879035, 1.0154418952305932, 1.0326366532997677, 1.0465868701670697, 1.0546984658200378, 1.0692998718216113, 1.080655766028165, 1.0991495052898657, 1.10823363829922, 1.1221857963528175, 1.1325693958512717, 1.1455468327139007, 1.157226501625438, 1.171177203789314, 1.1844801138949352, 1.1968092734027356, 1.2110844782164563, 1.2182237791613248, 1.2299051466108708, 1.2448288714277067, 1.262023629496881, 1.2711089757476701, 1.284736145854849, 1.299336823911562, 1.3022571051118765, 1.3184805390660996, 1.3347030024271747, 1.3447618566274977, 1.3551427869947956, 1.3681207091539984, 1.3801273071982498, 1.3931054720057396, 1.408353942120707, 1.4161415204204042, 1.4307421984771171, 1.444043167396443, 1.4550757721945866, 1.4716220102606457, 1.4758417579500605, 1.4904414654136255, 1.5034201155176894, 1.5157497603220635, 1.530997987788744, 1.5394352993329914, 1.5514392282460865, 1.5644166651087155, 1.583234421723687, 1.5884271920660618, 1.6036759048293163, 1.6127593098938096, 1.6254139426446026, 1.6370957953907221, 1.650397249606622, 1.6614269426253223, 1.6740823033209762, 1.6877102013730156, 1.6954968090795652, 1.710094332708548, 1.7224254334026439, 1.727617233151871, 1.7438392112163725, 1.753572106877129, 1.768822275530105, 1.7775828764827624, 1.7918590518896305, 1.7999696769494506, 1.8168430867965109, 1.8233331397934036, 1.8372838419572792, 1.8453949523136735, 1.8538310506164861, 1.8635641889255297, 1.8791381322834895, 1.8943870876950308, 1.9083365766174722, 1.9154758775623408, 1.9235884438084565, 1.9385131392184403, 1.945975729571719, 1.9579806290779618, 1.9680375420919891, 1.9826387054452759, 1.9891282731455946, 2.0040519979624305, 2.0167054174717887, 2.021573685164319, 2.029685523465574, 2.046231761531633, 2.059209198394262, 2.0666727593406886, 2.0806222482631296, 2.0900311265706155, 2.1004147260690695, 2.1104747935108272, 2.1215037585846668, 2.1279950248229937, 2.1361054072345276, 2.1490842999868778, 2.164980319511813, 2.171471343101853, 2.180879008167904, 2.1899643544186933, 2.200346740675713, 2.2117023922339794, 2.2256535796944292, 2.2347396538900792, 2.243500012194449, 2.253881670506608, 2.25874823966113, 2.267835284449927, 2.2785409601153566, 2.291518639626273, 2.30190199647644, 2.3057967562194364, 2.317799471891097, 2.3281818581481164, 2.3369441576387824, 2.343107766799535, 2.349921351853124, 2.3628990313640403, 2.3706858817188765, 2.3807432800294777, 2.3901528862818244, 2.40313056579274, 2.4092968440846487, 2.4154614238385492, 2.4300606460055403, 2.4401192575575763, 2.444661081413966, 2.454719207669428, 2.4582880088728585, 2.4719159069248984, 2.4787297346267745, 2.4894356529404913, 2.4946267247448577, 2.508578397501881, 2.5102011533993913, 2.5218822782006503, 2.5335602485741795, 2.541023809520606, 2.5455678172115785, 2.550757918422797, 2.5637353552854263, 2.5724952282932225, 2.578336275990426, 2.585150588988876, 2.5913151687427765, 2.5974790205518157, 2.607213372102294, 2.611755438606971, 2.622786587515393, 2.628950681972719, 2.637063005570548, 2.641930302669931, 2.64712113182601, 2.6555565021839618, 2.6617201113447146, 2.6695081749409857, 2.6802150638478497, 2.6815123465023674, 2.6880011862578255, 2.700979351065315, 2.703252810800523, 2.7116862399721797, 2.7152557691204704, 2.7262891018634745, 2.7292076845257807, 2.735372264279681, 2.7421863346298445, 2.748027382327048, 2.7541909914878, 2.7590573179940354, 2.767816220408684, 2.776576336064767, 2.778200547851999, 2.785662895556991, 2.783390649063217, 2.794097295321795, 2.8028574109778783, 2.8041563921704045, 2.810321457220879, 2.8177835622775835, 2.8168102969763367, 2.829462988540834, 2.830762455029934, 2.836926306838974, 2.840820581285396, 2.846336641036181, 2.849904471646463, 2.8580155820028574, 2.8576927778910215, 2.8625593470455435, 2.870994474755208, 2.8735897680091043, 2.8722927280028734, 2.883325575449304, 2.882025138367056, 2.8881919019555387, 2.8953278058243908, 2.895653764363957, 2.90019534557206, 2.903115869420662, 2.908306213280167, 2.910904418313507, 2.9157692889300195, 2.919337604836876, 2.9264752072437363, 2.9293959737406245, 2.92939476049919, 2.934262057598573, 2.93620834555278, 2.941074672059015, 2.9417251332484255, 2.940102134702628, 2.9485377477088672, 2.9501607462546646, 2.951460455392051, 2.955351332762457, 2.9602188725101257, 2.960220085751561, 2.961842356352497, 2.9644364363649585, 2.9660606481521903, 2.9689785028696356, 2.9693056746506366, 2.9744952905652813, 2.9767658385210463, 2.9735215399674604, 2.978711883826966, 2.980335367669337, 2.980661326208903, 2.982931388868094, 2.988769524785854, 2.980658899726034, 2.9852026647687193, 2.9910412859830537, 2.988771223323863, 2.9887704953790015, 2.994612271021066, 2.9887721939170104, 2.9916900486344558, 2.993962537776516, 2.993962537776516, 2.993638035126671, 2.997205865736954, 2.993961324535081, 2.9926637992322767, 2.994936288374337, 2.993638035126671, 2.9955843230808785, 2.9994773842858664, 2.99234026717558, 2.9991536095808824, 2.9955843230808785, 2.993962537776516, 2.992989757771843, 2.9916912618758906, 2.9894178021406828, 2.992015279229161, 2.9897452165699705, 2.9926645271771375, 2.9936365792369495, 2.9913655459846114, 2.9913655459846114, 2.987474425965919, 2.987473455372771, 2.9881205194861646, 2.9819561823805514, 2.9848767062291532, 2.978064577065285, 2.979036143828524, 2.971253418494565, 2.975792330571512, 2.9744945626204204, 2.974816881435683, 2.966385150802035, 2.967358658751569, 2.9663841802088875, 2.961516640461218, 2.959571808396732, 2.9592451219123053, 2.9547032980559154, 2.958920133965887, 2.9527557968602736, 2.948538233005441, 2.944968946505437, 2.9420493932499836, 2.938480349398266, 2.936533576147485, 2.930368996393585, 2.9310160605069786, 2.925502427239063, 2.924853907235948, 2.91674231158298, 2.9190121315938837, 2.9128482797848445, 2.910252258586087, 2.903763904127203, 2.901167882928446, 2.900194860275486, 2.8933810325736093, 2.8888399366620803, 2.883645467781697, 2.8804035957109804, 2.8810518730658092, 2.87326526535926, 2.867425430903491, 2.8635311564570687, 2.859637852603794, 2.8531497407931967, 2.8495802116449056, 2.8421171359950534, 2.8408188827473877, 2.8359527988894397, 2.832059737684452, 2.829462988540834, 2.823299136731795, 2.8125932184180784, 2.814539506372285, 2.8064283960158907, 2.8002635736137034, 2.794747513862919, 2.7859881261516963, 2.7830668743582336, 2.7785248078535565, 2.7733327654560425, 2.770088709550744, 2.7623025871407685, 2.7558130194404495, 2.7489987064419994, 2.7454289346454215, 2.741210400197441, 2.73050642307002, 2.7240170980179883, 2.7197978356251475, 2.7155783305840195, 2.705198128161582, 2.701305552253168, 2.694814771311415, 2.6860551409519053, 2.6746999746902125, 2.6730762481995547, 2.6613963366397306, 2.6575015768967343, 2.655556987480536, 2.645173630630368, 2.6347917296699226, 2.6315457325783282, 2.6260301581241174, 2.6149994945122694, 2.611755438606971, 2.6049406403119466, 2.596180524655863, 2.5845015836891867, 2.57509197743684, 2.5724949856449353, 2.565358353831223, 2.5559487475788765, 2.5494596651751316, 2.5387520483234067, 2.5319374926766693, 2.5286951353093796, 2.518635553164196, 2.505659572191288, 2.500791304498758, 2.4910574382448534, 2.4810010105274003, 2.479052538738611, 2.467696644532057, 2.459586262120524, 2.4485555985086758, 2.4436878161127193, 2.4284374048114565, 2.424544100958182, 2.4122163973401025, 2.405077581691808, 2.3969640448525444, 2.3830147985783903, 2.3797714706179525, 2.3680903458166935, 2.3612743342802345, 2.352192142457176, 2.337590979103889, 2.331102624645005, 2.3203964636830015, 2.312931932143427, 2.3015765232334475, 2.2973587167303284, 2.2843803092745514, 2.273671721829679, 2.262319952644003, 2.2568017090586356, 2.2483648828109626, 2.237008260659548, 2.225979780882282, 2.217542469338035, 2.2061868177797685, 2.1938564450305336, 2.1850977852641718, 2.1760124390133826, 2.1662790580560523, 2.1549231638494986, 2.144864067000889, 2.130264844833898, 2.1211802265279696, 2.1137164229332566, 2.1069030805279536, 2.094574648965014, 2.085490758603947, 2.07088959525066, 2.0660225407995645, 2.0491522853802344, 2.040066211184585, 2.0277368090284975, 2.0128133268599484, 2.008593821818821, 1.9982121635066616, 1.9878295346013553, 1.9761491377449572, 1.9667395314926106, 1.9540861119832522, 1.9446745645446104, 1.9352688406648548, 1.9206664640701332, 1.906717460444266, 1.897628959765747, 1.8898442932454929, 1.8768646725482814, 1.8612919424317564, 1.8531788908890667, 1.8440952431762865, 1.8281965545201948, 1.8174903935581916, 1.809054295255379, 1.7983466784036537, 1.7837479415332365, 1.7710928234858696, 1.7623319798849255, 1.7500035483219858, 1.7370253835144962, 1.7272920025571659, 1.714313837749676, 1.7036067061945248, 1.692251539932832, 1.6808954030779917, 1.6669422744312463, 1.6575343667169085, 1.6416368913022517, 1.631254019748658, 1.6208709055467776, 1.609838786045208, 1.5955635812314872, 1.5835589243735315, 1.5696074942647948, 1.559549853305907, 1.544948932600907, 1.5355395689968474, 1.526129477447927, 1.5112057526310911, 1.501471158432326, 1.4816806218126815, 1.4735675702699917, 1.4657807199151554, 1.4508565098017456, 1.440150106191455, 1.4213323495764838, 1.416139093937535, 1.407380434171173, 1.390183492267416, 1.3749355074490226, 1.366498195904775, 1.3551437575879435, 1.3415153742393295, 1.328536238838692, 1.3132872834271507, 1.3038791330645259, 1.289928188252363, 1.2769495381482994, 1.268512711900626, 1.2526137805962478, 1.2419088328756789, 1.2289304254199023, 1.2191946179797026, 1.2013525531488474, 1.1929164548460347, 1.1757199982388518, 1.167606946696162, 1.1523587192294815, 1.143598603573398, 1.1254303375546897, 1.1130997221571677, 1.1049881265041996, 1.0926594522929731, 1.0770869648247348, 1.0647570773720734, 1.05696682994122, 1.043016370425631, 1.0290671241514768, 1.0199822631972617, 1.004730881302851, 0.9898083697274499, 0.9797483022856923, 0.9670960960177689, 0.9515211820666613, 0.938544958445467, 0.9291353521931205, 0.9164802341457539, 0.9051231266977656, 0.8921459324834236, 0.8736529211665836, 0.8632712628544248, 0.8483448689064326, 0.8412062959064247, 0.8275798537441065, 0.815250451588019, 0.8003264841228962, 0.7886451166733504, 0.7743701545079167, 0.7630149882462239, 0.7526299328580481, 0.7406264892415269, 0.7305669070963433, 0.7153196502228105, 0.7036382827732646, 0.6880645820635918, 0.6783304731614005, 0.6643797709975247, 0.6530229061978233, 0.6426412478856645, 0.6299858871900108, 0.6163611435657012, 0.6037057828700475, 0.5955941872170795, 0.579372937097439, 0.5673665817014745, 0.5553636233815272, 0.543033493280579, 0.5281107390568908, 0.5151323316011142, 0.5076678000615399, 0.4959883737982895, 0.4826857063409551, 0.47197808948923003, 0.4586759073284695, 0.44764403047518675, 0.43726188686645406, 0.4210399088019527, 0.40708702280349435, 0.39735339919787704, 0.3863237061791767, 0.3726945948857022, 0.36036446478475403, 0.3441436999616873, 0.33732890166666313, 0.3292192471999906, 0.31169755999810217, 0.3061802870058826, 0.29385331133266457, 0.2795764079809355, 0.26822148436752974, 0.25978368752670855, 0.2464841744971043, 0.23220678584880136, 0.22052614634411627, 0.2124126095048528, 0.19911236853038777, 0.18580994372134033, 0.17542561627802522, 0.1611506541125916, 0.15109277050541658, 0.14395541074684326, 0.13097676064277966, 0.12124192379572768, 0.10437239632125864, 0.09625983007514288, 0.08749947177077254, 0.0751683710766766, 0.06543474747105929, 0.05181048914332348, 0.03721053903147138, 0.031043532794701807, 0.019362650641729783, 0.00638691231710938, -0.0023753871735564406, -0.01275680283742834, -0.023464904985727272, -0.03806315655957083, -0.05006951195553522, -0.05526058375990156, -0.07050929652315599, -0.07699837892690087, -0.08900279313656978, -0.10230473264904336, -0.1081465082911075, -0.12079944250389182, -0.13053330875779606, -0.14351098826871195, -0.14773219184784842, -0.16687250992636904, -0.16979327642325762, -0.1821214653379104, -0.1954253460366794, -0.2009397072494557, -0.2119706135095908, -0.22105765829838814, -0.23273732720992552, -0.24798579732489298, -0.253501371779104, -0.26388424333269744, -0.27264435898878087, -0.27783640138629495, -0.2898410582442508, -0.2982773991953504, -0.3099565828103139, -0.3193688581938167, -0.32488127822029755, -0.3313713312171902, -0.34726856398356004, -0.35700291553403807, -0.3634907846963483, -0.37387414154651566, -0.3836082504487069, -0.3884762754929502, -0.40437326561103304, -0.4102128574185148, -0.42059621426868216, -0.4267598234294347, -0.43973823088521136, -0.44622755593724317, -0.4543391515902112, -0.4660195484466093, -0.47121183349241036, -0.48126826120986377, -0.49002886216252106, -0.496844388402406, -0.5094965946703295, -0.5153349732363766, -0.5231232794809346, -0.5312360883753373, -0.5383710216510413, -0.5448630158342295, -0.5578387541588498, -0.5578414232900061, -0.5724394322155627, -0.5792542305105869, -0.5863915902691602, -0.5902870779570174, -0.5983955191822553, -0.613969705188502, -0.6139716463747975, -0.6240288020371116, -0.6292201164897651, -0.6399272480449161, -0.644793574551151, -0.6483623757545811, -0.6613393273206362, -0.667505362964258, -0.6749684386141106, -0.6785377251141146, -0.6824295730776678, -0.6918377234402927, -0.6996270002779985, -0.7067658159262935, -0.7122816330287913, -0.7187685315979537, -0.7307734311041966, -0.7314243775901814, -0.7424547985537424, -0.7456990971073281, -0.752187936862786, -0.7521898780490814, -0.7664633843247934, -0.7716554267223076, -0.772303704077136, -0.777172942362814, -0.7839850715266818, -0.7904746392270006, -0.79663849103604, -0.7995597428295025, -0.8102668743846537, -0.8096154426020951, -0.8154572182441593, -0.8251881727186203, -0.8297333936510275, -0.8342749748591308, -0.8401148093148995, -0.839466289311784, -0.848551150265999, -0.8543902567769068, -0.8602315471223972, -0.8625025803747357, -0.8686676454252098, -0.8725599786853369, -0.8780755531395479, -0.8806723022831656, -0.8822948155323888, -0.8881348926364445, -0.8913784632451691, -0.8975428003507824, -0.9014382880386396, -0.9082489613127859, -0.9082504172025074, -0.9150627890146623, -0.9166884566916156, -0.9212290673065711, -0.9234991299657619, -0.9280419244152999, -0.9325852041614116, -0.9332344521093877, -0.9374508027227856, -0.9400451253835341, -0.9436170810146943, -0.9455640969137621, -0.9510779728299645, -0.9507532275318331, -0.953999467271714, -0.9546472593299686, -0.9598383311343348, -0.9621096070349604, -0.968922706791976, -0.9643816108804467, -0.9698957294449361, -0.9698964573897968, -0.9750863159527285, -0.9737900038913585, -0.9767093144985256, -0.9815758836530473, -0.9806031036483742, -0.9819028127857612, -0.9857946607493143, -0.9835231422004019, -0.9861201339923068, -0.9848218807446413, -0.9900119819558599, -0.991311691093247, -0.9883921378377931, -0.9961772896546209, -0.9974755429022863, -0.9948787937586686, -0.9984488082035333, -0.9952047522982348, -0.9958513311150547, -0.9971510402524417, -1.0010433735125688, -1.0039638973611704, -1.0052604520708275, -1.0013690894038483, -0.9945564749434064, -1.003315620006342, -1.0010441014574296, -0.9965025202493264, -0.9997477893960597, -0.9974760281988603, -0.9984492935001072, -1.0010450720505775, -1.0016933494054059, -1.0010448294022904, -0.9968267802508841, -0.9984475949620987, -0.9974753002539994, -0.9932587069923148, -0.9968267802508841, -0.9942300311072663, -0.9896903910854585, -0.9893646751941793, -0.9916340099085093, -0.9909867031468285, -0.990338668440287, -0.98676962458857, -0.9819023274891874, -0.9802790862951034, -0.9835243554418366, -0.975088257139024, -0.9796288677539795, -0.9776833077446333, -0.9734650159449401, -0.9728179518315463, -0.9695719547399522, -0.9685984467904183, -0.9640554096925935, -0.9663269282415059, -0.9575694817165787, -0.9630823870396336, -0.9591878699449241, -0.9543242125698456, -0.9514039313695308, -0.9507510436972506, -0.9458869010255981, -0.9413455624657819, -0.9374515306676464, -0.9351783135807255, -0.9377767612623518, -0.9267441564642083, -0.9273934044121844, -0.924471667322148, -0.9160379955022048, -0.9183085434579694, -0.9092251383934761, -0.9076004413096705, -0.9076018971993921, -0.903383120103125, -0.8962469735859864, -0.8923529417878507, -0.891701995301866, -0.8819695849376834, -0.8813217928794288, -0.8748312545859623, -0.8719107307373606, -0.8667194162847074, -0.8605560497722419, -0.8589335365230186, -0.8511459582233214, -0.8482251917264327, -0.8417373225641226, -0.8371959840043063, -0.8378425628211262, -0.8300557124662897, -0.8235671153591188, -0.8164326673799885, -0.809292881138546, -0.8102651758466453, -0.7989090389918048, -0.7959897283846378, -0.7872296127285543, -0.7865781809459957, -0.7774952611780762, -0.7700336414179452, -0.7703564455297812, -0.7580275286702677, -0.754457271577116, -0.751537960969949, -0.7437518385599733, -0.7369382535063838, -0.7320704711104273, -0.727529375198898, -0.7184440289481091, -0.7151994877462368, -0.7067648453331458, -0.7028703282384363, -0.6905423819720704, -0.685674842224401, -0.6778879918695645, -0.6749681959658237, -0.665232145877337, -0.6574479646536568, -0.6512828996031828, -0.6425225412988125, -0.6379792615527007, -0.6288956138399203, -0.6214322955417808, -0.6152674731395937, -0.6084548586791519, -0.5951529191666783, -0.5948284165168337, -0.5831477770121486, -0.5769817413685268, -0.5714668948591766, -0.5604359885990415, -0.551349429106818, -0.5432402599367193, -0.5354514683955874, -0.5283136233404402, -0.5218238129918346, -0.5133879573373088, -0.50560207757562, -0.4961948978061429, -0.4900283768659472, -0.48029523855690376, -0.4760757335157758, -0.46504628314536234, -0.4559602089497128, -0.44492954533786466, -0.43357340848302417, -0.4277335740272555, -0.4212435210303629, -0.4124843759674272, -0.4004782632197498, -0.38944735695961474, -0.38458103045338, -0.371603593590751, -0.3651128126489976, -0.3573271755355958, -0.3440242654299745, -0.3381844309742058, -0.33136866208603394, -0.3170932146240265, -0.30995609751374004, -0.3011962245059435, -0.288217331753593, -0.2807542561037404, -0.26972456308504, -0.2616122394872112, -0.2557721623831556, -0.24117099902986883, -0.22949157276661838, -0.22527473685664673, -0.21359288411052696, -0.20093873665630801, -0.1925036089466431, -0.17822986002264415, -0.16946853112512605, -0.1639510154846196, -0.15032530126716223, -0.14091593766310262, -0.12696475020265285, -0.11787891865529013, -0.1120385989029476, -0.09873835792848257, -0.08575873723127121, -0.0789429683430993, -0.07050759798514744, -0.052988094617841416, -0.04552720280257119, -0.03222259415894135, -0.020543167895690932, -0.011783052239607515, 0.0021666793311206477, 0.008335141457611833, 0.024231160982546976, 0.029748676623053426, 0.043698408193781596, 0.05310849974270201, 0.06511412719380559, 0.07679331080876908, 0.08587623057668858, 0.09820878716050613, 0.1072929201698603, 0.12027181292221086, 0.13032751269480347, 0.14006234954185542, 0.15336525964747674, 0.16731644710792654, 0.16958772300855202, 0.18678369431916114, 0.20138388707930016, 0.21111702538834362, 0.2211763648852402, 0.23447806174942687, 0.24583516919741505, 0.2565410875111316, 0.2717910135158207, 0.2837942144840549, 0.2958005698800193, 0.30034384962613103, 0.31818615710527315, 0.32824646719531747, 0.3425214293607511, 0.35322856091590227, 0.3619881912754118, 0.3739943040230893, 0.38956679149132756, 0.3983281203888456, 0.41260381049913997, 0.42655499795958984, 0.43466659361255783, 0.4479692610698922, 0.4577036126203703, 0.471005309484557, 0.48365945693877593, 0.4953398537951741, 0.5053989506437837, 0.5219442181166951, 0.5303815296609424, 0.5449819650693684, 0.5550391207316826, 0.5693157814351247, 0.5842404768451084, 0.5972181563560242, 0.6056549826036977, 0.6176598821099405, 0.6329071389834733, 0.6455610437894054, 0.6582151912436243, 0.667624312199397, 0.6793068928903776, 0.6935820977040981, 0.7049355654277824, 0.716617418173902, 0.7308933509324834, 0.7422492451390369, 0.755226439353379, 0.766584032097941, 0.7808594795599484, 0.7941628749621437, 0.8048680653309994, 0.8181709754366207, 0.8308256081874135, 0.845750788893971, 0.8567809672092452, 0.8694331734771688, 0.8788439929709501, 0.8966896975261092, 0.906098575833595, 0.9190750421030762, 0.9281625721884474, 0.9473033755635419, 0.952172371200933, 0.9648255480620043, 0.9791017234688725, 0.9894841097258922, 1.0108978875396206, 1.017062224645234, 1.0336084627112931, 1.0459400487019628, 1.0605387855723802, 1.070597397124416, 1.0796810448371963, 1.0946076814334755, 1.1085571703559167, 1.1202385378054627, 1.133541690559371, 1.1471691033148368, 1.1604712854755974, 1.168257407885573, 1.1805860820967995, 1.1951884586915211, 1.203300296992776, 1.2201710377086799, 1.2315257186737985, 1.2458026220255276, 1.2584567694797464, 1.2698119357414392, 1.2831126620124782, 1.2970657906592233, 1.3061508942617253, 1.3171820431701473, 1.3275651573720277, 1.3437881060296768, 1.3548202255312465, 1.371041718299174, 1.3833699072138268, 1.3953752920166433, 1.411922743324137, 1.4206831016285075, 1.4274959587372362, 1.4485859618459809, 1.4547517548413158, 1.463512113145686, 1.4761635914687488, 1.490440494820478, 1.5086107020254818, 1.5147757670759558, 1.528402209238274, 1.5374860995993411, 1.5537092909052774, 1.562145874504664, 1.578692112570723, 1.592968530625878, 1.6027019115832086, 1.6108139925327505, 1.623792399988527, 1.6361205889031798, 1.6500720190119167, 1.6598066132106815, 1.671812483310072, 1.683817140168028, 1.6980913743886006, 1.7136648324499868, 1.713667016284569, 1.7328083049562375, 1.744487731219488, 1.7519520201107752, 1.7681739981752767, 1.776934841776221, 1.7899132492319976, 1.7993216422429092, 1.8132742855930806, 1.8236557012569525, 1.8343638034052516, 1.8463672470217727, 1.8599946597772388, 1.8632392009791112, 1.882381945540501, 1.89503293856699, 1.9028227007012697, 1.916448414918727, 1.926182523820918, 1.9398094512798103, 1.9466247348714083, 1.9657631117636334, 1.9699831021013352, 1.9787466148334358, 1.9930203637574346, 2.0034029926627412, 2.012811870970227, 2.0206013904562194, 2.034550879378661, 2.0410419029687015, 2.0543416586465924, 2.064401968736637, 2.0802977456132847, 2.0939249157204642, 2.095223654264703, 2.1104738229176796, 2.1247473291933914, 2.1292923074775114, 2.1445402922959054, 2.1503827958828303, 2.163684007450443, 2.1721201057532555, 2.180555718759494, 2.1961289341725934, 2.205538783073227, 2.2074855563240074, 2.224680557041469, 2.235389872431203, 2.2454453295555084, 2.2542071437496003, 2.2629672594056838, 2.2701060750539788, 2.282433050727197, 2.2908698769748703, 2.3018990846969967, 2.3074190268203725, 2.3142318839291014, 2.3278590540362805, 2.3349964137948533, 2.3499211092048373, 2.3538134424649644, 2.3648465325596817, 2.3713344017219917, 2.3797714706179525, 2.3933974274836967, 2.402481560493051, 2.4118909240971105, 2.4200027623983655, 2.4294133392438595, 2.436550699002433, 2.4443351228744, 2.453421439718337, 2.464128085976914, 2.4725656401694485, 2.47775549873238, 2.4881383702859736, 2.500790576553897, 2.504684608352033, 2.512796446653288, 2.5205825690632633, 2.530642151208447, 2.5345369109514433, 2.5468634013280878, 2.5569205569904017, 2.558545739370781, 2.5689281256278007, 2.579958546591362, 2.5835254066084965, 2.5909901807963576, 2.5994262790991702, 2.607536418862417, 2.6140250159695877, 2.617920988954019, 2.6283021619696036, 2.6393335535263125, 2.6438768332724245, 2.65263597833536, 2.657829476622596, 2.6656146284394238, 2.6730777040892764, 2.6785930358952004, 2.6857320941917826, 2.695464504555965, 2.697410549861885, 2.704549608158467, 2.71168696791704, 2.7188252982687615, 2.7249893927260875, 2.7311561563145705, 2.7350487322229844, 2.745755621129849, 2.7418615893317133, 2.758084052692788, 2.763274639200581, 2.769115929546071, 2.773008262806198, 2.7781995772588512, 2.7866364035065248, 2.792801953853573, 2.794423011213074, 2.8009103950788106, 2.8086972454336467, 2.808050181320253, 2.812268958416521, 2.819404376988798, 2.8268689085283727, 2.8307614844367865, 2.833359446821839, 2.8460123810346234, 2.845362405141786, 2.8518507596006706, 2.859962840550212, 2.8570428019981846, 2.865803402950842, 2.8693729320991324, 2.8748887492016304, 2.879429359816586, 2.8826741436667453, 2.8855946675153468, 2.888838723420646, 2.8930584711100606, 2.8966263017203433, 2.9008448361683232, 2.906035907972689, 2.909602525341537, 2.9125249903764345, 2.916741583638119, 2.9251774392926446, 2.925824260757752, 2.9280991763826814, 2.929395731092338, 2.9349113055465486, 2.9358848134960827, 2.942050363843131, 2.9436719064992065, 2.9472397371094887, 2.9482142156521705, 2.947566666242203, 2.95210873274688, 2.953080542158405, 2.95567753395031, 2.958922317800469, 2.9566522551412784, 2.9618421137042104, 2.970600530822285, 2.9718992693665243, 2.9696287214107597, 2.9712517199565567, 2.9728715640746235, 2.9764420638160622, 2.9764415785194887, 2.9793618597198033, 2.9832556488696516, 2.979686119721361, 2.9842286715226116, 2.987149195371213, 2.99136724452262, 2.9868234794799338, 2.9877986859674768, 2.991042984521062, 2.9907172686297825, 2.9933113486422442, 2.9942882536677953, 2.9975313389799463, 2.9936382777749584, 2.994935075132902, 2.9900711751095366, 2.9946125136693533, 2.994611785724492, 2.996882333680257, 2.9972075642749623, 2.9988303201724724, 2.9949353177811893, 2.9959095536755838, 2.9949377442640586, 2.9933157163114092, 2.995585293674026, 2.9926647698254243, 2.9978551136849303, 2.993962537776516, 2.9910412859830537, 2.9926645271771375, 2.9903920380350772, 2.988123188617321, 2.990393008628225, 2.9897437606802493, 2.98552668212199, 2.9877979580226155, 2.9813081476740098, 2.9848767062291532, 2.9800103797229185, 2.9790366291250976, 2.977741772953449, 2.976116347924783, 2.9735215399674604, 2.976116347924783, 2.9706007734705717, 2.972223529368082, 2.964112176363401, 2.9663834522640267, 2.963788401658417, 2.9579480819060744, 2.956650071306696, 2.95373148864439, 2.9550268301126117, 2.952107762153732, 2.947889955650613, 2.9452946623967162, 2.942374866492975, 2.9381565746932825, 2.937507084097019, 2.934911548194836, 2.9271249404882864, 2.9225833592801833, 2.9245277060480945, 2.9222581286854776, 2.9177133930496444, 2.911227222425343, 2.90830597063188, 2.9037653600169246, 2.903763661478916, 2.898571861729689, 2.895651823177661, 2.891110727266132, 2.891433288729681, 2.8826741436667453, 2.8842968995642555, 2.8752127665549017, 2.8683999094461727, 2.8586645873025467, 2.861586809689157, 2.8570420740533233, 2.8541227634461563, 2.8424418812931846, 2.842441153348324, 2.836277058890998, 2.8301132070819577, 2.831085501790057, 2.821352120832727, 2.8174580890345915, 2.8057801186610627, 2.8086987013233684, 2.8012341697837946, 2.798640575067907, 2.7960455244622975, 2.7872839529164923, 2.7843634290678905, 2.770089194847318, 2.7655471283426407, 2.762301616547621, 2.758084780637649, 2.754515008841071, 2.743483131987788, 2.7386175334264147, 2.7369928363426093, 2.726285219490884, 2.7197978356251475, 2.7113634358603433, 2.7051976428650084, 2.7006558190086185, 2.6957892498540965, 2.688975664800507, 2.678268533245356, 2.6789148694138887, 2.666265817573695, 2.6626953178322568, 2.6497159397833325, 2.645821907985197, 2.640632534718839, 2.629601385810417, 2.6270051219633728, 2.6162958065736395, 2.617594302469592, 2.59974956850758, 2.5929362261022777, 2.585796925157409, 2.579633558644943, 2.5708744135820076, 2.5624383152791954, 2.5552990143343264, 2.5488104172271555, 2.542646565418116, 2.5335604912224663, 2.522854087612176, 2.514742249310921, 2.5118246372417623, 2.4959266765305315, 2.484893586435814, 2.485866609088774, 2.4689946551314357, 2.4628303180258224, 2.46120853272146, 2.450500915869735, 2.438821246958198, 2.433953707210528, 2.421950506242294, 2.414485246757859, 2.404104316390561, 2.3908040754160957, 2.38788233832606, 2.3771737508811865, 2.3713344017219917, 2.3590062128073392, 2.349921837149698, 2.3398624976528017, 2.326560072843754, 2.3210430424998214, 2.314228972149658, 2.3031980658895232, 2.293789430230324, 2.2869770584181697, 2.2707541097605204, 2.266535332664253, 2.254855663752716, 2.243499284249588, 2.2311706100383617, 2.222734511735549, 2.218515977287569, 2.2094316016299276, 2.1964524662292906, 2.1841250052594985, 2.176660716368211, 2.166926364817733, 2.156219233262582, 2.146486822898399, 2.135780176639822, 2.126045097144483, 2.1137161802849693, 2.106578820526396, 2.0916533971715516, 2.0835422868151574, 2.0715383579020625, 2.0605072089936405, 2.0510983306861545, 2.0403907138344297, 2.032928123481151, 2.0196261839686773, 2.0128106577287923, 1.9988604408614903, 1.9858822760540007, 1.9787439457022793, 1.9660900408963475, 1.953760881388547, 1.947271798984802, 1.9359159047782486, 1.9245578267371126, 1.9086632631018992, 1.8963331330009507, 1.8891938320560822, 1.8707027619255374, 1.8655109621763104, 1.8509090708781628, 1.8382551660722308, 1.8359834048750314, 1.8178168373943318, 1.805162447291826, 1.79802290369867, 1.7850432830014586, 1.7746623526341605, 1.7587658478126516, 1.7483817630176235, 1.7376743888141855, 1.7285907411014052, 1.716586084243449, 1.7045797288474849, 1.6909530440368796, 1.6776528030624147, 1.6714872527153666, 1.6565608587673744, 1.6458517860259279, 1.6328770182944552, 1.61925033348385, 1.607892740739288, 1.5958868706398972, 1.5851794964364592, 1.5725272901685359, 1.5618199159650976, 1.5465704752569822, 1.533917541044198, 1.521914340075964, 1.5150995417809396, 1.5001729051846606, 1.48784374567686, 1.4680544222986502, 1.4599418560525343, 1.4495597124438018, 1.440473638248152, 1.4249028493179223, 1.4135450139250731, 1.4038106623745952, 1.3940755828792561, 1.3827213872107114, 1.363579613242469, 1.3535207590421463, 1.3385953356873017, 1.3308077573876047, 1.3168577831685897, 1.300959094512498, 1.290574524420896, 1.278897524640515, 1.264297089232089, 1.252616449727404, 1.2399615743283243, 1.2263344042211453, 1.2153037406092972, 1.2032995690479151, 1.1929159695494609, 1.178314563547887, 1.167283657287752, 1.1517094712815052, 1.1432733729786926, 1.1267281055057814, 1.1176422739584186, 1.1049893397456343, 1.0933079722960883, 1.074490458329404, 1.0673528559225436, 1.0501571272602215, 1.0407448518767186, 1.0267953629542774, 1.0134936660900906, 1.002785321293505, 0.9862390832274458, 0.9797487875822664, 0.9654728548236848, 0.951845442068219, 0.9395160399121316, 0.9281596604090041, 0.9161567020890569, 0.9070703852451203, 0.8866330271603688, 0.8791682529725078, 0.8645683028606557, 0.8515886821634442, 0.8415324970942778, 0.8243362831353817, 0.8194689860359992, 0.800650016179593, 0.7883225552098011, 0.7756679224590083, 0.7633404614892163, 0.7516576381499489, 0.7370584159829575, 0.727972099139021, 0.7149946622763921, 0.6994212042150061, 0.6955257165271489, 0.6737886493050104, 0.6656775389486163, 0.6520506114897241, 0.6413442078794337, 0.6270668192311307, 0.6131187861984111, 0.6014349922659958, 0.5894313060011878, 0.5783984585547572, 0.5676927828893277, 0.5534168501307464, 0.5440074865266867, 0.532975609673404, 0.523567701959066, 0.5040999694512575, 0.497609431157791, 0.4820354877998312, 0.47035654683315464, 0.4551058928836047, 0.4447249625163067, 0.43239386182221073, 0.4210394235053788, 0.414550098453347, 0.398326664499124, 0.3846992517436581, 0.374318564024647, 0.3590686380199579, 0.34868649441122523, 0.34089770287009324, 0.32499998480714953, 0.31396956384358843, 0.3052087202426442, 0.28574244362455736, 0.2795751947395009, 0.2682200284778081, 0.2552440475049008, 0.24194016680613173, 0.23609863381235455, 0.22085137693882173, 0.21079276538678593, 0.19813886058085384, 0.18678005459485714, 0.17899660131603776, 0.16180135795028944, 0.15368806375931282, 0.1433030083711369, 0.126759924732808, 0.11670107053248525, 0.10631916957203949, 0.09917962597888375, 0.0842556585137609, 0.07452179225985667, 0.06511121541436238, 0.05440529710064586, 0.04337342024736309, 0.03039719662616882, 0.019363378586590586, 0.010928250876925668, -0.00431973394146795, -0.017298141397244626, -0.026383487648033475, -0.03546762065738765, -0.050392073419084374, -0.05298955050756302, -0.0685622806240882, -0.07570158156895701, -0.090625063737506, -0.09970992469172098, -0.1120385989029476, -0.11658333453878096, -0.1321558220070192, -0.14059070706839719, -0.15064883332385912, -0.1613586340101666, -0.17173907908089073, -0.1801756626802773, -0.18958478363604991, -0.2025624631469658, -0.21132257880304922, -0.218785169156328, -0.23111529925727622, -0.24246925227753427, -0.2492845358691323, -0.2573951609289526, -0.2700495510314585, -0.28140495994143816, -0.28854304764487226, -0.30119549656108274, -0.3106043748685685, -0.31871669846639733, -0.33234338327700247, -0.3359133977218673, -0.34824231458138083, -0.35635269699291416, -0.36803382179417315, -0.37906594129574284, -0.38166293308764765, -0.39042183550229637, -0.40048044705433217, -0.4092393494689809, -0.420919988973666, -0.4257870434247616, -0.4358449270319366, -0.44525526122914394, -0.4585562301484698, -0.4679665643456771, -0.47185962555066496, -0.4796476891469361, -0.48840659156158484, -0.4997641843061469, -0.5069015440647202, -0.5153373997192459, -0.5208524888768831, -0.5309111004289189, -0.5367514201812614, -0.5458367664320503, -0.5578394821037107, -0.5636790739111923, -0.5717933386953167, -0.5769848957962569, -0.5909329288289765, -0.5912588873685427, -0.6013189548103002, -0.6061840680751003, -0.6165647557941114, -0.6250018246900717, -0.6288956138399203, -0.6399255495069076, -0.6470636372103418, -0.6506331663586327, -0.65907047790288, -0.6668563576645687, -0.6701011415147281, -0.6788607718742377, -0.6892453419658396, -0.6960569858331338, -0.7044916282462248, -0.707413850632835, -0.711306183892962, -0.7139048742228753, -0.7288264152051288, -0.7333684817098058, -0.7421300532556109, -0.740833741194241, -0.752187936862786, -0.7577042392618578, -0.7645163684257257, -0.771330438775889, -0.7761977358752715, -0.7787932717774547, -0.7849580941796419, -0.789826847168746, -0.79566546838308, -0.8031256322534894, -0.8053995772852711, -0.8115631864460238, -0.8157829341354386, -0.8290824471650428, -0.8287598857014936, -0.8352484828086647, -0.8381694919538402, -0.8430353331635011, -0.8495239302706721, -0.8527687141208314, -0.859259252414298, -0.8579607565183455, -0.8660716242264528, -0.8780765237326955, -0.8745072372326916, -0.8803482849298949, -0.884240132893448, -0.89235221384299, -0.8959219856395677, -0.8955960271000015, -0.9017615774470495, -0.9053298933539058, -0.9082516304439421, -0.9108469236978385, -0.9166865155053201, -0.9160372675573439, -0.9241510470448944, -0.9247978685100013, -0.9280428950084476, -0.9309634188570493, -0.9342089306520694, -0.935829745363284, -0.9458869010255981, -0.9465351783804267, -0.9510779728299645, -0.9501044648804307, -0.9546477446265424, -0.9565945178773232, -0.9588660364262356, -0.959514799077638, -0.9669756908929082, -0.9653543908851198, -0.9676246961925975, -0.971195438582323, -0.9747637544891794, -0.9757372624387133, -0.975088257139024, -0.9793043651041349, -0.9780102368773473, -0.9844959222050751, -0.9841745739829606, -0.9848223660412151, -0.9890389593029, -0.989688449899163, -0.9919592405032147, -0.9906624431452709, -0.9916361937430916, -0.9926099443409124, -0.9990973282066488, -0.9974738443642779, -1.0029903894116368, -0.9948824334829726, -1.0003970373440358, -0.9987742814465258, -0.9994211029116326, -0.9987742814465258, -1.0020183373518243, -0.9965032481941871, -0.9994225588013542, -1.0007205694007328, -0.996827022899171, -1.0003953388060274, -1.0000710788044698, -1.0010450720505775, -0.9990990267446573, -1.0039651106026053, -0.9977990749589833, -0.998773310853378, -0.9978017440901397, -0.9994218308564934, -0.9965013070078917, -0.9968265376025971, -0.9955302255412272, -0.9939086828851518, -0.9922830152081985, -0.9926097016926255, -0.9900127099007208, -0.9900146510870163, -0.9864443939938645, -0.9867681686988482, -0.9815770968944819, -0.9890387166546131, -0.9806028610000872, -0.9822263448424581, -0.9747622985994577, -0.978657543639028, -0.9747647250823271, -0.9728162532935377, -0.9721684612352831, -0.9698983985760923, -0.9640580788237498, -0.9669761761894822, -0.9614601164386972, -0.9585408058315302, -0.9569190205271678, -0.9539977687337055, -0.9504289675302753, -0.9504299381234231, -0.9416700651156266, -0.9403703559782395, -0.9410193612779287, -0.9329084935698215, -0.9319359562134354, -0.9267448844090691, -0.9273931617638975, -0.9244740938050174, -0.918633046107814, -0.9166857875604594, -0.9124670104641922, -0.9085741919074913, -0.905978898653595, -0.9007880694975157, -0.8962457603445516, -0.892675260603113, -0.886513592628656, -0.8891074299928305, -0.878074825194687, -0.8767765719470216, -0.8715852574943683, -0.8696392121884482, -0.862501852429875, -0.8625016097815881, -0.8547147594267515, -0.8482251917264327, -0.8433591078684849, -0.8397893360719071, -0.8294091336494698, -0.8284331992170666, -0.8187020020943185, -0.8154567329475854, -0.8112401396859007, -0.8066961319949281, -0.8034503775516211, -0.798584778990247, -0.7901486806874344, -0.788527138031359, -0.77749574647465, -0.7739247614366376, -0.7661403375646704, -0.7612725551687141, -0.7560809980677737, -0.7447255891577942, -0.743753051801408, -0.7375879867509338, -0.7330437364116743, -0.7246098219434441, -0.7187675610048061, -0.7080621279876635, -0.7077366547446711, -0.6999512602795562, -0.6928131725761221, -0.687621130178608, -0.6801573265838945, -0.6713991521141066, -0.6639355911676801, -0.6558252087561468, -0.6545250143221858, -0.6473881398601864, -0.6389517989090868, -0.6298683938445934, -0.6204604861302554, -0.6178627663934899, -0.6078068239726103, -0.6068299189470594, -0.591907650019945, -0.5854168690781917, -0.5747109507644751, -0.5672488457077702, -0.5542716514934283, -0.5510251691052603, -0.5435642772899901, -0.5348036763373328, -0.5299358939413764, -0.5231237647775085, -0.513390869116752, -0.4987904337083261, -0.49100237011205494, -0.4910006715740464, -0.4806194985584614, -0.4757529294039397, -0.4630999951911554, -0.454662926295195, -0.44492978798615157, -0.4426570561958045, -0.4313018899341118, -0.41767544777179355, -0.4082660841677339, -0.39593959379108973, -0.38847554754808933, -0.38360752250384605, -0.37289942035554713, -0.3660877764882531, -0.35603062082593884, -0.3479170839866754, -0.3368861777265404, -0.3258562420595531, -0.3193654611177996, -0.3054135457124891, -0.29827618595391575, -0.2882187876433146, -0.2791351399305343, -0.27621121900591555, -0.25869268623175723, -0.25155435588003616, -0.23663111635977413, -0.23208613807565384, -0.22202849711676576, -0.21229463086286154, -0.20093994989774266, -0.1944515954388586, -0.1821214653379104, -0.17303781762513007, -0.1603836701709111, -0.1509728506771299, -0.14383403502883496, -0.13150536081760833, -0.11820414924999556, -0.10782176299297594, -0.1016557273493541, -0.0880292851870359, -0.07570061097580928, -0.06726475532128355, -0.05590740522500842, -0.045524533671414916, -0.03773889655801313, -0.026058499701614977, -0.01437858814179069, 0.0011953552161691628, 0.012225533531443388, 0.018390355933630562, 0.034614032536140475, 0.04240136818755081, 0.05343081855796423, 0.06381611659442707, 0.07711757081032677, 0.08847540620317576, 0.09625934477856901, 0.11086026548356885, 0.12610946354339714, 0.12903168593000736, 0.14492891869637714, 0.1543377970038629, 0.16439786444562032, 0.17899757190918547, 0.1893792302213443, 0.20138243118957855, 0.2143605959970683, 0.22863677140393657, 0.2373983429497416, 0.24194113739927947, 0.25783934075879705, 0.2672479764179958, 0.27730731591489244, 0.28963453423639746, 0.31105001058813453, 0.31818785564328167, 0.33084176044921376, 0.33765510285451633, 0.3535525782691731, 0.36069115126918105, 0.37561681727231244, 0.3872955155907021, 0.40319493219165425, 0.40838624664430756, 0.4278527659106814, 0.4323950750636454, 0.45186256492316695, 0.4586751793836087, 0.4710060374294177, 0.4859300048945406, 0.4969613964512495, 0.5070200080032853, 0.522917726066229, 0.5323266043737147, 0.5446574624195237, 0.5586079219351127, 0.5728831267488332, 0.5858615342046098, 0.5923515872015025, 0.6053302373055661, 0.6170101488653904, 0.6355026748856566, 0.6484813249897201, 0.6569171806442458, 0.6689215948539148, 0.6776826811031459, 0.6932566244611058, 0.7046127613159462, 0.7208349820287345, 0.7295958256296787, 0.7428975224938654, 0.7526328446374912, 0.7630157161910848, 0.7815087275079247, 0.7909171205188366, 0.8061670465235256, 0.8142791274730675, 0.8292035802347643, 0.8431540397503532, 0.8593765031114284, 0.8671652946525603, 0.8778712129662769, 0.892148116318006, 0.9067480664298581, 0.9145361300261292, 0.930433362792499, 0.9434091011171195, 0.9599594642040563, 0.9690433545651236, 0.9826702820240156, 0.9946744535853977, 1.0086261263424212, 1.0219297643929033, 1.0306898800489868, 1.0459376222190935, 1.0605385429240934, 1.0731931756748863, 1.0855220925343998, 1.0975265067440687, 1.1118012262612154, 1.1173182566051478, 1.1312701720104585, 1.147818351262813, 1.1604703148824496, 1.1705298970276332, 1.182858085942286, 1.1942139801488394, 1.2101114555634962, 1.2169267391550942, 1.235420478416795, 1.2490464352825392, 1.2571577882872202, 1.2665693357258623, 1.2827893726040682, 1.2957682653564189, 1.3100437128184261, 1.3249691361732707, 1.335352007726864, 1.345734393983884, 1.3577400214349873, 1.371041960947461, 1.383372333696696, 1.3905106640484173, 1.4025148356097992, 1.4177635483730535, 1.4336615090842841, 1.444370096529157, 1.457993626912032, 1.4661076490478693, 1.4836276377117492, 1.493686734560359, 1.5053656755270355, 1.5144539335572673, 1.531322247790302, 1.540082848742959, 1.5550068162080821, 1.5673381595504647, 1.5751230687190059, 1.5822640682018831, 1.604323939535858, 1.6108139925327505, 1.6250911385327664, 1.633851011540563, 1.6448821604489847, 1.6617538717580362, 1.6734311141867042, 1.687708988131581, 1.6961450864343937, 1.709447753891728, 1.7175605627861308, 1.7331320796612213, 1.7425421712101417, 1.7584394039765117, 1.767525963468735, 1.781476665632611, 1.7882897653896266, 1.8032144607996103, 1.8113277549905868, 1.8246294518547734, 1.8389046566684941, 1.845719697611805, 1.8564258585738087, 1.8661597248277126, 1.883678742898445, 1.8927643317975207, 1.903471948649246, 1.9154761202106279, 1.9274805344202965, 1.9381866953823002, 1.9463012028147113, 1.9583041611346588, 1.9712830538870092, 1.9823144454437183, 1.9930203637574346, 2.0034027500144544, 2.008919780358387, 2.0225442813344094, 2.040391927075864, 2.0465569921263382, 2.056288189249086, 2.0689425793515923, 2.0819219574005166, 2.092628846307381, 2.093925401017038, 2.1127441282251573, 2.1159898826684644, 2.1331851260342125, 2.142917779046682, 2.1500553814535426, 2.163683279505582, 2.1685510619015385, 2.1831505267168168, 2.1925601329691635, 2.201319035383812, 2.213973182838031, 2.222734511735549, 2.2318171888551817, 2.242526746893202, 2.254855663752716, 2.2632915194072414, 2.273348432421269, 2.281135525424392, 2.292816407577364, 2.3015767658817348, 2.3061190750346987, 2.3155257695076017, 2.326559344898893, 2.335645419094543, 2.3444055347506265, 2.356084475717303, 2.3635494925534513, 2.3745789429238644, 2.381068510624183, 2.3901531289301112, 2.4018335257865093, 2.4115673920404133, 2.418381462390577, 2.432331436609592, 2.4401175590195674, 2.444986797305246, 2.4560179462136675, 2.467047881880655, 2.4722389536850216, 2.47840523197693, 2.492355691492519, 2.496574225940499, 2.50728062955079, 2.510526626642384, 2.5244785420476945, 2.5296669447209044, 2.536481743015929, 2.5478371519259086, 2.5556247302256057, 2.559195472615331, 2.5757412253848164, 2.5754167227349716, 2.585150831637163, 2.590990908741219, 2.5984525285013493, 2.6085111400533854, 2.6143521877505886, 2.623435835463369, 2.631221715225058, 2.6386845482266237, 2.641281782666815, 2.651986730387384, 2.662694347239109, 2.6613963366397306, 2.676321274698001, 2.6769688241079685, 2.6867041462515946, 2.6850833315403797, 2.7032508696142274, 2.7064958961126737, 2.711037477320777, 2.724015884776554, 2.7249898780226616, 2.7308309257198644, 2.7405640640289084, 2.7434841025809362, 2.747377891730785, 2.753542714132972, 2.7577602779878045, 2.7694394616027678, 2.77333373604919, 2.779823546397796, 2.7853383929071462, 2.790205932654816, 2.795720536515879, 2.808050181320253, 2.8086989439716556, 2.8148637663738425, 2.8213511502395794, 2.8239486273280576, 2.828490208536161, 2.83530379358975, 2.839522328037731, 2.839521842741157, 2.8508772516511365, 2.8537989887411728, 2.8589893326006783, 2.860287343200057, 2.8638559017552003, 2.870994717403495, 2.8758624997994513, 2.87910655570475, 2.8826741436667453, 2.8891629834222035, 2.887868127250555, 2.8988968496761074, 2.8969515323150485, 2.904736441483589, 2.907982923871757, 2.909928969177677, 2.909928483881103, 2.915120040982044, 2.9203113554346967, 2.924204659287972, 2.9268004378384416, 2.936209316145927, 2.937508054690167, 2.9371837946886092, 2.9413994173571463, 2.9452919932655606, 2.945293449155282, 2.944645657097027, 2.9498364862531066, 2.9530788436203963, 2.957299076606385, 2.958596844557477, 2.9605441031048314, 2.965735417557485, 2.962492332245334, 2.9689785028696356, 2.9676824334565524, 2.967681462863405, 2.972549973204222, 2.9748202785117, 2.9761192597042263, 2.9770903411708907, 2.9793618597198033, 2.9787140676615484, 2.984553174172456, 2.992339539230719, 2.9887714659721496, 2.9936382777749584, 2.986824207424795, 2.988771223323863, 2.991366516577759, 2.995908825730723, 2.9907182392229306, 2.992338568637571, 2.993312319235392, 2.9981796163347747, 2.9955860216188865, 2.998827893689603, 2.995259577782747, 3.0020734054846234, 2.9933137751251135, 2.9965580736786994, 2.9985053322260535, 2.999801644287424, 3.0007751522369577, 2.993962537776516, 2.9972068363301014, 2.996234056325428, 2.9926645271771375, 2.9936387630715324, 2.9962333283805678, 2.991042013927914, 2.988446963322305, 2.9910422565762014, 2.9949341045397544, 2.9858523980132694, 2.988447205970592, 2.9903939792213725, 2.9861754447733926, 2.9816324076755674, 2.984229884764046, 2.983579908871209, 2.981307177080862, 2.9796868476662213, 2.975143325271823, 2.979362830312951, 2.972547546721353, 2.9718992693665243, 2.9689792308144964, 2.966384422857174, 2.962165645760907, 2.9670324575637155, 2.960219843103274, 2.956650313954983, 2.9582708860179103, 2.952433720693298, 2.9527562821568476, 2.9501607462546646, 2.9469142638664962, 2.9388041241032496, 2.9401033479440635, 2.9384796214534052, 2.936209316145927, 2.933287093759317, 2.9290712284424933, 2.9245279486963818, 2.9238791860449793, 2.921609366034075, 2.909605194472693, 2.9105774891807927, 2.9063584694362388, 2.904087921480474, 2.897925040264582, 2.8979233417265737, 2.890459780780147, 2.8862436728150365, 2.883324847504443, 2.87910655570475, 2.876833581266116, 2.870020966805674, 2.865801704412833, 2.859963568495073, 2.8563940393467817, 2.853797047554877, 2.842767597184464, 2.839847073335862, 2.837251537433679, 2.829138485890989, 2.826870121769807, 2.823299864676655, 2.8164848237333446, 2.814537807834277, 2.8074021466137116, 2.803508842760437, 2.7947472712146317, 2.792800255315564, 2.787608698214624, 2.7788485825585405, 2.7736570254576, 2.766519665699027, 2.7606798312432583, 2.759056590049174, 2.751919472938888, 2.74607721200025, 2.739914573432645, 2.7334254910289006, 2.729856204528896, 2.721419135632936, 2.71914785973231, 2.704224377563761, 2.6967630004519174, 2.6967603313207613, 2.690272462158451, 2.6802153064961365, 2.6734029346839816, 2.6652893978447185, 2.657179258081472, 2.6536073024503115, 2.646471883878034, 2.6412793561839463, 2.627978144616333, 2.626355146070536, 2.6150004651054175, 2.6111061906589947, 2.605589645611636, 2.5939094914035246, 2.589042194304142, 2.5786617492334183, 2.573792996244314, 2.5624383152791954, 2.559193046132462, 2.5478393357604907, 2.542969612178239, 2.539076793621538, 2.5238283235065704, 2.5150689357953477, 2.5076051322006343, 2.4998192524389458, 2.4910576808931406, 2.4852180890856586, 2.47288723103985, 2.4676990710149265, 2.456666223568496, 2.4485555985086758, 2.4401178016678546, 2.4346019845653566, 2.4187037812058394, 2.411892865283406, 2.40767238964913, 2.402157785788067, 2.3878811250846246, 2.3787969920752707, 2.370684668477442, 2.3564084930705738, 2.348622855957172, 2.3437560441543632, 2.3340229058453197, 2.3226670116387664, 2.3096876335898417, 2.303847556485786, 2.292491176982659, 2.288921647834368, 2.270104619164257, 2.26685886472095, 2.2532324225586318, 2.245120826905664, 2.2370099591975565, 2.22954639825113, 2.2175410134483133, 2.206510592484752, 2.1954789582797565, 2.1906131170700958, 2.178282986969147, 2.16757634071057, 2.1588157397579124, 2.1422699869884276, 2.1351314139884194, 2.122152521236069, 2.11177086292391, 2.104632775220476, 2.097817006332304, 2.0835425294634446, 2.0728353979082934, 2.060831711643485, 2.0468805241830355, 2.0413627658942417, 2.0309825634718046, 2.0215729572194583, 2.008270289762124, 1.9959396743646016, 1.9881537946029129, 1.974202607142463, 1.9634949902907382, 1.95376063874026, 1.9427314310181334, 1.928779272964536, 1.9226142079140618, 1.9080118313193406, 1.898928668903134, 1.885951474688792, 1.8781634110925207, 1.8593439559395408, 1.8551259067881347, 1.8466912643750435, 1.8317668116133468, 1.8200852015155138, 1.805484766107088, 1.7964020889874552, 1.7840722015347943, 1.774337364687742, 1.75779136926997, 1.752276037464046, 1.73702586881107, 1.7289150011029628, 1.7152851618646274, 1.7065269873948394, 1.6916035052262903, 1.6821931710290832, 1.6669425170795331, 1.6588333479094346, 1.645205207209108, 1.6299562517975665, 1.6221674602564344, 1.6072444633844594, 1.5932932759240095, 1.5861537323308539, 1.5728515501700935, 1.562144903911516, 1.5520860497111935, 1.5391083702002775, 1.5261306906893617, 1.5125035205821826, 1.5014726143220476, 1.491413517473438, 1.4768138100098729, 1.4654574305067454, 1.4502077471503432, 1.4395013435400528, 1.4313897478870847, 1.416788827182085, 1.4051079450291128, 1.391807704054648, 1.3752590395057196, 1.3668253676857762, 1.3548190122898118, 1.3441111527897998, 1.3311320173891623, 1.314586749916251, 1.3038791330645259, 1.2912264415000285, 1.2766235796087333, 1.2662419212965743, 1.2548845712002992, 1.241908347579105, 1.2253616242164722, 1.2172493006186433, 1.201027565202429, 1.18934644040117, 1.1789642967924372, 1.164364831977159, 1.1523594471743424, 1.1435973903319634, 1.1322429520151316, 1.1173172860120002, 1.1001222852945387, 1.0942814802456224, 1.0774102542331447, 1.0647561067789257, 1.0543749337633408, 1.043016127777344, 1.030689394752413, 1.0170614967003733, 1.0037588292430386, 0.9888346191296289, 0.9755312237274338, 0.9628778042180756, 0.9531432100193106, 0.944060290251391, 0.9278358857040203, 0.9158309861977776, 0.904152287879388, 0.8889028471712728, 0.8778692717799814, 0.8655408402170418, 0.8522393860011421, 0.8431540397503532, 0.8304998922961342, 0.8129799036322544, 0.801300234720717, 0.7886453593216373, 0.7750184318627451, 0.7630125617633545, 0.7523049449116296, 0.740302471888256, 0.7270005323757825, 0.7120753516692251, 0.7016929654122054, 0.6877420206000425, 0.6760606531504967, 0.6617832645021937, 0.6536728820906603, 0.6449125237862899, 0.6299885563211671, 0.6140891397202148, 0.6027332455136614, 0.5926760898513471, 0.581968715647909, 0.5647712884475783, 0.5556866701416503, 0.5414126785693644, 0.5274605205157669, 0.5187008901562573, 0.507667072116679, 0.4966359232082571, 0.4839834742920467, 0.4726263668440585, 0.45997173409326564, 0.44732025577020296, 0.4398557242306287, 0.42298522616301193, 0.4067627628019367, 0.3967051218430486, 0.3895682473810491, 0.3720470454757346, 0.3642580112863157, 0.35030827971558753, 0.3379786349112132, 0.3240269621541895, 0.3146183264949908, 0.3058569975974727, 0.2922293421937198, 0.27828009591956554, 0.26497718581394425, 0.25913443957873233, 0.24550993860270962, 0.2331805364466222, 0.22279742224474175, 0.2114412853899013, 0.19813958852571467, 0.18418791576869104, 0.1731555536188344, 0.16179868881913312, 0.1533650169991898, 0.13973808954029773, 0.12643372354495483, 0.11897161848824994, 0.10794046957982797, 0.09269297005800822, 0.08166036525986467, 0.07225100165580506, 0.06413867805797624, 0.05343154650282503, 0.04012912169377759, 0.03007148073488952, 0.017417090632383607, 0.004439168473180797, -0.0017244406875717088, -0.013080577542412168, -0.026383487648033475, -0.03903739245396552, -0.05006757076923975, -0.056234091709435455, -0.07018455122502443, -0.07699837892690087, -0.09094956638735063, -0.09971016734000791, -0.11009134035559288, -0.11982666249921872, -0.13053427935094378, -0.14059337619955345, -0.14837852801638138, -0.1597351501677957, -0.16914427112356836, -0.1785531494310541, -0.19153034364539612, -0.20483422434416515, -0.2126215599955755, -0.22365198095913666, -0.23078982601428386, -0.2395501843186542, -0.24993281322396077, -0.26161466597008054, -0.27232106958037094, -0.27816066138785267, -0.2908150514903586, -0.2982773991953504, -0.31125556400284016, -0.31904120111624196, -0.327802772662047, -0.33559083625831815, -0.34435022396954074, -0.3557056328795204, -0.36868404033529706, -0.37647161863499434, -0.38231048249761523, -0.3939906367057265, -0.40307574030822846, -0.40989102389982646, -0.4157306157073082, -0.4290306140334863, -0.43779048704128276, -0.4481731159465893, -0.45563813278273746, -0.4624497766500315, -0.470886360249418, -0.47769970265472056, -0.48905681010270874, -0.493921438070935, -0.5046300255158078, -0.5179324503248552, -0.5237727700771978, -0.5286388539351456, -0.537399212239516, -0.5481053732015194, -0.5558939220943645, -0.5640023633196023, -0.5695203642566826, -0.580227253163547, -0.5847712608545195, -0.5925559273747736, -0.6032628162816378, -0.6065076001317972, -0.6188384581776062, -0.6198097822925577, -0.6285711111900757, -0.6386285095006768, -0.6467410757467926, -0.6516059463633057, -0.6603655767228154, -0.6655583470651902, -0.6713996374106805, -0.6769164251063261, -0.6869716395823449, -0.693786437877369, -0.701898276178624, -0.7064417985730227, -0.7126041944923405, -0.7168224862920338, -0.7288266578534157, -0.7349926934970377, -0.7349919655521768, -0.7450496065110648, -0.7534859474621645, -0.7602997751640409, -0.7645163684257257, -0.7693829375802473, -0.7726291773201284, -0.7807405303248094, -0.7856066141827573, -0.7924194712914859, -0.8008545990011509, -0.8005327654824625, -0.8066973452363628, -0.8086433905422828, -0.813185214398673, -0.8264871539111466, -0.8297316951130189, -0.8349234948622462, -0.8401140813700386, -0.839142999903374, -0.8524442114709868, -0.8524451820641346, -0.8608793391806518, -0.8586097618180348, -0.8709364948429659, -0.872559008092189, -0.8728856945766161, -0.8809963196364364, -0.8832675955370619, -0.8868378526302136, -0.8930007338461053, -0.8981920482987585, -0.8998145615479818, -0.9033838480479858, -0.9072764239563997, -0.9114959289975277, -0.9134424596000216, -0.9238233899673196, -0.923825816450189, -0.9296634670713753, -0.9293406629595391, -0.934856722710324, -0.9393985465667142, -0.9371272706660887, -0.9426421171754389, -0.9452386236707697, -0.9475091716265344, -0.9520522087243593, -0.9546462887368208, -0.9539984966785662, -0.9591905390760802, -0.960487821730598, -0.9627600682243713, -0.9653551188299806, -0.9698964573897968, -0.973465258593227, -0.9718444438820123, -0.9708711785807653, -0.9812516236514895, -0.9835236274969759, -0.9825493916025811, -0.9854699154511828, -0.9825506048440158, -0.9819037833789089, -0.9870938845901276, -0.9909864604985416, -0.9896877219543023, -0.9890409004891954, -0.9900129525490077, -0.9919599684480754, -0.9971510402524417, -0.9945559896468325, -0.9965020349527525, -0.9942297884589794, -0.9955287696515056, -0.9987740387982389, -0.9987735535016649, -0.9984480802586726, -1.0013705452935697, -1.0000701082113217, -0.9997490026374943, -0.999746333506338, -1.0013676335141264, -0.9990980561515095, -0.996503733490761, -0.9968267802508841, -0.9977995602555572, -0.9990975708549357, -1.0007205694007328, -1.001046042643725, -1.0010443441057166, -0.9958530296530632, -0.9958532723013502, -0.9955292549480794, -0.9932562805094455, -0.9926104296374862, -0.9974762708471472, -0.9935822390490117, -0.9939057711057085, -0.9919594831515016, -0.9880666645948007, -0.9867686539954222, -0.986442210159282, -0.9844976207430836, -0.984819454261772, -0.9815770968944819, -0.9783327983408965, -0.9799545836452588, -0.9793053356972826, -0.9721665200489876, -0.9689229494402629, -0.9676246961925975, -0.9663276561863667, -0.966003396184809, -0.9679479856010075, -0.9572437658252995, -0.9588643378882271, -0.9494581287118977, -0.9533494913788769, -0.945887628970459, -0.9484821942794944, -0.944264630424662, -0.9387488133221641, -0.9371272706660887, -0.9351800121187339, -0.9306357617794745, -0.9251211579184113, -0.9267446417607821, -0.9196053408159133, -0.9147404701994001, -0.9121442063523562, -0.9111711836993961, -0.9007880694975157, -0.8985165509486033, -0.9001385789012526, -0.8955960271000015, -0.8887838979361338, -0.8822955434772496, -0.8777510504897033, -0.8771037437280225, -0.8758040345906355, -0.864124608327385, -0.8631527989158596, -0.8573112659220824, -0.8553632794298669, -0.8475761864267435, -0.8401155372597602, -0.839789578720194, -0.8300574110042982, -0.8268116565609912, -0.8225955485958804, -0.8170770623622261, -0.8125359664506968, -0.808642905245709, -0.8031263601983503, -0.7979352883939839, -0.7930701751291838, -0.7869048674304228, -0.7758732332254269, -0.7703566881780681, -0.7706819187727737, -0.7619210751718294, -0.7567302460157499, -0.7495921583123158, -0.7440760985615309, -0.7375884720475077, -0.7327211749481253, -0.7233115686957787, -0.721364067500137, -0.7132544130334645, -0.7064396147384402, -0.6989765390885877, -0.6911899313820381, -0.6869728528237795, -0.6775664009991632, -0.6688007044324802, -0.6655581044169032, -0.6613398126172101, -0.6525811528508482, -0.6418723227576885, -0.6363569909517645, -0.6288953711916334, -0.6198107528857054, -0.6152686863810284, -0.6074803801364702, -0.6032628162816378, -0.5899635459003205, -0.5821740264143278, -0.5763334640136983, -0.5730891654601128, -0.5653020724569894, -0.555568934147946, -0.5481044026083717, -0.5370739816448106, -0.5260428327363886, -0.5192290050345122, -0.5127394373341934, -0.5111164387883964, -0.49911323782016215, -0.4903511809777833, -0.4773735014668674, -0.4764007214621943, -0.4634235272478523, -0.45304235423226735, -0.44525307739456155, -0.43876302439766895, -0.4309769019876933, -0.42092095956681375, -0.40988835476867014, -0.3998299858649213, -0.3923683661047903, -0.3849048051583638, -0.3693311044486909, -0.3657620605969738, -0.35732620494244804, -0.34791805457982317, -0.3365621603732696, -0.3239087408639114, -0.3161194640262056, -0.31482242401997484, -0.2969774474096764, -0.28594726909440216, -0.28042999610218267, -0.2703738110330162, -0.2596676500710128, -0.25252689323642236, -0.24474077082644669, -0.22949278600805306, -0.21910942915788567, -0.21002335496223606, -0.19866770340396944, -0.19088182364228073, -0.1808236973868188, -0.16752297111577988, -0.1636272407796358, -0.15389313187744463, -0.13929245382073174, -0.12534247960171663, -0.11560812805123852, -0.10717130180356507, -0.09776339408922706, -0.08965131313968518, -0.07764689893001626, -0.06694025267143891, -0.05234127315273456, -0.04487698426144726, -0.03773744066829153, -0.021839722605347847, -0.01145757899661515, -0.003344770102212455, 0.0076846802682009685, 0.015472743864472095, 0.029099671323364166, 0.044671188198454684, 0.052784482389431245, 0.06316541275672928, 0.0751720108009806, 0.08814944766360953, 0.09658481802156138, 0.10858874693465644, 0.1196206237879392, 0.12903120063343348, 0.14136108808609477, 0.15531179024997066, 0.16828946976088655, 0.1770520118998393, 0.18646016226246426, 0.198788351177117, 0.21371231864223983, 0.22409543284412028, 0.23480426293728002, 0.24323744946064946, 0.2565425434008532, 0.2730890241151992, 0.2824993583124065, 0.2951501086906084, 0.3065062455454489, 0.3172148329903217, 0.33116553515419755, 0.34252191465732496, 0.3542008556240015, 0.3671787777832043, 0.3749675693243363, 0.3918392806333877, 0.3967058497879094, 0.41455106904649475, 0.42136392615522344, 0.435315841560534, 0.44699551047207137, 0.46419196707925436, 0.4726290359752148, 0.48560550224469595, 0.49209531259330164, 0.5109128265599862, 0.5209733792983174, 0.5323278176151494, 0.5479017609731093, 0.5599056898862043, 0.5706128214413555, 0.5861867647993153, 0.5946223778055542, 0.6059787573086816, 0.6222002500766091, 0.6286898177769278, 0.6419949117171315, 0.6569162100510981, 0.6705450786962857, 0.6822257182009707, 0.6913103365068988, 0.7091531292826148, 0.7192127114277983, 0.7286225603284318, 0.7396541945334276, 0.7526318740443435, 0.767557054750901, 0.7779404116010684, 0.7928658349559128, 0.8051932959257048, 0.8184959633830392, 0.8292038228830512, 0.839585966491784, 0.8522393860011421, 0.8678109028762326, 0.8817652447644124, 0.8924718910229898, 0.9051250678840611, 0.9164797488491799, 0.929783629547949, 0.9421144875937579, 0.9576869750619963, 0.9680696039673028, 0.9826702820240156, 0.9940273894720039, 1.0063570342763781, 1.021604291149911, 1.0339336933059984, 1.0469121007617752, 1.0559967190677033, 1.0705964265312684, 1.0848735725312844, 1.0991499905864395, 1.1101804115500007, 1.1244561016602952, 1.1328917146665338, 1.144249550059383, 1.1591742454693665, 1.1698779799485006, 1.1848070430276492, 1.196161723992768, 1.2065450808429354, 1.2201700671155318, 1.2308786545604047, 1.2483991285208584, 1.2604030574339533, 1.271109218395957, 1.2827908284937897, 1.2931729721025225, 1.305827847501602, 1.3171825284667211, 1.3356769956732826, 1.3460581686888675, 1.3590368187929311, 1.372338515657118, 1.3823978551540144, 1.393753749360568, 1.40543463151354, 1.4197098363272607, 1.4297684478792962, 1.4456671365353877, 1.4550760148428734, 1.4703230290681193, 1.4784358379625222, 1.4946583013235972, 1.5034191449245415, 1.5173717882747129, 1.5287250133501102, 1.5410565993407799, 1.5559793535644681, 1.5666881836576279, 1.5767470378579507, 1.5884269494177747, 1.601404386280404, 1.6075709072205995, 1.6273602305988095, 1.6351490221399414, 1.6442336404458693, 1.6607810917533632, 1.674081332727828, 1.6834926375181833, 1.6964703170290991, 1.7087987485920388, 1.7221026292908077, 1.7311865196518752, 1.7464352324151295, 1.7535747760082854, 1.7636314463740257, 1.781803109468751, 1.792184525132623, 1.7986738501846546, 1.8126238244036699, 1.8262517224557098, 1.834039300755407, 1.8440966990660081, 1.859993689184091, 1.873946817830836, 1.8833569093797566, 1.8934138223937838, 1.9086618072121775, 1.9128800990118708, 1.9255342464660896, 1.934294362122173, 1.9492168736975743, 1.9553846078792048, 1.968364471224703, 1.984584750751196, 1.9933434105175576, 2.0059987712132115, 2.009893530956208, 2.0267645143203983, 2.037145444687696, 2.045582028287083, 2.0595341863406804, 2.073485859097704, 2.0780276829540942, 2.0906796465737307, 2.1000911940123728, 2.1133924055799858, 2.121180469176257, 2.1299391289426186, 2.141944999042009, 2.152329326485324, 2.162711470094057, 2.16757634071057, 2.1821787173052916, 2.1876942917595024, 2.1967786674171434, 2.209432329574789, 2.2214345599498753, 2.2334406726975526, 2.2409054468854137, 2.2499886093016204, 2.2662110726626956, 2.272700640363014, 2.278539989522209, 2.2921681302225356, 2.3031980658895232, 2.3113089335976302, 2.3207195104431246, 2.327856142256837, 2.337916937643455, 2.348945660069008, 2.355438624845344, 2.3619255234145062, 2.375876953523243, 2.3849603585877364, 2.39404691807996, 2.4054011137485047, 2.406700094941031, 2.4183795212042813, 2.427142305991521, 2.4359016937027436, 2.444986069360385, 2.45569368621211, 2.4602369659582215, 2.4738621948791053, 2.4810002825825395, 2.4904098888348862, 2.5004660739040525, 2.504683880407172, 2.5140932440112316, 2.522530798203766, 2.5277206567666974, 2.5345371535997305, 2.545565876025283, 2.559193046132462, 2.565358353831223, 2.567954617678267, 2.579635014534665, 2.584177323687629, 2.5948832420013455, 2.6072114309159984, 2.6098067241698946, 2.6120804265533892, 2.625381880769289, 2.6299256458119746, 2.6364142429191455, 2.6425797932661936, 2.6487441303718073, 2.6581513101412844, 2.664317345784906, 2.6701576655372485, 2.6815138023920895, 2.680539566497694, 2.6961139951522277, 2.698060040458148, 2.7077948773052, 2.7123345173270077, 2.7233666368285774, 2.727261396571574, 2.7311551857214225, 2.7399143307843583, 2.7483489731974493, 2.7489994343868602, 2.756786527389983, 2.7600327671298643, 2.770087011012736, 2.7713867201501223, 2.7785248078535565, 2.783716364954497, 2.7950710459196157, 2.7979925403613652, 2.8022101042161975, 2.806428638664178, 2.8177816210912883, 2.8145385357791373, 2.8226496461355315, 2.8291394564841372, 2.834654302993487, 2.835629024184456, 2.847307965151132, 2.846986131632444, 2.854124947280739, 2.8570420740533233, 2.86093683379632, 2.865479385597571, 2.870994717403495, 2.8768343092109765, 2.876835765100698, 2.8781337757000767, 2.8885151913639486, 2.890137704613172, 2.8969512896667613, 2.8992223229191003, 2.8995473108655183, 2.906682972086083, 2.908955218579856, 2.9115522103717613, 2.919986610136565, 2.924204659287972, 2.927123969895139, 2.9280977204929597, 2.926801165783303, 2.93685807879733, 2.939778117349358, 2.9423743811964016, 2.948214943597031, 2.9462669571048155, 2.9488641915450073, 2.9524322648035763, 2.956650799251557, 2.9572993192546724, 2.9598941272119945, 2.9589213472073213, 2.9602186298618394, 2.9641133896048357, 2.9654097016662053, 2.9641136322531225, 2.9735208120226, 2.9699520108191697, 2.974494077323847, 2.9748202785117, 2.9764420638160622, 2.9800101370746312, 2.9852012088789976, 2.9826061582733883, 2.987473455372771, 2.9809870421001827, 2.987472970076197, 2.9848767062291532, 2.9920150365808746, 2.9877977153743287, 2.993962537776516, 2.9942867977780736, 2.9913655459846114, 2.9926645271771375, 2.994288496316082, 2.9897452165699705, 2.995908825730723, 3.0001278454752773, 2.996557103085552, 2.996882576328544, 2.9985055748743408, 2.998181072224496, 2.9994773842858664, 2.9933137751251135, 2.9972065936818146, 2.996882333680257, 2.992015279229161, 2.9952605483758945, 2.9946115430762053, 2.9955843230808785, 2.992989272475269, 2.989097667160003, 2.990394707166234, 2.991042984521062, 2.9907177539263565, 2.992988787178695, 2.9842291568191857, 2.9884445368394355, 2.9858499715304, 2.9839019850381847, 2.980660598264042, 2.9783881091219824, 2.9757916026266513, 2.97514356792011, 2.9738460426173052, 2.9722247426095167, 2.968978260221349, 2.9725482746662135, 2.967357930806708, 2.9660589496141823, 2.966382239022592, 2.9644371643098197, 2.9566510418998435, 2.9592453645605925, 2.9550261021677513, 2.9475642397593336, 2.9491867530085565, 2.9491867530085565, 2.943996894445625, 2.9420493932499836, 2.934912518787984, 2.931992237587669, 2.929720719038756, 2.9297180499076, 2.924531103124112, 2.919662350135008, 2.91836506748049, 2.915118099795748, 2.9096064077141284, 2.905387630617861, 2.90571019208141, 2.9027891829362344, 2.893057500516913, 2.891111455210993, 2.8881897181209566, 2.884944934270797, 2.8791048571667415, 2.8742392586053676, 2.8648311082427425, 2.864179676460184, 2.858017523189153, 2.8567173287551917, 2.8544477513925752, 2.8508774942994233, 2.8424423665897587, 2.8343312562333645, 2.8349795335881924, 2.829462988540834, 2.819081087580388, 2.819408016713102, 2.8148637663738425, 2.807077158667293, 2.798316800362923, 2.795720779164166, 2.790528736766652, 2.7820943370018476, 2.781768863758855, 2.774630776055421, 2.771062217500278, 2.7635996271469994, 2.7554890020871787, 2.751919230290601, 2.7444576105304703, 2.7389408228348247, 2.729531216582478, 2.73115300188684, 2.7133097238145503, 2.712010985270311, 2.7077934214154786, 2.6996820684107976, 2.6925434954107894, 2.68929871156063, 2.6798915317911525, 2.673727194685539, 2.665613172549702, 2.659124818090818, 2.6484191424253885, 2.6448496132770978, 2.6393342814711738, 2.63057416581509, 2.621812108972711, 2.6192180289602494, 2.6098074521147554, 2.6023458323546245, 2.596181009952437, 2.590990423444645, 2.5796333159966567, 2.574442486840577, 2.5656823711844936, 2.5585440408327726, 2.5501086704748204, 2.5403750468692032, 2.5309649553202833, 2.5215560770127974, 2.516041230503447, 2.506630653657953, 2.4975465206485987, 2.4891111502906464, 2.4855425917355034, 2.470293393675675, 2.46477733392489, 2.4589377421174086, 2.4492033905669306, 2.4394683110715913, 2.430708680712082, 2.4222725824092692, 2.4154597253005408, 2.402807519032617, 2.396965015445692, 2.3891788930357167, 2.380095973267797, 2.371010141720434, 2.360626784870267, 2.353813685113251, 2.342783506797977, 2.3333734152490564, 2.317798016001375, 2.3145532321512157, 2.305470555031583, 2.2918453261106997, 2.2843800666262646, 2.271077641817217, 2.2675085979655, 2.257451684951473, 2.2483646401626753, 2.2366847286028513, 2.2263020996975444, 2.2178672146361667, 2.2078093310289915, 2.1983985115352103, 2.191262365018072, 2.177959697560737, 2.1653057927548054, 2.1607598438775373, 2.142918992288117, 2.1341588766320334, 2.1270188477423035, 2.115337480292758, 2.1062538325799776, 2.092951893067504, 2.08614024920021, 2.072187363201752, 2.062451555761552, 2.0520713533391146, 2.0429867350331867, 2.0296828543344176, 2.019299740132537, 2.0082715030035585, 1.9943186170051002, 1.9852339986991723, 1.9787432177574185, 1.9641444808870012, 1.9596009584926026, 1.9414319645290334, 1.9346171662340093, 1.9209924226096995, 1.9115820884124923, 1.898928668903134, 1.8878970346981383, 1.8745941245925168, 1.8629142130326926, 1.8551273626778562, 1.8411766605139803, 1.8350106248703586, 1.814895828249156, 1.8067837472996144, 1.7970491531008492, 1.788287824203331, 1.7723925326232566, 1.7626584237210656, 1.7525988415758822, 1.7373494008677668, 1.727940765208568, 1.7156116057007675, 1.7023084529468595, 1.689655761382362, 1.6770013712798562, 1.6666194703194102, 1.6552633334645699, 1.645854455157084, 1.6332003077028652, 1.6228179214458454, 1.6104870634000363, 1.5981591171336706, 1.5851819229193285, 1.5738243301747668, 1.5579278253532576, 1.549491727050445, 1.534241558397469, 1.5219119135930943, 1.5099077420317126, 1.5027698969765653, 1.4858984283158008, 1.4738920729198366, 1.4625366640098567, 1.4544253110051757, 1.440801295325727, 1.4271716987356786, 1.4154927577690017, 1.4015376879359613, 1.390184220212277, 1.372015226248708, 1.364553121192003, 1.3535193031524249, 1.3398950448246887, 1.3308077573876047, 1.3145865072679639, 1.3016083424604743, 1.2905762229589044, 1.2785725366940965, 1.2652684133470404, 1.2545612817918892, 1.2409350822778582, 1.2279571601186554, 1.2130319794120978, 1.2088129596675437, 1.1906471201317046, 1.1760449861852702, 1.1659858893366606, 1.1572252883840033, 1.1439233488715297, 1.1312684734724499, 1.117317528660287, 1.1049873985593388, 1.0900653722805114, 1.0767622195266031, 1.0621612988216034, 1.0537249578705037, 1.045612876920962, 1.0274455814954013, 1.0160879887508392, 1.0034343265931942, 0.9849401020349196, 0.9791014808205856, 0.9622292842149602, 0.9537924579672867, 0.9414637837560602, 0.925891053639535, 0.9145346741364077, 0.9002565575432439, 0.892794452486539, 0.87981701562391, 0.8648930481587872, 0.8571061978039507, 0.8379627252976999, 0.8243367684319556, 0.8107083850833419, 0.8016237667774139, 0.7909142087393932, 0.7759926677571398, 0.7600944643976222, 0.7539289140505743, 0.7415980560047652, 0.7240800085271809, 0.7123988837259219, 0.7046122760193724, 0.6887118888252725, 0.6789806917025244, 0.6637307656978354, 0.654647117985055, 0.6374496907847244, 0.627716067179107, 0.6183091300579167, 0.600461726964749, 0.5887818154049247, 0.5738588185329495, 0.5680175281874592, 0.5550383927868218, 0.5427087479824474, 0.5349226255724717, 0.5222694487114006, 0.5031267041500105, 0.49728614174938107, 0.4817124410397081, 0.46970681358860455, 0.4577023993789356, 0.44667052252565287, 0.4285024991552314, 0.4203899329091157, 0.4106567946000722, 0.39572967270721926, 0.3869707702925705, 0.3804824158336864, 0.35971861391279486, 0.3477125011651174, 0.3340853310579384, 0.3272700474663404, 0.3129962985423415, 0.30358717758656883, 0.29320285014325376, 0.2805496732821825, 0.2714650549762544, 0.2558918395631554, 0.24518349476656953, 0.23155923643883372, 0.221823428998634, 0.20787175624161036, 0.1994356579387977, 0.1864584637244557, 0.17964609191230085, 0.1595305673462378, 0.15530960641538827, 0.13811533364278766, 0.12416390353405095, 0.12026938643934153, 0.10274842718231389, 0.09236773946330279, 0.08717375587949325, 0.07581907491437438, 0.06348967275828697, 0.051809518550175744, 0.041101901698450675, 0.031692780742678, 0.020336886536124477, 0.008981962922718688, -0.000752873924333289, -0.016651319932137774, -0.027681498247411996, -0.03806364185614469, -0.047149473403507405, -0.056233121116287726, -0.06272390205804113, -0.08056669483375713, -0.08803001313189669, -0.09581856202474169, -0.10879575623908369, -0.11885339719797176, -0.13118255670577225, -0.1431864856188673, -0.15292156511420618, -0.1616809528254288, -0.17335989379210537, -0.18082345473853184, -0.19380283278745628, -0.20256319109182663, -0.20872680025257911, -0.22073121446224805, -0.23403558045759099, -0.2414967149211481, -0.25544790238159787, -0.2603159274258412, -0.2713461057411154, -0.2791351399305343, -0.2908131103040631, -0.2995739539050073, -0.31157836811467626, -0.31774416111001114, -0.3274770567707677, -0.3375342124330819, -0.3479182972281101, -0.3547330955231342, -0.36446356470102137, -0.37354963889667103, -0.3839334810434123, -0.3904228060954441, -0.40210174706212065, -0.4118346427228772, -0.4192972330761559, -0.4283823366786578, -0.43876545088053825, -0.44460528533630694, -0.45725943279052594, -0.4669923284512824, -0.4718591402540911, -0.48094375856001914, -0.4955429807270104, -0.499113965765023, -0.504306250810824, -0.516956758540739, -0.5221497715314007, -0.5318846083784528, -0.5344791736874882, -0.5471316226036986, -0.5520003755928028, -0.5633584536339387, -0.5711426348576188, -0.5773076999080929, -0.5857430702660449, -0.5909358406084197, -0.6009929962707339, -0.606831374836781, -0.6159176916807176, -0.6217572834881993, -0.6337633962358767, -0.6305200682754389, -0.6473878972118995, -0.6538774649122181, -0.6558259367010076, -0.6655593176583379, -0.6720469441723612, -0.6762662065652022, -0.6811352022025933, -0.6950839631801737, -0.7005995376343847, -0.7051425747322094, -0.7103346171297236, -0.7187687742462407, -0.7252585845948465, -0.7317464537571566, -0.737587258806073, -0.7469966224101328, -0.7450508197524996, -0.7577022980755622, -0.7622465484148218, -0.7697076828783789, -0.7726291773201284, -0.780415542378391, -0.785607584775905, -0.7911221886369683, -0.7950150071936691, -0.799234754883084, -0.8057240799351157, -0.8131864276401076, -0.8164297556005454, -0.8209713368086486, -0.8294091336494698, -0.8355734707550831, -0.8362210201650508, -0.8420625531588279, -0.850497195571919, -0.8537419794220784, -0.8605560497722419, -0.8654233468716244, -0.8728854519283292, -0.8699646854314406, -0.8719119439787953, -0.8803480422816079, -0.8868385805750745, -0.8878113605797475, -0.8926755032513999, -0.9014356189074834, -0.9011125721473603, -0.9037085933461173, -0.9111704557545354, -0.909548185153599, -0.914090979603137, -0.9173360061015833, -0.9257687073283788, -0.9273919485224629, -0.9309631762087622, -0.93096414680191, -0.9380995653741879, -0.9426428451202996, -0.9406977704075273, -0.94751111281283, -0.9468613795682798, -0.9520514807794984, -0.9562692872826178, -0.9575682684751441, -0.9614596311421233, -0.9621076658486649, -0.9660041241296698, -0.9614627855698535, -0.9724905374022584, -0.970868994746183, -0.973464773296653, -0.9721679759387092, -0.9754122744922948, -0.9793060636421433, -0.9802805421848251, -0.9809295474845143, -0.9819037833789089, -0.9793070342352912, -0.9864434234007167, -0.9861208619371676, -0.9919609390412232, -0.9906614725521231, -0.9890392019511869, -0.9965027628976133, -0.9906626857935578, -0.9987720976119433, -0.9971510402524417, -0.9971527387904504, -0.9971527387904504, -1.0013676335141264, -0.9948797643518164, -0.9984483229069595, -1.0029913600047844, -0.9997460908580511, -0.9968265376025971, -0.997477241440295, -1.0016933494054059, -0.9971505549558679, -1.0029913600047844, -1.0016931067571189, -1.0055864106103938, -1.0039638973611704, -1.0020178520552505, -1.0016918935156842, -0.999746333506338, -0.995204024353374, -0.9968265376025971, -0.9922844710979201, -0.995203781705087, -0.9913107205000993, -0.9909859752019677, -0.9919597257997885, -0.9900129525490077, -0.9887149419496292, -0.9887159125427769, -0.9893627340078838, -0.9841745739829606, -0.9812528368929242, -0.9796312942368488, -0.9789818036405857, -0.9770352730380918, -0.9724924785885538, -0.9724927212368408, -0.9689231920885499, -0.9695738959262477, -0.9708699653393307, -0.961461329680132, -0.9637321202841835, -0.9624338670365181, -0.9556217378726501, -0.9575672978819963, -0.9546482299231163, -0.9507534701801199, -0.9452395942639175, -0.9423176145255943, -0.9416700651156266, -0.9436151398283988, -0.9397215933268372, -0.9306379456140569, -0.9251226138081329, -0.9247983538065752, -0.9241488632103121, -0.9163612849106147, -0.9170110181551647, -0.9079271277940975, -0.9063048571931613, -0.9024086415604434, -0.901760121557328, -0.89689403769938, -0.892351971194703, -0.8874839461504598, -0.8855374155479657, -0.8767804543196125, -0.8725616772233454, -0.8689914201301936, -0.8657456656868865, -0.8573112659220824, -0.8595815712295601, -0.849524415567246, -0.8495241729189591, -0.8436836105183295, -0.8404402825578918, -0.8342737616176961, -0.8251896286083419, -0.8219448447581825, -0.8148096688341916, -0.8131842438055252, -0.8089676505438406, -0.8011803148924301, -0.7937182098357253, -0.7888518833294905, -0.7846335915297973, -0.7791170464824385, -0.7729544079148338, -0.7651663443185626, -0.7654886631338249, -0.7557562527696422, -0.7489429103643397, -0.7424547985537424, -0.7405070547098139, -0.7301249111010812, -0.7239598460506071, -0.7155269021755246, -0.7106571785932727, -0.7054653788440456, -0.7018956070474678, -0.691840149923162, -0.6866468942842133, -0.6795100198222138, -0.6723702335807712, -0.6623147764564655, -0.6538769796156443, -0.6525792116645527, -0.6454418519059795, -0.631816380336809, -0.6288963417847812, -0.6237035714424063, -0.6142954210797814, -0.6065071148352232, -0.6042370521760325, -0.5957994979834982, -0.5857433129143318, -0.5753616546021729, -0.568222838953878, -0.5601102727077623, -0.554918715606822, -0.5432392893435716, -0.5341553989825043, -0.5279891206905956, -0.5189047450329545, -0.5114438532176843, -0.5046288122743732, -0.49684171927124976, -0.4861358009575332, -0.48224176915939765, -0.4702385681911634, -0.46536884460891154, -0.4543384236453504, -0.446228041233817, -0.43616918703349433, -0.42805856197367403, -0.419296990427869, -0.4121589027244349, -0.3982094138019936, -0.3910705981536987, -0.3800377507072682, -0.3716023803493163, -0.36446526323902995, -0.35635318228948804, -0.34661931603558377, -0.3352641497738911, -0.3271523114726361, -0.3135263546068918, -0.311902385467947, -0.29989748596170424, -0.2888685208878647, -0.27426662958971715, -0.2700488230865977, -0.2632345100881474, -0.24863504527286917, -0.24182121757099273, -0.23241112602207234, -0.22040743975726423, -0.2097007934986869, -0.19899366194353568, -0.1886117609830899, -0.17822864678120948, -0.17206261113758764, -0.15843641162355637, -0.14870278801793907, -0.1389686791157479, -0.13215460876558455, -0.12079774396588328, -0.10652302444873661, -0.09906140468860558, -0.08867877578329902, -0.07602438568079309, -0.06661550737330735, -0.053639041103826154, -0.04487746955802113, -0.03514311800754302, -0.024435501155817958, -0.010810757531508293, -0.003995959236484121, 0.010279973522097209, 0.022611074216193162, 0.03137070457570271, 0.04434644290032312, 0.05310849974270201, 0.06478938189567403, 0.07646905080721138, 0.07874008405954992, 0.09885536597732605, 0.10631892692375255, 0.12286686352782017, 0.13259951654028973, 0.1491462399029227, 0.15855681674841698, 0.16180111530200247, 0.1741312454029507, 0.19002775022445972, 0.20235885091855565, 0.21014424538367055, 0.22247267694661021, 0.2344756352665575, 0.24356389329678957, 0.25881284870833093, 0.267897467014259, 0.28444249183888337, 0.29385525251896005, 0.30683099084358045, 0.3185138141828479, 0.3266229833529466, 0.34317189055016195, 0.3529050288592054, 0.36523491631186666, 0.37399333342994157, 0.3898912941411722, 0.40189667894398884, 0.41260381049913997, 0.4220126888066258, 0.43661191097361707, 0.44537469576085675, 0.4567296193742625, 0.4739251053882978, 0.48268449309952044, 0.4937204949736811, 0.5089679944955008, 0.5222679928216789, 0.5326518349684202, 0.5485497956796508, 0.556660663387758, 0.5702871055500762, 0.5803476582884075, 0.5994894322566497, 0.6095485291052594, 0.6225264512644622, 0.634204421637991, 0.6458865170323977, 0.6549725912280473, 0.6682735601473733, 0.6806019917103129, 0.6922850576978673, 0.7078580304626794, 0.7182399314231251, 0.732514408291985, 0.7448455089860808, 0.7562006752477737, 0.7714503586041758, 0.7772901930599445, 0.7922165870079366, 0.8042197879761709, 0.8171998939699561, 0.8308256081874135, 0.8405602023861786, 0.853212651302389, 0.8645685455089426, 0.8811142982784278, 0.8902015857155121, 0.900259954619261, 0.9187527232878139, 0.9314049295557374, 0.9430872675984311, 0.9596342336093509, 0.9713141451691752, 0.9833178314339833, 0.9924048762227807, 1.005381099843975, 1.017062709941808, 1.0349064733106716, 1.0439925475063212, 1.0576192323169264, 1.068650866521922, 1.0835738633938974, 1.0972022467425109, 1.1072608582945467, 1.1176439724964273, 1.130298119950646, 1.1487891900811906, 1.160795788125442, 1.1731249476332424, 1.1828602697768682, 1.195187973394947, 1.2091396461519708, 1.2211447883065005, 1.2350952478220896, 1.2441805940728783, 1.2558609909292764, 1.2769485675551517, 1.2827908284937897, 1.2960910694682548, 1.3103682154682708, 1.3197778217206175, 1.3347015465374532, 1.3489772366477477, 1.3596848534994725, 1.3723394862502656, 1.3836958657533929, 1.3947267720135281, 1.4038126035608907, 1.419385333677416, 1.4294432172845908, 1.4443674273980005, 1.457673491931352, 1.4716222529089327, 1.482329141815797, 1.4927112854245295, 1.505040687580617, 1.5222383574292346, 1.5313224904385887, 1.5426776567002813, 1.5579283106498314, 1.5670124436591855, 1.5744755193090383, 1.5893990014775872, 1.603027627474488, 1.615357514927149, 1.6286589691430489, 1.6400134074598807, 1.6500720190119167, 1.661754842351184, 1.6727845353698843, 1.6860867175306449, 1.7003599811580699, 1.7097732271347206, 1.7198313533901823, 1.7354028702652728, 1.7425431418032895, 1.7564933586705915, 1.7678494955254318, 1.783422953586818, 1.7899120359905627, 1.8006208660837226, 1.8126252802933913, 1.8220346438974508, 1.8418225113859394, 1.847665500269438, 1.8596711277205418, 1.8765430816778803, 1.8836780149535843, 1.892440799740824, 1.905417508658592, 1.9177464255181056, 1.9271567597153128, 1.9355926153698386, 1.9466242495748345, 1.9592774264359059, 1.9706323500493115, 1.9810164348443398, 1.9936710675951326, 2.0030784900128964, 2.0157316668739678, 2.027087318432234, 2.036822883224147, 2.04266320297649, 2.0562894024905214, 2.0669962913973854, 2.07381181763727, 2.0906806171668784, 2.100739471367201, 2.110798568215811, 2.1263700850909015, 2.130264844833898, 2.1422697443401404, 2.1523271426507415, 2.1633602327454593, 2.1740656657626016, 2.1844478093713344, 2.195154212981625, 2.204564304530545, 2.2136486801881867, 2.219165953180406, 2.229548096789139, 2.2386334430399275, 2.2516103946059824, 2.261993994104437, 2.271077884465504, 2.27951374012003, 2.2892473637256474, 2.300928245878619, 2.30968617770012, 2.319421499843746, 2.326882634307303, 2.333374871138778, 2.3466746268166694, 2.355761914253754, 2.3645200887235416, 2.369387871119498, 2.383013827985242, 2.3933981554285575, 2.4021580284363537, 2.410916202906142, 2.418704751798987, 2.4268173180451025, 2.435252931051341, 2.4446608387656794, 2.4569909688666276, 2.4605595274217706, 2.467374083068508, 2.4771072213775516, 2.491381940894698, 2.4952769432859814, 2.5030640362891052, 2.514093729307805, 2.521231574362953, 2.5303176485586025, 2.5348597150632792, 2.5484861572255975, 2.5520549584290277, 2.5640598579352707, 2.5679536470851194, 2.5789845533452542, 2.5848241451527363, 2.5916403993374817, 2.6016975549997956, 2.60980866535619, 2.615971546572082, 2.6211650448593176, 2.629924189922253, 2.6377112829253764, 2.6451738732786554, 2.6549072542359853, 2.6568549980799143, 2.667236656392073, 2.671779450841611, 2.6831343744550167, 2.6876791100908504, 2.6902734327515985, 2.697736993698025, 2.7077926934706174, 2.716230005014865, 2.716229519718291, 2.724665375372817, 2.7311542151282744, 2.7402390760824895, 2.746727430541374, 2.7522434902921584, 2.751919472938888, 2.7603546006485526, 2.7658721162890596, 2.7733330081043297, 2.779497345209943, 2.784688902310883, 2.7840415955492026, 2.7940982659149425, 2.8009113656719586, 2.8093477066230577, 2.812269686361381, 2.8207040861261854, 2.8245966620345992, 2.8281652205897423, 2.8353045215346113, 2.835629266832743, 2.8404955933389777, 2.8456864224950573, 2.852175262250515, 2.8537994740377464, 2.862557891155822, 2.865152941761431, 2.8658041308957025, 2.8729429465439975, 2.8735900106573915, 2.8807273704159644, 2.8855946675153468, 2.8894889419617695, 2.89403076581816, 2.8979240696714346, 2.8995456123275103, 2.909279721229701, 2.9144715209789283, 2.9157683183368723, 2.9193361489471545, 2.9245289192895294, 2.923555168691709, 2.921934596628781, 2.9277734604914016, 2.9349113055465486, 2.934587288193278, 2.935235808196394, 2.9388063079378326, 2.9469159624045047, 2.9521080048020187, 2.9521080048020187, 2.951458756854043, 2.9572976207166635, 2.956326539249999, 2.9621644325194723, 2.9624911190038996, 2.9618413857593495, 2.9673562322686995, 2.9744938346755596, 2.9654126134456487, 2.9761178038145046, 2.974170059970576, 2.9751447811615446, 2.9832556488696516, 2.9796868476662213, 2.980660598264042, 2.9787133397166876, 2.9848767062291532, 2.986501645961246, 2.9848767062291532, 2.989742547438814, 2.989419500678691, 2.9877989286157636, 2.9910422565762014, 2.992338568637571, 2.9949360457260497, 2.992017463063744, 2.9942860698332128, 2.996232115139133, 2.993962295128229, 2.99655880162356, 2.992989029826982, 2.9972061083852406, 2.996557831030412, 2.996234056325428, 2.997855598981504, 2.993639248368106, 3.0004518628285477, 2.9972068363301014, 2.9949360457260497, 2.9975308536833722, 2.9952598204310337, 2.993962537776516, 2.9952605483758945, 2.9929880592338343, 2.9887707380272888, 2.988124401858756, 2.9874732127244843, 2.98552668212199, 2.983255891517939, 2.9819590941599947, 2.9852026647687193, 2.984554144765604, 2.982928719736938, 2.978064577065285, 2.977741045008589, 2.971576465254688, 2.977738618525719, 2.9696292067073338, 2.969627022872751, 2.9722247426095167, 2.964111933715114, 2.9663829669674526, 2.9585978151506245, 2.9589215898556085, 2.9563258113051383, 2.954700628924759, 2.9514606980403384, 2.9524312942104287, 2.947239494461202, 2.943346675904501, 2.942374623844689, 2.9410766132453103, 2.9336130522988837, 2.932965017592342, 2.9300449790403142, 2.9258276578337687, 2.9232306660418637, 2.9157673477437243, 2.9151197983337567, 2.9157692889300195, 2.9076576932770517, 2.9079817106303225, 2.9044124241303186, 2.898248572321279, 2.8924082525689365, 2.8904619646147296, 2.885919898110053, 2.8807280983608257, 2.8810530863072437, 2.8774818586209445, 2.8664526508988177, 2.8674237323654825, 2.8651536697062916, 2.8567182993483398, 2.8456876357364917, 2.849255951643348, 2.840820581285396, 2.840495350690691, 2.829463231189121, 2.827841203236472, 2.8207040861261854, 2.812592490473217, 2.812592490473217, 2.807078614557015, 2.8028600801090344, 2.7979910844716436, 2.788582206164158, 2.7794990437479514, 2.779496859913369, 2.7759299998962343, 2.7700874963093094, 2.761652368599645, 2.754838783546055, 2.7476997252494733, 2.7444559119924614, 2.7444566399373223, 2.7321279657260953, 2.724988179484653, 2.7204470835731236, 2.718176050320785, 2.704549608158467, 2.7006553337120445, 2.6996813404659363, 2.6860556262484794, 2.6795667864930213, 2.6756727546948857, 2.665613657846276, 2.657179500729759, 2.647120889177723, 2.651986002442523, 2.6396585414727314, 2.6270046366667987, 2.626355874015397, 2.6169455398181896, 2.6098081800596162, 2.5991034749873343, 2.5971537899571104, 2.588718419599158, 2.57703802274276, 2.572172424181386, 2.561790280572654, 2.5549747543327688, 2.546214638676685, 2.5410245374654665, 2.5332372018140563, 2.5231785902620203, 2.5157150293155937, 2.507929634850479, 2.49981731125265, 2.491382668839559, 2.485217118492511, 2.471266901625209, 2.4595884459551063, 2.453421439718337, 2.4430383255164565, 2.441416297563807, 2.432008389849469, 2.424870544794322, 2.413838182644465, 2.408968944358787, 2.3976140207453813, 2.3826915091699803, 2.3755507523353896, 2.3710098990721473, 2.361276032818243, 2.348622855957172, 2.3401867576543594, 2.335641779370239, 2.3213675451496663, 2.310660656242802, 2.3028742911845392, 2.296706799651196, 2.285028343981093, 2.272701368307875, 2.2623184967542818, 2.2567992825757663, 2.246420536043051, 2.233766873885406, 2.22565430763929, 2.2149449922495563, 2.202618744521199, 2.1912611517766374, 2.186395553215263, 2.1769849763697686, 2.1653057927548054, 2.1558964291507454, 2.1490826014488693, 2.139348977843252, 2.125398033031089, 2.1150149188292087, 2.1039832846242126, 2.0987931834129943, 2.0832182694618866, 2.073485131152843, 2.0669958061008114, 2.0462303056419113, 2.04136373648739, 2.032926667591429, 2.0205999345664982, 2.007945301815705, 1.9998332208661633, 1.987504061358363, 1.9771233736393516, 1.9664140582496183, 1.9560316719925983, 1.942729004535264, 1.9310495782720138, 1.9206659787735594, 1.9109342963542377, 1.9015239621570301, 1.888870785295959, 1.8739458472376884, 1.8632379877376763, 1.85610087062739, 1.8431222205233264, 1.8317672969099208, 1.8165176135535184, 1.8093792832017974, 1.7951040783880767, 1.7876410027382243, 1.7746621099858737, 1.7587639066263563, 1.7506510977319534, 1.7405939420696392, 1.7269667719624604, 1.7123694909817644, 1.7055532367970188, 1.6932238346409312, 1.6831652230888956, 1.6685652729770433, 1.6539645949203305, 1.6416366486539646, 1.6296307785545743, 1.6198981255421045, 1.6088664913371087, 1.598157418595662, 1.585180467029607, 1.5683111822034248, 1.5598753265488992, 1.5465704752569822, 1.5439729981685038, 1.5238589294921623, 1.508936175268474, 1.500174603722669, 1.4894669868709438, 1.4755145861690595, 1.4667539852164022, 1.4521540351045503, 1.4388511249989289, 1.4258746587294477, 1.4164665083668229, 1.4018663156066837, 1.3892099843178822, 1.3765577780499587, 1.365525658548389, 1.353845746988565, 1.3405425942346565, 1.333729009181067, 1.3175058178751309, 1.301932845110319, 1.2912249856103069, 1.2824638993610757, 1.2646213492336469, 1.2539144603267824, 1.2412595849277028, 1.2289287268818938, 1.2162772485588311, 1.2052446437606874, 1.1906437230556877, 1.1770180088382303, 1.1685816678871306, 1.1591730322279319, 1.1452213594709082, 1.126402146966215, 1.1182903086649603, 1.0975274773372163, 1.0923361628845631, 1.0783832768861048, 1.067351642681109, 1.0517789125645838, 1.0423685783673764, 1.0297129750234357, 1.0157642140458554, 0.9988949292196733, 0.989807641782589, 0.9803963369922339, 0.9661240439579566, 0.9508736326566936, 0.9401662584532555, 0.926214100399658, 0.9155069688445069, 0.9012303081410646, 0.8902003724740775, 0.8775459823715716, 0.8648906216759178, 0.8538597154157829, 0.8363406973450506, 0.8246593298955047, 0.814277671583346, 0.8016230388325531, 0.7883220699132273, 0.7795604983674222, 0.7600944643976222, 0.7519826260963673, 0.7399769986452638, 0.7257022791281171, 0.7169419208237466, 0.7020164974689023, 0.688390297954871, 0.6724918519470665, 0.6627577430448753, 0.6591865153585759, 0.6410189772847283, 0.627716067179107, 0.614088654423641, 0.6040302855198921, 0.5897548380578846, 0.5803459597503989, 0.5641227684444629, 0.5569858939824635, 0.5440072438783998, 0.5290825484684162, 0.5212961834101536, 0.5083175333060899, 0.495663385851871, 0.4791188463238204, 0.4729506268456162, 0.45932539792473265, 0.4469945398789237, 0.4317458271156692, 0.42330972881285656, 0.4106560666552114, 0.39735291390130323, 0.3850244823383635, 0.3730178842941122, 0.3593921700766548, 0.3493354997109145, 0.3418709681713402, 0.32727101805948816, 0.3146180838467038, 0.30293938552831423, 0.29223079808344143, 0.2779555932697209, 0.2652990193326326, 0.2555675795615977, 0.24810498920831892, 0.23512633910425532, 0.2198776263410009, 0.2101435174388097, 0.1939205687811606, 0.1897025196297543, 0.1767241121739776, 0.16342241530979096, 0.15498607435869136, 0.13714255363811456, 0.13000276739667188, 0.12156812498358084, 0.10664342957359718, 0.09658506066984832, 0.08750019971563333, 0.07354755636546198, 0.06316614070159007, 0.05473004239877742, 0.0394806016906622, 0.029098943378503363, 0.020986862428961472, 0.006709959077232407, -0.0026984339336794676, -0.012755832244280604, -0.02865573414180669, -0.03741463655645544, -0.04195937219228879, -0.05493632375834387, -0.06531822471878963, -0.08186543337799645, -0.08835524372660213, -0.10003248615527013, -0.1081465082911075, -0.12242244104968883, -0.13345407525468467, -0.13864490441076407, -0.15259609187121384, -0.16395295667091508, -0.16979376171983152, -0.18114989857467195, -0.19282762629991385, -0.2058060337556905, -0.21391908529838016, -0.22008390770056732, -0.23370937926973778, -0.24311971346694514, -0.24928550646228004, -0.25642262357256645, -0.2703728404398685, -0.28237846789097204, -0.2875702676401992, -0.29405910739565716, -0.3070363016099992, -0.318717669059545, -0.33331689122653635, -0.33461660036392343, -0.3456458080860499, -0.3540819063888626, -0.3647897658888746, -0.37095652947735724, -0.38555405310634, -0.3894492981459102, -0.4021024750069815, -0.4095640947671124, -0.4241640448789646, -0.4244883048805223, -0.4394134855870798, -0.44363250533163384, -0.45336588628896424, -0.4605030033992506, -0.47413114409957735, -0.4799719491484938, -0.4874340542051987, -0.4991134804684491, -0.5049530722759308, -0.512417846463792, -0.5205277435787515, -0.5279908192286041, -0.5354526816370221, -0.5487568049840781, -0.5571912047488822, -0.5630307965563639, -0.5734122122202359, -0.574065342540803, -0.5847705329096586, -0.5935304059174552, -0.6000192456729131, -0.6084563145688735, -0.6162419516822752, -0.6214356926177979, -0.6295451044361835, -0.6376564574408645, -0.6444685866047325, -0.6499848890038042, -0.6574472367087961, -0.6652338444153456, -0.6720486427103698, -0.6817808104262655, -0.6882706207748711, -0.6970295231895199, -0.7002760055776878, -0.7028708135350101, -0.716821758347173, -0.7207155474970217, -0.7233132672337872, -0.731098904347189, -0.7336939549527983, -0.743102833260284, -0.7495931289054636, -0.7583520313201124, -0.7635435884210525, -0.7667903134575074, -0.7749006958690408, -0.782038540924188, -0.7862556194824466, -0.7930701751291838, -0.7972884669288771, -0.799884730775921, -0.8105879799584812, -0.8148074849996092, -0.8154572182441593, -0.8219453300547565, -0.8271366445074096, -0.8345999628055493, -0.835574198699944, -0.8417365946192618, -0.8475766717233173, -0.8527684714725445, -0.8553657059127362, -0.8599060738794048, -0.8709377080844005, -0.8758040345906355, -0.8764547384283332, -0.8774297022675887, -0.8852143687878429, -0.8878096620417391, -0.89689403769938, -0.8962462456411255, -0.8994900588981372, -0.9024105827467388, -0.9092261089866238, -0.9092258663383369, -0.9186323181629532, -0.9192805955177817, -0.9238236326156065, -0.922202817904392, -0.929664437664523, -0.9316116962118777, -0.9364770521249647, -0.9393985465667142, -0.9426430877685865, -0.9445888904262196, -0.9452383810224828, -0.9510787007748254, -0.952375983429343, -0.9578908299386932, -0.9634066470411913, -0.9601640470256143, -0.9653531776436851, -0.9660031535365221, -0.9673009214876137, -0.9724932065334146, -0.978007567746191, -0.9776828224480595, -0.9767093144985256, -0.9789832595303073, -0.9812508957066288, -0.9815775821910557, -0.9835248407384105, -0.9896877219543023, -0.9890392019511869, -0.9867679260505613, -0.9870931566452669, -0.9935815111041508, -0.9952049949465217, -0.9968248390645886, -0.9961785028960556, -0.995854000246211, -0.9939069843471432, -0.9984488082035333, -0.9977995602555572, -1.001369817348709, -1.0003953388060274, -1.0049359494209829, -0.9981264893882712, -1.0046136306057205, -0.9981250334985495, -0.998773068205091, -0.9987725829085172, -0.9971507976041548, -1.0010445867540034, -0.9990980561515095, -0.9958532723013502, -0.9974762708471472, -0.9939084402368648, -1.0029903894116368, -1.0003946108611665, -0.9961772896546209, -0.995853757597924, -0.9952049949465217, -0.9968272655474579, -0.9906622004969838, -0.9961772896546209, -0.9935815111041508, -0.9909864604985416, -0.9890394445994738, -0.9870936419418407, -0.9887142140047684, -0.9861198913440198, -0.9864434234007167, -0.9854706433960436, -0.979954098348685, -0.9786570583424541, -0.9809276062982188, -0.978980833047438, -0.9750877718424502, -0.9708699653393307, -0.9715189706390199, -0.9692472094418206, -0.9666516735396375, -0.9588643378882271, -0.9582167884782595, -0.9520522087243593, -0.9517279487228016, -0.9510779728299645, -0.9494554595807414, -0.9465373622150091, -0.9406965571660927, -0.9423176145255943, -0.9338829721125032, -0.9316131521015992, -0.9316114535635908, -0.9267436711676345, -0.921552356714981, -0.9189575487576587, -0.9153880196093678, -0.9108454678081168, -0.9053303786504797, -0.9069533771962767, -0.8975428003507824, -0.8994903015464242, -0.891701995301866, -0.8917024805984399, -0.8826205314236681, -0.8793738063872133, -0.8771027731348747, -0.8693161654283252, -0.866720629526142, -0.8612033565339224, -0.8589325659298709, -0.852443726174413, -0.847254838204629, -0.8495212611395158, -0.8401131107768909, -0.8313566348451116, -0.8261643497993104, -0.8232421274127002, -0.8170777903070869, -0.8138337344017884, -0.8079943852425936, -0.8008562975391594, -0.7959897283846378, -0.787877162138522, -0.7872283994871196, -0.7771712438248054, -0.774249749383056, -0.7680866255188773, -0.7583527592649731, -0.7538126339465916, -0.7515384462665229, -0.7447248612129332, -0.737587258806073, -0.7320733828898707, -0.7285009419621364, -0.7216890554465556, -0.7093615944767636, -0.7018992467717717, -0.7012463590994915, -0.6905411687306358, -0.6856738716312534, -0.6769139986234568, -0.6717229268190905, -0.6671784338315441, -0.6580947861187638, -0.6496603863539596, -0.6470641225069156, -0.6412221042165646, -0.6321384565037843, -0.6198117234788532, -0.6139716463747975, -0.6048843589377132, -0.5996930444850599, -0.5941798965137183, -0.5844440890735186, -0.5730896507566866, -0.5688701457155587, -0.5607607338971731, -0.5575130382675705, -0.5490791237993402, -0.5354524389887352, -0.5292878592348349, -0.5214995529902768, -0.5107943626214211, -0.506898632285277, -0.4981377886843328, -0.4893784009731102, -0.4783487079544098, -0.47283119231390336, -0.4608299325319646, -0.45077010773849413, -0.4423352226771161, -0.43357486437274584, -0.4287070819767894, -0.42124424897522367, -0.4089138762259885, -0.3982089285054198, -0.39139461550696947, -0.3810122292499498, -0.3754956842025911, -0.36673581119479465, -0.3560284369913565, -0.34402329483682675, -0.3355879244788749, -0.3307215979726401, -0.317094913162035, -0.31092912016670005, -0.2960051527015772, -0.2862722570408207, -0.2807544987520273, -0.27102136044298386, -0.2603156847775543, -0.25122912528533076, -0.24247070816725588, -0.23078982601428386, -0.22073097181396112, -0.2077535349513322, -0.19899366194353568, -0.1921793489450854, -0.18309376004600958, -0.16849502317559217, -0.1564901236693494, -0.14675698536030596, -0.1441585376786796, -0.1269637796095051, -0.11950021866307861, -0.11204078273753, -0.09841118614748166, -0.0883542731334544, -0.07602438568079309, -0.0659679579633397, -0.05428537727235914, -0.04325495630879798, -0.034819343302559196, -0.026058257053328045, -0.017622401398802324, -0.005941033949256431, 0.009307436165711055, 0.0216356250803638, 0.0316935086875388, 0.041429073479451586, 0.04986468648569037, 0.06251616480875308, 0.08165818142528225, 0.08490466381345016, 0.09983008716829461, 0.10956225488419033, 0.1215678823352939, 0.13065371388265662, 0.1465514319456003, 0.15433901024529756, 0.1660177085636872, 0.17477952275777917, 0.1890561834612213, 0.19813958852571467, 0.213388543937256, 0.22669145404287733, 0.2341547723410169, 0.24745598390862966, 0.25913443957873233, 0.2698439976167529, 0.2808753891734618, 0.28833870747160134, 0.30780449879311433, 0.31397101973331, 0.32792172189718594, 0.34349517995857193, 0.3519288517785152, 0.3626398657062574, 0.37204825871716923, 0.39021870857046004, 0.40157169099757034, 0.414550098453347, 0.4239606752988413, 0.43628983480664174, 0.4437519398633467, 0.4645162270808121, 0.47068177742786005, 0.4872277728456322, 0.4972856564528072, 0.5057219974039068, 0.521621171356572, 0.5336258282145279, 0.5479000624351007, 0.5576341713372919, 0.5699638161416662, 0.5826184488924591, 0.5998124790167727, 0.6033834640547853, 0.6170101488653904, 0.6309623069189879, 0.6452362984912738, 0.6530238767909711, 0.6663272721931662, 0.6822252329043968, 0.6932571097576796, 0.7010432321676553, 0.7169421634720337, 0.7295955829813918, 0.7419249851374792, 0.7568489526026021, 0.768207030643738, 0.777614938358076, 0.7883235258029488, 0.8064903359319355, 0.8155773807207329, 0.8308241522976919, 0.8438032876983295, 0.8551586966083091, 0.8661917867030264, 0.8788447209158108, 0.8901998871775035, 0.907071841134842, 0.9164826606286232, 0.9304343333856467, 0.9437353023049726, 0.9573629577087255, 0.9726116704719798, 0.980399734068251, 0.995323458885087, 1.004408562487589, 1.0206327243866726, 1.0310136547539708, 1.047559407523456, 1.0559957484745555, 1.070598367717564, 1.081628303384551, 1.094283178783631, 1.1088824009506222, 1.1215353351634065, 1.1338661932092156, 1.147168618018263, 1.1572262589771511, 1.1708541570291908, 1.1815603179911942, 1.1977827813522697, 1.2052444011124006, 1.2195225177055644, 1.2273105813018355, 1.2467766152716353, 1.2558607482809894, 1.2698121783897263, 1.2824655978990842, 1.298039783905331, 1.3058263916118806, 1.3233456523308997, 1.3324317265265493, 1.3447618566274977, 1.358064038788258, 1.3707172156493295, 1.378830267192019, 1.3982950879203844, 1.4067331274094923, 1.4197086230858258, 1.42944564376746, 1.4414493300322682, 1.4576715507450566, 1.4674044464058131, 1.4774645138475706, 1.493035545426087, 1.50342084346255, 1.5150985711877918, 1.5313220051420149, 1.5410573272856407, 1.550790950891258, 1.5653894451133885, 1.5803143831716593, 1.5929695012190257, 1.6036754195327425, 1.6143818231430327, 1.6254149132377502, 1.6380688180436822, 1.6461804136966505, 1.6643481944187848, 1.6770013712798562, 1.6831674069234779, 1.6951735196711553, 1.7100965165431306, 1.7217769133995284, 1.7311867623001622, 1.7428669165082733, 1.7577899133802486, 1.7652534743266748, 1.7759620617715477, 1.7889399839307505, 1.8012689007902642, 1.812623096458809, 1.8194378947538332, 1.8363091207663107, 1.8492880135186613, 1.8567496332787925, 1.8671344460186812, 1.8810841775894096, 1.8921160544426923, 1.9037954807059427, 1.9125565669551738, 1.9213159546663965, 1.935918573909405, 1.9475970295795075, 1.9647925155935428, 1.9722558338916822, 1.9803659736549286, 1.9930203637574346, 2.004377471205423, 2.00956927095465, 2.0248174984213305, 2.036820456741278, 2.0433114803313184, 2.0556406398391185, 2.066997989935394, 2.0819200162142213, 2.0884117677491223, 2.0968466528105, 2.109824574969703, 2.1202076891715835, 2.1273467474681653, 2.1416209816887384, 2.1487583414473117, 2.1610887141965467, 2.169525055147646, 2.1812059373006183, 2.195479928872904, 2.2058630430747845, 2.2130011307782187, 2.219815201128382, 2.235712433894752, 2.242850764246473, 2.2490155866486603, 2.2590749261455567, 2.268482833859895, 2.284055078679846, 2.294113447583595, 2.2967121379135085, 2.30644382033283, 2.319747458383312, 2.3252613342995145, 2.334348379088312, 2.3434320268010924, 2.353814898354686, 2.368738623171522, 2.374580398813586, 2.383988306527924, 2.392422948941015, 2.4021587563812146, 2.4128639467500705, 2.4200027623983655, 2.4277896127532017, 2.436873745762556, 2.4440142599488595, 2.4579644768161613, 2.4625067859691256, 2.4748364307735, 2.481973790532073, 2.4868420582246036, 2.4985224550810017, 2.5118212401657454, 2.51571769844675, 2.521880579662642, 2.5293441406090684, 2.5397267695143753, 2.544594794558618, 2.5494620916580004, 2.563736325878574, 2.5653571405897884, 2.572496684182944, 2.5809337530789045, 2.58774685283592, 2.6036428723608553, 2.6088351574066566, 2.613702454506039, 2.6198680048530862, 2.6273296246132176, 2.640306576179273, 2.6458238491714923, 2.6490674197802173, 2.658152038086145, 2.664966593732882, 2.6717801787864714, 2.6772957532406827, 2.684433840944117, 2.690272462158451, 2.6948164698494232, 2.705523116108001, 2.7129857064612795, 2.7168775544248325, 2.72661117803045, 2.7285594071709527, 2.7366710028239205, 2.7451056452370115, 2.751917531752593, 2.761652368599645, 2.7551635288441867, 2.7661954056974696, 2.7704141827937363, 2.779174055801533, 2.783067117006521, 2.7902049620616682, 2.790854695306218, 2.79961335507258, 2.8012375668598115, 2.810320486627731, 2.8216766234825714, 2.8197305781766513, 2.8249216499810177, 2.832059737684452, 2.8398473159841493, 2.838873322738041, 2.8450381451402285, 2.8515269848956866, 2.8541222781495827, 2.855421259342109, 2.865479870894145, 2.868722470909722, 2.8732662359524075, 2.878457307756774, 2.8833231489664346, 2.8868931634112998, 2.890136976668311, 2.889490397851491, 2.8959772964206536, 2.899871570867076, 2.9050621573748687, 2.9083071838733145, 2.9131735103795497, 2.916418779526283, 2.9216081527926407, 2.921609123385789, 2.926151189890466, 2.9303699669867327, 2.9339360990590064, 2.9371825814471744, 2.9381568173415693, 2.943347161201075, 2.9465912171063735, 2.948539203598589, 2.9491879662499914, 2.949838184791115, 2.9569745739565407, 2.954704753945637, 2.963139396358728, 2.9618406578144882, 2.9595713231001586, 2.9654114002042142, 2.9689802014076445, 2.9728727773160584, 2.9735212973191736, 2.977090098522604, 2.977738861174006, 2.979362830312951, 2.9809834023758786, 2.9842301274123333, 2.98390392622448, 2.987473455372771, 2.989743275383675, 2.9864994621266634, 2.990393008628225, 2.9848784047671617, 2.987472484779623, 2.992015764525735, 2.994935560429476, 2.990070204516389, 2.9959068845444277, 2.9949353177811893, 2.9903956777593814, 2.990718481871218, 2.9952590924861733, 2.9981779177967662, 2.9962330857322805, 2.9952605483758945, 2.995910766917018, 2.994934589836328, 2.9968813630871094, 2.9933137751251135, 2.998504604281193, 2.9923400245272926, 2.9907182392229306, 2.9946125136693533, 2.9923400245272926, 2.9949336192431804, 2.994611785724492, 2.988123188617321, 2.9949353177811893, 2.98844575008087, 2.9839061100590625, 2.9877982006709027, 2.9910422565762014, 2.9900677780335196, 2.982607856811397, 2.9816341062135763, 2.9796868476662213, 2.9741710305637237, 2.9790373570699584, 2.9754678279216678, 2.9731980079107636, 2.968330468163094, 2.9680066934581104, 2.9660606481521903, 2.963788401658417, 2.960219600454987, 2.966382724319166, 2.957623093959656, 2.95210873274688, 2.9543785527577837, 2.949835515659959, 2.945943425048119, 2.94367239179578, 2.9391288694013813, 2.9388050946963977, 2.9332902481870473, 2.934587288193278, 2.9345855896552697, 2.9280967498998116, 2.9212846207359435, 2.921283892791083, 2.9177150915876533, 2.9122009730231637, 2.9096039812312586, 2.9021433320642753, 2.901817130876422, 2.899221109677665, 2.8933812752218966, 2.8911112125627056, 2.884621159565813, 2.8787820530549055, 2.8758622571511645, 2.8729410053577022, 2.868075406796328, 2.8667759403072277, 2.858340569949276, 2.858665800543981, 2.8534740007947543, 2.8508774942994233, 2.8440663357287033, 2.836277786835858, 2.831086229734918, 2.825569927335846, 2.822327327320269, 2.82102858877603, 2.8138905010725956, 2.8054534321766353, 2.7999393136121458, 2.7960455244622975, 2.792151492664162, 2.7846884170143094, 2.7807948705127474, 2.7743062734055766, 2.765869447157903, 2.7632743965522937, 2.754191719432661, 2.7506231608775176, 2.746403413188103, 2.736670032230773, 2.7376413563457245, 2.727260425978426, 2.7197973503285735, 2.713633498519534, 2.705845920219837, 2.7006575175466265, 2.698384300459706, 2.6876776542011287, 2.6802150638478497, 2.669185128180862, 2.666913366983663, 2.656530010133496, 2.6568540274867667, 2.648094639775544, 2.6416043441303643, 2.63122074463191, 2.6240845981147713, 2.620190566316636, 2.6075381174004253, 2.5991032323390475, 2.593909734051812, 2.588718904895732, 2.5783360333421386, 2.5699013909290476, 2.5634098820424334, 2.5588685434826175, 2.545892319861423, 2.538429486859857, 2.534209011225582, 2.529019880607511, 2.5173392411028255, 2.5108501586990806, 2.5007896059607493, 2.4962502085872287, 2.482299021126779, 2.4748347322354913, 2.4676968871803444, 2.4560172182688067, 2.448554870563815, 2.4378489522500986, 2.431034639251648, 2.420001306508644, 2.4148109626491383, 2.409619405548198, 2.3979399792849474, 2.385934351833844, 2.3817170306272986, 2.3667935484587495, 2.356084475717303, 2.352838235977422, 2.3375926776418976, 2.332075889946252, 2.323640034291726, 2.3126069441970087, 2.3044951058957537, 2.2941153887698906, 2.2853540598723723, 2.2736734203676874, 2.2645890447100463, 2.2568021943552097, 2.2486903560539546, 2.2334411579941262, 2.2298713861975488, 2.219165710532119, 2.2071600830810154, 2.192235872967606, 2.1889891479311507, 2.176011468420235, 2.162710742149196, 2.158491237108068, 2.146488036139834, 2.131887358083121, 2.1260463103859175, 2.116960964135129, 2.1088503390753086, 2.0968434983827704, 2.0832197253516083, 2.0764032285185756, 2.0640757675487835, 2.0475297721310115, 2.038119923230378, 2.0313058528802146, 2.021246756031605, 2.0085943071153944, 1.9949683502496502, 1.9823144454437183, 1.9761498656898178, 1.9618734476346629, 1.9501913522402559, 1.9437022698365112, 1.9352664141819855, 1.9216411852611017, 1.9083375472106199, 1.8999024195009548, 1.8888695720545243, 1.875243857837067, 1.8700501169015444, 1.8518837920691316, 1.8395539046164702, 1.8301447836606974, 1.8187884041575701, 1.8061344993516382, 1.7941298424936822, 1.789588261285579, 1.7704445461310412, 1.7646044690269855, 1.7516260615712091, 1.7386476541154323, 1.7253466851961066, 1.7165841430571538, 1.7104181074135318, 1.6919255813932659, 1.6851122389879634, 1.6721350447736212, 1.6555868655212667, 1.6445569298542793, 1.632227042401618, 1.6202211723022275, 1.6124338366508173, 1.600430635682583, 1.580964601712783, 1.5728522781149543, 1.559548882712759, 1.5472211790946804, 1.5345660610473135, 1.5254824133345333, 1.515098328539505, 1.5004974078345052, 1.4839521403615938, 1.4764885794151674, 1.4677270078693623, 1.4482631577341447, 1.440799596787718, 1.4258746587294477, 1.4132207539235155, 1.4018626758823798, 1.3934287614141496, 1.3778557886493372, 1.3626046494032136, 1.356764087002584, 1.3402183342330987, 1.324321586763303, 1.315886459053638, 1.304851670420912, 1.2889539523579683, 1.2753282381405109, 1.2688384277919054, 1.2574805923990562, 1.2428813702320651, 1.2230913189089945, 1.2162765206139703, 1.2042718637560144, 1.1909699242435408, 1.1721526529251431, 1.1698801637830831, 1.1552773018917877, 1.1419773035656096, 1.1296479014095222, 1.1163457192487618, 1.1053126291540443, 1.0913609563970206, 1.0783837621826786, 1.0686501385770615, 1.0527504793278222, 1.0407458224698662, 1.0297163720994529, 1.016089201992274, 1.006031075736812, 0.993700217691003, 0.9794257408221433, 0.9690416560271151, 0.9524944473679082, 0.9424368064090203, 0.9281599030572911, 0.9158326847357862, 0.9005810601930885, 0.8921456898351366, 0.8798155597341885, 0.8632700496129901, 0.8509404048086158, 0.8408822785531539, 0.828227888450648, 0.8194685007394253, 0.7993512776353537, 0.7912411378721074, 0.7740456518580721, 0.7626887870583708, 0.7529554061010404, 0.7396517680505583, 0.7263515270760933, 0.7136976222701612, 0.7003949548128269, 0.687090588817484, 0.6780069411047036, 0.6682718616093647, 0.6530253326806926, 0.6400444987420467, 0.6306365910277086, 0.6183064609267603, 0.6063020467170915, 0.594296176617701, 0.5796979250438574, 0.5683393617061476, 0.5543898727837064, 0.5478993344902399, 0.532002344372157, 0.5174038501500265, 0.5073437827082691, 0.4927443178929909, 0.4865775543045083, 0.47295232538362475, 0.4602976926328319, 0.4486172957764337, 0.43466659361255783, 0.4226612088097412, 0.4126021119611315, 0.40254447100224344, 0.38502569557979816, 0.3707509760626515, 0.3610156539190257, 0.3490088132264874, 0.3370046416651054, 0.3256492327551258, 0.3149421011999746, 0.3074792681984089, 0.2948253633924769, 0.27827961062299167, 0.2662744684684619, 0.25556515307872835, 0.2458327427145457, 0.23253153114693292, 0.21857961574162238, 0.21630712659956225, 0.19911164058552694, 0.18775744491698199, 0.1776971348269376, 0.16244866471197011, 0.1491462399029227, 0.13844226277550165, 0.12935400474526956, 0.11929636378638149, 0.10761402574368788, 0.09690907802311907, 0.08555463970628716, 0.07452179225985667, 0.06283945421716304, 0.050511265302510294, 0.03818307638785754, 0.029745764843610217, 0.015795547976308187, 0.009631453518981817, -0.003995959236484121, -0.016649136097555365, -0.02378916498728497, -0.03514311800754302, -0.050067813417526676, -0.05525961316675383, -0.06726621121100515, -0.07699740833375313, -0.08608372517768971, -0.09970992469172098, -0.10684946828487672, -0.11982666249921872, -0.13085829670421456, -0.13702336175468866, -0.1519487851095331, -0.16654824992481132, -0.17336110703354002, -0.18179672003977881, -0.1941280633821617, -0.19964436578123346, -0.21132257880304922, -0.2236510103659889, -0.23598089781865023, -0.23857691901740724, -0.25155435588003616, -0.2616136953769328, -0.27329190839874856, -0.28075619729003587, -0.290813595600637, -0.2995739539050073, -0.31060558811000316, -0.3203389690673335, -0.32974760472653236, -0.3411051974710944, -0.3495388692910378, -0.3544076222801419, -0.3667377523810901, -0.3754956842025911, -0.38522882251163454, -0.39074682344871486, -0.40048044705433217, -0.4095648227119733, -0.4238405128222677, -0.4306533699309964, -0.4384416761755544, -0.4501198891973702, -0.45498815688990046, -0.46277622048617156, -0.47250960144350196, -0.48126777591328995, -0.4926248833612781, -0.4978171684070791, -0.5072243481765564, -0.5130651532254727, -0.5221514700694093, -0.5289640845298511, -0.5419403081510453, -0.546807119953854, -0.5507023649934243, -0.5662767936479579, -0.5717916401573081, -0.5792542305105869, -0.5863918329174471, -0.5951512206286698, -0.6009929962707339, -0.6039125495261879, -0.6146191957847652, -0.6243537899835302, -0.6344107029975574, -0.6431710613019279, -0.6480376304564495, -0.6516081301978882, -0.6558273925907292, -0.6662066244200187, -0.6726961921203374, -0.6788617424673853, -0.6843775595698833, -0.6947592178820422, -0.699302254979867, -0.7077376253378189, -0.7132519865505951, -0.7155261742306638, -0.7268808551957826, -0.7285038537415797, -0.7356412135001531, -0.7460235997571727, -0.7492681409590451, -0.752837427459049, -0.7638678484226102, -0.7674371349226142, -0.7732774546749568, -0.7784685264793232, -0.7856073421276181, -0.792095939234789, -0.7995575589949202, -0.8021535801936772, -0.8047512999304427, -0.8154540638164292, -0.8199975862108277, -0.8209730353466572, -0.8248687656828013, -0.8326519763133337, -0.842385599918951, -0.8453058811192657, -0.847254838204629, -0.8543921979632023, -0.8560134979709908, -0.8628256271348588, -0.8673703627706921, -0.8774272757847194, -0.87547880399593, -0.8819688569928226, -0.8852158246775643, -0.8861881193856636, -0.8939735138507784, -0.8998145615479818, -0.8994900588981372, -0.9030622571775844, -0.9101974331015753, -0.9124687090022008, -0.9163617702071886, -0.9241488632103121, -0.9293399350146784, -0.9286899591218414, -0.9335572562212239, -0.9322614294564278, -0.936476324180104, -0.9400460959766819, -0.9400475518664034, -0.9484826795760682, -0.9491309569308968, -0.9533485207857293, -0.955295779333084, -0.9556217378726501, -0.9601630764324665, -0.9634064043929043, -0.966003396184809, -0.9676246961925975, -0.9721682185869962, -0.9721679759387092, -0.9721679759387092, -0.9767102850916733, -0.9731424544813909, -0.9802798142399642, -0.981576854246195, -0.9848209101514935, -0.9822261021941712, -0.9802798142399642, -0.9857951460458882, -0.9896903910854585, -0.9945550190536847, -0.9848235792826499, -0.9893639472493184, -0.991311691093247, -0.9945569602399802, -0.993907712292004, -0.9981238202571149, -0.9981255187951235, -0.999746333506338, -0.9990975708549357, -1.0010445867540034, -0.9984492935001072, -0.9990982987997965, -0.9984497787966812, -1.0000713214527566, -1.0023404135187994, -1.0013705452935697, -1.002342597353382, -1.0000705935078957, -0.9994223161530672, -0.9974765134954341, -0.9994208602633456, -0.9981260040916973, -0.9961794734892033, -0.9929342043424702, -0.9965017923044656, -0.9971510402524417, -0.9965025202493264, -0.9978005308487049, -0.9958513311150547, -0.995204024353374, -0.9887146993013423, -0.9929329911010355, -0.9906602593106885, -0.9890392019511869, -0.9835253260349843, -0.9854723419340522, -0.9828748648455735, -0.9831986395505573, -0.9838483727951074, -0.9819018421926134, -0.9773583197982149, -0.9770335745000833, -0.9721682185869962, -0.9708709359324784, -0.9715182426941592, -0.9685984467904183, -0.9650298882352751, -0.9627598255760843, -0.9608101405458602, -0.9562692872826178, -0.949779719582299, -0.953999224623427, -0.9520514807794984, -0.9452386236707697, -0.9439398851265304, -0.9397232918648457, -0.934856965358611, -0.931287193562033, -0.9342057762243392, -0.9244723952670089, -0.9225268352576627, -0.9205788487654472, -0.9144147543081208, -0.9121442063523562, -0.9076038383856877, -0.9075992280682359, -0.8998143188996949, -0.8985165509486033, -0.8887855964741422, -0.8894314473461014, -0.8874844314470336, -0.8800223263903286, -0.8735351851728793, -0.8680174268840859, -0.8686657042389143, -0.8634748750828349, -0.8553640073747277, -0.8537412514772176, -0.8466029211254965, -0.8420610972691064, -0.8388177693086687, -0.8342757028039915, -0.8297309671681582, -0.824216120658808, -0.8135109302899522, -0.8170785182519478, -0.8102642052534975, -0.8011805575407172, -0.7953414510298094, -0.7901503792254428, -0.7852823541811996, -0.7797665370787017, -0.77392694527122, -0.7664636269730803, -0.7606242778138855, -0.7580275286702677, -0.7525134101057783, -0.7434280638549894, -0.7379124894007785, -0.7346657643643237, -0.7249340819450019, -0.715525203637516, -0.7119566450823729, -0.7031953161848548, -0.7012470870443523, -0.6921636819798589, -0.6856745995761141, -0.6749689239106844, -0.6694518935667519, -0.6639370470574018, -0.6529027437212496, -0.6564725155178275, -0.6425215707056646, -0.6386280242041029, -0.6301926538461511, -0.6243520914455216, -0.6155912478445774, -0.6055343348305502, -0.5987207497769607, -0.5928797020797574, -0.5850940649663556, -0.5792542305105869, -0.5698443816099534, -0.5636807724492009, -0.5555682062030851, -0.5451865478909264, -0.5396702454918545, -0.5257178447899701, -0.5205270156338907, -0.5107938773248473, -0.5062515681718832, -0.49781546986907055, -0.4871093089070671, -0.47932245855223066, -0.4738042149668634, -0.4676410911026848, -0.4572577342525174, -0.4416854894325661, -0.4364932043867651, -0.4283828219752317, -0.42059621426868216, -0.40729403210792164, -0.3998328976443645, -0.3959354687702119, -0.377118925396675, -0.37030558299137245, -0.36316725263965144, -0.35992222614120517, -0.3472690492801339, -0.33753542567451655, -0.32909884207513007, -0.3203382411224728, -0.3060630363087522, -0.30054770450282814, -0.28951679824269316, -0.2817289772947089, -0.26518128333892826, -0.2599902115345619, -0.2492842932208454, -0.23922495372394875, -0.23338317808188463, -0.21910942915788567, -0.2119706135095908, -0.19801942604914097, -0.19639545691019622, -0.1801751773837034, -0.16590070051484368, -0.16330031164692183, -0.15032408802572755, -0.13540084850546552, -0.12988551669954146, -0.11982496396121019, -0.1084707682926652, -0.10165402881134555, -0.0870572331272236, -0.07602268714278457, -0.0656422420720604, -0.05785417847578927, -0.0439044469050611, -0.03254782475364678, -0.02670701970473037, -0.008537540444587342, -0.001075920684456316, 0.010602777633933302, 0.020339070370706883, 0.031044018091275674, 0.04077934023490152, 0.05440529710064586, 0.06154508334208853, 0.07614430550907982, 0.08393115586391628, 0.09723333802467676, 0.10340058690973329, 0.12254236087797554, 0.12968044858140967, 0.14525172280821325, 0.1514170305069743, 0.1650449285590141, 0.17867185601790617, 0.18905497021978662, 0.20105865648459473, 0.21371377453196144, 0.22279790754131562, 0.23934463090394856, 0.24583516919741505, 0.2601118299008572, 0.2678984376074067, 0.27698184267190007, 0.2909347286703584, 0.30520944818750506, 0.31591803563237786, 0.33116504985762374, 0.33830532139564023, 0.35517315033210073, 0.3619896471651335, 0.37496829726919706, 0.38762123148198135, 0.4002739230464787, 0.40968425724368607, 0.422334764973601, 0.4388848854122511, 0.45088954227020694, 0.463220157667729, 0.47262806538206703, 0.4865777969527952, 0.4966378643945526, 0.5092910412556239, 0.5232419860677867, 0.533625342917954, 0.544333202417966, 0.5586086498799735, 0.5689893375989846, 0.5829422235974429, 0.5930015630943395, 0.6101970491083748, 0.6212267421270752, 0.6309623069189879, 0.642642946423673, 0.6565931632909751, 0.6643800136458116, 0.683197770260783, 0.692609317699425, 0.706559777215014, 0.7182399314231251, 0.7312173682857541, 0.7425735051405946, 0.756526391139053, 0.7672315815079087, 0.7792386648487338, 0.7935124137727327, 0.8032474932680718, 0.8162244448341268, 0.8330956708466043, 0.8441294888861826, 0.8574299725089345, 0.870082421425145, 0.8850083300765633, 0.891174851016759, 0.9073956158398258, 0.9174549553367224, 0.9304316642544905, 0.946006820853885, 0.9589859562545224, 0.9680717878018852, 0.9800735328803979, 0.994027146823717, 1.0118704248960069, 1.0196582458439911, 1.034581970660827, 1.0456150607555443, 1.0585905564318778, 1.070597397124416, 1.085844653997949, 1.0975257787992079, 1.1075851182961045, 1.1195895325057734, 1.134188512024478, 1.148141155374649, 1.1578767201665618, 1.172799959686824, 1.187722956558799, 1.1961605107513333, 1.2036240716977598, 1.2204952977102375, 1.2334734625177273, 1.2467749167336268, 1.2565104815255395, 1.2724079569401963, 1.2821418231941004, 1.2964165427112473, 1.3090721460551877, 1.3223733576228005, 1.333405719772657, 1.3467054754505483, 1.3587111029016519, 1.3690961582898278, 1.3798035324932658, 1.3979715558636874, 1.4034888288559069, 1.4223058575260177, 1.432365197022914, 1.4466382180020525, 1.4557250201425627, 1.4690269596550363, 1.4810328297544268, 1.4904407374687647, 1.5034189022762545, 1.518020550926115, 1.5264576198220756, 1.543002159350126, 1.5540357347414173, 1.5683111822034248, 1.5744750340124645, 1.5916695494333517, 1.5971870650738584, 1.6150320416841566, 1.6215218520327626, 1.638066391560813, 1.6500717763636297, 1.6627259238178485, 1.6718117553652112, 1.6870599828318917, 1.6974421264406243, 1.705879195336585, 1.7198311107418953, 1.7328092755493851, 1.747733000366221, 1.75324954541358, 1.774337607336029, 1.7792046617871247, 1.7925095130790414, 1.801592190198674, 1.8129475991086537, 1.8256017465628727, 1.83533537016849, 1.8499370188183506, 1.8583723891763024, 1.8710253233890868, 1.8833547255451744, 1.8960088729993931, 1.9047699592486245, 1.9170991187564248, 1.9261834944140659, 1.9394861618714003, 1.9488943122340252, 1.961872477041515, 1.969337979174237, 1.9797193948381089, 1.991072862561793, 2.002754715307913, 2.0160549562823777, 2.0261169649104307, 2.030982806120092, 2.0459075015300754, 2.054344327777749, 2.0686183193500347, 2.0822452468089265, 2.0884107971559747, 2.099116715469691, 2.1124188976304517, 2.121180469176257, 2.129940827480627, 2.1425940043416984, 2.1494071040987137, 2.1623862394993516, 2.1701730898541878, 2.1821762908224223, 2.189316077063865, 2.200023936563877, 2.2113781322324217, 2.221435530543023, 2.2383057859623525, 2.242850521598186, 2.254855663752716, 2.2649140326564647, 2.2704293644623887, 2.275297146858345, 2.2924919049275196, 2.302548089996686, 2.311309661542491, 2.3187739504337785, 2.329479868747495, 2.336619169692364, 2.3499201386116897, 2.35868049691606, 2.366793063162176, 2.370688308201746, 2.3849618144774576, 2.390479815414538, 2.402808004329191, 2.410269624089322, 2.420001791805218, 2.4290900498354495, 2.4401185296127155, 2.4440135320039986, 2.4556927156189623, 2.462182768615855, 2.4670493377703764, 2.482297079940483, 2.4839198358379933, 2.498845501841125, 2.5063068789529694, 2.5072808721990767, 2.522529827610618, 2.529991932667323, 2.5368057603691994, 2.5419990160081483, 2.5533534543249803, 2.5565984808234266, 2.5702251656340316, 2.5828773719019553, 2.5861231263452624, 2.5919632034493176, 2.599101776449326, 2.6094846480029195, 2.614999251863982, 2.621163588969596, 2.6312226858182055, 2.6373877508686796, 2.6432273426761617, 2.6513384530325554, 2.659774551335368, 2.6649658657880213, 2.6724291840861607, 2.6795665438447345, 2.6841095809425592, 2.694167464549734, 2.700332772248495, 2.7071456293572242, 2.7077934214154786, 2.718499097080908, 2.7236938086095783, 2.7331014736756294, 2.7363462575257893, 2.742510594631402, 2.7483506717354578, 2.755164742085621, 2.7629511071438837, 2.7681419362999633, 2.776903993142342, 2.7772255840127436, 2.7850146182021622, 2.7889064661657157, 2.7918291738488996, 2.8009111230236714, 2.8044823507099705, 2.8083768678046805, 2.8148647369669906, 2.8216768661308587, 2.8252454246860017, 2.828814953834293, 2.8369267921355474, 2.844389139840539, 2.8453643463280818, 2.8518524581386786, 2.85963736730722, 2.8554202887489613, 2.862560317638691, 2.872292000058013, 2.8735897680091043, 2.878456579811913, 2.8852694369206415, 2.884297627509116, 2.8907852540231396, 2.8976000523181638, 2.8950042737676935, 2.896952017611622, 2.904413152075179, 2.908307426521602, 2.9079819532786093, 2.9164185368779965, 2.9206351301396807, 2.921608638089215, 2.922582631335322, 2.9319919949393816, 2.9277749163811233, 2.9401031052957762, 2.9410756426521623, 2.942374623844689, 2.945620135639709, 2.949185782415409, 2.9527555542119863, 2.9553523033556046, 2.9598946125085686, 2.95632484071199, 2.9602193578066998, 2.96216540311262, 2.968331438756242, 2.969953952005465, 2.973196309372755, 2.975469526459676, 2.9728744758540664, 2.975469041163102, 2.978711155882105, 2.983580879464357, 2.977092282357186, 2.978064577065285, 2.9855257115288425, 2.9816324076755674, 2.986500190071524, 2.9890962112702812, 2.9855254688805553, 2.9887704953790015, 2.9946108151313444, 2.9920160071740223, 2.9910412859830537, 2.99850484692948, 2.992989029826982, 2.995259577782747, 2.996557103085552, 2.993314503069975, 2.9933154736631225, 2.994612271021066, 2.9955860216188865, 2.9955831098394436, 2.9959095536755838, 2.994936288374337, 2.9936373071818108, 2.9916917471724647, 2.992339053934145, 2.997531096331659, 2.9939642363145245, 2.9955840804325913, 2.9926642845288507, 2.993962537776516, 2.994936773670911, 2.9923400245272926, 2.993312076587105, 2.987150893909222, 2.987796987429468, 2.9861744741802445, 2.9881214900793123, 2.987473698021058, 2.9819578809185603, 2.9852016941755717, 2.9819559397322646, 2.975793058516373, 2.974496018510142, 2.974493349378986, 2.9764410932229146, 2.972225227906091, 2.969304461409202, 2.9696267802244645, 2.9628141657640223, 2.961516640461218, 2.960220085751561, 2.957623821904517, 2.9556748648191533, 2.949512226251549, 2.95243202215529, 2.9465919450512343, 2.948538233005441, 2.9423721973618195, 2.944968946505437, 2.9339385255418757, 2.9319905390496603, 2.926152160483613, 2.923880884582988, 2.921933140739059, 2.921932655442485, 2.915445271576749, 2.9128485224331313, 2.9089537626901345, 2.9044133947234663, 2.9024663788243985, 2.8969505617219005, 2.8946809843592836, 2.893380789925323, 2.8911087860798363, 2.8823503689617618, 2.8791050998150283, 2.8755353280184504, 2.8683996667978855, 2.869048914745862, 2.860286372606909, 2.8534727875533195, 2.8525004928452202, 2.8408203386371094, 2.8417938465866435, 2.835951342999718, 2.8294646870788425, 2.8268686658800855, 2.8245966620345992, 2.814863038428982, 2.8116197104685443, 2.808375411914959, 2.800912093616819, 2.7979910844716436, 2.7895564420585526, 2.785662895556991, 2.7820931237604127, 2.771708796317098, 2.76846546835666, 2.761977841842637, 2.7551644994373343, 2.7509447517479195, 2.7476997252494733, 2.7376454813666022, 2.7334245204357526, 2.7308282565887088, 2.722068626229199, 2.7103899279108092, 2.707791965525757, 2.7013038537151597, 2.6957865807229404, 2.686055868896766, 2.684757615649101, 2.672751502901423, 2.661395366046583, 2.6584775113291377, 2.6493924077266353, 2.646797114472739, 2.6386845482266237, 2.636413029677711, 2.622463055458696, 2.6140262292110226, 2.6101312268197394, 2.601049277644967, 2.5955327325976087, 2.587095663701648, 2.5806058533530427, 2.5699009056324735, 2.5630870779305974, 2.5549757249259164, 2.5475128919243506, 2.5384282736184227, 2.53226466445767, 2.525775339405638, 2.5140925160663707, 2.509550206913407, 2.5027385630461128, 2.491382668839559, 2.480350791986276, 2.4709426416236515, 2.465751327170998, 2.4573147435716116, 2.449528378513349, 2.4401173163712806, 2.429736143355696, 2.418380249149142, 2.4135119814566117, 2.4066991243478832, 2.3953449286793385, 2.3869090730248126, 2.377821785587728, 2.366465406084601, 2.360301554275561, 2.349594665368697, 2.3434320268010924, 2.327532852848427, 2.322340810450913, 2.3155277106938974, 2.3028740485362524, 2.2908689063817227, 2.281136010720966, 2.268807579158026, 2.262967744702258, 2.2522598852022457, 2.24836585340411, 2.235711948598178, 2.2266285435336846, 2.2142981707844496, 2.2068367936726054, 2.1980742515336527, 2.188666343819315, 2.179256737566968, 2.1640094806934353, 2.157194682398411, 2.145514770838587, 2.1335096286840574, 2.1257235062740816, 2.1153389361824795, 2.101713221965022, 2.088735785102393, 2.0822452468089265, 2.072187363201752, 2.061479261053453, 2.0514223480394254, 2.039093673828199, 2.027088046377095, 2.019299740132537, 2.0128092018390706, 2.000157480867721, 1.9868550560586737, 1.9761498656898178, 1.9647930008901167, 1.9537599107953991, 1.944675777786045, 1.9284545276664047, 1.920017944067018, 1.9076885419109306, 1.8986034383084285, 1.8849769961461105, 1.8788121737439234, 1.8651845183401703, 1.85253206942396, 1.8440950005279995, 1.8298193104177052, 1.8226814653625578, 1.8087305205503952, 1.794130570438543, 1.7860170335992795, 1.7720658461388297, 1.7590908357590702, 1.7474087403646634, 1.7383233941138747, 1.728264539913552, 1.7120428044973375, 1.704255954142501, 1.6945220878885967, 1.6786238845290793, 1.6640236917689402, 1.655589292004136, 1.646827235161757, 1.6312530491555104, 1.6208716334916384, 1.6056214648386624, 1.5910236985613926, 1.5871262696872401, 1.5699327248595, 1.5553313188579265, 1.546895463203401, 1.5361888169448235, 1.5189938162273622, 1.5141250632382581, 1.4992010957731352, 1.4871944977288838, 1.4768108982304295, 1.4674046890541, 1.4511810124515903, 1.4398251182450366, 1.4300900387496978, 1.4151675271742965, 1.3982955732169582, 1.3934280334692886, 1.3797984368792404, 1.363256566482346, 1.3522239616842024, 1.3408653983464927, 1.3301585094396284, 1.315559529920924, 1.2999870424526858, 1.295767294763271, 1.282789857900642, 1.2707832598563908, 1.2539139750302086, 1.2419088328756789, 1.229254442773173, 1.2188718138678665, 1.2062183943585083, 1.1916165030603607, 1.1760447435369832, 1.1650123813871267, 1.1572269869220118, 1.1448975847659244, 1.1345127720260355, 1.1176425166067054, 1.1046650797440767, 1.092336648181137, 1.0787072942393756, 1.063135534715998, 1.0524271899194122, 1.0388012330536678, 1.0284169056103527, 1.0180369458362026, 1.006354365145222, 0.9943499509355531, 0.9765042463803938, 0.9641767854106019, 0.9547652379719598, 0.9372484037358102, 0.9252405924501241, 0.9187515100463792, 0.9038270572846826, 0.8905234192342004, 0.874301683817986, 0.8668381228715596, 0.8506171154002059, 0.8428285665073609, 0.8236860645942577, 0.8149269195313221, 0.8000029520661993, 0.7909166352222627, 0.7776122692269197, 0.7646355603091517, 0.7523085846359335, 0.741275737189503, 0.7292701097383995, 0.7136959237321527, 0.6997461921614245, 0.6890383326614126, 0.6763844278554805, 0.6614594897972099, 0.6517246529501579, 0.6387489146255375, 0.6309606083809793, 0.6173329529772265, 0.6066265493669362, 0.5933241245578886, 0.5790472212061596, 0.5715846308528808, 0.5537420807254518, 0.5446552785849413, 0.5339481470297901, 0.522594436657819, 0.5047499453440945, 0.4950153511453294, 0.48236047574624963, 0.47132835624467995, 0.4567296193742625, 0.445696771927832, 0.43369308566302395, 0.41941593966300794, 0.41228003579415623, 0.3944333606458492, 0.38794452089039133, 0.3762636387374193, 0.3639330233398972, 0.3493357423592014, 0.3383033802093448, 0.3311628660230413, 0.3172143476937478, 0.30261172845073947, 0.2919060527853099, 0.27633162413077617, 0.26562570581705963, 0.2526482689544307, 0.2445361880048888, 0.2328533646656213, 0.22085089164224786, 0.20884841861887438, 0.19521930732539994, 0.1877555037306865, 0.17347981362039208, 0.16374667531134868, 0.15368806375931282, 0.14233483868391558, 0.13097554740134498, 0.12091960498046544, 0.10761645222655722, 0.09431402741750977, 0.09009500767295572, 0.07387230166359354, 0.05992232744457844, 0.05310825709441507, 0.0417492084601314, 0.030719272793144112, 0.02163611037693767, 0.01190248677132036, -0.0023736886355479035, -0.01600110139101384, -0.020218907894133234, -0.032548067401933715, -0.05104253460849524, -0.057855149068937003, -0.06629149002003659, -0.07634985892378549, -0.08640822782753434, -0.09549357407832318, -0.1104165709502983, -0.12339522105436192, -0.1308578114076407, -0.13832064440920638, -0.1506500465652938, -0.1623309287182658, -0.1746593602812055, -0.18569026654134052, -0.19055853423387076, -0.19899366194353568, -0.2165146212005633, -0.22202922506162656, -0.23565493927908399, -0.242470222870682, -0.2499337838171085, -0.25999142477599657, -0.26615673247475763, -0.2820522667031189, -0.29081383824892393, -0.29600563799815105, -0.3086585722109354, -0.32098724642216203, -0.32909957001999085, -0.33526439242217804, -0.3459703107358945, -0.35992222614120517, -0.36835735385087004, -0.3716050494804726, -0.38425677045182227, -0.3917198461016749, -0.40145201381757056, -0.4079423094627501, -0.42254056103659365, -0.4296808325746102, -0.4387656935288252, -0.44492978798615157, -0.4569351727889682, -0.46147675399707144, -0.4734821387998881, -0.48029475326032983, -0.4848370624132939, -0.5010595257743692, -0.5049542855173655, -0.5127416211687759, -0.5234477821307792, -0.5305848992410657, -0.535129634876899, -0.5429167278800224, -0.5565414715043321, -0.5610852365470177, -0.5669262842442211, -0.5753606840090252, -0.5886631088180727, -0.5902851367707219, -0.5987207497769607, -0.6104026025230804, -0.6133231263716822, -0.6256491314517524, -0.6305173991442827, -0.6353876080231083, -0.6438210371947648, -0.6516059463633057, -0.6571212781692297, -0.6642596085209509, -0.6707491762212696, -0.6811325330714371, -0.6853513101677041, -0.6937861952290821, -0.6980052149736362, -0.7028705708867232, -0.7100089012384443, -0.723310598102631, -0.7262323351926673, -0.7375862882129254, -0.7411582438440856, -0.7424533426640209, -0.7508894409668336, -0.7551074901182399, -0.7648418416687179, -0.7667895855126465, -0.7690603761166983, -0.7778187932347731, -0.7813880797347771, -0.7882026353815144, -0.7963149589793432, -0.799234754883084, -0.8037760934429004, -0.8125347532092622, -0.8177284941447847, -0.8232435833024219, -0.8294071924631743, -0.8342754601557046, -0.8394675025532187, -0.8417378078606964, -0.8479021449663098, -0.8524442114709868, -0.8595830271192818, -0.8589335365230186, -0.8667196589329943, -0.8706141760277037, -0.8774282463778671, -0.8790500316822294, -0.8832683234819226, -0.8861881193856636, -0.8962450323996908, -0.895921257694707, -0.9004623536062364, -0.9050051480557743, -0.9095493983950338, -0.9173357634532964, -0.9157132502040732, -0.9244711820255742, -0.9225258646645149, -0.9251216432149851, -0.9316124241567385, -0.9351824386016033, -0.937125814776367, -0.9419933545240365, -0.9455626410240405, -0.9445881624813589, -0.9491321701723315, -0.9497823887134554, -0.9507539554766938, -0.9578915578835541, -0.9578901019938324, -0.9614603590869841, -0.9627590976312236, -0.9705440067997645, -0.9724912653471192, -0.9711942253408884, -0.9702221732810761, -0.977034545093231, -0.9760607944954102, -0.9796303236437011, -0.9783325556926095, -0.9806026183518003, -0.9861181928060112, -0.9851480819324945, -0.9854708860443305, -0.9890392019511869, -0.9922844710979201, -0.9903393963851478, -0.9932572511025932, -0.9932572511025932, -0.9968258096577364, -0.9971512829007287, -0.9990978135032226, -0.9929334763976093, -0.9974755429022863, -0.9974765134954341, -0.9971520108455895, -1.0020161535172418, -1.0000715641010436, -0.9984500214449681, -0.9994228014496411, -1.0023413841119475, -0.9994228014496411, -1.0010441014574296, -1.0016935920536927, -0.9981245482019756, -1.0003958241026012, -1.0010441014574296, -0.9994208602633456, -0.9984483229069595, -1.0003946108611665, -0.997800288200418, -0.9971522534938764, -0.9942300311072663, -0.997150312307581, -0.9926094590443386, -0.98936540313904, -0.9929320205078878, -0.9919585125583539, -0.9857968445838968, -0.9900136804938685, -0.9857946607493143, -0.98709291399698, -0.9848223660412151, -0.9844978633913705, -0.9760617650885579, -0.9796298383471272, -0.9786560877493065, -0.9776830650963464, -0.9689234347368368, -0.9702216879845023, -0.9676256667857452, -0.9660050947228176, -0.9653558467748413, -0.9627576417415018, -0.9617853470334028, -0.9562700152274786, -0.9527012140240485, -0.9539977687337055, -0.9471851542732637, -0.945887628970459, -0.9452383810224828, -0.9423173718773072, -0.9381007786156226, -0.9345317347639055, -0.9293401776629653, -0.9286889885286936, -0.923498644669188, -0.9202543461156025, -0.9163624981520494, -0.9105219357514199, -0.9114927745697975, -0.9072769092529736, -0.9011125721473603, -0.8978677882972008, -0.8942992297420578, -0.8878103899865999, -0.8861873914408028, -0.8819695849376834, -0.8738572613398545, -0.8686661895354881, -0.8647728856822134, -0.8612038418304965, -0.8569867632722378, -0.8508216982217637, -0.8479031155594575, -0.8466031637737834, -0.8404402825578918, -0.8326519763133337, -0.8300569257077244, -0.824216120658808, -0.8138356755880838, -0.8092923958419721, -0.8070208772930596, -0.798585021638534, -0.793719180428873, -0.7898244206858767, -0.7872291274319805, -0.7800915250251201, -0.7700329134730843, -0.7651661016702757, -0.7619220457649771, -0.7512156421546867, -0.7479698877113796, -0.7427783306104394, -0.7382362641057623, -0.7304496563992128, -0.7246098219434441, -0.7233110833992048, -0.7113071544861098, -0.7109819238914044, -0.6973552390807992, -0.6918389366817274, -0.6853505822228434, -0.6762657212686283, -0.6778875065729907, -0.6691266629720465, -0.6587447620116007, -0.6558235102181382, -0.6415478201078438, -0.6340869282925736, -0.6311649485542503, -0.62045854494396, -0.6133209425370997, -0.6035873189314824, -0.5993702403732238, -0.5902861073638697, -0.5867151223258571, -0.5753597134158774, -0.5691970748482726, -0.5604367165439024, -0.5555674782582244, -0.5442130399413925, -0.5370737389965237, -0.5270153700927748, -0.52506811154542, -0.5137129452837274, -0.5030089681563062, -0.49586990985972434, -0.48483584917185923, -0.48061828531702677, -0.4731583640949043, -0.46634453639302786, -0.4517421597983064, -0.4497949012509517, -0.43746646968801206, -0.42773405932382935, -0.41767496247521974, -0.4063200388618139, -0.40242527911881754, -0.39463939935712883, -0.38295803190758293, -0.3699798671000932, -0.36705910060320457, -0.3524606063810741, -0.3446749692676723, -0.33493819123432483, -0.3297478473748193, -0.31677041051219035, -0.3057392616037684, -0.2992499365517366, -0.2872435811557722, -0.27848273755482794, -0.2694003030834823, -0.2606387315376773, -0.2525264079398485, -0.2431180149289366, -0.22786978746225606, -0.21748667326037563, -0.2145663920600609, -0.20126348195443955, -0.18861200363137684, -0.1824452400428942, -0.17238856967715388, -0.16038221428118948, -0.15162355451482767, -0.1409164229596765, -0.130856598166206, -0.11820390660170864, -0.10976902154033066, -0.09614039554343005, -0.08478401604030265, -0.07764689893001626, -0.062074168813491065, -0.05525888522189303, -0.04649804162094881, -0.03157504474897369, -0.022814686444603344, -0.01405287225051139, -0.0036716992349264247, 0.01190248677132036, 0.020661874482542975, 0.03461306194299274, 0.03980583228536763, 0.057001075651115965, 0.06511291395237093, 0.07646735226920284, 0.08425614381033476, 0.09528899125676527, 0.10858898958294336, 0.12286395174837696, 0.13259878859542895, 0.14363187869014638, 0.1562840849580699, 0.16309936854966794, 0.1793218319107432, 0.1929475461282006, 0.2004111070746271, 0.2140377918852322, 0.22539368609178573, 0.23382954174631146, 0.2477821850964828, 0.25881090752203545, 0.2708177482145737, 0.28314666507408726, 0.2935307498691154, 0.3045611708326766, 0.3129975117837761, 0.32759673395076744, 0.3396016334570102, 0.3480384597046837, 0.358421816554851, 0.37464403726763934, 0.3898912941411722, 0.4022199683523988, 0.41325281579882933, 0.42395994735398046, 0.4343403924247046, 0.44926775696584453, 0.46159643117707116, 0.4748978853929709, 0.48138842368643736, 0.49177323642632637, 0.5076707118409831, 0.5238912340157629, 0.5336263135111018, 0.548226020974667, 0.5582846325267028, 0.5689927346750017, 0.5842397489002475, 0.595919175163498, 0.6053290240641315, 0.6202549327155498, 0.6309623069189879, 0.6465343090906523, 0.6565929206426881, 0.672166621352361, 0.6796311528919352, 0.6893628353112572, 0.7000723933492776, 0.7162929155240574, 0.7253789897197072, 0.7464675369387301, 0.7552278952431005, 0.7662605000412441, 0.7795626822020046, 0.7931900949574705, 0.8045435626811548, 0.8191469098690238, 0.829204308179625, 0.8421812597456801, 0.8558079445562853, 0.8661913014064526, 0.880143702108337, 0.8934453989725237, 0.909017886440762, 0.9200504912389055, 0.9317318586884514, 0.9424377770021679, 0.95444194856355, 0.9722881384152829, 0.977480423461084, 0.9933781415240277, 1.0086253983975606, 1.0193339858424333, 1.0336101612493016, 1.0482091407680059, 1.0582672670234679, 1.0712454318309577, 1.0826030245755196, 1.0939579481889254, 1.1127742489141754, 1.1205632831035943, 1.1351646891051679, 1.1416537715089128, 1.1611176216441303, 1.1721504690905609, 1.1861021418475846, 1.1955129613413658, 1.2065433823049267, 1.2172493006186433, 1.2341234384105642, 1.2483988858725716, 1.2620246000900288, 1.2717587089922202, 1.2811683152445665, 1.2983628306654542, 1.3071244022112591, 1.3204268270203068, 1.3347032450754617, 1.3405442927726652, 1.3544947522882542, 1.3707179435941903, 1.3817488498543251, 1.3944029973085441, 1.408030895360584, 1.4193870322154245, 1.4339862543824156, 1.4450191018288463, 1.4566982854438097, 1.464162089038523, 1.4826548577070762, 1.494009538672195, 1.5060149234750115, 1.5163965817871703, 1.5300247224874972, 1.5410563566924929, 1.5488439349921903, 1.5650666410015523, 1.5751252525535884, 1.5929675600327302, 1.6023788648230854, 1.614707539034312, 1.6260648891305873, 1.6403376674614383, 1.6481271869474312, 1.6630516397091277, 1.673109523316303, 1.6909528013885926, 1.6984158770384452, 1.7104205338964011, 1.7188573601440746, 1.734106558203903, 1.7467590071201133, 1.7545475560129584, 1.769795783479639, 1.7769350844245078, 1.790561283938539, 1.8045127140472759, 1.809704028499929, 1.8226831639005665, 1.8333907807522916, 1.846042744371928, 1.861616445081601, 1.87264783663831, 1.8820581708355173, 1.8869240120451782, 1.9044440007090582, 1.9141778669629623, 1.9255354597075243, 1.9407824739327704, 1.946948752224679, 1.9583048890795196, 1.9735538444910607, 1.9845842654546222, 1.9923703878645977, 2.004376500612275, 2.0134594203801948, 2.0283858143281868, 2.030982078175231, 2.047530742724159, 2.0540188545347564, 2.0692678099462976, 2.0777043935456843, 2.0897078371622055, 2.095224382209564, 2.109824574969703, 2.1257210797912123, 2.131887358083121, 2.1403234563859335, 2.1542746438463833, 2.1571939544535503, 2.16822607395512, 2.1808809493542, 2.192883907674147, 2.1971021994738402, 2.2142974428395887, 2.224680799689756, 2.230846835333378, 2.2421995751122012, 2.249339604001931, 2.26004770615023, 2.2701041338676835, 2.2824332933754836, 2.2947622102349974, 2.2921686155191097, 2.3051460523817386, 2.319098210435336, 2.329479140802634, 2.337592434993611, 2.346999857411375, 2.354788163655933, 2.3664663766777485, 2.3732816602693467, 2.379446240023247, 2.3927484221840074, 2.3989134872344815, 2.411242404093995, 2.416435417084657, 2.4277903406980625, 2.4342791804535207, 2.4433650120008834, 2.446285778497772, 2.4589379847656954, 2.471916392221472, 2.4816495305305155, 2.4891111502906464, 2.5007934883333407, 2.5033875683458024, 2.510525898697523, 2.5189619970003356, 2.5303166779654545, 2.533884751224024, 2.547837879870769, 2.5497844104732628, 2.561465777922809, 2.573469464187617, 2.5728221574259362, 2.5841770810393423, 2.594558739351501, 2.6007225911605403, 2.6065633962094568, 2.6130534492063493, 2.6237610660580746, 2.6279771740231856, 2.634141025832225, 2.642901384136595, 2.6464730971194683, 2.6523119609820895, 2.6639926004867744, 2.6753472814518933, 2.679242283843177, 2.6860551409519053, 2.689299924802065, 2.702278817554415, 2.7068196708176577, 2.7116872105653274, 2.718176050320785, 2.724990848615809, 2.730180707178741, 2.7382935160731434, 2.7402373775444815, 2.754191719432661, 2.7558122914955887, 2.7567874979831313, 2.765871145695912, 2.773008990751059, 2.7759290293030867, 2.7866339770236555, 2.7895564420585526, 2.792801225908712, 2.7976682803598076, 2.806751442776014, 2.816159350490352, 2.8184332955221336, 2.8239493552729185, 2.82654343528538, 2.8317369335726155, 2.839847073335862, 2.8388735653863284, 2.846659445148017, 2.8512012690044073, 2.8531511966829184, 2.859964539088221, 2.8602871005517696, 2.8683969976667294, 2.8752117959617536, 2.876835765100698, 2.8820263516084905, 2.892406554030928, 2.890136976668311, 2.897275064371745, 2.8937065058166023, 2.8985730749711234, 2.908305727983593, 2.9125230491901384, 2.9112279503702037, 2.918039836885785, 2.919013830131892, 2.922257400740617, 2.9242058725294062, 2.9287469684409357, 2.933288549649039, 2.9342644840814422, 2.9417256185449996, 2.942374623844689, 2.945293206506995, 2.9469169329976523, 2.9501600183098033, 2.9514592421506167, 2.9598948551568554, 2.9566512845481308, 2.9611931084045207, 2.9598953404534294, 2.9589218325038953, 2.9667096534518795, 2.9693056746506366, 2.9731989785039117, 2.9725480320179267, 2.9731972799659028, 2.9751442958649705, 2.9826066435699623, 2.9783881091219824, 2.9816333782687154, 2.9832556488696516, 2.986824207424795, 2.986499219478376, 2.9890947553805596, 2.987149195371213, 2.990393008628225, 2.9907175112780697, 2.9903922806833645, 2.9936373071818108, 2.9916915045241774, 2.988446235377444, 2.9916917471724647, 2.9939620524799424, 2.994611785724492, 2.994936288374337, 2.997854143091782, 2.9978563269263647, 2.996559286920134, 2.997856084278078, 2.9936382777749584, 2.994936288374337, 2.9981820428176436, 2.9942875257229344, 2.9981801016313483, 2.9968813630871094, 2.9936382777749584, 2.9910441977624966, 2.9952605483758945, 2.988123916562182, 2.9894204712718393, 2.9926637992322767, 2.9868234794799338, 2.988447205970592, 2.9894207139201256, 2.9852024221204325, 2.9855257115288425, 2.9864994621266634, 2.982930660923233, 2.9751438105683965, 2.977092039708899, 2.974819550566839, 2.975143082623536, 2.969304704057489, 2.9728727773160584, 2.973845799969018, 2.9641138749014098, 2.9657339616677634, 2.967355261675552, 2.9579492951475093, 2.957623821904517, 2.955351332762457, 2.9508102368509275, 2.950159290364943, 2.9527553115637, 2.9443209117988953, 2.9439961665007637, 2.9401031052957762, 2.9410766132453103, 2.9358848134960827, 2.927124697839999, 2.933287093759317, 2.9242063578259803, 2.9222566727957564, 2.9203096568966886, 2.9115514824269004, 2.911226979777056, 2.90927899328484, 2.8988973349726814, 2.895652793770809, 2.8933817605184706, 2.888513735474227, 2.8817030622000805, 2.87716051039883, 2.874564489200073, 2.87683406656269, 2.869048186801001, 2.86612839089726, 2.8606118458499017, 2.8573682752411766, 2.8515274701922606, 2.850227761054873, 2.841468615991938, 2.834006996231807, 2.832059737684452, 2.8275169432349143, 2.8268686658800855, 2.817459059627739, 2.812917478419636, 2.810320001331157, 2.80383188952056, 2.7950725018093374, 2.790854695306218, 2.785011463774432, 2.785012677015867, 2.773657510754174, 2.7681446054311194, 2.761002392706807, 2.757758336801509, 2.7473786196756453, 2.746402442594955, 2.7379673148852905, 2.7392638695949474, 2.7233673647734387, 2.7197978356251475, 2.714606278524207, 2.7090894908285614, 2.7009812922516105, 2.6954635339628172, 2.6821608665054826, 2.6789160826553235, 2.6727529587911447, 2.6675621296350656, 2.6581532513275796, 2.6506882344914318, 2.6454991038733606, 2.639659269417592, 2.631870963173034, 2.6214885769160143, 2.615000707753704, 2.613052235964915, 2.602021572353067, 2.5948829993530587, 2.5890412237109945, 2.582554810438406, 2.575740254791669, 2.564708620586673, 2.5575712608280994, 2.5520556863738886, 2.5413480695221637, 2.5377785403738726, 2.524477571454547, 2.521556319661084, 2.5098764081012597, 2.4965734979956387, 2.4952774285825554, 2.4852173611407977, 2.473213432227703, 2.4667224086376622, 2.4625072712656992, 2.452123186470671, 2.4391455069597554, 2.4346014992687826, 2.4238948530102054, 2.414160744108014, 2.4047547775799716, 2.397614748690242, 2.3859353224269917, 2.374580398813586, 2.3700366337709005, 2.3583552663213543, 2.3534882118702587, 2.3369431870456348, 2.333372202007622, 2.3239635663484233, 2.3113106321356387, 2.306119802979559, 2.2937896728786114, 2.2876246078281373, 2.2736726924228265, 2.267509083262074, 2.2577757023047433, 2.2470688133978793, 2.232792637991011, 2.226954259424964, 2.217542469338035, 2.2058630430747845, 2.203588855394716, 2.188341598521183, 2.1769861896112035, 2.167576098062283, 2.159140970352618, 2.1419464549317304, 2.134483136633591, 2.1296148689410606, 2.114690173531077, 2.1017137072615957, 2.096520694270934, 2.084839569469675, 2.0751069164572056, 2.0631032301923975, 2.050124337440047, 2.039417448533183, 2.0303321022823937, 2.022869754577402, 2.0069725218110324, 1.9991854288079087, 1.9868550560586737, 1.97777165099418, 1.9664152714910528, 1.9579789305399533, 1.941430265991025, 1.928778545019675, 1.9216404573162411, 1.9073647672059468, 1.8992505024218223, 1.8891945600009428, 1.872647108693449, 1.8603194050753702, 1.8502593376336127, 1.8405252287314218, 1.8307950022018216, 1.8184641441560123, 1.8084052899556897, 1.7925068439478853, 1.7837472135883756, 1.7720675446768381, 1.7613591998802525, 1.75486914688336, 1.7415703617986162, 1.7259959331440826, 1.7165868121883099, 1.7062010288552734, 1.6948468331867281, 1.6834909389801749, 1.6643489223636454, 1.6611017120306169, 1.6419611513038093, 1.6341723597626774, 1.6215201534947536, 1.6101635313433396, 1.5965370891810213, 1.5838829417268023, 1.5699319969146395, 1.5589013333027915, 1.5488419938058948, 1.5345672742887482, 1.5274267601024447, 1.514774553834521, 1.4975778545790512, 1.4917387480681432, 1.4745420488126735, 1.4703232717164063, 1.4472881938948894, 1.4378790729391167, 1.4271714560873916, 1.417111873942208, 1.4028373970733483, 1.3940784946586997, 1.3775320139443534, 1.3658484626602252, 1.354818284344951, 1.339894316879828, 1.3288621973782584, 1.315559529920924, 1.3032313410062712, 1.293821006809064, 1.2844109152601435, 1.26624386248287, 1.2552102870915784, 1.2409341116847104, 1.2289296974750414, 1.2214678350666235, 1.2023250905052336, 1.1919431895447878, 1.1809103420983573, 1.165660416093668, 1.1578740510354055, 1.1423008356223066, 1.1280258734568729, 1.1173194698465827, 1.1049883691524867, 1.0903884190406345, 1.0790315542409332, 1.0692969600421682, 1.0530761952191015, 1.044312682487001, 1.026796333547425, 1.0131674649022375, 1.001488038638987, 0.9907821203252707, 0.9781267596296169, 0.9703386960333459, 0.9537924579672867, 0.9437348170083988, 0.9262143430479449, 0.9155072114927938, 0.9038253587466739, 0.8944181789771968, 0.8785194903211054, 0.8684613640656434, 0.8528876633559705, 0.8418557865026878, 0.8317974175989389, 0.8126549156858358, 0.8064903359319355, 0.7896188672711711, 0.777614938358076, 0.7626895150032316, 0.7529554061010404, 0.7370572027415229, 0.7263515270760933, 0.715967684929352, 0.7007180015729499, 0.6919581285651534, 0.6757366357972259, 0.6647033030542215, 0.6543216447420627, 0.6439399864299038, 0.6296633257264617, 0.6144141276666334, 0.60857307996943, 0.5917008833638047, 0.5787234465011758, 0.5683393617061476, 0.556660663387758, 0.5472510571354114, 0.5268107872712168, 0.5212969113550143, 0.5109133118565601, 0.49144533670046464, 0.4800896851421981, 0.47035654683315464, 0.4606214673378157, 0.44472423457144583, 0.4372616442181671, 0.42330972881285656, 0.4100080319486699, 0.39897469920566553, 0.3866465102910128, 0.37269532283056306, 0.3626381671682488, 0.3480360332218143, 0.3431684934741449, 0.3262975101099543, 0.3175378797504447, 0.3061819855438912, 0.2915813074871783, 0.2786048412176971, 0.26919596291021136, 0.25718936486596, 0.24745501331548192, 0.23188252584724367, 0.22442042079053878, 0.20787248418647114, 0.1952176087873914, 0.18775744491698199, 0.17705007071354384, 0.1611499261677308, 0.15531081965682292, 0.14038588159855234, 0.12578617413498716, 0.11994658232750544, 0.10307365777701932, 0.09723333802467676, 0.08620146117139402, 0.0771170855137529, 0.06057084744769384, 0.05537710651217121, 0.04045435228848302, 0.03104498868442341, 0.01871534388004906, 0.007358236432060866, -0.0010773765741779193, -0.015027350793193017, -0.028006243545543562, -0.03676611655334004, -0.04390493220163497, -0.05461206375678617, -0.06791521651069442, -0.07764665628172931, -0.08835621431974987, -0.1042500500101026, -0.11041754154344605, -0.11852816660326633, -0.13410283790608699, -0.1415634870730703, -0.15000104126560454, -0.16200424223383877, -0.16914572701328998, -0.1801759053285642, -0.19185654483324927, -0.20191418579213735, -0.2119723120475993, -0.21943563034573887, -0.23370937926973778, -0.2392259243170965, -0.2547993823784825, -0.26291122067973743, -0.27167157898410776, -0.27783591608972114, -0.2943821541557802, -0.29957565244301587, -0.30995561221716617, -0.31806842111156886, -0.32942310207668773, -0.33396832300909496, -0.33980815746486365, -0.35797666613185897, -0.36673605384308156, -0.37290087624526874, -0.3803644371916952, -0.3904225634471572, -0.40047971910947133, -0.4105376027166464, -0.4205959716203952, -0.42546254077491696, -0.44103599883630296, -0.4488226065428525, -0.45304235423226735, -0.4630992672462946, -0.4776987320615728, -0.47997049325877217, -0.4913280860033342, -0.49749363635038224, -0.5052778175740624, -0.5124151773326358, -0.5221504994762616, -0.5299363792379503, -0.5351272083940297, -0.549403141152611, -0.5516753876463842, -0.5620585018482647, -0.5711433628024797, -0.5795775199189969, -0.5844453023149533, -0.593530891214029, -0.6016420015704231, -0.6087781480875618, -0.6194867355324347, -0.6240290446853987, -0.6305173991442827, -0.6350601935938206, -0.6464156025038003, -0.6538796487468006, -0.6590685367165846, -0.6636113311661225, -0.675616715968939, -0.6801607236599116, -0.685674842224401, -0.6905416540272097, -0.7005988096895239, -0.7070891053347035, -0.7126054077337752, -0.7161737236406314, -0.7281778952020135, -0.7304501416957866, -0.7343449014387831, -0.7447253465095072, -0.7512137009683912, -0.7538104501120091, -0.7599764857556309, -0.768734174928845, -0.7736009867316538, -0.7797672650235624, -0.7849595500693635, -0.7891775992207698, -0.7937182098357253, -0.8060466413986649, -0.8089681358404144, -0.8148074849996092, -0.8180522688497686, -0.8225948206510195, -0.8287591577566328, -0.8339504722092862, -0.8388177693086687, -0.8453058811192657, -0.8498479476239429, -0.8537414941255046, -0.8569855500308031, -0.866070896281592, -0.8715869560323768, -0.8686674027769229, -0.8758050051837831, -0.8829423649423565, -0.8858645873289668, -0.8891076726411176, -0.8874873432264767, -0.8985165509486033, -0.9040321254028143, -0.904682829240512, -0.90954891309846, -0.9101979183981492, -0.9166860302087463, -0.9209045646567264, -0.9244731232118697, -0.923175355260778, -0.9296649229610968, -0.9286914150115629, -0.9384233400791717, -0.9381012639121964, -0.9400473092181165, -0.9465373622150091, -0.9488079101707738, -0.9517279487228016, -0.9501042222321436, -0.9536744793252955, -0.9578915578835541, -0.9627600682243713, -0.9608118390838687, -0.9698952441483621, -0.9627590976312236, -0.9715184853424461, -0.9721682185869962, -0.977034302444944, -0.9783318277477487, -0.977358077149928, -0.9780099942290603, -0.9815783101359166, -0.9844978633913705, -0.9861198913440198, -0.9877416766483822, -0.9857953886941752, -0.9883918951895061, -0.9922854416910678, -0.9929332337493224, -0.9903391537368609, -0.9939069843471432, -0.9987716123153695, -0.9965013070078917, -0.9961782602477687, -0.9965015496561787, -0.9977990749589833, -1.0016933494054059, -0.9990980561515095, -0.9942314869969878, -1.0059099426670906, -0.9981247908502626, -0.999423529394502, -0.9968284787888927, -1.0010448294022904, -0.9997470614511988, -0.9994242573393628, -0.999423529394502, -1.0052614226639751, -0.9961775323029078, -0.9997477893960597, -0.998773068205091, -0.9981228496639671, -0.9965010643596048, -0.9977995602555572, -0.9945569602399802, -0.9922842284496332, -0.995203781705087, -0.9913102352035255, -0.98968869254745, -0.9890406578409084, -0.9870938845901276, -0.9867698672368569, -0.9893629766561707, -0.9812528368929242, -0.9799550689418326, -0.9802798142399642, -0.9802793289433903, -0.9754130024371557, -0.9786560877493065, -0.9770328465552224, -0.9711949532857492, -0.9695704988502306, -0.9643813682321598, -0.9640554096925935, -0.962434594981379, -0.9575680258268571, -0.9556207672795025, -0.956918777878881, -0.9523774393190647, -0.9488079101707738, -0.9478341595729529, -0.9432908798268411, -0.942641631878865, -0.9368049518508265, -0.9351800121187339, -0.9286914150115629, -0.9260966070542406, -0.9234998579106228, -0.918633046107814, -0.9150644875526709, -0.914090979603137, -0.9056556092451851, -0.9053284374641842, -0.9004625962545234, -0.8942994723903446, -0.8926769591411214, -0.8913774926520214, -0.8826195608305203, -0.8829418796457826, -0.875805733128644, -0.870939891918983, -0.8722337774974837, -0.8595815712295601, -0.8569862779756638, -0.8517947208747237, -0.8469296076099236, -0.8459544011223812, -0.8352492107535254, -0.8320032136619313, -0.8258398471494658, -0.8238906474158156, -0.818700546204597, -0.8131847291020992, -0.8070208772930596, -0.8018290775438326, -0.7985857495833948, -0.7904729406889921, -0.7823623156291717, -0.7797679929684233, -0.7765219958768292, -0.767111176383048, -0.761595844577124, -0.7590005513232277, -0.750564695668702, -0.7453743518091965, -0.7356412135001531, -0.732072169648436, -0.7239613019403287, -0.7171472315901652, -0.7139012344985713, -0.7067648453331458, -0.6983297176234808, -0.6921636819798589, -0.6885946381281419, -0.6795085639324923, -0.6743208892041429, -0.6642603364658117, -0.6567967755193851, -0.6499834331140826, -0.6473874119153256, -0.6386297227421115, -0.6301914406047164, -0.6220813008414701, -0.6165664543321199, -0.6061835827785264, -0.5993687844835023, -0.5928811579694789, -0.581526719652647, -0.5747126493024837, -0.5685463710105749, -0.5630312818529378, -0.555568934147946, -0.5468080905470017, -0.5380467616494836, -0.530910372484058, -0.5227992621276639, -0.5150116838279666, -0.5081959149397948, -0.4935971780693773, -0.48678335036750087, -0.47932245855223066, -0.47283143496219027, -0.45920620604130674, -0.45498718629675267, -0.44655181593880083, -0.4377914576344305, -0.4280561354908047, -0.42091926102880517, -0.4128091212655588, -0.3988591470465437, -0.3900941784247216, -0.3829585172041568, -0.37290087624526874, -0.36219447263497834, -0.36154376879728056, -0.3475928239851177, -0.33688787626454897, -0.3281255767738831, -0.32001373847262815, -0.3076843363165407, -0.2979528965455058, -0.28562349438941836, -0.27913344139252577, -0.26648002188316755, -0.2560966650330002, -0.25090510793206, -0.2434437308202159, -0.23241136867035928, -0.2268943383264267, -0.20905057495756296, -0.20061714578590656, -0.19282738365162688, -0.1830952159357312, -0.17011680847995453, -0.15940919162822945, -0.15064883332385912, -0.1363736285101386, -0.1311815861126245, -0.11820463454656943, -0.10717202974842588, -0.0980878967390717, -0.08478692781974587, -0.07278032977549453, -0.06337145146800878, -0.05428610521721994, -0.04422943485147961, -0.03449387005956683, -0.022165438496627148, -0.012430844297862106, -0.003994503346762518, 0.010280944115244946, 0.020986377132387605, 0.03039719662616882, 0.04240136818755081, 0.056352798296287504, 0.06219360334520392, 0.07776609081344216, 0.09171679297731805, 0.10015410452156538, 0.11151145461784051, 0.11962207967766081, 0.1283812247405965, 0.14136036014123396, 0.15077093698672825, 0.16861372976244424, 0.17542804276089455, 0.18873095286651587, 0.1991140670683963, 0.21111702538834362, 0.22377141549084953, 0.23966816296064547, 0.24972750245754208, 0.26075865136596404, 0.267897467014259, 0.280551371820191, 0.2948270619304854, 0.3045611708326766, 0.3165655850423455, 0.33278853369999456, 0.34317116260530117, 0.3551765474081178, 0.36685476042993354, 0.3756177878654602, 0.3915145353352561, 0.40027537893620035, 0.41357731844867396, 0.41974286879572187, 0.4372614015698802, 0.4450499504627252, 0.46451549913595125, 0.47327537214374776, 0.48560550224469595, 0.49177202318489166, 0.5148068583581217, 0.5199972022176274, 0.537844605310795, 0.5479017609731093, 0.5573108819288819, 0.5741794388102032, 0.5829444074320254, 0.5955966136999488, 0.60468098935759, 0.618630963576605, 0.632908837521482, 0.6471833143903416, 0.6582164044850591, 0.6702188775084325, 0.6789794784610897, 0.6935820977040981, 0.7052624945604963, 0.7198614740792006, 0.727972099139021, 0.7422494877873238, 0.7532816072888936, 0.7678810721041718, 0.7763181410001322, 0.787999751097965, 0.8113588462727528, 0.8159009127774299, 0.8288781069917719, 0.8454265288924133, 0.8564567072076876, 0.8674888267092573, 0.8801417609220417, 0.8914995963148906, 0.9090181290890489, 0.918752480639527, 0.9327043960448376, 0.9440593196582434, 0.9547676644548293, 0.9680698466155897, 0.9836430620286888, 0.993700217691003, 1.005708514273263, 1.0235527629387005, 1.035555478610361, 1.0456133622175359, 1.0537268990567994, 1.0728679450801808, 1.0826010833892243, 1.097202732039085, 1.108559596838786, 1.1192657578007896, 1.1286751214048492, 1.1445738100609406, 1.1582000095749718, 1.1656638131696853, 1.1815600753429072, 1.195835765453202, 1.2042728343491622, 1.2175784135859398, 1.2315264466186593, 1.242881612880352, 1.2584553135900247, 1.2727322169417539, 1.2870069364589005, 1.2977155239037734, 1.3067998995614145, 1.319129059069215, 1.3363240597866763, 1.348652491349616, 1.3561177508340512, 1.3713657356524447, 1.3811003298512097, 1.3953755346649304, 1.4077066353590262, 1.4154939710104366, 1.4287966384677708, 1.4466389459469131, 1.4570223027970806, 1.4654567025618845, 1.4787620391503753, 1.4894669868709438, 1.5030951275712707, 1.5170460723834336, 1.5303480118959072, 1.541055871395919, 1.5517634882476443, 1.5653899304099623, 1.5803141405233723, 1.5890749841243164, 1.6004311209791569, 1.6163295669869613, 1.6234664414489608, 1.6351495074365152, 1.6448826457455585, 1.6614276705701831, 1.6744065633225338, 1.6873842428334496, 1.6987418355780117, 1.7110690538995166, 1.7217771560478154, 1.727617961096732, 1.7503268377303958, 1.7538995213064168, 1.7636333875603212, 1.7782323670790254, 1.7928332877840252, 1.8045131993438497, 1.8142470655977538, 1.8191129068074146, 1.8353358554650638, 1.8466936908579128, 1.8586966491778603, 1.8703760754411105, 1.8823817028922143, 1.891467049143003, 1.902498440699712, 1.9128808269567315, 1.9255340038178028, 1.9394861618714003, 1.9518145934343398, 1.9583058596726672, 1.9725781527069446, 1.9813406948458974, 1.9939931437621077, 2.0066485044577616, 2.011189600369291, 2.0264400116705534, 2.0364986232225895, 2.046231033586772, 2.055638213356249, 2.0676479658282307, 2.0783531561970863, 2.0845179785992736, 2.09716994221891, 2.108203517610202, 2.123125786537316, 2.1318888139728425, 2.1429165658052476, 2.1523269000024547, 2.1627095289077616, 2.1698481019077693, 2.1769861896112035, 2.190289827661686, 2.2052140377750953, 2.210404624282888, 2.221112241134613, 2.2340904059421027, 2.243500982787597, 2.2512871051975725, 2.265237079416588, 2.2736726924228265, 2.2830830266200337, 2.2918436275726912, 2.2976827340835992, 2.3048203364904594, 2.3177997145393836, 2.3298043713973393, 2.3349937446636972, 2.3424585188515588, 2.3560849610138765, 2.3664688031606183, 2.3768497335279157, 2.386584327726681, 2.3901521583369636, 2.402807761680904, 2.409945121439477, 2.4219483224077116, 2.42843789010803, 2.4342791804535207, 2.4430397814061777, 2.455044438264134, 2.460236480661648, 2.4725649122245876, 2.486839874390021, 2.4858661237922, 2.4985209991912805, 2.5046853362968937, 2.5092286160430053, 2.52025952230314, 2.532589167107515, 2.5390782495112596, 2.547837879870769, 2.553353939621554, 2.5647091058832467, 2.5689256991449314, 2.5783377318801475, 2.581256071894167, 2.594235207294804, 2.5984527711496366, 2.6088341868135085, 2.6159732451100903, 2.620840056912899, 2.630574893759951, 2.6357649949711695, 2.642254320023201, 2.6484188997771017, 2.6607473313400414, 2.6646423337313245, 2.6704816828905193, 2.6730777040892764, 2.6847581009456745, 2.6938410207135943, 2.698706133978394, 2.7077939067120522, 2.7142832317640844, 2.7223931288790437, 2.72661117803045, 2.731153487183414, 2.734725685462861, 2.7438095758239287, 2.7486746890887286, 2.758734756530486, 2.7593830338853147, 2.766843925700585, 2.7704134548488755, 2.7759304851928084, 2.784040624956055, 2.7863114155601063, 2.7934492606152532, 2.7979925403613652, 2.80156255480623, 2.809023931918074, 2.8142147610741537, 2.8249221352775917, 2.821677108779145, 2.8323847256308703, 2.836602046837416, 2.84698249190814, 2.8427692957224724, 2.846986131632444, 2.858017280540866, 2.862881908509092, 2.869049157394149, 2.8680734656100326, 2.874563518606925, 2.876509563912845, 2.8842973848608295, 2.887865458119399, 2.8885166472536703, 2.897922613781713, 2.905709706784836, 2.9001968014617816, 2.908631929171446, 2.913172782434689, 2.9160925783384295, 2.9151212542234783, 2.9222581286854776, 2.9264742366505887, 2.927123969895139, 2.933614265540318, 2.9388046093998237, 2.93393658435558, 2.9410751573555887, 2.941401358543442, 2.942374623844689, 2.947890198298899, 2.949511013010114, 2.9498362436048193, 2.9537300327546685, 2.9569762724945488, 2.958595873964329, 2.9663834522640267, 2.9647626375528118, 2.966707712265584, 2.969952981412318, 2.9670341561017244, 2.9722244999612295, 2.9751440532166837, 2.9744950479169945, 2.977741287656875, 2.9796875756110826, 2.983254920924791, 2.9842284288743244, 2.982931146219807, 2.985526439473703, 2.9877989286157636, 2.989095968621994, 2.987473698021058, 2.986500918016385, 2.989095968621994, 2.990392765979938, 2.991043227169349, 2.9949360457260497, 2.995908097785862, 2.9929880592338343, 2.9949360457260497, 2.9946110577796317, 2.996557103085552, 2.9994759283961447, 2.994936288374337, 2.9926645271771375, 2.992665497770285, 2.995259577782747, 2.996882333680257, 3.0004508922354, 2.991366759226046, 2.99234026717558, 2.993312076587105, 2.9952605483758945, 2.9949360457260497, 2.9933137751251135, 2.993312804531966, 2.9907194524643654, 2.989419743326978, 2.985527167418564, 2.9897452165699705, 2.989419500678691, 2.9852021794721453, 2.984877434174014, 2.9822823835684047, 2.980335367669337, 2.98390392622448, 2.980011350316066, 2.975792330571512, 2.9715754946615407, 2.9718995120148115, 2.9696287214107597, 2.9680074214029712, 2.9654101869627794, 2.959246092505453, 2.962489420465891, 2.9582711286661976, 2.953404559511676, 2.9553520607073174, 2.953080542158405, 2.955674622170867, 2.9488634636001465, 2.9462686556428244, 2.9391288694013813, 2.937829888208855, 2.9326422134805057, 2.9297219322801915, 2.93004449374374, 2.925177196644358, 2.9242041739913978, 2.919986610136565, 2.9115517250751877, 2.9096039812312586, 2.9040886494253346, 2.9044121814820314, 2.8988963643795334, 2.8937052925751674, 2.8917577913795256, 2.8885164046053835, 2.8800793357094228, 2.8787808398134707, 2.87683406656269, 2.8667778814935234, 2.8661274203041125, 2.8625588617489695, 2.8567192699414874, 2.851851730193818, 2.846984433094436, 2.8447126718972364, 2.8353047641828986, 2.832708742984141, 2.827517428531488, 2.82557041263242, 2.8187565849305436, 2.8148623104841213, 2.809996226626173, 2.79734402035825, 2.7973425644685284, 2.790204476765094, 2.7811210717006007, 2.778525778446704, 2.7733325228077557, 2.766520636292175, 2.7623023444924817, 2.756460568850417, 2.750945722341067, 2.7473759505444892, 2.739265325484669, 2.7353725069279684, 2.7240163700731275, 2.720448296814558, 2.7129849785164186, 2.7071444161157894, 2.7009786231204544, 2.694490511309857, 2.6902736753998857, 2.681513074447228, 2.673401964090834, 2.6675609163936307, 2.6617191407515666, 2.6493924077266353, 2.6497142412453236, 2.636412787029424, 2.6344652858337825, 2.6188947395518394, 2.619864365128783, 2.6107804747677155, 2.606888384155875, 2.5948825140564846, 2.5867721316449517, 2.5838511224997758, 2.5793088133468114, 2.5647091058832467, 2.557247486123116, 2.5449175986704544, 2.543295570717805, 2.53648004447792, 2.527072622060156, 2.518960783758901, 2.508903142800013, 2.5020888298015627, 2.4861913543869054, 2.480351519931137, 2.4761344413728783, 2.4673723845304996, 2.4595857768239497, 2.446608825257895, 2.44303881081303, 2.4307094086569427, 2.4248686036080263, 2.4144871879441547, 2.4034560390357322, 2.3985882566397763, 2.3898276556871187, 2.3791210094285415, 2.3703618643656057, 2.3596549754587413, 2.3512164506730597, 2.3457013615154225, 2.3366172285060682, 2.320394037200132, 2.308067061526914, 2.3041698753010484, 2.2924928755206673, 2.2814607560190976, 2.277567452165823, 2.269778660624691, 2.254853237269846, 2.2470688133978793, 2.2360376644894577, 2.22727390910907, 2.219813259942087, 2.2016447512750914, 2.195804431522749, 2.1873683332199363, 2.174714428414004, 2.1669283060040287, 2.1575196703448296, 2.1438917722927897, 2.1344807101507217, 2.1276690662834277, 2.1169612067834156, 2.10560628317001, 2.0981400530924272, 2.0858142906606436, 2.07153932849521, 2.0634267622490943, 2.0507723721465885, 2.0449337509322545, 2.030657332877099, 2.019949958673661, 2.009242584470223, 1.9930213343505825, 1.9878295346013553, 1.9758258483365472, 1.9621967370430728, 1.9531121187371445, 1.9433792230763882, 1.933321824765787, 1.9177473961112532, 1.9119070763589108, 1.904766562172607, 1.884977966739258, 1.8768641872517076, 1.8645369689302027, 1.8541536120800355, 1.8398791352111756, 1.8285215424666137, 1.8207334788703424, 1.8100280458531999, 1.7983483769416624, 1.7843947629983434, 1.7759596352886784, 1.7636307184291649, 1.7526000548173168, 1.7363768635113808, 1.7295618225680696, 1.7165853562985882, 1.7049054447387642, 1.6909530440368796, 1.6831659510337562, 1.664997442366761, 1.6559137946539808, 1.642285653953654, 1.6380678474505346, 1.6192483922975545, 1.6095142833953633, 1.59556576506607, 1.5816121511227508, 1.5670126863074725, 1.5624696492096477, 1.5501404897018474, 1.5371625675426444, 1.5225618894859316, 1.5099079846799994, 1.4969307904656575, 1.4901155068740595, 1.4745420488126735, 1.4609151213537812, 1.4508577230431803, 1.4388516102955027, 1.4265251199188587, 1.4154900886378456, 1.4021888770702329, 1.3862901884141414, 1.3794775739536997, 1.3697444356446562, 1.3548180416966642, 1.3392436130421301, 1.3291876706212506, 1.319129059069215, 1.303228914523402, 1.290902181498471, 1.2785710808043749, 1.2694871904433076, 1.256185008282547, 1.2412593422794158, 1.2341207692794078, 1.2140064579547793, 1.2071914170114684, 1.1955100495619224, 1.1783162620858958, 1.1669601252310553, 1.1507379045182669, 1.1416503744328956, 1.126403117559363, 1.116994724548451, 1.1036920570911166, 1.0913611990453076, 1.081302102196698, 1.0689731853371844, 1.054697737875177, 1.03782723980756, 1.0313369441623808, 1.0138176834433614, 1.00246081864366, 0.9875368511785374, 0.982342382298154, 0.9619052668616894, 0.9518471406062277, 0.9427625223002996, 0.9275113830541757, 0.9145344314881207, 0.9028540346317225, 0.8905241471790613, 0.8765712611806029, 0.8645675749157948, 0.8541861592519229, 0.843154767695214, 0.824335069893947, 0.8136286662836567, 0.797730705572426, 0.7892946072696134, 0.7782610318783221, 0.7662571029652271, 0.7529563766941881, 0.738356426582336, 0.7279711285458732, 0.7153203781676714, 0.697798690965783, 0.6909848632639064, 0.6750852040146673, 0.6666505616015762, 0.6523758420844296, 0.642316259939246, 0.6260933112815968, 0.6150638609111834, 0.60662703466351, 0.5913785645485425, 0.5777506664965026, 0.57061088025506, 0.5517943368815232, 0.5381688653123526, 0.5297308258232446, 0.5199974448659143, 0.5073447533014168, 0.4933916246546716, 0.4826857063409551, 0.4726268521406324, 0.45802617408391944, 0.4508885716770592, 0.4304487871094384, 0.42039041820568956, 0.40903428135084907, 0.39508357918697323, 0.38567300234147894, 0.37464161078477, 0.366853061891925, 0.34901075441278295, 0.33798057609750864, 0.32694675805793044, 0.3136455464903177, 0.3019641790407718, 0.2893119727728483, 0.27535884412610306, 0.26984302702360513, 0.25653963162140997, 0.24486238919274195, 0.23577388851422296, 0.22506942609022804, 0.21014278949394893, 0.19456933143256294, 0.19067529963442736, 0.17769859071665922, 0.16017714616305773, 0.1520670063998113, 0.1426576427957517, 0.13162285416302572, 0.12221543174526156, 0.1079399842832541, 0.09788210067607911, 0.08457870527388393, 0.07419826020315977, 0.06251640745704001, 0.05051078000593642, 0.042074439054836835, 0.026827424829590954, 0.019689094477869887, 0.005737179072559318, -0.003670243345204821, -0.01600110139101384, -0.029951075610028938, -0.038388872450850126, -0.04358164279322501, -0.057854421124076204, -0.07050784063343438, -0.07505257626926774, -0.08932899432442296, -0.09679134202941478, -0.10976877889204373, -0.11788037454501174, -0.12891200875000758, -0.14448328297681115, -0.1470822159550114, -0.15941161811109883, -0.17238929762201466, -0.18861030509336835, -0.19185654483324927, -0.20029288578434887, -0.2119723120475993, -0.21975770651271415, -0.23176212072238309, -0.23890117901896496, -0.253501371779104, -0.2619369847853428, -0.27231912839407546, -0.27945891463551814, -0.286921019692223, -0.3011962245059435, -0.3102801148670108, -0.31806939170471665, -0.32391043940192, -0.3375349403779427, -0.3501888451838747, -0.3550554143383965, -0.3690095135782895, -0.3767951506916912, -0.3819857371994837, -0.3933413887577503, -0.3998324123477906, -0.4059979626948386, -0.4192979610210167, -0.4325991725886295, -0.44460528533630694, -0.4465535144768094, -0.4546646248332036, -0.4676410911026848, -0.4718603534955258, -0.4780256611942868, -0.4864607889039517, -0.49651745926969204, -0.5059277934668994, -0.5159878609086568, -0.5244205621354524, -0.5331811630881097, -0.5386967375423206, -0.5487551064460695, -0.555568934147946, -0.5607600059523123, -0.5678980936557464, -0.5799029931619892, -0.5821752396557625, -0.5951521912218175, -0.5983969750719769, -0.6091036213305542, -0.6117015837156068, -0.6207845034835262, -0.6269490832374264, -0.6370072094928884, -0.6451173492561348, -0.6545271981567682, -0.6577712540620668, -0.6655583470651902, -0.6726959494720505, -0.6843770742733095, -0.6824305436708156, -0.6915158899216043, -0.7028705708867232, -0.7054663494371933, -0.7129294250870459, -0.7213647954449979, -0.7268806125474957, -0.7294773616911135, -0.7372627561562284, -0.7405087532478225, -0.750241648908579, -0.7567302460157499, -0.7619230163581249, -0.7638693043123318, -0.7706826467176344, -0.7820368423861794, -0.7862565900755942, -0.7895018592223275, -0.7969629936858846, -0.8015048175422748, -0.8041022946307534, -0.8141599355896415, -0.8196740541541309, -0.8203220888606724, -0.824866096551645, -0.8339504722092862, -0.8375216998955856, -0.8423863278638118, -0.8517954488195845, -0.8498498888102384, -0.8586078206317393, -0.8605565350688157, -0.8712602695479498, -0.8732082560401653, -0.8783998131411055, -0.8826176196442249, -0.8842411034865958, -0.887809904690026, -0.8936507097389423, -0.8994888456567024, -0.9014363468523442, -0.9033840906962727, -0.9085775889835084, -0.9118184904610768, -0.915064244904384, -0.9215533273081288, -0.9215540552529895, -0.9247971405651405, -0.9332329962196662, -0.9342057762243392, -0.938099322725901, -0.9361540053648417, -0.9416698224673397, -0.949779719582299, -0.9465376048632961, -0.9455653101551968, -0.9549705487383786, -0.9582158178851117, -0.9540004378648617, -0.962760796169232, -0.9660031535365221, -0.9640568655823152, -0.9695736532779607, -0.9718444438820123, -0.9731407559433823, -0.9728167385901115, -0.9737892759464977, -0.9812523515963504, -0.9793060636421433, -0.9812525942446373, -0.9851463833944859, -0.9844985913362313, -0.9835236274969759, -0.9854706433960436, -0.994554291108824, -0.9906646269798531, -0.9926087310994778, -0.9945540484605371, -0.9922859269876416, -0.9974765134954341, -0.9958542428944979, -0.9958523017082025, -0.9987725829085172, -0.9935839375870201, -0.9994208602633456, -0.9948797643518164, -0.999746333506338, -1.0029913600047844, -0.998773310853378, -0.998773068205091, -1.0029903894116368, -1.0042903411973105, -0.9935824816972986, -0.9971512829007287, -0.9981247908502626, -0.9987747667430996, -1.0000725346941912, -0.997150312307581, -0.9971510402524417, -0.9981255187951235, -0.9948814628898248, -0.9948804922966771, -0.9997451202649034, -0.9955309534860879, -0.9929339616941832, -0.9890409004891954, -0.9880664219465138, -0.9893658884356139, -0.9864436660490036, -0.9867686539954222, -0.9844978633913705, -0.9831993674954181, -0.981253564837785, -0.9796310515885619, -0.9760620077368449, -0.977684278337781, -0.9731424544813909, -0.9741135359480554, -0.9737890332982108, -0.9698954867966492, -0.9689236773851237, -0.9601625911358926, -0.9578910725869803, -0.9637311496910359, -0.9552948087399362, -0.9539967981405577, -0.9517272207779408, -0.9494566728221762, -0.9442648730729489, -0.9400485224595512, -0.936152792123407, -0.9374508027227856, -0.9296649229610968, -0.9273941323570453, -0.9257694352732396, -0.9241483779137382, -0.9183085434579694, -0.9166850596155985, -0.9144140263632601, -0.9072766666046866, -0.9024113106915996, -0.8998128630099732, -0.8972185403492247, -0.8881348926364445, -0.8852170379189991, -0.8878096620417391, -0.8816450822878388, -0.879374776980361, -0.8702891880812852, -0.8706144186759907, -0.8615283444803411, -0.8573102953289347, -0.8482271329127282, -0.8469286370167759, -0.8482239784849981, -0.8381673081192578, -0.8313571201416854, -0.8294088910011829, -0.8294064645183136, -0.8148084555927569, -0.8115631864460238, -0.8089681358404144, -0.802477112250374, -0.7963132604413345, -0.7891771139241959, -0.780092252969981, -0.7804145717852432, -0.768734174928845, -0.7700336414179452, -0.762895553714511, -0.7547832301166821, -0.7505644530204151, -0.7434266079652678, -0.730776100235353, -0.7310984190506151, -0.7203920154403247, -0.7184442715963961, -0.7139039036297276, -0.7044935694325202, -0.6976797417306438, -0.6898911928377989, -0.6869745513617881, -0.6827535904309386, -0.6739925041817074, -0.6662071097165925, -0.6593932820147161, -0.6499848890038042, -0.6447938171994378, -0.6360332162467806, -0.6331131776947528, -0.6227320046791678, -0.6162409810891276, -0.6081293854361595, -0.6009917830292992, -0.5919083779648059, -0.5850938223180686, -0.5786049825626107, -0.5691968321999857, -0.5627070218513801, -0.5539449650090013, -0.5461581146541648, -0.5377239575376476, -0.5286393392317195, -0.5198789809273492, -0.513064182632325, -0.5072241055282694, -0.5000857751765483, -0.4893800995111187, -0.4796452626640667, -0.4686155696453664, -0.4647222657920916, -0.4569334742509597, -0.44979465860266477, -0.43973823088521136, -0.4319496819923664, -0.4183234824783351, -0.4108618627182041, -0.40307574030822846, -0.39107181139513336, -0.3868506078159969, -0.3741976736032126, -0.36122096468544446, -0.35765046494400576, -0.3443487680798191, -0.34175177628791437, -0.32617928881967606, -0.31709467051374807, -0.3070372722031469, -0.299898213906565, -0.28951582764954537, -0.2762138881370718, -0.2706958871999915, -0.2645327633358129, -0.2492845358691323, -0.23792742842114412, -0.23338487661989316, -0.22300103447315195, -0.21099759085663075, -0.19802039664228874, -0.18861248892795074, -0.1840682385886912, -0.17044058318493838, -0.16070720222760798, -0.15259609187121384, -0.13896795117088712, -0.1289107955085729, -0.11917887044096412, -0.1113886230101106, -0.100682947344681, -0.08672957604964883, -0.07764665628172931, -0.0685608247343666, -0.053637099917530684, -0.04649925486238348, -0.03319683005333604, -0.026708475594451973, -0.016648408152694565, -0.0030219659903763622, 0.007035917616798642, 0.020661874482542975, 0.02682718218130402, 0.04661796144923553, 0.05213450649659425, 0.06543741660221555, 0.0751720108009806, 0.08166085055643853, 0.09885585127389993, 0.10891543341908347, 0.12319015293623013, 0.1270849126792265, 0.14525487723594338, 0.1559590970116514, 0.16731474856991796, 0.17250897480201446, 0.18808219021511352, 0.19748961263287768, 0.21209198922759911, 0.2231226528394472, 0.23253153114693292, 0.24972556127124662, 0.25913613811674086, 0.2675744202541359, 0.27892958651582866, 0.29612385928842927, 0.3052077496494965, 0.31818761299499476, 0.3288954724950068, 0.3412229334647987, 0.34868649441122523, 0.3613420977551658, 0.3762653372754278, 0.3863227355860289, 0.40578901220411584, 0.4080636851807584, 0.42331045675771733, 0.4408302027733103, 0.4499150637275253, 0.4645162270808121, 0.47554761863752093, 0.4839834742920467, 0.4940420858440825, 0.5086430065490823, 0.5242157366656075, 0.536544896173408, 0.5469267971338537, 0.5586086498799735, 0.5670464467207946, 0.5852139847946423, 0.5988404269569605, 0.6101958358669402, 0.6199314006588529, 0.6342051495828518, 0.6442640037831746, 0.6585404218383298, 0.6702200907498671, 0.682874480852373, 0.6935796712212288, 0.7068852504580063, 0.722132992628113, 0.7253789897197072, 0.7415997545427738, 0.7526328446374912, 0.768530077403861, 0.7750201304007537, 0.790918819056845, 0.8032487065095064, 0.8168724795406683, 0.8340694214444251, 0.8415327397425647, 0.8502938259917959, 0.863920268154114, 0.8830615568257825, 0.8927961510245475, 0.9038287558226911, 0.9190764979927978, 0.934325453404339, 0.9453570876093349, 0.9547664512133947, 0.9703411225162152, 0.982346022022458, 0.9917549003299437, 1.0063555783866567, 1.018684737894457, 1.0342574680109824, 1.044316322211305, 1.0579427643736232, 1.0699486344730138, 1.0809805113262965, 1.097851979987061, 1.1049890970973473, 1.1182937057409772, 1.1312696867138845, 1.1468433874235575, 1.1601467828257528, 1.171503404977167, 1.1818855485858997, 1.1938897201472816, 1.2013523105005603, 1.2191980150557198, 1.2350954904703764, 1.2428823408252128, 1.260077584190961, 1.2730567195915987, 1.2785732646389572, 1.2944702547570404, 1.311990000772633, 1.3214000923215536, 1.326917850610347, 1.3502767031368479, 1.3600093561493174, 1.3710431741888955, 1.380776312497939, 1.394727257310102, 1.409650254182077, 1.4174405016129306, 1.4343109996805472, 1.447289164488037, 1.459616382809542, 1.4664319090494269, 1.4790853285587853, 1.496606045167526, 1.5040666943345093, 1.5121804738220597, 1.5309977451404573, 1.543002159350126, 1.5540320950171136, 1.5670122010108987, 1.5760977899099744, 1.5913465026732287, 1.601080126278846, 1.6143827937361805, 1.6237950691196834, 1.6380690606919692, 1.6513717281493037, 1.6630489705779716, 1.673108795371442, 1.6828426616253465, 1.6961455717309675, 1.7084735179973334, 1.7172358174879991, 1.7334573102559268, 1.7435151938631017, 1.7564943292637394, 1.770445274075902, 1.7798551229765356, 1.7866696786232728, 1.8012689007902642, 1.8142460950046062, 1.8217096559510324, 1.834688548703383, 1.847015524376601, 1.8622647224364295, 1.869404266029585, 1.8810846628859834, 1.8930895623922261, 1.903470250111237, 1.9122318216570422, 1.9222914038022259, 1.9342946047704601, 1.9488952828271728, 1.959602657030611, 1.9716058579988454, 1.983611485449949, 1.9930206064057217, 2.0027544726596256, 2.012812598915088, 2.021896731924442, 2.0381208938235256, 2.044609490930697, 2.0566151183818002, 2.0676452966970746, 2.0815959988609505, 2.086139763903636, 2.100089980770938, 2.110148349674687, 2.1195584412236075, 2.1292932780706595, 2.1422697443401404, 2.149732819989993, 2.161087986251686, 2.1724438804582396, 2.177636408152327, 2.1935329129738363, 2.2022935139264934, 2.2113795881221434, 2.2211124837828997, 2.233442371235561, 2.2425262615966286, 2.2467447960446085, 2.259072742310974, 2.270104619164257, 2.282109033373926, 2.2892495475602295, 2.2973587167303284, 2.312282926843738, 2.3171499812948335, 2.325910339599204, 2.3375929202901844, 2.3466772959478255, 2.357383456909829, 2.36095298605812, 2.3690636111179404, 2.3856091212391384, 2.3895043662787088, 2.4008605031335493, 2.410268653496174, 2.416757978548206, 2.4271391515637912, 2.432656909852584, 2.4443368214124086, 2.454071415611174, 2.4628303180258224, 2.4715906763301927, 2.4803498213931285, 2.4871653476330136, 2.493652488850463, 2.5030623377510963, 2.51344520930469, 2.519933806411861, 2.533235745924335, 2.540050301571072, 2.5494596651751316, 2.551083634314076, 2.561463594088227, 2.570872715043999, 2.5819055624904297, 2.5838533063343583, 2.594558496703214, 2.5984525285013493, 2.608836127999804, 2.6179192904160105, 2.6218150207521544, 2.630248449923811, 2.6373882361652536, 2.6425807638593417, 2.6497176383213406, 2.658475327494555, 2.667236656392073, 2.6717806640830455, 2.679565815899873, 2.681836606503925, 2.6951402445544073, 2.700006813708929, 2.7087674146615863, 2.7126599905700006, 2.72206935417406, 2.7272621245164346, 2.733100988379056, 2.7366702748790597, 2.7447825984768883, 2.750946692934215, 2.7571120006329757, 2.7584083126943457, 2.771386477501836, 2.7733330081043297, 2.7804718237526242, 2.785662652908704, 2.7869618767495172, 2.793773763265098, 2.8064266974778826, 2.80837371337695, 2.8074021466137116, 2.8158380022682374, 2.8275186417729223, 2.827516700586627, 2.826544405878528, 2.841143870693806, 2.8434156318910055, 2.8447153410283925, 2.8518510022489574, 2.8580165525960055, 2.857044015239619, 2.8583415405424235, 2.8651536697062916, 2.873264780062686, 2.8787808398134707, 2.8810518730658092, 2.882349398368614, 2.892084235215666, 2.8972743364268845, 2.8988985482141163, 2.9018178588212833, 2.9050624000231555, 2.90895570387643, 2.9144720062755023, 2.916417808933135, 2.9219328980907724, 2.9222588566303385, 2.926150704593892, 2.93620834555278, 2.9349137320294183, 2.936532605554337, 2.941074429410728, 2.946591702402947, 2.9426991264945332, 2.941400873246868, 2.9482142156521705, 2.9514602127437644, 2.9579483245543616, 2.9582718566110584, 2.9602181445652653, 2.95956962456215, 2.9624911190038996, 2.9699527387640305, 2.9709255187687034, 2.967358173454995, 2.9725482746662135, 2.976766809114194, 2.978062878527277, 2.980983887672452, 2.9796851491282133, 2.9813091182671574, 2.987473455372771, 2.988446235377444, 2.986175930069966, 2.9877986859674768, 2.990069719219815, 2.9903920380350772, 2.993638035126671, 2.989419500678691, 2.9946115430762053, 2.990393736573086, 2.9981803442796355, 2.9949353177811893, 2.992016249822309, 2.9942860698332128, 2.9965568604372645, 2.9949370163191977, 2.9890966965668553, 2.9926647698254243, 2.999476656341005, 2.9949370163191977, 2.9949360457260497, 2.994288496316082, 2.996881605735396, 2.990071417757824, 2.9955845657291653, 2.9949343471880416, 2.9959095536755838, 2.993963265721377, 2.99818155752107, 2.990393008628225, 2.9926645271771375, 2.987473698021058, 2.9855278953634246, 2.986177143311401, 2.984877676822301, 2.9803360956141978, 2.9803363382624846, 2.9832556488696516, 2.9803363382624846, 2.981958123566847, 2.9757947570543815, 2.9751447811615446, 2.9744952905652813, 2.972223772016369, 2.9663841802088875, 2.9641136322531225, 2.9637869457686956, 2.9615178537026527, 2.962815621653744, 2.9569748166048275, 2.950810964795788, 2.956650071306696, 2.9514568156677474, 2.9478897130023256, 2.9485375050605804, 2.9449679759122893, 2.937831829395151, 2.9381575452864297, 2.9332895202421865, 2.9313417763982583, 2.9297202337421826, 2.923555168691709, 2.917392287475817, 2.9177141209945052, 2.9134970424362465, 2.9063601679742472, 2.906037606510698, 2.901817616172996, 2.901817130876422, 2.8992213523259522, 2.8885144634190882, 2.8872164528197097, 2.881702091606933, 2.8768345518592637, 2.874564489200073, 2.8729395494679806, 2.867425430903491, 2.860286129958622, 2.8586648299508335, 2.8560688087520765, 2.8447146130835317, 2.841467888047077, 2.8378990868436467, 2.834005055045511, 2.8249223779258785, 2.8245961767380257, 2.812917721067923, 2.8145382931308505, 2.806103650717759, 2.803184340110592, 2.7983153444732016, 2.7898807020601106, 2.785013404960728, 2.779499529044525, 2.772359985451369, 2.7661956483457564, 2.7632739112557196, 2.7551652273821947, 2.7512702249909116, 2.747377891730785, 2.7415358734404336, 2.733750721623606, 2.7311544577765616, 2.7214201062260837, 2.7116879385101877, 2.709415449368128, 2.7013045816600205, 2.6925434954107894, 2.685406863597077, 2.6850816330023717, 2.6711314161350694, 2.6695081749409857, 2.662369116644404, 2.654259947474305, 2.647444663882707, 2.6429028400263164, 2.6299229766808185, 2.627328896668357, 2.6159732451100903, 2.607862134753696, 2.602021087056493, 2.5916399140409077, 2.5874184678134844, 2.576066213331235, 2.573469706835904, 2.5634115805804423, 2.554002944921243, 2.5410250227620406, 2.5377795109670203, 2.5355087203629685, 2.526749332651746, 2.519934534356722, 2.5089007163171435, 2.5024130898031203, 2.4939779620934552, 2.480350791986276, 2.4738619522308185, 2.4663986339326787, 2.4576390035731692, 2.4517989264691136, 2.4410920375622496, 2.432654968666289, 2.42195002094572, 2.4096213467344936, 2.406700094941031, 2.396965258093979, 2.3898276556871187, 2.3771737508811865, 2.3710094137755737, 2.359652548975872, 2.3508936465612233, 2.342134016201714, 2.3288311060960925, 2.321041343961813, 2.311959394787041, 2.3025500311829816, 2.299628536741232, 2.2892468784290734, 2.2733501309592774, 2.267832615318771, 2.2535576531533374, 2.248040137512831, 2.236685699195999, 2.227600838241784, 2.2159211693302465, 2.201319035383812, 2.193857658271968, 2.187692593221494, 2.177310934909335, 2.1636827942090084, 2.155572169149188, 2.148434081445754, 2.1387009431367106, 2.1263698424426143, 2.1130686308750017, 2.1072278258260853, 2.09003233981205, 2.0851652853609544, 2.074132680562811, 2.0601819783989352, 2.051746608040983, 2.0403914417792905, 2.0303325875789677, 2.017353937474904, 2.0063223032699082, 2.0014547635222386, 1.989127302552447, 1.9764729124499407, 1.9696600553412122, 1.9573313811299857, 1.9443512751362004, 1.9320245421112694, 1.9196934414171734, 1.9086630204536121, 1.8995771889062494, 1.8885460399978276, 1.880109456398441, 1.8642117383354972, 1.855128090622717, 1.8398786499146018, 1.8281984957064905, 1.819435710919251, 1.8093783126086498, 1.7976993716419731, 1.7795301350301171, 1.769795540831352, 1.7616829745852363, 1.7448134471107672, 1.734756291448453, 1.7321585717116874, 1.7110702671409512, 1.7003626502892262, 1.6916018066882819, 1.6776501339312584, 1.6656462050181633, 1.6585098158527378, 1.6413131165972676, 1.6286589691430489, 1.6211937096586138, 1.6078932260358618, 1.5945920144682488, 1.5848564496763362, 1.5718787701654204, 1.5627931812663445, 1.5475449537996642, 1.5381353475473174, 1.520290128288732, 1.5108817352778203, 1.5008238516706454, 1.4891427268693862, 1.4758371476326089, 1.4657799919702945, 1.4544255536534627, 1.4349597623319497, 1.4284687387419093, 1.4158153192325509, 1.4064057129802046, 1.3885617069630538, 1.3765587486431066, 1.3652006706019706, 1.3541702496384094, 1.343137887488553, 1.3243201308735815, 1.3184778699349433, 1.3035568142492637, 1.2896044135473794, 1.2792203287523511, 1.268512711900626, 1.256508782987531, 1.2399620596248981, 1.2308755001326745, 1.2153020420712886, 1.2052441584641136, 1.1916179589500824, 1.1786397941425926, 1.1669579413964728, 1.1533322271790154, 1.141653043564052, 1.125429366961542, 1.1153709980577933, 1.1088809450609007, 1.091687400233161, 1.0770872074730218, 1.0680001626842244, 1.0517793978611576, 1.0436651330770332, 1.0274448535505405, 1.0151147234495923, 1.0021368012903895, 0.9907813923804099, 0.9752086622638846, 0.9648238495239956, 0.9550904685666654, 0.9398410278585501, 0.928160873650439, 0.9103158970401405, 0.9022047866837464, 0.889875141879372, 0.8755987238242167, 0.8632693216681293, 0.8538599580640698, 0.8324488493814974, 0.828877864343485, 0.8133058621718205, 0.8061660759303779, 0.7857250781213224, 0.7792355104210038, 0.764961033552144, 0.7490623448960526, 0.7383547280443276, 0.7286203764938495, 0.7123996116707827, 0.7049365360209301, 0.6935803991660896, 0.678655218459532, 0.6637305230495485, 0.6497803061822464, 0.6397212093336367, 0.631285111030824, 0.6163601729725534, 0.6046797761161552, 0.592026841903371, 0.5803449891572512, 0.5676918122961799, 0.5556861848450764, 0.5459545024257545, 0.5303798311229339, 0.5212949701687188, 0.5105861400755591, 0.49241981524314626, 0.4833342263440705, 0.4677597976895368, 0.4577019140823617, 0.4444004598664621, 0.4314222950589723, 0.422984983514725, 0.408384548106299, 0.3963811044897778, 0.38762074618540754, 0.3697747989819614, 0.36328571657821646, 0.35582215563179, 0.33408727224423396, 0.32954253660840055, 0.3139683506021538, 0.3009899431463771, 0.28898577158499517, 0.2799021238722148, 0.267247248473135, 0.25881090752203545, 0.24615870125411193, 0.2322072711453752, 0.22084870780766547, 0.21079373597993364, 0.19619160203349917, 0.185161181069938, 0.17153255507303738, 0.16471872737116094, 0.15076899580043276, 0.13973736159543695, 0.12967826474682725, 0.11767263729572368, 0.10826545752624647, 0.09885536597732605, 0.08750019971563333, 0.07452106431499586, 0.05408297828538363, 0.053432759744259706, 0.04110165905016375, 0.02844969543052717, 0.019688366533009084, 0.00573790701742012, -0.003996929829631857, -0.014704546681356923, -0.026707747649591173, -0.032548067401933715, -0.04649901221409654, -0.06012618232127555, -0.0688879965153675, -0.07505160567612, -0.089328751676136, -0.09776533527552253, -0.11074252948986454, -0.11982617720264485, -0.13215509406215842, -0.13994412825157726, -0.152922293059067, -0.15908687281296724, -0.17368536703509774, -0.18050065062669576, -0.193803803380604, -0.2077535349513322, -0.2142418894102162, -0.2207324277036827, -0.23241209661522008, -0.24149598697628732, -0.2518793438264547, -0.2573963741703873, -0.2732931216401832, -0.2801067066937727, -0.28919059705483996, -0.3031425124601505, -0.3115795813561109, -0.32066395701375205, -0.3268280514710784, -0.33591242712871955, -0.3472692919284208, -0.3534350849237557, -0.3647904938337354, -0.37192809624059564, -0.3836092210418546, -0.3900968475558778, -0.4011294523540214, -0.40923983476555476, -0.4173526436599575, -0.4280578340288132, -0.43649271909019116, -0.44849907448615556, -0.45725967543881285, -0.4624505045948923, -0.4731583640949043, -0.47867418119740224, -0.4916513754117442, -0.49554467926501894, -0.5078733534762456, -0.5169589423753214, -0.5240982433201902, -0.5250707806765763, -0.5393462281385838, -0.5494045970423327, -0.5545954261984121, -0.56011124330091, -0.5737357442769327, -0.5734148813513921, -0.5902844088258612, -0.5912588873685427, -0.6022893083321039, -0.6061838254268133, -0.6129976531286898, -0.6204619420199771, -0.6292186606000433, -0.6331134203430397, -0.6454411239611186, -0.6519328754960196, -0.6632868285162778, -0.6629637817561548, -0.6775634892197199, -0.6804837704200347, -0.6889188981296996, -0.6960581990745685, -0.6993015270350061, -0.7090366065303451, -0.7106581491864206, -0.7207170033867433, -0.7239625151817634, -0.726883039030365, -0.7398582920584116, -0.7395350026500016, -0.751214671561539, -0.7538123912983046, -0.7632186004746341, -0.7651675575599972, -0.7706819187727737, -0.7817142809226303, -0.7846321356400756, -0.7914483898248214, -0.7943669724871276, -0.8024795387332433, -0.8057228666936811, -0.8096168984918167, -0.8209710941603616, -0.8242175765485296, -0.8290846309996251, -0.8345999628055493, -0.8417365946192618, -0.8417375652124095, -0.8472541102597683, -0.8521194661728553, -0.858608791224887, -0.8602305765292494, -0.8663953989314366, -0.8764527972420377, -0.8745067519361177, -0.8803480422816079, -0.8874863726333291, -0.8887831699912729, -0.8926779297342693, -0.8972185403492247, -0.899167497434588, -0.9050051480557743, -0.9059791413018821, -0.9072786077909821, -0.9196072820022088, -0.9153889902025155, -0.9257687073283788, -0.9247973832134274, -0.9290164029579815, -0.9312884068034677, -0.9361537627165548, -0.9419928692274626, -0.9455628836723274, -0.9475101422196821, -0.946860408975132, -0.951726735481367, -0.9556219805209372, -0.9608115964355819, -0.9575668125854224, -0.9611365843820003, -0.9650291602904144, -0.9617863176265504, -0.9679501694355899, -0.9708699653393307, -0.9731414838882431, -0.9737885480016369, -0.9757375050870003, -0.977034545093231, -0.9757392036250088, -0.9883906819480714, -0.981576854246195, -0.9838476448502466, -0.9844990766328052, -0.9890387166546131, -0.9909864604985416, -0.9948800070001033, -0.9935822390490117, -0.9900139231421554, -0.9952054802430956, -0.9965017923044656, -0.9968267802508841, -0.998773068205091, -0.9955280417066448, -0.9965027628976133, -0.9987735535016649, -1.0007203267524458, -1.0033148920614812, -0.9997480320443466, -0.995203781705087, -0.9994242573393628, -0.9961782602477687, -0.9971522534938764, -1.0049371626624175, -1.002342840001669, -0.9974765134954341, -1.0013690894038483, -0.9965032481941871, -0.9974762708471472, -0.998773068205091, -0.9981255187951235, -0.9961782602477687, -0.9952057228913825, -0.9948785511103817, -0.9945545337571109, -0.9922844710979201, -0.99066171520041, -0.9932567658060193, -0.9903364846057046, -0.9896891778440239, -0.9870919434038321, -0.9841719048518043, -0.9802793289433903, -0.9828746221972866, -0.9793070342352912, -0.9767085865536647, -0.9741132932997685, -0.9770352730380918, -0.9754115465474339, -0.9686003879767138, -0.9685984467904183, -0.9682732161957129, -0.9689219788471153, -0.9604875790823111, -0.9582170311265463, -0.9591885978897848, -0.9514049019626786, -0.9458888422118936, -0.9465354210287136, -0.9458871436738852, -0.942318342470455, -0.9371282412592364, -0.9348557521171762, -0.9329084935698215, -0.9312864656171722, -0.9267439138159214, -0.9209043220084395, -0.9192813234626425, -0.9163612849106147, -0.9118194610542246, -0.906302188062005, -0.9033821495099773, -0.9014363468523442, -0.8965709909392572, -0.8910549311884722, -0.8855376581962526, -0.8819686143445357, -0.8809953490432887, -0.8719100027924997, -0.8722345054423444, -0.8680174268840859, -0.8625013671333011, -0.8592570685797155, -0.8521187382279944, -0.844981621117708, -0.844331887873158, -0.8391410587170787, -0.8329750230734567, -0.829408163056322, -0.8199995273971232, -0.8174025356052185, -0.812211949097426, -0.8102642052534975, -0.7982629454715586, -0.7937179671874384, -0.7898249059824505, -0.783984586230108, -0.7797682356167102, -0.771980414668726, -0.7654908469684072, -0.7609475672222955, -0.7508901689116944, -0.753160716867459, -0.7411575158992247, -0.7317462111088697, -0.7301270949356637, -0.7242862898867473, -0.7187690168945277, -0.7074128800396873, -0.7070876494449818, -0.6963817311312653, -0.6918399072748751, -0.6859988595776718, -0.6785367545209668, -0.6691278762134811, -0.6619876046754647, -0.6590678087717238, -0.650308663708788, -0.6444683439564456, -0.6366819788981829, -0.6350606788903944, -0.6201340422941154, -0.6178622810969161, -0.6071566054314864, -0.599046708316527, -0.5896368594158935, -0.5863930461588819, -0.5756856719554437, -0.5695186657186742, -0.5640030912644631, -0.5529731555974758, -0.5461573867093039, -0.5393438016557144, -0.5292890724762696, -0.52474482213701, -0.5146862105849743, -0.50560207757562, -0.4991125098753013, -0.4913246889273172, -0.4809430306151583, -0.47413017350642966, -0.4653695725537723, -0.45823318338834673, -0.4462277985855301, -0.43714123909330654, -0.4290306140334863, -0.4186494410179013, -0.4082672974091687, -0.40242503647053063, -0.392692626106348, -0.3819869504409184, -0.37582042950072264, -0.36803454973903393, -0.3527846237343449, -0.34791732663496233, -0.3342901565277834, -0.3261783182265284, -0.3167691972707557, -0.3102798722187239, -0.3002229592046966, -0.287894042345183, -0.281728734646422, -0.2693993324903346, -0.2551253409180487, -0.2476617799716222, -0.24084722432488498, -0.2285173368722237, -0.22397599831240744, -0.21456469352205235, -0.20223650460739956, -0.19120559834726455, -0.17563456676874792, -0.17206188319272686, -0.157137915727604, -0.15097309332541684, -0.1350773164487686, -0.13020735021822982, -0.11560812805123852, -0.10879430034936209, -0.09679134202941478, -0.0873800372390597, -0.07732191098359777, -0.06823680738109583, -0.05655738111784542, -0.04228072041440328, -0.03546689271252685, -0.026706777056443434, -0.012108040186026013, -0.00042667273648012136, 0.009956441465400315, 0.024555663632391606, 0.03234227133894113, 0.04239942700125533, 0.05473004239877742, 0.06446463659754247, 0.07646905080721138, 0.08652766235924718, 0.10080286717296771, 0.10631868427546562, 0.1189728317296846, 0.13324827919169208, 0.14492916134466408, 0.15206724904809824, 0.1663434244549665, 0.18094337456681858, 0.1851619090147988, 0.19684157792633614, 0.21241600658086987, 0.2211753942920925, 0.2360998470537892, 0.24940299980769745, 0.2591371087098886, 0.2669234737681512, 0.2792538465173864, 0.29677310723640543, 0.301317114927378, 0.31721361974888695, 0.326625167187529, 0.339925650810281, 0.35258173945079546, 0.3707473363383475, 0.3746428240262047, 0.3882697514850968, 0.4012486442374473, 0.41260550903714854, 0.4285029844518053, 0.43369308566302395, 0.45121283167861687, 0.4577023993789356, 0.47327779862661706, 0.4875532460886245, 0.4998819202998511, 0.50604819859176, 0.5242152513690337, 0.5320038002618785, 0.5485497956796508, 0.5599056898862043, 0.5702890467363716, 0.5822949168357622, 0.5988392137155257, 0.6053297520089923, 0.620903938015239, 0.6280425110152471, 0.6465340664423653, 0.6565912221046796, 0.6685980627972179, 0.6773586637498752, 0.6932578377025405, 0.7026657454168784, 0.715968170225926, 0.7325163494782804, 0.7383573971754838, 0.7529563766941881, 0.7711248853611834, 0.7860503087160278, 0.7954599149683744, 0.7996779641197809, 0.8171989233768084, 0.8298530708310273, 0.8389362332472339, 0.8545111471983414, 0.8668390934647072, 0.8791699515105162, 0.8944191495703445, 0.904152287879388, 0.9226445712513671, 0.932379650746706, 0.9447095381993673, 0.9557392312180677, 0.9687183666187051, 0.9810487393679402, 0.99499992682839, 1.009599634291955, 1.020954557905361, 1.0345831839022617, 1.042370762201959, 1.0572947296670818, 1.0748115639032314, 1.083898366043742, 1.0994747358845711, 1.105314327692053, 1.119914277803905, 1.1374332958746372, 1.1481430965609445, 1.1559289763226333, 1.1715024343840192, 1.1861023844958714, 1.1977837519454173, 1.2075168902544609, 1.2221175683111736, 1.2308767133741092, 1.2448305699657154, 1.2584574974246072, 1.2681894224922161, 1.2847354179099881, 1.2970657906592233, 1.3074501181025384, 1.3145886911025466, 1.3321077091732785, 1.3476809245863777, 1.3587128014396603, 1.3716904809505763, 1.3859666563574444, 1.3937530214157072, 1.4103014433163485, 1.4184125536727428, 1.428146662574934, 1.4424223526852282, 1.4586438454531558, 1.4680534517055024, 1.4787600979640798, 1.4914154586597332, 1.5056913914183148, 1.5131542244198803, 1.5309972598438835, 1.5378125434354812, 1.553060528253875, 1.5637691156987477, 1.5829089484806946, 1.5864806614635678, 1.6030259289364794, 1.6124365057819734, 1.627035000004104, 1.6364480033324675, 1.6510462549063112, 1.6633771129521202, 1.6731073394817204, 1.6903057372751988, 1.6948463478901543, 1.7081492579957758, 1.7227489654593409, 1.7328085476045245, 1.7474077697715156, 1.7574661386752646, 1.7659019943297902, 1.7830984509369734, 1.7941286292522474, 1.8028902007980525, 1.8113246005628567, 1.824304463908355, 1.8317672969099208, 1.844096941714295, 1.862266420974438, 1.8713488554457836, 1.879462634933334, 1.8927643317975207, 1.906067727199716, 1.9122303657673207, 1.9242376917564328, 1.938836913923424, 1.9437022698365112, 1.9589514678963396, 1.9683630153349814, 1.9810174054374874, 1.9894508346091437, 2.0050250206153906, 2.0183291439624464, 2.025466989017594, 2.033576886132553, 2.0410399617824058, 2.059209198394262, 2.065700221984302, 2.0786759603089227, 2.0874353480201453, 2.09749638605505, 2.1094995870232847, 2.1182606732725158, 2.1289648930482237, 2.1429202055295513, 2.147137769384384, 2.16400753950714, 2.1717941472136895, 2.1815297120056023, 2.1922368435607535, 2.1971019568255534, 2.215269980195975, 2.2272756076470785, 2.2331168979925686, 2.2418772562969393, 2.2503131119514648, 2.2577754596564565, 2.2701075309437004, 2.279512769526882, 2.2889228610758026, 2.2999540099842246, 2.307418056227225, 2.315528681287045, 2.326883847548738, 2.334994715256845, 2.3447290668073233, 2.3512193624525026, 2.3677658431668487, 2.3719829217251074, 2.3846377971241868, 2.3885318289223227, 2.4018325551933617, 2.4109174161475764, 2.418381462390577, 2.428438860701178, 2.436873260465982, 2.4472573452610105, 2.4550427397261254, 2.460885485961337, 2.4686718510195997, 2.4819730625872123, 2.490735604726165, 2.5011158071486026, 2.5050091110018773, 2.5121479266501723, 2.521556804957658, 2.53226466445767, 2.5368057603691994, 2.5475128919243506, 2.5585435555361986, 2.56276281792904, 2.568928368276088, 2.5793088133468114, 2.5832038157380954, 2.590990908741219, 2.597154760550258, 2.610131469468026, 2.611755195958684, 2.6224613569206876, 2.6270036660736515, 2.633819434961824, 2.6445260812204006, 2.6513401515705644, 2.658478239273998, 2.668209193748459, 2.6727529587911447, 2.6798900759014312, 2.6805402944425554, 2.6925439807073634, 2.7006548484154704, 2.704548880213606, 2.7133099664628375, 2.7185007956189167, 2.725313652727645, 2.730830197775004, 2.7379673148852905, 2.746727430541374, 2.748349943790597, 2.7525696914800117, 2.761975900656341, 2.76814217894825, 2.7733327654560425, 2.7791738131532457, 2.7853376649622854, 2.7866364035065248, 2.798316072418062, 2.7999393136121458, 2.8031836121657316, 2.8158365463785158, 2.818109035520576, 2.819408502009676, 2.826544405878528, 2.835628053591308, 2.841468615991938, 2.8421193198296355, 2.8486076742885196, 2.8508774942994233, 2.8628823938056662, 2.8589910311386872, 2.8612618217427386, 2.8696967068041164, 2.87910340127702, 2.8810523583623833, 2.8807297968988337, 2.8878659434159726, 2.8911095140246976, 2.8969512896667613, 2.898249542914427, 2.904087921480474, 2.914468609199485, 2.9089561891730042, 2.9118776836147537, 2.9147977221667816, 2.922904222205724, 2.9235554113399953, 2.925179623127227, 2.931993208180817, 2.9368571082041823, 2.939778117349358, 2.9381573026381433, 2.9452944197484294, 2.943997379742199, 2.947888257112604, 2.9514606980403384, 2.954703055407628, 2.9582720992593456, 2.9582716139627716, 2.9576247924976644, 2.9670327002120027, 2.965734932260911, 2.968978745517923, 2.974819307918552, 2.9706029573051547, 2.9738460426173052, 2.974819550566839, 2.982931146219807, 2.9800101370746312, 2.983255891517939, 2.9855261968254165, 2.9868234794799338, 2.981308390322297, 2.985527167418564, 2.9884467206740184, 2.985526439473703, 2.9877977153743287, 2.991690291282743, 2.9877977153743287, 2.993638035126671, 2.9923412377687275, 2.991692475117325, 2.994934589836328, 3.0001256616406944, 2.9942872830746476, 2.993638035126671, 2.9955835951360177, 2.9942860698332128, 2.9981803442796355, 2.9968813630871094, 3.0001261469372684, 2.996234056325428, 2.995910038972158, 2.9968835469216915, 2.9981801016313483, 2.9939615671833684, 2.992989029826982, 2.990393008628225, 2.9965575883821254, 2.9907182392229306, 2.991043227169349, 2.9926647698254243, 2.995586264267174, 2.98649970477495, 2.9910405580381925, 2.9861749594768185, 2.9864989768300894, 2.9816324076755674, 2.984877434174014, 2.9816333782687154, 2.9803363382624846, 2.974819550566839, 2.979361131774942, 2.969953952005465, 2.970278212007023, 2.968005480216676, 2.9686556987577997, 2.9624911190038996, 2.9602186298618394, 2.9566491007135483, 2.9585980577989113, 2.9527562821568476, 2.9514592421506167, 2.9504830650699265, 2.9495112556584013, 2.945943425048119, 2.9423721973618195, 2.9439944679627557, 2.9388041241032496, 2.9332892775938997, 2.9313420190465447, 2.926151189890466, 2.9216088807375016, 2.9248531792910875, 2.9186876289440393, 2.9125230491901384, 2.908306698576741, 2.904089862666769, 2.900194374978912, 2.901168610873307, 2.8963005858290636, 2.8911112125627056, 2.8875426540075626, 2.8852708928103636, 2.875860801261443, 2.8745632759586384, 2.868725140040878, 2.8615848685028613, 2.8580163099477183, 2.8570437725913322, 2.8505537195944397, 2.8463351851464593, 2.842116893346766, 2.839847073335862, 2.8301129644336713, 2.8271921979367827, 2.8278404752916106, 2.8174600302208868, 2.812916750474775, 2.809997439867608, 2.8031819136277227, 2.797342321820241, 2.7924757526657196, 2.783392347601226, 2.7820923958155523, 2.7749569772432743, 2.7671691562952905, 2.767816705705258, 2.7590556194560265, 2.755488759438892, 2.744456397289035, 2.740887110789031, 2.733100017785908, 2.7292059859877726, 2.719149315622032, 2.708119379955045, 2.7045479096204583, 2.699033548407682, 2.6951395166095464, 2.6811895423905314, 2.6805385959045465, 2.6743730455574988, 2.668859897586157, 2.6584770260325636, 2.650363731841587, 2.6484164732942324, 2.6377112829253764, 2.630898668464935, 2.626032584606987, 2.6208381157266034, 2.6088351574066566, 2.60461710825525, 2.5961800393592895, 2.58839343165274, 2.586446173105385, 2.5715224482885493, 2.562762575280753, 2.557569804938378, 2.5484861572255975, 2.5439440907209208, 2.5332372018140563, 2.5235028502635783, 2.516365733153292, 2.507928178960758, 2.4972222606470407, 2.493005424737069, 2.4826218252386147, 2.477105522839543, 2.4686701524815913, 2.460882331533607, 2.4479058652641257, 2.436550699002433, 2.4323326498510265, 2.4203262944550623, 2.4161104291382385, 2.4063751069946124, 2.3989134872344815, 2.3852868024238765, 2.386258369187115, 2.3706866096637373, 2.365492626079928, 2.3450547826986026, 2.3427808376668207, 2.3265583743057454, 2.3223420236923475, 2.3119574536007454, 2.306118347089838, 2.290221356971755, 2.287623637234989, 2.2710766712240695, 2.266535332664253, 2.2561531890555204, 2.2473916175097153, 2.235712676543039, 2.226303070290692, 2.2162454293318046, 2.2110512030997076, 2.1925603756174503, 2.1825032199551364, 2.1743901684124465, 2.1669287913006023, 2.1571939544535503, 2.1464860949535383, 2.133834373982189, 2.12539876097595, 2.118907009441049, 2.103982071382778, 2.0890617436419596, 2.080947964154409, 2.0725111379067354, 2.057262182495194, 2.0481790200789876, 2.0403907138344297, 2.0264397690222666, 2.018650734832848, 2.0047036723932763, 1.994318859653387, 1.984584508102909, 1.9729045965430845, 1.9651177461882483, 1.9501932934265513, 1.9450012510290373, 1.9326711209280893, 1.9222880067262087, 1.9093122684015884, 1.9002252236127908, 1.886921585562309, 1.8784871857975047, 1.8645369689302027, 1.8548028600280115, 1.839227703428617, 1.8291707904145897, 1.8184641441560123, 1.8084060179005506, 1.7957501719083229, 1.783422953586818, 1.774014075279332, 1.763306458427607, 1.7522750668708984, 1.7392952035254, 1.7266437252023374, 1.7143150509911105, 1.7055532367970188, 1.6919255813932659, 1.684140429576438, 1.6695390235748642, 1.654939316111299, 1.6432572207168923, 1.634823791545236, 1.6160053069854037, 1.605622678080097, 1.5975086559442597, 1.5799910937632493, 1.5689587316133924, 1.5631193824541976, 1.5498150164588549, 1.5374880407856366, 1.5293749892429471, 1.512178532635764, 1.50049862107594, 1.4904407374687647, 1.4729195355634503, 1.4622136172497338, 1.4531273004057972, 1.435607797038491, 1.4232788801789775, 1.4128977071633926, 1.40218911971852, 1.3901837349157031, 1.3733127515515124, 1.366174906496365, 1.3531964990405887, 1.3437868927882421, 1.3291864573798162, 1.3171818005218605, 1.3071231889698245, 1.2921987362081278, 1.2775987860962756, 1.2646206212887858, 1.2542367791420448, 1.2422326075806627, 1.2354173239890647, 1.2188713285712927, 1.2026503210999389, 1.1912915151139423, 1.1825316421061458, 1.1692306731868198, 1.151710441874653, 1.1439226209266689, 1.1241320843070244, 1.1169922980655818, 1.1072608582945467, 1.0903884190406345, 1.0809805113262965, 1.065081822670205, 1.052104385807576, 1.0426921104240734, 1.0287414082601973, 1.0193327726009986, 1.0008409745255935, 0.9881860991265136, 0.9800737755286848, 0.9622292842149602, 0.9521704300146374, 0.9430855690604225, 0.9265395736426505, 0.9164812047389015, 0.8979886787186354, 0.8885781018731412, 0.8778712129662769, 0.8639195402092533, 0.8545096913086199, 0.8441268197550263, 0.8243370110802426, 0.8110341009746213, 0.7980556935188445, 0.7918903858200835, 0.7763161998138368, 0.7646360456057255, 0.752630175506335, 0.7415987839496261, 0.7253780191265594, 0.7169404649340251, 0.6984491521551938, 0.6887128594184202, 0.6802767611156075, 0.6673000521978394, 0.6549699220968911, 0.6449120384897161, 0.6316091283840948, 0.620253962122402, 0.6004624549096097, 0.5904050565990085, 0.579049405040742, 0.56931456819369, 0.5543891448388456, 0.5443317465282445, 0.532325633780567, 0.5174036075017396, 0.5079935159528192, 0.49371685524937703, 0.4849562542967198, 0.4690607200683585, 0.4541328702306447, 0.446346990468956, 0.4317448565225215, 0.42460822470880893, 0.4080627145876107, 0.39832836303713254, 0.3830784370324435, 0.3733443281302523, 0.36166417392214106, 0.3470647091068628, 0.33733011490809783, 0.3288937739569982, 0.3139700491401623, 0.30358669228999496, 0.28898577158499517, 0.2789276453295332, 0.26951949496690825, 0.2614076566656533, 0.2458341986042673, 0.23220605790394055, 0.22020164369427164, 0.213388543937256, 0.20073391118646317, 0.17867331190762778, 0.17607510687428835, 0.1653691885605718, 0.15141630256211347, 0.14395298426397393, 0.1313012632926243, 0.11800102231815925, 0.10664245898044945, 0.09398928211937821, 0.08782445971719104, 0.07582077345238292, 0.060246344797849204, 0.04726648145235092, 0.04694173615421936, 0.026503650124607123, 0.018715586528335992, 0.009629027036112476, -0.00431973394146795, -0.01373031078696223, -0.024437199693826496, -0.03936165245552321, -0.04844651340973819, -0.05720759965896935, -0.06791351797268587, -0.07862137747269787, -0.08705747577551054, -0.0971158446792594, -0.11171482419796376, -0.11950167455280022, -0.12988454610639372, -0.1370236044029756, -0.15097406391856455, -0.16427915785876823, -0.17141481907933304, -0.18666474508402214, -0.19055804893729691, -0.20288696579681043, -0.21521539735975015, -0.22267895830617662, -0.23338487661989316, -0.23890117901896496, -0.25252713588470926, -0.26031617007412816, -0.26972529102990084, -0.2801079199352074, -0.29211184884830244, -0.29697817535453724, -0.3099558548654531, -0.31612237580564884, -0.3258550288181184, -0.33493964712404645, -0.3475942798748393, -0.35473091168855186, -0.36414245912719384, -0.3741993721412211, -0.38393420898827313, -0.38782727019326096, -0.40275099501009687, -0.41280887861727183, -0.42091926102880517, -0.4290325552197818, -0.4371431802796021, -0.44687631858864546, -0.4572582195490913, -0.4673168311011271, -0.4747801493992666, -0.4783487079544098, -0.4929479301214011, -0.5004119763644015, -0.5065763134700147, -0.5111181373264049, -0.5224747594778193, -0.5351284216354644, -0.5383734481339106, -0.548429875851364, -0.5526491382442051, -0.5649787830485794, -0.5685487974934442, -0.5795775199189969, -0.589311871469475, -0.5974232244741561, -0.6006684936208893, -0.6084538880860041, -0.615592946382586, -0.6240271034991032, -0.6311661617956851, -0.6370074521411753, -0.6438193386567562, -0.6509583969533381, -0.6574484499502308, -0.6665328256078717, -0.6717224415225166, -0.6814563077764207, -0.6863243328206642, -0.6905423819720704, -0.7057898814938902, -0.7070893479829904, -0.7129284544938983, -0.7200677554387671, -0.7236346154559017, -0.7336949255459461, -0.7398580494101247, -0.7440773118029658, -0.7512137009683912, -0.7590010366198017, -0.7580282566151285, -0.7716546987774467, -0.7716568826120291, -0.777496231771224, -0.7869051100787097, -0.791122916581829, -0.7950174336765385, -0.8021533375453902, -0.8086431478939959, -0.8144844382394861, -0.8199990421005494, -0.8271359165625489, -0.826812141857565, -0.8329779348529001, -0.841735624026114, -0.8427110731619434, -0.8495229596775244, -0.8524459100089954, -0.8612048124236442, -0.8589340218195926, -0.8680166989392251, -0.8741812786931253, -0.8787231025495155, -0.8793752622769349, -0.8894316899943884, -0.8926762311962607, -0.8942999576869185, -0.8946242176884762, -0.9024096121535912, -0.9046818586473643, -0.9144159675495555, -0.912467738409053, -0.9218773446613995, -0.9212280967134233, -0.9228513379075074, -0.9286914150115629, -0.9325832629751161, -0.9332339668128139, -0.937776033317491, -0.9413455624657819, -0.9419928692274626, -0.9439403704231043, -0.9520524513726463, -0.9523754981327692, -0.9582158178851117, -0.9556222231692241, -0.9585412911281042, -0.9604858805443026, -0.9640566229340282, -0.9653551188299806, -0.9679501694355899, -0.9708699653393307, -0.971519213287307, -0.9744390091910478, -0.9760620077368449, -0.9815756410047604, -0.9776845209860681, -0.9828763207352951, -0.9838493433882551, -0.9848206675032066, -0.9880649660567921, -0.9867705951817176, -0.9942314869969878, -0.9887173684324985, -0.9945552617019717, -0.9939057711057085, -0.9935824816972986, -0.9958523017082025, -0.9961780175994818, -0.9974748149574256, -0.9987745240948127, -0.995204024353374, -0.9990978135032226, -0.9987725829085172, -0.9987742814465258, -1.0003958241026012, -0.9997477893960597, -0.9987735535016649, -0.9971520108455895, -1.0007208120490196, -1.0000705935078957, -1.0016923788122583, -1.0013715158867176, -0.9958549708393587, -0.9984483229069595, -0.9968265376025971, -0.9990982987997965, -0.9958542428944979, -0.996500336414744, -0.9935827243455855, -0.9926097016926255, -0.9968267802508841, -0.9935822390490117, -0.9948785511103817, -0.987742404593243, -0.9916354657982308, -0.9867686539954222, -0.9870912154589713, -0.9883892260583498, -0.9828768060318689, -0.9806031036483742, -0.9799545836452588, -0.9815758836530473, -0.9770374568726742, -0.9786560877493065, -0.9695729253330999, -0.9695731679813868, -0.9673001935427529, -0.9627590976312236, -0.9630843282259289, -0.9591898111312195, -0.9582170311265463, -0.9543229993284108, -0.9491311995791837, -0.954646046088534, -0.9462131022134513, -0.9458859304324505, -0.9445888904262196, -0.9358282894735623, -0.933233724164527, -0.933883700057364, -0.9329082509215346, -0.9264206244075114, -0.9222025752561049, -0.9189575487576587, -0.9140907369548501, -0.9085744345557782, -0.9114956863492407, -0.9020860800968942, -0.9050051480557743, -0.8988403256535871, -0.8985184921348988, -0.8881341646915837, -0.8871608993903367, -0.8771027731348747, -0.8784010263825401, -0.8706136907311298, -0.8641236377342373, -0.8628273256728674, -0.8550395047248831, -0.8488754102675568, -0.8479014170214489, -0.8388175266603817, -0.8404385840198833, -0.8388153428257994, -0.829731452464732, -0.8232440685989957, -0.8170773050105131, -0.8144824970531908, -0.807992686704585, -0.8015048175422748, -0.7920971524762237, -0.7901489233357213, -0.7852838100709212, -0.7791175317790124, -0.7723044320219968, -0.7654898763752596, -0.7583515460235384, -0.7560809980677737, -0.7508901689116944, -0.740833741194241, -0.7362885202618338, -0.7356385443689968, -0.7236360713456234, -0.7106593624278552, -0.711955917137512, -0.7057915800318988, -0.6980042443804885, -0.6924893978711383, -0.6840528142717518, -0.6778870212764168, -0.673020937418469, -0.6632875564611386, -0.6616652858602023, -0.6486868784044257, -0.6464151172072263, -0.6370072094928884, -0.6272731005906972, -0.620135740832124, -0.6152674731395937, -0.6091041066271281, -0.5961256991713514, -0.5935304059174552, -0.5841207996651087, -0.5756849440105829, -0.5649778124554317, -0.5617318153638376, -0.5510251691052603, -0.5464835878971571, -0.537399212239516, -0.5309091592426234, -0.5250690821385677, -0.5140389038232935, -0.5046290549226601, -0.49489615926190356, -0.48840513567186317, -0.4783489506026967, -0.4734804402618795, -0.45855768603819136, -0.454662926295195, -0.44525332004284845, -0.43973798823692445, -0.42513731018021156, -0.42091877573223135, -0.4131326533222557, -0.39983119910635595, -0.390746338152141, -0.387500341060547, -0.37582042950072264, -0.3634927258826438, -0.3537576463873049, -0.34207724953090674, -0.3359126697770065, -0.3265047620626685, -0.3170956411068958, -0.3080090816146722, -0.29924920860687576, -0.29081383824892393, -0.2755658534305303, -0.26939908984204763, -0.2590162182884541, -0.25058181852365, -0.24409273611990515, -0.2320866233722277, -0.22462330507408812, -0.21002602409339233, -0.1983444139955595, -0.19023281834259148, -0.18341777739928036, -0.17465911763291853, -0.16330322342636502, -0.14578250681762434, -0.13831797527805012, -0.12761302755748133, -0.11593335864594395, -0.10976732300232211, -0.09581637819015928, -0.08770526783376513, -0.07310556037019995, -0.06791376062097282, -0.05526058375990156, -0.0445529669081765, -0.034820556543993866, -0.024759275860801788, -0.015351853443037647, 0.0002216046183483372, 0.010604961468515708, 0.022935091569463925, 0.035910829894084326, 0.04531995084985701, 0.053107529149554265, 0.06446463659754247, 0.07679403875362989, 0.0917177635704658, 0.09918083922031842, 0.10923920812406729, 0.11994512643778384, 0.1283821953337442, 0.13941334424216617, 0.15563653554810222, 0.1692634630069943, 0.17996913867242392, 0.1890556981646474, 0.1971670511693285, 0.21176651598460672, 0.22214938753820024, 0.23447927499086152, 0.24486069065473343, 0.25621682750957386, 0.2675739349575621, 0.278928373274394, 0.29579959928687155, 0.3055337081890627, 0.31786335299343704, 0.3337603431115199, 0.34187315200592266, 0.35225602355951613, 0.36555844836856355, 0.37886087317761097, 0.3872962435355628, 0.4025449562988173, 0.41292976903870626, 0.42460773941223506, 0.43888464276396416, 0.4479702316630399, 0.4609476685256689, 0.47425033598300326, 0.48885004344656835, 0.4963136043929949, 0.5099402892036, 0.5196736701609304, 0.5345983655709141, 0.5423861865188983, 0.5589321819366704, 0.5693162667316986, 0.5858598356666014, 0.5955968563482357, 0.607277010556347, 0.6196066553607213, 0.6332306710401702, 0.6462112623305294, 0.6543223726869234, 0.6624351815813262, 0.6780069411047036, 0.6955293562514528, 0.7059119851567593, 0.7195372140776429, 0.7286213470869971, 0.7435479836832762, 0.7558781137842244, 0.7682060600505902, 0.7831292995708523, 0.7889705899163426, 0.8045459891640241, 0.8159028539637253, 0.831473885542242, 0.8415315265011301, 0.8571069257488115, 0.8678135720073888, 0.8794929982706393, 0.8911738804236113, 0.9064238064283003, 0.9161584006270654, 0.9281623295401605, 0.944707111716498, 0.9528204059074745, 0.9667735345542198, 0.9816984726124903, 1.0014863401009786, 1.0089499010474052, 1.0177131711312186, 1.0329609133013253, 1.0443160795630182, 1.0572944870187948, 1.0705978824209899, 1.0813042860312803, 1.0955804614381486, 1.1049893397456343, 1.1205637684001681, 1.1309461546571877, 1.1474921500749597, 1.1582000095749718, 1.16890738377841, 1.1792890420905688, 1.1964854986977518, 1.2065443528980746, 1.2182237791613248, 1.235420478416795, 1.2461268820270854, 1.2555367309277186, 1.2717596795853678, 1.2844118858532911, 1.2973907786056418, 1.3064766101530045, 1.3155614711072197, 1.3285396359147092, 1.348329929886067, 1.3577392934901265, 1.3716909662471501, 1.384668160461492, 1.395700037314775, 1.407380191522886, 1.4171143004250772, 1.4343097864391126, 1.4424218673886544, 1.4547517548413158, 1.470001438197718, 1.4794108018017775, 1.492712983962538, 1.5034189022762545, 1.518020550926115, 1.5264551933392063, 1.5381377740301867, 1.5556560641560582, 1.5624713477476562, 1.5777190899177629, 1.592644998569181, 1.5991338383246392, 1.6104894898829056, 1.6263874505941365, 1.6390415980483553, 1.649423984305375, 1.6607798785119285, 1.6763538218698883, 1.6838161695748801, 1.6948470758350151, 1.715936350998899, 1.716263037483326, 1.7318360102481383, 1.7493562415603052, 1.752925528060309, 1.7691467781799497, 1.7798551229765356, 1.7918588092413437, 1.796403059580603, 1.8122990791055384, 1.8217094133027456, 1.8366326528230077, 1.845719940260092, 1.8625911662725696, 1.8632413848136935, 1.8771916016809955, 1.8960076597579585, 1.902498440699712, 1.9132053296065763, 1.925209986464532, 1.9394854339265395, 1.9501940213714122, 1.9579791731882403, 1.9703085753443275, 1.9852327854577374, 1.9917247796409254, 2.0017816926549528, 2.0124866403755215, 2.025142001071175, 2.0355260858662034, 2.04266320297649, 2.055639669245971, 2.0728353979082934, 2.0832187547584606, 2.0893833345123607, 2.09781967546346, 2.114040682934814, 2.1182618865139506, 2.130913850133587, 2.1425942469899852, 2.1552462106096217, 2.159141698297479, 2.1704973498557454, 2.1799062281632313, 2.1935333982704104, 2.2039167551205776, 2.20975707487292, 2.223383759683525, 2.232144117987896, 2.239607436286035, 2.251935867848975, 2.25907468349727, 2.2726999124181533, 2.281138679852122, 2.2934663834702014, 2.30352159794622, 2.3083901082870373, 2.318448719839073, 2.3265595875471803, 2.3398632255976626, 2.3470005853562355, 2.3570579836668366, 2.3654945672662233, 2.3742556535154544, 2.3817167879790118, 2.3875571077313538, 2.403454825794298, 2.4118909240971105, 2.4203262944550623, 2.4320066913114604, 2.4417415281585124, 2.4459595773099188, 2.4556919876741015, 2.465102321871309, 2.4715911616267667, 2.4813235719909494, 2.488786890289089, 2.500790819202184, 2.5059835895445595, 2.5140944572526664, 2.521233272900961, 2.530642151208447, 2.5403745615726296, 2.5426472933629767, 2.549137831656443, 2.559518276727167, 2.569251172387924, 2.5763897453879316, 2.585475091638721, 2.59034263138639, 2.60267179089419, 2.611104734769273, 2.6140259865627353, 2.6224615995689744, 2.6266803766652416, 2.633493961718831, 2.6493926503749226, 2.6545837221792885, 2.656205507483651, 2.6639933284316353, 2.6714551908400535, 2.679565815899873, 2.6847585862422485, 2.6948167124977105, 2.700980079010176, 2.709092159959718, 2.718176050320785, 2.7162309756080125, 2.724017825962849, 2.7347213177936966, 2.738615592240119, 2.741862074628287, 2.751919472938888, 2.7548397541392027, 2.7655464003977803, 2.765222868341083, 2.771712193393115, 2.776903507845768, 2.782418839651692, 2.788909135296872, 2.796693073872265, 2.8009103950788106, 2.8057791480679146, 2.8164853090299182, 2.8142157316673013, 2.8203800687729146, 2.8268689085283727, 2.8291409123738585, 2.8388725947931808, 2.8421188345330615, 2.8502280037031604, 2.849905442239611, 2.8525029193280895, 2.8596395511418025, 2.868722228261435, 2.865479628245858, 2.8771592971573954, 2.8794308157063075, 2.8849459048639448, 2.8846226154555348, 2.889488214016909, 2.8937069911131763, 2.8969505617219005, 2.901167154983585, 2.90928141976771, 2.911875742428458, 2.9134967997879597, 2.9216088807375016, 2.9222588566303385, 2.9248541498842346, 2.928746240496075, 2.9355600681979515, 2.931667977586111, 2.9342630281917206, 2.9413991747088595, 2.946591702402947, 2.9443218823920434, 2.954054050107939, 2.948539203598589, 2.9491867530085565, 2.9608676351615286, 2.957623821904517, 2.9602181445652653, 2.9618421137042104, 2.9709255187687034, 2.9670331855085768, 2.9670327002120027, 2.9689794734627837, 2.973196309372755, 2.9706019867120066, 2.9770910691157515, 2.979684663831639, 2.976441821167775, 2.98033512502105, 2.983580879464357, 2.984227700929464, 2.9832551635730775, 2.9868234794799338, 2.985526439473703, 2.9939615671833684, 2.9933135324768267, 2.9939615671833684, 2.9933137751251135, 2.9946100871864836, 2.995908097785862, 2.9952605483758945, 2.9903944645179465, 2.9949360457260497, 2.9959095536755838, 2.99850484692948, 2.9994790828238744, 3.0030461854892962, 2.993314503069975, 2.997531096331659, 2.997854143091782, 2.9946108151313444, 2.9936373071818108, 2.995585293674026, 2.9959097963238706, 2.9929900004201295, 2.9916917471724647, 2.9936387630715324, 2.9926645271771375, 2.9946115430762053, 2.989744245976823, 2.987149195371213, 2.987149195371213, 2.9852016941755717, 2.986500918016385, 2.9835796662229224, 2.98358063681607, 2.9813069344325753, 2.9806596276708945, 2.9783888370668428, 2.9764420638160622, 2.9757920879232254, 2.971900967904533, 2.9751442958649705, 2.970276998765588, 2.969627508169325, 2.966385393450322, 2.9611931084045207, 2.95795002309237, 2.954703055407628, 2.9576221233665083, 2.9563260539534255, 2.9508102368509275, 2.9508090236094926, 2.9488607944689904, 2.9426991264945332, 2.9358857840892307, 2.940102134702628, 2.932315041699505, 2.9274516269727133, 2.9264752072437363, 2.9242044166396846, 2.9206339168982463, 2.917391559530956, 2.9125232918384256, 2.9050619147265815, 2.907333433275494, 2.900844350871749, 2.895653764363957, 2.895005244360841, 2.888838723420646, 2.8875419260627018, 2.8868926781147257, 2.8771592971573954, 2.8745618200689167, 2.8683977256115902, 2.8589910311386872, 2.858017523189153, 2.8550950581542556, 2.855421259342109, 2.8466609010377386, 2.844064637190695, 2.83660253213399, 2.834005055045511, 2.828165948534603, 2.824598117924321, 2.8174573610897307, 2.8093464933816232, 2.80837371337695, 2.7973432924133887, 2.7986415456610545, 2.796693559168839, 2.7830663890616596, 2.7775515425523096, 2.772685458694362, 2.771708796317098, 2.75938182064388, 2.754840482084063, 2.7460798811314064, 2.748023985251031, 2.7447811425871667, 2.73245246837594, 2.7269359233285813, 2.723365908883717, 2.716876826479972, 2.706820398762518, 2.698385756349427, 2.695464989852539, 2.6886509195023756, 2.678918023841619, 2.675023749395196, 2.6691824590497064, 2.6600992966334998, 2.65295926774377, 2.641282510611676, 2.6432271000278744, 2.6338191923135366, 2.625705655474273, 2.6185699942537077, 2.6140250159695877, 2.601696827054935, 2.597154760550258, 2.5893664543057, 2.5809293854097395, 2.5734684935944694, 2.5666563644306013, 2.5582195381829282, 2.550757190477936, 2.540049573626211, 2.5342097391704423, 2.5189615117037616, 2.5160397746137253, 2.505333856300009, 2.5017650550965786, 2.488786890289089, 2.485218331733946, 2.4745114428270814, 2.4660760724691295, 2.4615335206678783, 2.446932114666305, 2.4407675349124047, 2.4316838871996245, 2.4258421115575604, 2.4138384252927523, 2.406050846993055, 2.396641968685569, 2.3882051424378954, 2.3826902959285454, 2.3661443005107734, 2.3570584689634106, 2.3528416330534387, 2.3411578391210237, 2.3301274181574625, 2.3255851090044986, 2.311637075971779, 2.3015767658817348, 2.292816407577364, 2.2882731278312525, 2.2717273750617673, 2.2671845806122293, 2.2580980211200057, 2.2460962760414933, 2.2337666312371187, 2.2279250982433414, 2.2155954534389672, 2.2117021495856926, 2.1954808994660517, 2.18542277321059, 2.177957756374442, 2.1662790580560523, 2.152653343838595, 2.147137041439523, 2.1335072022011876, 2.126045097144483, 2.1133931335248466, 2.1033340366762365, 2.0890588318625163, 2.081919773565934, 2.068619775239756, 2.0643990569571935, 2.045258253582099, 2.043308083255301, 2.0313063381767886, 2.0196254560238165, 2.0095666018234937, 1.9946419064135101, 1.989127302552447, 1.9738776191960445, 1.9667392888443236, 1.9592757278978972, 1.9375386606757588, 1.9323480741679662, 1.9226129946726271, 1.9106073672215238, 1.8960098435925408, 1.8856260014457997, 1.8771889325498392, 1.8616157171367402, 1.8541536120800355, 1.8418254231653826, 1.8330638516195776, 1.8197606988656694, 1.809054295255379, 1.7989966542964908, 1.7860180041924272, 1.7707690487808858, 1.7610346972304078, 1.7506540095113967, 1.7392976300082692, 1.7276165052070105, 1.7152878309957837, 1.7065269873948394, 1.686735480182047, 1.684786523096684, 1.6688902609234617, 1.6578595973116137, 1.6490980257658086, 1.6328748344598727, 1.619249362890702, 1.6088662486888219, 1.597834857132113, 1.5858297149775833, 1.5725265622236748, 1.5618199159650976, 1.550464507055118, 1.533591097208058, 1.5274279733438794, 1.511855243227354, 1.4962798439796727, 1.4904407374687647, 1.4781113353126774, 1.4641594199073669, 1.458966892213279, 1.4414478741425467, 1.4271709707908178, 1.4145202204126157, 1.403160929130045, 1.3914824734599422, 1.3788275980608626, 1.3681219223954333, 1.3518987310894972, 1.343137887488553, 1.329836433272653, 1.3142622472664063, 1.2986880612601597, 1.2915504588532993, 1.2743547301909772, 1.265593158645172, 1.252616449727404, 1.2422323649323759, 1.2295782174781569, 1.2169260112102334, 1.2003805010890352, 1.1942132522039786, 1.1854519233064607, 1.166311119931366, 1.15625250837933, 1.1439233488715297, 1.1306189828761868, 1.115048436594244, 1.1027175785484349, 1.0916857016951522, 1.0783810930515223, 1.0650798814839095, 1.053401668462094, 1.0413957983627034, 1.0287409229636235, 1.018358294058317, 1.004408319839302, 0.9833185593788442, 0.9794233143392739, 0.965472369527111, 0.9521709153112113, 0.9401662584532555, 0.9281599030572911, 0.9177770315036977, 0.9028552478731572, 0.8879295818700258, 0.8762494276619146, 0.8635938243179739, 0.8519134274615758, 0.8421812597456801, 0.8259580684397441, 0.8162234742409791, 0.8035705400281947, 0.785726776659331, 0.7727486118518413, 0.7665816056150717, 0.7516593366879574, 0.7419242571926185, 0.7260270244262487, 0.7156419690380728, 0.7013677348174999, 0.6916343538601696, 0.6770331905068828, 0.6650280483523531, 0.6520501261931503, 0.6403697293367521, 0.6290140777784855, 0.6140903529616495, 0.603707724056343, 0.5946223778055542, 0.5796974397472836, 0.5670430496447776, 0.558283419285268, 0.5517938515849493, 0.5323268470220016, 0.5183746889684042, 0.5066933215188583, 0.49371758319423786, 0.47944092249079573, 0.4671120056312822, 0.4599724620381264, 0.4489408278331306, 0.4336911444767284, 0.422334764973601, 0.408384548106299, 0.39508212329725156, 0.3902138556047213, 0.37431710813492536, 0.3593926553732287, 0.34998329176916904, 0.3415496199492257, 0.3269472433545043, 0.31137305734825754, 0.30261172845073947, 0.29223104073172834, 0.2756850453139562, 0.2708155643799913, 0.25913589546845395, 0.24583250006625879, 0.23123449114070213, 0.22441896490081717, 0.21079373597993364, 0.19619232997835995, 0.1867834516708742, 0.174130032161516, 0.16828898446431267, 0.1520662784549505, 0.1397385748368716, 0.13000301004495884, 0.12351319969635316, 0.10437142572811091, 0.09528656477389592, 0.08652596382123864, 0.07062897370315577, 0.06186885804707236, 0.054080066505940425, 0.04110165905016375, 0.029422960731774125, 0.016443825331136648, 0.004115393768196968, -0.00042837127448865867, -0.01373031078696223, -0.027032978244296603, -0.03319755799819685, -0.04649949751067041, -0.057856362310371674, -0.06402191265741965, -0.07407906831973385, -0.08997678638267755, -0.10068270469639407, -0.11139129214126688, -0.11787940395186401, -0.1311827993540592, -0.13961962560173263, -0.15064980391700686, -0.1613566928238711, -0.1733623202749747, -0.18082636651797507, -0.19380113424944773, -0.19899463253668342, -0.21521636795289786, -0.22332772095757897, -0.23241209661522008, -0.24214474962768964, -0.25155556912147087, -0.26226294332490896, -0.27167109368753395, -0.28237846789097204, -0.29113858354705546, -0.2992509071448843, -0.3067115563118676, -0.31904217170938975, -0.3268278088227915, -0.33915939481346136, -0.3482425572296678, -0.35635463817920965, -0.36641155119323693, -0.3716057774253334, -0.3858785557561846, -0.3939899087608657, -0.4024257644153914, -0.41248364802256643, -0.4209204742702398, -0.42805734873223933, -0.4335736511313111, -0.4491471091926971, -0.45433769570048954, -0.4634232845995654, -0.4721836429039357, -0.48224346769740617, -0.48905681010270874, -0.49976151517499057, -0.5104693746750026, -0.511768113219242, -0.5205287141718992, -0.530910372484058, -0.5403190081432568, -0.5474583090881256, -0.5529733982457627, -0.5643285645074555, -0.5734139107582443, -0.579903963755137, -0.5834722796619932, -0.590934870015272, -0.6006675230277415, -0.610077614576662, -0.6194877061255823, -0.6227320046791678, -0.6285703832452149, -0.6389530121505215, -0.6451180772009957, -0.6512838701963304, -0.6597170567196999, -0.6655581044169032, -0.6694538347530474, -0.6782122518711222, -0.6863250607655249, -0.688271348719732, -0.7005995376343847, -0.7074104535568179, -0.7103343744814367, -0.7213630969069893, -0.7242862898867473, -0.7304491711026389, -0.7421300532556109, -0.7460235997571727, -0.7512151568581129, -0.7560822113092085, -0.7615968151702717, -0.7667886149194988, -0.7732784252681045, -0.7758739611702877, -0.7839853141749689, -0.7888518833294905, -0.79663849103604, -0.8047476602061387, -0.8092936090834068, -0.810915879684343, -0.8183777420927609, -0.8222715312426097, -0.8294074351114613, -0.8333004963164491, -0.8410878319678594, -0.8459551290672419, -0.8491994276208275, -0.854066482071923, -0.8534191753102423, -0.8628263550797196, -0.8657466362800343, -0.8706144186759907, -0.8761297504819148, -0.8787257716806718, -0.8826188328856596, -0.8878106326348867, -0.8930012191426793, -0.8975430429990693, -0.9011113589059256, -0.9063029160068659, -0.9111706984028223, -0.9111714263476831, -0.9196058261124871, -0.9218773446613995, -0.9257713764595352, -0.9247968979168536, -0.9309614776707538, -0.9351807400635948, -0.935829745363284, -0.9390754998065911, -0.9449131504277773, -0.9462118889720167, -0.9481584195745105, -0.9507551687181285, -0.9523774393190647, -0.9585400778866695, -0.959514799077638, -0.9656788935349644, -0.963730179097888, -0.9660016976468006, -0.971195438582323, -0.9686008732732876, -0.9708699653393307, -0.9721672479938485, -0.9783320703960356, -0.9750914115667542, -0.9789818036405857, -0.9825506048440158, -0.991958269910067, -0.9828755927904342, -0.9890409004891954, -0.9890394445994738, -0.9880671498913746, -0.991961424337797, -0.9900141657904423, -0.997473601715991, -0.9935822390490117, -0.9955294975963663, -0.9971522534938764, -0.998123577608828, -0.9971500696592941, -0.9984488082035333, -0.9948829187795465, -0.9974748149574256, -0.998773310853378, -1.0029903894116368, -1.0007208120490196, -1.002666129410079, -1.0013686041072742, -0.9984490508518202, -1.0026687985412353, -0.9974753002539994, -0.998123577608828, -0.9968277508440317, -0.9994225588013542, -0.9932572511025932, -0.9932582216957409, -0.9984480802586726, -0.9971517681973026, -0.9942300311072663, -0.9948804922966771, -0.9971510402524417, -0.9909874310916893, -0.9890396872477607, -0.9883918951895061, -0.9909857325536808, -0.9906612299038362, -0.983199852791992, -0.9877416766483822, -0.9887134860599075, -0.9819020848409004, -0.9793067915870042, -0.9757375050870003, -0.9757362918455655, -0.9731417265365301, -0.9737904891879323, -0.9724915079954062, -0.9650308588284229, -0.9647058708820044, -0.9647061135302913, -0.9640561376374543, -0.9608118390838687, -0.9552974778710925, -0.9530257166738931, -0.9504292101785623, -0.94751111281283, -0.9436151398283988, -0.9403718118679611, -0.9410205745193634, -0.9390738012685826, -0.9345302788741838, -0.9277179070620291, -0.9260949085162321, -0.9244726379152959, -0.9157130075557862, -0.9127934543003323, -0.9134412463585869, -0.9040313974579535, -0.9027348427482965, -0.9027336295068619, -0.8981913203538978, -0.8936492538492207, -0.8861869061442289, -0.8855388714376875, -0.8806718169865918, -0.8767782704850301, -0.8715874413289506, -0.8654216483336158, -0.8654214056853289, -0.8556875394314246, -0.8537412514772176, -0.8459560996603898, -0.8410873466712856, -0.8397903066650548, -0.8303809430609952, -0.8238940444918328, -0.8229185953560034, -0.8174027782535054, -0.8151310170563061, -0.803454017275925, -0.8034520760896295, -0.7937182098357253, -0.7937182098357253, -0.782688274168738, -0.7823606170911632, -0.7723029761322753, -0.767761394924172, -0.7596507698643516, -0.754460668653133, -0.7508891983185466, -0.7456981265141802, -0.7375862882129254, -0.7343441734939222, -0.7236351007524756, -0.7152009436359583, -0.7113056985963881, -0.7057910947353249, -0.6993015270350061, -0.6915139487353089, -0.6879453901801658, -0.6775639745162938, -0.6717217135776559, -0.666855387071421, -0.6587450046598877, -0.6506331663586327, -0.6402524786396215, -0.6363567483034775, -0.6327877044517605, -0.6233790687925617, -0.6123491331255744, -0.6048860574757218, -0.596773491229606, -0.593854180622439, -0.5821745117109016, -0.5760089613638537, -0.5688699030672718, -0.5630315245012247, -0.5581627715121206, -0.5471328358451333, -0.5403180375501091, -0.5286383686385718, -0.5221495288831138, -0.5104701026198634, -0.5046290549226601, -0.4968414766229628, -0.4877575862618956, -0.4776994600064336, -0.4725086308503542, -0.4673153752114054, -0.4536911168836697, -0.4455775800444062, -0.4381157176359882, -0.42676103667086934, -0.41929747572444287, -0.4082660841677339, -0.40372304706990914, -0.39009539166615625, -0.38198622249605757, -0.36933280298669935, -0.36024818468077136, -0.3576499796474319, -0.3446739986745246, -0.3339671097676603, -0.32780155942061234, -0.3157961746177957, -0.30963232280875624, -0.299898456554852, -0.28400122378848214, -0.27945697344922266, -0.2677780324825461, -0.2586917156386095, -0.24960709733268147, -0.24441505493516738, -0.22949060217347067, -0.21943126267657403, -0.21099928939463924, -0.19866891664540412, -0.1928285968930616, -0.17984994678899796, -0.1723878417322931, -0.16038318487433723, -0.15129759597526146, -0.14059046442011025, -0.12663951960794742, -0.12144771985872027, -0.11236237360793142, -0.09646319965526613, -0.0873807651839205, -0.07407955361630773, -0.06758950061941511, -0.054935353165196134, -0.044227251016897194, -0.03514457389726462, -0.024760974398810323, -0.010485041640228994, -0.00010314067978322693, 0.014173762671945839, 0.01839084123020443, 0.030396953977881884, 0.04207662288941924, 0.051162454436781954, 0.06089486480096459, 0.07484726550284904, 0.08847297972030643, 0.09593726861159371, 0.10858947487951724, 0.12091863438731772, 0.13649257774527757, 0.14200888014434934, 0.15109325580199046, 0.16731450592163105, 0.17769883336494613, 0.18710892491386658, 0.1994368711802324, 0.21111702538834362, 0.22312362343259493, 0.23545205499553462, 0.24615845860582503, 0.2578388554622232, 0.27211430292423067, 0.2821736424211272, 0.29255505808499915, 0.3022886816906164, 0.3198103688925048, 0.3269494271890867, 0.3412229334647987, 0.35063253971714525, 0.36945150957355144, 0.37269726401685854, 0.3885949820798022, 0.4025454415953912, 0.41325281579882933, 0.42363641529728363, 0.43531632685710786, 0.4460220025225375, 0.45932442733158496, 0.4745748386328479, 0.48300972369422585, 0.4982591644023411, 0.5066945347602929, 0.5219461593029906, 0.5313543096656155, 0.5453050118294914, 0.5628252431416583, 0.5680177708357462, 0.5842404768451084, 0.5949456672139641, 0.6095468305672509, 0.6183084021130558, 0.6303123310261509, 0.6429659931837961, 0.6549711353383257, 0.6669757921962817, 0.6835234861520624, 0.6948791377103289, 0.7081818051676633, 0.7188891793711014, 0.7289473056265634, 0.74322202514371, 0.7549026646483952, 0.7695016441670994, 0.7828064954590161, 0.7892955778627612, 0.810708142435055, 0.8155773807207329, 0.8292040655313381, 0.8412104209273025, 0.8587277404600261, 0.8668398214095681, 0.8804679621098948, 0.8944189069220576, 0.9044770331775196, 0.9174556832815831, 0.9317308880953037, 0.9434115275999888, 0.9550909538632393, 0.9680698466155897, 0.9826700393757287, 0.9911046817888197, 1.0083018663408636, 1.018684737894457, 1.03231239329821, 1.0417212716056958, 1.0566454817191056, 1.06865183711507, 1.0858456245910966, 1.0939579481889254, 1.1075843903512437, 1.1231578484126297, 1.1348389732138886, 1.1445735674126536, 1.1598222801759082, 1.1718271796821509, 1.1818848206410388, 1.195511262803357, 1.2071916596597552, 1.2256849136248822, 1.2347714731171058, 1.2428833114183606, 1.2607263468423633, 1.2704606983928417, 1.2824670537888059, 1.2944719532950488, 1.3064766101530045, 1.320752300263299, 1.3389208089302942, 1.347033132528123, 1.358064281436545, 1.370068452997927, 1.3846698589995006, 1.3969985332107273, 1.4077056647658786, 1.419384848380842, 1.430742683773691, 1.4417740753304, 1.4583195854515982, 1.472270530263761, 1.4758417579500605, 1.4953080345681475, 1.5037431622778124, 1.5176960482762705, 1.531321519845441, 1.5394357846295652, 1.5517632455993573, 1.5683087557205555, 1.5760977899099744, 1.586156886758584, 1.6023764383402161, 1.6130850257850888, 1.6289837144411803, 1.6351495074365152, 1.6484495057626933, 1.659805399969247, 1.6737578006711313, 1.687708988131581, 1.6984156343901584, 1.7104190780066797, 1.7217764281029546, 1.735079338208576, 1.7428664312116995, 1.7516270321643568, 1.7688203343438096, 1.7788833135650102, 1.7905617692351128, 1.8012676875488292, 1.815542407065976, 1.8236576424432482, 1.8369588540108608, 1.850584810876605, 1.8593449265326887, 1.8697292539760038, 1.8801121255295974, 1.896332890352664, 1.9047699592486245, 1.916448900215301, 1.93072580356703, 1.9385133818667273, 1.948245549582623, 1.9592783970290535, 1.9719315738901246, 1.9816649548474552, 1.994965681118494, 2.0040519979624305, 2.0128133268599484, 2.0267645143203983, 2.0390924605867644, 2.045259224175247, 2.0559644145441025, 2.0702408325992576, 2.0777029376559626, 2.0851681971403977, 2.100413755475922, 2.1104726096762447, 2.115990610613325, 2.131888328676269, 2.140972219037336, 2.1526540717834557, 2.1594664435956106, 2.1685517898463993, 2.180555718759494, 2.1925603756174503, 2.2022935139264934, 2.2100798789847564, 2.221761974379163, 2.2276027794280795, 2.2389572177449115, 2.252259157257385, 2.260047220853656, 2.2658880259025724, 2.282431837485762, 2.291518639626273, 2.2993050046845354, 2.310336881537818, 2.3194219851403197, 2.3226670116387664, 2.3392130070565385, 2.341809998848443, 2.3544629330612272, 2.3622505113609247, 2.3745787002755776, 2.3833393012282347, 2.392423919534163, 2.4028065484394694, 2.410269624089322, 2.4216252756475884, 2.4290859248145718, 2.4401175590195674, 2.4407689908021264, 2.4569897556251927, 2.4644528312750453, 2.4683466204248945, 2.4780816999202333, 2.4871648623364395, 2.4955992621012437, 2.5050086257053037, 2.514417989309363, 2.5183149328869416, 2.5283706326595343, 2.5381020724305694, 2.546214638676685, 2.551083876962363, 2.5627635458739007, 2.571845495048672, 2.578985038641828, 2.5864478716433936, 2.5909901807963576, 2.6036414164711337, 2.6111066759555683, 2.614351217157441, 2.6237608234097873, 2.628951895214154, 2.6341424817219465, 2.6442027918119906, 2.6565307380783567, 2.6542584915845833, 2.6698307364045344, 2.671781149379619, 2.6759982279378782, 2.6824860971001883, 2.690597692753156, 2.696114723097089, 2.7084429120117415, 2.7090902187734223, 2.7185003103223426, 2.7272621245164346, 2.733100017785908, 2.737969256071586, 2.746402442594955, 2.752893223536709, 2.7541912341360875, 2.762301616547621, 2.765547370990928, 2.772034997504951, 2.7788500384482617, 2.785339120852007, 2.791501274123038, 2.796370027112142, 2.803508114815576, 2.8035100560018713, 2.811943485173528, 2.8158365463785158, 2.8236243673265, 2.82459738997946, 2.8343295576953556, 2.8359547400757354, 2.837899814788508, 2.847633195745838, 2.849578755755184, 2.8544477513925752, 2.8570437725913322, 2.862233631154264, 2.867099472363925, 2.8732657506558335, 2.881701848958646, 2.880079821005997, 2.889164196663638, 2.8872174234128574, 2.8943547831714307, 2.8985740455642715, 2.9001936470340515, 2.9063601679742472, 2.911552453020048, 2.9147940824424774, 2.9216081527926407, 2.9183643395356293, 2.9219336260356332, 2.923880399286414, 2.9274501710829917, 2.9352365361412542, 2.9401031052957762, 2.938481562639701, 2.937184279985183, 2.9436716638509193, 2.9462686556428244, 2.9498357583082457, 2.9566517698447043, 2.9576221233665083, 2.9566510418998435, 2.9598943698602813, 2.964110963121966, 2.967680977566831, 2.968005480216676, 2.969627993465899, 2.9744950479169945, 2.968331438756242, 2.9764408505746274, 2.976442791760923, 2.975468555866528, 2.9738479838036005, 2.979687818259369, 2.9790375997182457, 2.9868234794799338, 2.9890949980288464, 2.989095968621994, 2.987473940669345, 2.986177143311401, 2.991366273929472, 2.9926645271771375, 2.9923400245272926, 2.993962780424803, 2.9933137751251135, 2.994936288374337, 2.997207806923249, 2.998181800169357, 2.997531096331659, 2.9949370163191977, 2.9952605483758945, 2.9972070789783887, 2.999478112230727, 2.9972070789783887, 2.995910766917018, 2.9955845657291653, 2.995259577782747, 2.994285584536639, 2.9936382777749584, 2.9942870404263604, 2.9962330857322805, 2.9946105724830576, 2.990069961868102, 2.993638035126671, 2.9900685059783805, 2.9858523980132694, 2.990393736573086, 2.985527167418564, 2.986823964776508, 2.986173988883671, 2.9868259059628035, 2.980983887672452, 2.9806591423743205, 2.9761165905730698, 2.971899997311385, 2.974496018510142, 2.974496018510142, 2.9757911173300777, 2.9699527387640305, 2.965085684312935, 2.961192623107947, 2.965084956368074, 2.965734689612624, 2.9550294992437687, 2.9579480819060744, 2.9537283342166596, 2.955351332762457, 2.9469176609425136, 2.9456181944534134, 2.944968946505437, 2.9384805920465533, 2.9362090734976407, 2.933938768190163, 2.9349098496568273, 2.9306951975814384, 2.923554198098561, 2.919337604836876, 2.9154435730387407, 2.914470307737494, 2.9105765185876447, 2.9027918520673905, 2.9024661361761117, 2.8995465829206575, 2.8953278058243908, 2.8904622072630164, 2.8842956863228206, 2.8813763757156536, 2.8748894771464917, 2.873264780062686, 2.8683969976667294, 2.8667769109003753, 2.8563954952365034, 2.858015096706284, 2.8563933114019213, 2.8456854519019092, 2.8434156318910055, 2.842441395996611, 2.8323839976860095, 2.826220388525257, 2.825570169984133, 2.8181070943342807, 2.817784290222445, 2.8086972454336467, 2.801562312157943, 2.7947460579731973, 2.7915034579576203, 2.7856636235018515, 2.7759299998962343, 2.775604526653242, 2.770412969552302, 2.765220927154788, 2.7541912341360875, 2.751594970289043, 2.7454296625902823, 2.740561880194326, 2.734400212219869, 2.726937136570016, 2.718823357082466, 2.7162283064768564, 2.7103901705590965, 2.6987097737026984, 2.6922189927609446, 2.6880019142026863, 2.6808635838509653, 2.6746999746902125, 2.667885904340049, 2.6591238474976704, 2.6562062354285123, 2.6484188997771017, 2.641928604131922, 2.630897697871787, 2.6244069169300337, 2.6195420463135206, 2.6078618921054093, 2.60137159646023, 2.596829772603839, 2.5864469010502464, 2.581256071894167, 2.57346922153933, 2.5686009538467998, 2.5578962487745183, 2.54881163046859, 2.537781209505029, 2.533884023279163, 2.5199355049498697, 2.5166892652099886, 2.5059826189514114, 2.501764327151718, 2.4949507420981285, 2.4878121690981203, 2.474835945476926, 2.471590191033619, 2.4582887368177193, 2.4482303679139705, 2.441416297563807, 2.4329799566127073, 2.4209748144581775, 2.4151359505955567, 2.408969914951935, 2.3972904886886846, 2.3869078597833777, 2.379121494725115, 2.3635494925534513, 2.3616002928198006, 2.3534886971668327, 2.344080546804208, 2.3327234393562195, 2.3200705051434354, 2.316824993348415, 2.3054695844384354, 2.2973587167303284, 2.2863265972287583, 2.274971188318779, 2.2639414953000787, 2.2568026796517833, 2.2409042336439793, 2.235387445948333, 2.2237072917402223, 2.2142984134327364, 2.208458093680394, 2.193208410323992, 2.1886670717641756, 2.1782846855071556, 2.1649810474566737, 2.152002154704323, 2.148432382907745, 2.135457372527986, 2.1228017691840453, 2.116636704133571, 2.1049572778703207, 2.0923038583609626, 2.0832180268136, 2.071213369955644, 2.058886151634139, 2.0514218627428518, 2.0364978952777286, 2.0280620396232028, 2.019949716025374, 2.0095673297683545, 1.9985352102667848, 1.9852335134025982, 1.9784206562938693, 1.9657662661913635, 1.9537628225748425, 1.9459737883854236, 1.937214400674201, 1.9190439508209103, 1.909309599270432, 1.8969831088937879, 1.8878975199947121, 1.8765416257881584, 1.8629146983292664, 1.8573966973921863, 1.8376061607725416, 1.8301440557158368, 1.8213827268183187, 1.8132708885170636, 1.7964020889874552, 1.7876400321450765, 1.7730395967366506, 1.7633071863724679, 1.7509770562715197, 1.7399456647148108, 1.7276155346138626, 1.7178816683599583, 1.7029577008948356, 1.6899805066804934, 1.677651104524406, 1.6669430023761072, 1.6539641096237567, 1.6435836645530324, 1.631254262396945, 1.6195731375956859, 1.6114610566461443, 1.5968623197757268, 1.5812888617143408, 1.5744735781227428, 1.5614956559635398, 1.5488429643990427, 1.5371632954875052, 1.5290497586482417, 1.5150976005946442, 1.5008233663740715, 1.488170917457861, 1.472920748804885, 1.4638344319609482, 1.4553990616029966, 1.4372320088257227, 1.4265224507877023, 1.4145175512814594, 1.4077042088761569, 1.3892102269661692, 1.3759082874536956, 1.3668231838511937, 1.3551432722913694, 1.3421658354287407, 1.3272396841290353, 1.3171805872804256, 1.2993375518564227, 1.2892794256009608, 1.2769497807965864, 1.265269869236762, 1.2561842803376864, 1.236393015773181, 1.2273074268741053, 1.2182237791613248, 1.2029728825634882, 1.1883748736379316, 1.1789638114958634, 1.1653371266852581, 1.1552782724849355, 1.1423020488637412, 1.130944941415753, 1.1169930260104424, 1.1049883691524867, 1.0881188416780176, 1.0757884689287824, 1.0670268973829773, 1.0543727499287585, 1.0400980304116116, 1.0290673667997636, 1.0203060379022455, 1.0021363159938157, 0.9901328723772945, 0.9797507287685617, 0.9670951254246212, 0.9505481594137013, 0.9424372917055941, 0.9297843574928097, 0.9155081820859415, 0.903502554634838, 0.8892273498211174, 0.8794922703257785, 0.8622977549048909, 0.8509404048086158, 0.840558746496457, 0.8292028522899034, 0.8146036301229121, 0.8048687932758601, 0.7857275046041918, 0.778260789230035, 0.7639875256026101, 0.7510081475536857, 0.7435470130901285, 0.7269995617826348, 0.7153203781676714, 0.7013684627623608, 0.6887145579564287, 0.6783304731614005, 0.6640545404028192, 0.6526991314928395, 0.6445885064330192, 0.6325828789819157, 0.6179829288700636, 0.6056525561208284, 0.5968936537061795, 0.5803462023986858, 0.5660705122883914, 0.5556869127899372, 0.5440074865266867, 0.5274610058123408, 0.5219434901718343, 0.5079910894699499, 0.49501486584875554, 0.4817121983914212, 0.4765194280490463, 0.4602976926328319, 0.44407547192004354, 0.4346651377228362, 0.4210399088019527, 0.40773627075147056, 0.3954078391885309, 0.3876205035371205, 0.3726945948857022, 0.36231390716669115, 0.35225408237322064, 0.3392771308071656, 0.32856975660372745, 0.31429358119685924, 0.30391022434669185, 0.28963526218125824, 0.27990236652050177, 0.2646519552192388, 0.2558908689700076, 0.24323890535037107, 0.23739737235659386, 0.22085186223539557, 0.20689824829207648, 0.1974910685225993, 0.18548568371978263, 0.17640155071042843, 0.1666655006219418, 0.15206749169638514, 0.14071159748983164, 0.13227452859387126, 0.11994391319634914, 0.1050221295658087, 0.09690907802311907, 0.08522868116672092, 0.07289879371405965, 0.06186764480563768, 0.05310728650126734, 0.04077739904860605, 0.026177934233327822, 0.02195964243363456, 0.008333928216177164, -0.003345983343647125, -0.013406778730265335, -0.02443817028697423, -0.037089405961750005, -0.05039231606737131, -0.0555850864097462, -0.0692108006272036, -0.07569964038266153, -0.09062530638579294, -0.09906213263346639, -0.1123650427390877, -0.12112418780202337, -0.12988551669954146, -0.14253772296746497, -0.15032384537744062, -0.1626537328301019, -0.17628066028899397, -0.17952714267716188, -0.19315309954290621, -0.2083998711198652, -0.2142418894102162, -0.2217042371152081, -0.231439316610547, -0.24344276022706818, -0.2531766264809724, -0.2658300459903306, -0.27296910428691246, -0.2784873478722797, -0.29081383824892393, -0.30152072715578815, -0.3076879760408447, -0.3206627437723174, -0.3268282941193654, -0.33948122833214966, -0.34370049072499065, -0.354407136983568, -0.3670603138446393, -0.37776623215835575, -0.38101344249138447, -0.39463867141226805, -0.3995071817530852, -0.4098873841755224, -0.42319029428114374, -0.42546278342320387, -0.43584686821823204, -0.4497956291958125, -0.45953046604286446, -0.4692643322967687, -0.4702388108394503, -0.4780237200079913, -0.4887320648045772, -0.4994384684148676, -0.506575585525154, -0.514687423826409, -0.5247457927301579, -0.5302618524809427, -0.5399930496036907, -0.5481056158498063, -0.5545934850121166, -0.560761219193747, -0.5727639348654073, -0.580227253163547, -0.5834717943654194, -0.5925571406162082, -0.6013174989205785, -0.6107261345797773, -0.6165657263872591, -0.6233805246822832, -0.635058980352386, -0.6353849388919521, -0.6473908089913426, -0.655824238162999, -0.6564742140558361, -0.6658826070667478, -0.6730231212530513, -0.6772406851078838, -0.6834033236754886, -0.6963817311312653, -0.7009245255808032, -0.7057920653284727, -0.7135762465521529, -0.7200665421973325, -0.7268818257889303, -0.7320724122967229, -0.7392095294070092, -0.7473213677082643, -0.7505639677238413, -0.7544596980599853, -0.7606235498690248, -0.7674371349226142, -0.7729531946733992, -0.7852830821260603]
mosfet currents
[0.00011423558139223323, 0.00011379051864499718, 0.00011398125982238406, 0.00011398125982238406, 0.00011423558139223323, 0.00011328187550529882, 0.00011328187550529882, 0.00011379051864499718, 0.00011277323236560049, 0.00011302755393544966, 0.00011270965197313819, 0.00011270965197313819, 0.00011283681275806278, 0.00011213742844097755, 0.00011207384804851525, 0.00011213742844097755, 0.00011226458922590214, 0.00011150162451635462, 0.00011169236569374151, 0.00011143804412389232, 0.00011169236569374151, 0.0001107386598068071, 0.00011054791862942021, 0.00011086582059173168, 0.0001106750794143448, 0.00011042075784449564, 0.0001097213735274104, 0.000109848534312335, 0.00011010285588218417, 0.00010953063235002353, 0.00010914914999524976, 0.00010927631078017434, 0.0001088948284254006, 0.00010902198921032517, 0.00010800470293092848, 0.00010800470293092848, 0.0001077503813610793, 0.00010749605979123013, 0.00010717815782891867, 0.00010724173822138097, 0.00010724173822138097, 0.0001069874166515318, 0.00010635161272690886, 0.00010654235390429573, 0.00010577938919474823, 0.00010571580880228593, 0.0001060337107645974, 0.00010514358527012528, 0.00010450778134550236, 0.00010482568330781381, 0.00010463494213042692, 0.00010418987938319089, 0.00010368123624349253, 0.00010393555781334169, 0.00010323617349625648, 0.00010279111074902041, 0.00010272753035655812, 0.00010298185192640732, 0.00010240962839424666, 0.00010164666368469914, 0.00010190098525454831, 0.00010158308329223684, 0.00010132876172238768, 0.00010107444015253851, 0.00010031147544299098, 9.99935734806795e-05, 9.961209112590574e-05, 9.961209112590574e-05, 9.903986759374511e-05, 9.91034479862074e-05, 9.884912641635823e-05, 9.80861617068107e-05, 9.814974209927301e-05, 9.82769028841976e-05, 9.751393817465007e-05, 9.694171464248942e-05, 9.649665189525337e-05, 9.63059107178665e-05, 9.598800875555503e-05, 9.535220483093209e-05, 9.554294600831898e-05, 9.477998129877146e-05, 9.446207933645999e-05, 9.395343619676164e-05, 9.414417737414852e-05, 9.388985580429934e-05, 9.319047148721412e-05, 9.280898913244035e-05, 9.223676560027971e-05, 9.249108717012888e-05, 9.204602442289283e-05, 9.141022049826989e-05, 9.141022049826989e-05, 9.064725578872237e-05, 9.083799696610926e-05, 8.988429107917486e-05, 8.975713029425027e-05, 8.924848715455192e-05, 8.899416558470275e-05, 8.835836166007982e-05, 8.823120087515523e-05, 8.804045969776835e-05, 8.702317341837166e-05, 8.721391459575854e-05, 8.651453027867331e-05, 8.594230674651267e-05, 8.56879851766635e-05, 8.530650282188974e-05, 8.537008321435203e-05, 8.479785968219138e-05, 8.422563615003075e-05, 8.346267144048322e-05, 8.301760869324717e-05, 8.352625183294551e-05, 8.2763287123398e-05, 8.250896555354883e-05, 8.200032241385047e-05, 8.200032241385047e-05, 8.142809888168984e-05, 8.07922949570669e-05, 8.002933024751937e-05, 7.971142828520791e-05, 7.939352632289646e-05, 7.913920475304727e-05, 7.79311772962637e-05, 7.850340082842434e-05, 7.824907925857517e-05, 7.723179297917846e-05, 7.665956944701783e-05, 7.634166748470636e-05, 7.627808709224408e-05, 7.551512238269654e-05, 7.513364002792279e-05, 7.468857728068674e-05, 7.437067531837527e-05, 7.411635374852608e-05, 7.303548707666711e-05, 7.31626478615917e-05, 7.233610275958188e-05, 7.252684393696876e-05, 7.131881648018518e-05, 7.144597726510977e-05, 7.081017334048684e-05, 7.081017334048684e-05, 6.985646745355243e-05, 6.941140470631638e-05, 6.902992235154262e-05, 6.883918117415574e-05, 6.775831450229675e-05, 6.718609097013612e-05, 6.724967136259841e-05, 6.674102822290005e-05, 6.667744783043776e-05, 6.572374194350336e-05, 6.527867919626731e-05, 6.496077723395584e-05, 6.489719684149356e-05, 6.387991056209685e-05, 6.324410663747392e-05, 6.356200859978538e-05, 6.292620467516245e-05, 6.203607918069035e-05, 6.159101643345429e-05, 6.101879290129366e-05, 6.101879290129366e-05, 6.000150662189696e-05, 5.9492863482198604e-05, 5.9365702697274024e-05, 5.8729898772651084e-05, 5.879347916511339e-05, 5.7839773278178984e-05, 5.720396935355605e-05, 5.688606739124458e-05, 5.6949647783706877e-05, 5.586878111184789e-05, 5.523297718722495e-05, 5.510581640230036e-05, 5.453359287013972e-05, 5.3516306590743035e-05, 5.345272619828073e-05, 5.338914580581845e-05, 5.199037717164798e-05, 5.2117537956572574e-05, 5.154531442441193e-05, 5.1418153639487344e-05, 5.059160853747753e-05, 4.9828643827930007e-05, 4.963790265054314e-05, 4.944716147315625e-05, 4.811197323144809e-05, 4.8239134016372676e-05, 4.7476169306825156e-05, 4.7094686952051395e-05, 4.6649624204815345e-05, 4.6395302634966165e-05, 4.5950239887730115e-05, 4.525085557064489e-05, 4.455147125355966e-05, 4.391566732893673e-05, 4.423356929124819e-05, 4.3343443796776084e-05, 4.2898381049540034e-05, 4.2898381049540034e-05, 4.21989967324548e-05, 4.1372451630444986e-05, 4.0990969275671226e-05, 4.073664770582206e-05, 4.0291584958585996e-05, 3.93378790716516e-05, 3.895639671687784e-05, 3.844775357717949e-05, 3.800269082994344e-05, 3.762120847516968e-05, 3.6858243765622154e-05, 3.596811827115005e-05, 3.584095748622546e-05, 3.558663591637629e-05, 3.501441238421564e-05, 3.476009081436647e-05, 3.4060706497281246e-05, 3.361564375004519e-05, 3.3424902572658306e-05, 3.2598357470648496e-05, 3.202613393848785e-05, 3.1771812368638685e-05, 3.119958883647804e-05, 3.100884765909116e-05, 3.0245882949543638e-05, 2.986440059476988e-05, 2.986440059476988e-05, 2.87199535304486e-05, 2.8147729998287957e-05, 2.795698882090108e-05, 2.7130443718891263e-05, 2.6812541756579793e-05, 2.617673783195686e-05, 2.5477353514871632e-05, 2.535019272994705e-05, 2.5095871160097872e-05, 2.3824263310852005e-05, 2.376068291838971e-05, 2.3506361348540538e-05, 2.2743396638993018e-05, 2.223475349929467e-05, 2.1789690752058617e-05, 2.2171173106832378e-05, 2.0899565257586507e-05, 2.0327341725425867e-05, 2.020018094050128e-05, 1.981869858572752e-05, 1.8992153483717706e-05, 1.867425152140624e-05, 1.8419929951557066e-05, 1.8165608381707893e-05, 1.7974867204321012e-05, 1.6830420139999732e-05, 1.6576098570150555e-05, 1.5685973075678448e-05, 1.606745543045221e-05, 1.4859427973668636e-05, 1.4477945618894874e-05, 1.42236240490457e-05, 1.3969302479196526e-05, 1.2824855414875247e-05, 1.3015596592262127e-05, 1.2379792667639192e-05, 1.2125471097790018e-05, 1.0917443641006444e-05, 1.1108184818393324e-05, 1.0535961286232684e-05, 1.0472380893770389e-05, 9.963737754072044e-06, 9.010031867137642e-06, 8.437808334977002e-06, 8.310647550052415e-06, 7.929165195278655e-06, 6.721137738495079e-06, 6.848298523419667e-06, 6.33965538372132e-06, 5.640271066636091e-06, 5.385949496786917e-06, 5.131627926937744e-06, 4.6229847872393965e-06, 4.114341647541049e-06, 3.5421181153804085e-06, 3.224216153068941e-06, 3.0334749756820612e-06, 2.524831835983714e-06, 2.1433494812099533e-06, 1.2532239867378456e-06, 8.71741631964085e-07, 5.53839669652618e-07, 6.81000454577205e-07, -8.196425497031607e-08, -1.838386250802265e-08, -4.6344660974407653e-07, -1.1628309268293042e-06, -1.6714740665276513e-06, -1.798634851452238e-06, -2.6251799534620525e-06, -3.006662308235813e-06, -3.960368195170215e-06, -3.769627017783334e-06, -3.960368195170215e-06, -4.659752512255442e-06, -5.231976044416082e-06, -5.74061918411443e-06, -5.677038791652136e-06, -6.757905463511124e-06, -6.567164286124244e-06, -6.694325071048832e-06, -7.393709388134059e-06, -7.902352527832407e-06, -8.34741527506846e-06, -8.665317237379926e-06, -8.665317237379926e-06, -9.809764301701208e-06, -1.0191246656474968e-05, -1.0254827048937262e-05, -1.0445568226324142e-05, -1.1144952543409369e-05, -1.0954211366022489e-05, -1.1462854505720836e-05, -1.1844336860494596e-05, -1.2988783924815878e-05, -1.2607301570042118e-05, -1.3052364317278173e-05, -1.3370266279589638e-05, -1.4069650596674869e-05, -1.4196811381599454e-05, -1.451471334391092e-05, -1.4641874128835509e-05, -1.5468419230845322e-05, -1.5341258445920736e-05, -1.5849901585619083e-05, -1.6294964332855136e-05, -1.693076825747807e-05, -1.693076825747807e-05, -1.731225061225183e-05, -1.750299178963871e-05, -1.7884474144412474e-05, -1.8202376106723937e-05, -1.8838180031346874e-05, -1.8456697676573114e-05, -1.9410403563507514e-05, -1.9410403563507514e-05, -2.0236948665517328e-05, -2.0046207488130448e-05, -2.0364109450441915e-05, -2.1190654552451732e-05, -2.169929769215008e-05, -2.1508556514763195e-05, -2.189003886953696e-05, -2.214436043938613e-05, -2.284374475647136e-05, -2.265300357908448e-05, -2.2589423186622186e-05, -2.379745064340576e-05, -2.379745064340576e-05, -2.398819182079264e-05, -2.360670946601888e-05, -2.4306093783104106e-05, -2.5386960454963094e-05, -2.53233800625008e-05, -2.5386960454963094e-05, -2.608634477204832e-05, -2.5641282024812267e-05, -2.6149925164510617e-05, -2.608634477204832e-05, -2.6785729089133547e-05, -2.7230791836369604e-05, -2.7103631051445014e-05, -2.6849309481595844e-05, -2.754869379868107e-05, -2.8375238900690885e-05, -2.8057336938379418e-05, -2.8438819293153178e-05, -2.8756721255464645e-05, -2.9138203610238405e-05, -2.901104282531382e-05, -2.9074623217776112e-05, -2.9646846749936755e-05, -2.9583266357474462e-05, -3.0028329104710516e-05, -2.9646846749936755e-05, -3.0791293814258036e-05, -3.11091957765695e-05, -3.0854874206720326e-05, -3.0854874206720326e-05, -3.060055263687115e-05, -3.168141930873014e-05, -3.1617838916267846e-05, -3.225364284089078e-05, -3.174499970119244e-05, -3.199932127104161e-05, -3.238080362581537e-05, -3.244438401827766e-05, -3.244438401827766e-05, -3.3525250690136654e-05, -3.339808990521207e-05, -3.295302715797601e-05, -3.3525250690136654e-05, -3.4288215399684174e-05, -3.409747422229729e-05, -3.409747422229729e-05, -3.4033893829834994e-05, -3.4033893829834994e-05, -3.454253696953335e-05, -3.4669697754457934e-05, -3.49875997167694e-05, -3.511476050169399e-05, -3.479685853938252e-05, -3.543266246400545e-05, -3.536908207154316e-05, -3.562340364139233e-05, -3.587772521124151e-05, -3.606846638862839e-05, -3.562340364139233e-05, -3.613204678109068e-05, -3.613204678109068e-05, -3.632278795847756e-05, -3.6195627173552975e-05, -3.670427031325132e-05, -3.644994874340215e-05, -3.683143109817591e-05, -3.683143109817591e-05, -3.708575266802508e-05, -3.708575266802508e-05, -3.683143109817591e-05, -3.6895011490638205e-05, -3.7721556592648016e-05, -3.7785136985110306e-05, -3.823019973234637e-05, -3.753081541526114e-05, -3.7022172275562785e-05, -3.8039458554959486e-05, -3.8103038947421776e-05, -3.823019973234637e-05, -3.79122977700349e-05, -3.8548101694657826e-05, -3.759439580772343e-05, -3.79122977700349e-05, -3.78487173775726e-05, -3.899316444189388e-05, -3.823019973234637e-05, -3.7785136985110306e-05, -3.797587816249719e-05, -3.8484521302195536e-05, -3.823019973234637e-05, -3.8166619339884066e-05, -3.8420940909733246e-05, -3.823019973234637e-05, -3.8548101694657826e-05, -3.78487173775726e-05, -3.8420940909733246e-05, -3.873884287204471e-05, -3.8866003656969296e-05, -3.8420940909733246e-05, -3.8548101694657826e-05, -3.867526247958242e-05, -3.867526247958242e-05, -3.867526247958242e-05, -3.823019973234637e-05, -3.8420940909733246e-05, -3.8103038947421776e-05, -3.823019973234637e-05, -3.79122977700349e-05, -3.931106640420535e-05, -3.823019973234637e-05, -3.861168208712012e-05, -3.78487173775726e-05, -3.867526247958242e-05, -3.8484521302195536e-05, -3.823019973234637e-05, -3.746723502279884e-05, -3.759439580772343e-05, -3.7721556592648016e-05, -3.8166619339884066e-05, -3.823019973234637e-05, -3.78487173775726e-05, -3.8039458554959486e-05, -3.8103038947421776e-05, -3.7721556592648016e-05, -3.753081541526114e-05, -3.823019973234637e-05, -3.7785136985110306e-05, -3.753081541526114e-05, -3.753081541526114e-05, -3.746723502279884e-05, -3.7340074237874256e-05, -3.721291345294967e-05, -3.708575266802508e-05, -3.676785070571361e-05, -3.7340074237874256e-05, -3.676785070571361e-05, -3.644994874340215e-05, -3.632278795847756e-05, -3.664068992078903e-05, -3.6195627173552975e-05, -3.613204678109068e-05, -3.587772521124151e-05, -3.587772521124151e-05, -3.568698403385463e-05, -3.536908207154316e-05, -3.568698403385463e-05, -3.536908207154316e-05, -3.49875997167694e-05, -3.447895657707105e-05, -3.543266246400545e-05, -3.441537618460876e-05, -3.4733278146920224e-05, -3.4351795792146464e-05, -3.409747422229729e-05, -3.4288215399684174e-05, -3.4288215399684174e-05, -3.384315265244812e-05, -3.371599186752353e-05, -3.346167029767436e-05, -3.333450951274977e-05, -3.3143768335362894e-05, -3.371599186752353e-05, -3.30801879429006e-05, -3.1935740878579316e-05, -3.263512519566454e-05, -3.225364284089078e-05, -3.187216048611702e-05, -3.168141930873014e-05, -3.168141930873014e-05, -3.1236356561494086e-05, -3.104561538410721e-05, -3.0536972244408856e-05, -3.0473391851946566e-05, -3.0028329104710516e-05, -3.028265067455969e-05, -2.9964748712248222e-05, -2.9456105572549872e-05, -2.939252518008758e-05, -2.9138203610238405e-05, -2.9138203610238405e-05, -2.8184497723304008e-05, -2.8629560470540058e-05, -2.8248078115766298e-05, -2.786659576099254e-05, -2.8248078115766298e-05, -2.754869379868107e-05, -2.735795262129419e-05, -2.735795262129419e-05, -2.735795262129419e-05, -2.6531407519284377e-05, -2.6404246734359787e-05, -2.6022764379586027e-05, -2.570486241727456e-05, -2.545054084742539e-05, -2.53233800625008e-05, -2.5386960454963094e-05, -2.4496834960490986e-05, -2.4306093783104106e-05, -2.4687576137877863e-05, -2.4051772213254933e-05, -2.3288807503707413e-05, -2.3034485933858236e-05, -2.3352387896169706e-05, -2.284374475647136e-05, -2.2589423186622186e-05, -2.1444976122300902e-05, -2.176287808461237e-05, -2.195361926199925e-05, -2.1572136907225492e-05, -2.068201141275338e-05, -2.0936332982602555e-05, -2.0427689842904208e-05, -1.991904670320586e-05, -1.9791885918281274e-05, -1.934682317104522e-05, -1.8838180031346874e-05, -1.8711019246422284e-05, -1.7948054536874767e-05, -1.8329536891648527e-05, -1.7566572182101007e-05, -1.7439411397176417e-05, -1.686718786501578e-05, -1.654928590270431e-05, -1.6612866295166603e-05, -1.5468419230845322e-05, -1.5531999623307616e-05, -1.489619569868468e-05, -1.5277678053458442e-05, -1.4451132951448629e-05, -1.4451132951448629e-05, -1.3561007456976522e-05, -1.3688168241901107e-05, -1.3306685887127346e-05, -1.3115944709740466e-05, -1.203507803788148e-05, -1.2162238822806064e-05, -1.1907917252956891e-05, -1.1462854505720836e-05, -1.0445568226324142e-05, -1.0000505479088088e-05, -1.0000505479088088e-05, -9.555442731852033e-06, -9.301121162002861e-06, -8.665317237379926e-06, -8.792478022304514e-06, -8.601736844917634e-06, -7.520870173058644e-06, -6.9486466408980045e-06, -6.885066248435712e-06, -7.139387818284884e-06, -5.93136036150131e-06, -5.549878006727549e-06, -6.12210153888819e-06, -5.104815259491495e-06, -4.278270157481682e-06, -4.405430942406268e-06, -3.960368195170215e-06, -3.769627017783334e-06, -2.9430819157735194e-06, -2.6251799534620525e-06, -2.370858383612879e-06, -1.9893760288391185e-06, -1.3535721042161843e-06, -8.44928964517837e-07, -4.6344660974407653e-07, -1.838386250802265e-08, 5.53839669652618e-07, 9.353220244263785e-07, 9.353220244263785e-07, 1.5711259490493124e-06, 2.1433494812099533e-06, 2.7791534058328874e-06, 2.7791534058328874e-06, 3.224216153068941e-06, 3.0334749756820612e-06, 3.987180862616462e-06, 4.432243609852516e-06, 5.385949496786917e-06, 5.640271066636091e-06, 6.021753421409851e-06, 6.212494598796732e-06, 6.784718130957372e-06, 6.911878915881959e-06, 7.611263232967187e-06, 8.119906372665535e-06, 8.501388727439295e-06, 8.882871082213053e-06, 9.772996576685162e-06, 9.963737754072044e-06, 1.0090898538996629e-05, 1.0790282856081856e-05, 1.1298925995780204e-05, 1.1616827958091671e-05, 1.2506953452563778e-05, 1.2506953452563778e-05, 1.3079176984724419e-05, 1.3333498554573594e-05, 1.3905722086734234e-05, 1.4414365226432581e-05, 1.5304490720904688e-05, 1.5304490720904688e-05, 1.5558812290753865e-05, 1.6321777000301385e-05, 1.6639678962612852e-05, 1.7466224064622666e-05, 1.8165608381707893e-05, 1.8419929951557066e-05, 1.886499269879312e-05, 1.9119314268642293e-05, 1.937363583849147e-05, 2.0073020155576697e-05, 2.0708824080199627e-05, 2.1408208397284854e-05, 2.1408208397284854e-05, 2.1535369182209444e-05, 2.3061298601304485e-05, 2.3124878993766778e-05, 2.3252039778691365e-05, 2.3315620171153658e-05, 2.4777969197786405e-05, 2.5223031945022462e-05, 2.515945155256017e-05, 2.5668094692258516e-05, 2.592241626210769e-05, 2.7003282933966676e-05, 2.6876122149042086e-05, 2.7130443718891263e-05, 2.8402051568137134e-05, 2.910143588522236e-05, 2.87199535304486e-05, 2.9292177062609237e-05, 3.005514177215676e-05, 3.100884765909116e-05, 3.06273653043174e-05, 3.189897315356327e-05, 3.189897315356327e-05, 3.3043420217884546e-05, 3.278909864803538e-05, 3.4060706497281246e-05, 3.35520633575829e-05, 3.45057692445173e-05, 3.520515356160253e-05, 3.5268733954064824e-05, 3.590453787868776e-05, 3.6476761410848394e-05, 3.698540455054674e-05, 3.768478886763197e-05, 3.768478886763197e-05, 3.863849475456637e-05, 3.93378790716516e-05, 3.959220064150077e-05, 3.959220064150077e-05, 4.0228004566123706e-05, 4.1054549668133516e-05, 4.149961241536957e-05, 4.213541633999251e-05, 4.2961961442002324e-05, 4.2961961442002324e-05, 4.3343443796776084e-05, 4.359776536662526e-05, 4.467863203848425e-05, 4.493295360833342e-05, 4.537801635556947e-05, 4.588665949526782e-05, 4.6013820280192405e-05, 4.658604381235304e-05, 4.760333009174974e-05, 4.760333009174974e-05, 4.842987519375956e-05, 4.881135754853332e-05, 4.9002098725920196e-05, 4.9828643827930007e-05, 5.0210126182703773e-05, 5.1100251677175874e-05, 5.0973090892251294e-05, 5.129099285456276e-05, 5.205395756411028e-05, 5.2626181096270914e-05, 5.332556541335615e-05, 5.37706281605922e-05, 5.38342085530545e-05, 5.434285169275284e-05, 5.523297718722495e-05, 5.612310268169706e-05, 5.586878111184789e-05, 5.6250263466621646e-05, 5.7013228176169166e-05, 5.758545170832981e-05, 5.7966934063103564e-05, 5.8284836025415034e-05, 5.9047800734962554e-05, 5.923854191234944e-05, 6.019224779928384e-05, 6.019224779928384e-05, 6.070089093898219e-05, 6.108237329375594e-05, 6.197249878822804e-05, 6.24811419279264e-05, 6.273546349777558e-05, 6.311694585254933e-05, 6.387991056209685e-05, 6.394349095455915e-05, 6.457929487918209e-05, 6.508793801888042e-05, 6.566016155104108e-05, 6.604164390581483e-05, 6.674102822290005e-05, 6.693176940028694e-05, 6.699534979274923e-05, 6.763115371737217e-05, 6.83305380344574e-05, 6.83305380344574e-05, 6.92206635289295e-05, 6.966572627616556e-05, 7.01107890234016e-05, 7.01107890234016e-05, 7.049227137817537e-05, 7.112807530279831e-05, 7.157313805003436e-05, 7.208178118973271e-05, 7.239968315204417e-05, 7.303548707666711e-05, 7.348054982390317e-05, 7.40527733560638e-05, 7.437067531837527e-05, 7.468857728068674e-05, 7.570586356008342e-05, 7.557870277515884e-05, 7.621450669978178e-05, 7.602376552239489e-05, 7.742253415656535e-05, 7.678673023194241e-05, 7.767685572641453e-05, 7.767685572641453e-05, 7.901204396812269e-05, 7.901204396812269e-05, 7.98385890701325e-05, 7.964784789274562e-05, 8.034723220983084e-05, 8.060155377968003e-05, 8.155525966661442e-05, 8.17460008440013e-05, 8.219106359123736e-05, 8.26997067309357e-05, 8.289044790832259e-05, 8.308118908570946e-05, 8.320834987063404e-05, 8.409847536510616e-05, 8.416205575756846e-05, 8.46071185048045e-05, 8.46706988972668e-05, 8.613304792389955e-05, 8.619662831636184e-05, 8.606946753143726e-05, 8.683243224098478e-05, 8.715033420329624e-05, 8.765897734299459e-05, 8.791329891284376e-05, 8.829478126761753e-05, 8.893058519224045e-05, 8.912132636962734e-05, 8.94392283319388e-05, 8.988429107917486e-05, 9.039293421887321e-05, 9.083799696610926e-05, 9.071083618118468e-05, 9.109231853595843e-05, 9.223676560027971e-05, 9.230034599274202e-05, 9.249108717012888e-05, 9.287256952490265e-05, 9.319047148721412e-05, 9.306331070228954e-05, 9.363553423445017e-05, 9.497072247615833e-05, 9.446207933645999e-05, 9.465282051384688e-05, 9.446207933645999e-05, 9.535220483093209e-05, 9.560652640078126e-05, 9.592442836309273e-05, 9.675097346510255e-05, 9.687813425002713e-05, 9.681455385756484e-05, 9.745035778218778e-05, 9.783184013696154e-05, 9.814974209927301e-05, 9.865838523897134e-05, 9.859480484650907e-05, 9.91034479862074e-05, 9.954851073344347e-05, 0.00010018431465806641, 0.00010031147544299098, 9.99935734806795e-05, 0.00010062937740530245, 0.00010050221662037787, 0.00010164666368469914, 0.00010158308329223684, 0.00010183740486208602, 0.00010190098525454831, 0.00010164666368469914, 0.00010253678917917125, 0.00010304543231886959, 0.00010323617349625648, 0.00010374481663595482, 0.00010368123624349253, 0.00010438062056057775, 0.00010450778134550236, 0.00010463494213042692, 0.00010469852252288922, 0.0001049528440927384, 0.00010514358527012528, 0.00010527074605504986, 0.00010539790683997446, 0.0001060972911570597, 0.00010673309508168262, 0.00010654235390429573, 0.0001067966754741449, 0.00010711457743645636, 0.00010794112253846619, 0.00010749605979123013, 0.00010762322057615474, 0.00010762322057615474, 0.00010844976567816454, 0.00010857692646308913, 0.0001088948284254006, 0.00010876766764047601, 0.00010908556960278747, 0.00010997569509725958, 0.00010927631078017434, 0.00010959421274248581, 0.00011003927548972188, 0.00011054791862942021, 0.0001106750794143448, 0.00011054791862942021, 0.00011029359705957104, 0.00011143804412389232, 0.00011124730294650545, 0.00011131088333896774, 0.00011150162451635462, 0.00011213742844097755, 0.00011232816961836444, 0.00011181952647866608, 0.00011213742844097755, 0.00011251891079575131, 0.00011290039315052508, 0.00011207384804851525, 0.00011328187550529882, 0.00011283681275806278, 0.00011353619707514802, 0.00011264607158067591, 0.00011309113432791196, 0.00011315471472037425, 0.00011417200099977095, 0.00011417200099977095, 0.00011321829511283655, 0.00011398125982238406, 0.00011442632256962012, 0.00011417200099977095, 0.00011487138531685616, 0.00011448990296208242, 0.000114617063747007, 0.00011493496570931846, 0.00011487138531685616, 0.00011474422453193159, 0.00011582509120379057, 0.00011538002845655452, 0.00011518928727916763, 0.00011544360884901682, 0.00011588867159625287, 0.00011582509120379057, 0.00011582509120379057, 0.0001155707696339414, 0.00011582509120379057, 0.00011595225198871516, 0.00011627015395102663, 0.00011627015395102663, 0.00011620657355856434, 0.00011582509120379057, 0.00011633373434348893, 0.0001164608951284135, 0.00011652447552087579, 0.00011652447552087579, 0.00011677879709072497, 0.00011588867159625287, 0.00011658805591333809, 0.00011696953826811186, 0.00011671521669826267, 0.00011722385983796103, 0.00011696953826811186, 0.00011696953826811186, 0.00011709669905303644, 0.00011652447552087579, 0.0001174146010153479, 0.00011703311866057414, 0.00011709669905303644, 0.00011696953826811186, 0.00011728744023042333, 0.00011716027944549873, 0.00011703311866057414, 0.00011652447552087579, 0.00011677879709072497, 0.00011703311866057414, 0.00011671521669826267, 0.00011696953826811186, 0.00011658805591333809, 0.00011703311866057414, 0.00011671521669826267, 0.00011696953826811186, 0.00011671521669826267, 0.00011684237748318726, 0.00011658805591333809, 0.00011633373434348893, 0.00011677879709072497, 0.00011677879709072497, 0.00011658805591333809, 0.00011601583238117746, 0.00011677879709072497, 0.00011633373434348893, 0.00011658805591333809, 0.00011627015395102663, 0.00011627015395102663, 0.00011627015395102663, 0.00011544360884901682, 0.00011633373434348893, 0.00011601583238117746, 0.00011601583238117746, 0.00011588867159625287, 0.00011538002845655452, 0.00011569793041886599, 0.00011601583238117746, 0.00011569793041886599, 0.00011518928727916763, 0.0001155707696339414, 0.00011518928727916763, 0.0001146806441394693, 0.00011487138531685616, 0.00011493496570931846, 0.0001155071892414791, 0.000114617063747007, 0.00011442632256962012, 0.00011442632256962012, 0.00011487138531685616, 0.00011417200099977095, 0.00011398125982238406, 0.00011334545589776112, 0.00011379051864499718, 0.00011404484021484636, 0.00011315471472037425, 0.00011321829511283655, 0.00011277323236560049, 0.00011302755393544966, 0.00011239175001082672, 0.00011296397354298738, 0.00011264607158067591, 0.00011213742844097755, 0.00011162878530127921, 0.00011169236569374151, 0.00011169236569374151, 0.00011194668726359068, 0.00011213742844097755, 0.00011092940098419398, 0.00011143804412389232, 0.00011092940098419398, 0.00011118372255404315, 0.00011029359705957104, 0.00011042075784449564, 0.00011003927548972188, 0.00011003927548972188, 0.00010927631078017434, 0.00010959421274248581, 0.00010953063235002353, 0.00010927631078017434, 0.00010844976567816454, 0.00010844976567816454, 0.0001088312480329383, 0.00010813186371585307, 0.000107686800968617, 0.00010736889900630554, 0.00010813186371585307, 0.000107686800968617, 0.00010724173822138097, 0.0001069874166515318, 0.00010673309508168262, 0.00010647877351183344, 0.00010635161272690886, 0.00010622445194198426, 0.00010558864801736133, 0.00010552506762489902, 0.0001048892637002761, 0.00010444420095304006, 0.00010387197742087942, 0.00010418987938319089, 0.00010374481663595482, 0.00010374481663595482, 0.00010298185192640732, 0.00010342691467364335, 0.00010279111074902041, 0.00010298185192640732, 0.00010266394996409585, 0.00010164666368469914, 0.00010164666368469914, 0.00010101085976007621, 0.00010164666368469914, 0.00010069295779776474, 0.00010043863622791557, 9.992999308821721e-05, 9.954851073344347e-05, 9.992999308821721e-05, 9.973925191083035e-05, 9.897628720128281e-05, 9.878554602389594e-05, 9.82133224917353e-05, 9.82769028841976e-05, 9.72596166048009e-05, 9.764109895957465e-05, 9.738677738972549e-05, 9.649665189525337e-05, 9.62423303254042e-05, 9.649665189525337e-05, 9.605158914801732e-05, 9.567010679324356e-05, 9.573368718570585e-05, 9.439849894399769e-05, 9.43349185515354e-05, 9.420775776661081e-05, 9.376269501937475e-05, 9.306331070228954e-05, 9.306331070228954e-05, 9.325405187967642e-05, 9.223676560027971e-05, 9.179170285304366e-05, 9.198244403043055e-05, 9.077441657364696e-05, 9.090157735857156e-05, 9.039293421887321e-05, 9.013861264902404e-05, 8.994787147163716e-05, 8.886700479977817e-05, 8.899416558470275e-05, 8.886700479977817e-05, 8.835836166007982e-05, 8.784971852038146e-05, 8.765897734299459e-05, 8.695959302590936e-05, 8.619662831636184e-05, 8.676885184852249e-05, 8.600588713897497e-05, 8.505218125204056e-05, 8.54972439992766e-05, 8.454353811234221e-05, 8.441637732741763e-05, 8.37169930103324e-05, 8.397131458018157e-05, 8.282686751586029e-05, 8.250896555354883e-05, 8.231822437616194e-05, 8.250896555354883e-05, 8.117377731184066e-05, 8.111019691937837e-05, 8.060155377968003e-05, 8.002933024751937e-05, 7.990216946259479e-05, 7.952068710782104e-05, 7.88213027907358e-05, 7.88213027907358e-05, 7.926636553797186e-05, 7.735895376410307e-05, 7.716821258671618e-05, 7.735895376410307e-05, 7.640524787716866e-05, 7.551512238269654e-05, 7.551512238269654e-05, 7.589660473747031e-05, 7.50700596354605e-05, 7.443425571083755e-05, 7.360771060882775e-05, 7.360771060882775e-05, 7.31626478615917e-05, 7.252684393696876e-05, 7.182745961988354e-05, 7.182745961988354e-05, 7.157313805003436e-05, 7.061943216309995e-05, 7.055585177063766e-05, 7.01107890234016e-05, 6.947498509877868e-05, 6.896634195908033e-05, 6.801263607214593e-05, 6.807621646460822e-05, 6.782189489475904e-05, 6.718609097013612e-05, 6.693176940028694e-05, 6.591448312089024e-05, 6.64231262605886e-05, 6.527867919626731e-05, 6.477003605656896e-05, 6.413423213194604e-05, 6.413423213194604e-05, 6.356200859978538e-05, 6.298978506762475e-05, 6.298978506762475e-05, 6.203607918069035e-05, 6.133669486360512e-05, 6.101879290129366e-05, 6.063731054651989e-05, 6.0382988976670725e-05, 6.000150662189696e-05, 5.942928308973632e-05, 5.892063995003797e-05, 5.834841641787733e-05, 5.8284836025415034e-05, 5.77126124932544e-05, 5.707680856863146e-05, 5.6186683074159356e-05, 5.6186683074159356e-05, 5.567803993446101e-05, 5.523297718722495e-05, 5.5169396794762656e-05, 5.408853012290367e-05, 5.338914580581845e-05, 5.3643467375667615e-05, 5.2626181096270914e-05, 5.205395756411028e-05, 5.154531442441193e-05, 5.1418153639487344e-05, 5.033728696762836e-05, 5.014654579024148e-05, 4.957432225808084e-05, 4.98922242203923e-05, 4.912925951084478e-05, 4.811197323144809e-05, 4.7794071269136626e-05, 4.7539749699287446e-05, 4.7031106559589105e-05, 4.6331722242503875e-05, 4.588665949526782e-05, 4.544159674803177e-05, 4.499653400079571e-05, 4.4487890861097364e-05, 4.391566732893673e-05, 4.359776536662526e-05, 4.2961961442002324e-05, 4.2516898694766273e-05, 4.1753933985218746e-05, 4.12452908455204e-05, 4.111813006059581e-05, 4.073664770582206e-05, 4.003726338873682e-05, 3.9019977109340135e-05, 3.895639671687784e-05, 3.889281632441554e-05, 3.825701239979261e-05, 3.6858243765622154e-05, 3.666750258823528e-05, 3.698540455054674e-05, 3.584095748622546e-05, 3.5650216308838584e-05, 3.495083199175335e-05, 3.520515356160253e-05, 3.3361322180196016e-05, 3.348848296512061e-05, 3.3297741787733726e-05, 3.3424902572658306e-05, 3.2153294723412445e-05, 3.151749079878951e-05, 3.1072428051553455e-05, 3.094526726662887e-05, 3.056378491185511e-05, 2.954649863245841e-05, 2.8974275100297774e-05, 2.8847114315373184e-05, 2.8147729998287957e-05, 2.7511926073665023e-05, 2.7511926073665023e-05, 2.6812541756579793e-05, 2.6812541756579793e-05, 2.5604514299796223e-05, 2.57952554771831e-05, 2.515945155256017e-05, 2.4905129982710996e-05, 2.3951424095776592e-05, 2.3633522133465125e-05, 2.2870557423917605e-05, 2.261623585406843e-05, 2.1916851536983204e-05, 2.128104761236027e-05, 2.1026726042511094e-05, 2.0645243687737337e-05, 2.0263761332963577e-05, 1.943721623095376e-05, 1.9310055446029173e-05, 1.8419929951557066e-05, 1.8419929951557066e-05, 1.772054563447184e-05, 1.7402643672160372e-05, 1.7275482887235785e-05, 1.6639678962612852e-05, 1.5622392683216155e-05, 1.536807111336698e-05, 1.4859427973668636e-05, 1.4477945618894874e-05, 1.4287204441507994e-05, 1.3524239731960474e-05, 1.3333498554573594e-05, 1.2634114237488367e-05, 1.2125471097790018e-05, 1.117176521085562e-05, 1.117176521085562e-05, 1.0726702463619564e-05, 1.0663122071157271e-05, 1.0218059323921217e-05, 9.836576969147457e-06, 8.946451474675348e-06, 8.564969119901587e-06, 7.929165195278655e-06, 7.5476828405048945e-06, 7.293361270655719e-06, 7.229780878193427e-06, 6.5303965611082e-06, 6.021753421409851e-06, 6.021753421409851e-06, 4.940886749550863e-06, 4.49582400231481e-06, 3.7328592927672886e-06, 3.7328592927672886e-06, 3.414957330455822e-06, 3.0334749756820612e-06, 2.27051026613454e-06, 2.07976908874766e-06, 1.6982867339738994e-06, 1.2532239867378456e-06, 9.353220244263785e-07, 4.266788847280312e-07, -4.6344660974407653e-07, -9.72089749442424e-07, -1.0992505343670106e-06, -1.5443132816030644e-06, -1.6078936740653577e-06, -2.5615995609997588e-06, -2.3072779911505857e-06, -3.2609838780849866e-06, -3.51530544793416e-06, -4.151109372557094e-06, -4.405430942406268e-06, -4.659752512255442e-06, -5.35913682934067e-06, -5.677038791652136e-06, -5.549878006727549e-06, -6.0585211464258966e-06, -6.249262323812777e-06, -7.20296821074718e-06, -7.457289780596351e-06, -7.266548603209471e-06, -8.474576059993046e-06, -8.919638807229101e-06, -9.301121162002861e-06, -9.046799592153686e-06, -1.0191246656474968e-05, -1.0000505479088088e-05, -1.0572729011248729e-05, -1.0954211366022489e-05, -1.1017791758484784e-05, -1.2098658430343771e-05, -1.222581921526836e-05, -1.241656039265524e-05, -1.2607301570042118e-05, -1.3052364317278173e-05, -1.3497427064514227e-05, -1.3688168241901107e-05, -1.413323098913716e-05, -1.489619569868468e-05, -1.489619569868468e-05, -1.4959776091146976e-05, -1.5341258445920736e-05, -1.6040642763005963e-05, -1.654928590270431e-05, -1.6612866295166603e-05, -1.686718786501578e-05, -1.7375831004714127e-05, -1.8202376106723937e-05, -1.769373296702559e-05, -1.8393117284110817e-05, -1.8393117284110817e-05, -1.9410403563507514e-05, -1.95375643484321e-05, -1.8838180031346874e-05, -2.0364109450441915e-05, -2.010978788059274e-05, -2.099991337506485e-05, -2.0554850627828795e-05, -2.1317815337376315e-05, -2.1826458477074662e-05, -2.214436043938613e-05, -2.208078004692384e-05, -2.233510161677301e-05, -2.284374475647136e-05, -2.3479548681094293e-05, -2.3098066326320533e-05, -2.3098066326320533e-05, -2.4242513390641813e-05, -2.4751156530340163e-05, -2.4687576137877863e-05, -2.456041535295328e-05, -2.5196219277576213e-05, -2.5386960454963094e-05, -2.5895603594661444e-05, -2.583202320219915e-05, -2.5895603594661444e-05, -2.6340666341897494e-05, -2.6531407519284377e-05, -2.6404246734359787e-05, -2.7230791836369604e-05, -2.7739434976067948e-05, -2.7993756545917125e-05, -2.7612274191143365e-05, -2.8184497723304008e-05, -2.793017615345483e-05, -2.882030164792694e-05, -2.8438819293153178e-05, -2.9138203610238405e-05, -2.894746243285153e-05, -2.9583266357474462e-05, -2.9837587927323632e-05, -3.0219070282097392e-05, -3.0028329104710516e-05, -3.01554898896351e-05, -3.0536972244408856e-05, -3.0536972244408856e-05, -3.098203499164492e-05, -3.142709773888097e-05, -3.1554258523805556e-05, -3.174499970119244e-05, -3.1617838916267846e-05, -3.219006244842849e-05, -3.219006244842849e-05, -3.263512519566454e-05, -3.257154480320225e-05, -3.2825866373051424e-05, -3.263512519566454e-05, -3.30801879429006e-05, -3.346167029767436e-05, -3.339808990521207e-05, -3.3207348727825184e-05, -3.4033893829834994e-05, -3.4033893829834994e-05, -3.4351795792146464e-05, -3.4669697754457934e-05, -3.4351795792146464e-05, -3.486043893184481e-05, -3.4733278146920224e-05, -3.530550167908087e-05, -3.517834089415628e-05, -3.492401932430711e-05, -3.543266246400545e-05, -3.543266246400545e-05, -3.543266246400545e-05, -3.613204678109068e-05, -3.59413056037038e-05, -3.600488599616609e-05, -3.613204678109068e-05, -3.644994874340215e-05, -3.6895011490638205e-05, -3.6513529135864445e-05, -3.638636835093985e-05, -3.676785070571361e-05, -3.7276493845411966e-05, -3.721291345294967e-05, -3.683143109817591e-05, -3.7276493845411966e-05, -3.7657976200185726e-05, -3.753081541526114e-05, -3.7276493845411966e-05, -3.759439580772343e-05, -3.8166619339884066e-05, -3.7721556592648016e-05, -3.7721556592648016e-05, -3.823019973234637e-05, -3.823019973234637e-05, -3.835736051727095e-05, -3.721291345294967e-05, -3.8039458554959486e-05, -3.79122977700349e-05, -3.8166619339884066e-05, -3.797587816249719e-05, -3.8548101694657826e-05, -3.78487173775726e-05, -3.8166619339884066e-05, -3.79122977700349e-05, -3.797587816249719e-05, -3.8866003656969296e-05, -3.8484521302195536e-05, -3.8420940909733246e-05, -3.835736051727095e-05, -3.867526247958242e-05, -3.892958404943159e-05, -3.861168208712012e-05, -3.8420940909733246e-05, -3.8420940909733246e-05, -3.861168208712012e-05, -3.861168208712012e-05, -3.829378012480866e-05, -3.867526247958242e-05, -3.8548101694657826e-05, -3.867526247958242e-05, -3.823019973234637e-05, -3.892958404943159e-05, -3.8548101694657826e-05, -3.861168208712012e-05, -3.823019973234637e-05, -3.829378012480866e-05, -3.829378012480866e-05, -3.823019973234637e-05, -3.8484521302195536e-05, -3.829378012480866e-05, -3.8420940909733246e-05, -3.797587816249719e-05, -3.78487173775726e-05, -3.8039458554959486e-05, -3.829378012480866e-05, -3.7657976200185726e-05, -3.7785136985110306e-05, -3.797587816249719e-05, -3.78487173775726e-05, -3.8103038947421776e-05, -3.753081541526114e-05, -3.753081541526114e-05, -3.721291345294967e-05, -3.759439580772343e-05, -3.6895011490638205e-05, -3.7340074237874256e-05, -3.6958591883100495e-05, -3.721291345294967e-05, -3.676785070571361e-05, -3.7022172275562785e-05, -3.676785070571361e-05, -3.6577109528326735e-05, -3.587772521124151e-05, -3.6895011490638205e-05, -3.613204678109068e-05, -3.613204678109068e-05, -3.613204678109068e-05, -3.575056442631692e-05, -3.600488599616609e-05, -3.524192128661857e-05, -3.587772521124151e-05, -3.536908207154316e-05, -3.524192128661857e-05, -3.4733278146920224e-05, -3.49875997167694e-05, -3.511476050169399e-05, -3.4733278146920224e-05, -3.4351795792146464e-05, -3.4288215399684174e-05, -3.377957225998583e-05, -3.422463500722188e-05, -3.409747422229729e-05, -3.371599186752353e-05, -3.3652411475061234e-05, -3.371599186752353e-05, -3.3270929120287474e-05, -3.3143768335362894e-05, -3.2825866373051424e-05, -3.3207348727825184e-05, -3.21264820559662e-05, -3.1935740878579316e-05, -3.104561538410721e-05, -3.1554258523805556e-05, -3.168141930873014e-05, -3.149067813134326e-05, -3.0918454599182616e-05, -3.1172776169031796e-05, -3.0536972244408856e-05, -3.028265067455969e-05, -2.9837587927323632e-05, -3.0346231067021982e-05, -2.9837587927323632e-05, -2.9583266357474462e-05, -2.9138203610238405e-05, -2.9138203610238405e-05, -2.9138203610238405e-05, -2.882030164792694e-05, -2.8184497723304008e-05, -2.8438819293153178e-05, -2.7993756545917125e-05, -2.7739434976067948e-05, -2.704005065898272e-05, -2.742153301375648e-05, -2.716721144390731e-05, -2.665856830420896e-05, -2.62770859494352e-05, -2.6149925164510617e-05, -2.6340666341897494e-05, -2.570486241727456e-05, -2.5132638885113923e-05, -2.53233800625008e-05, -2.5132638885113923e-05, -2.5005478100189333e-05, -2.4242513390641813e-05, -2.3543129073556586e-05, -2.3861031035868053e-05, -2.3479548681094293e-05, -2.3034485933858236e-05, -2.2017199654461542e-05, -2.265300357908448e-05, -2.214436043938613e-05, -2.1826458477074662e-05, -2.099991337506485e-05, -2.1381395729838612e-05, -2.106349376752714e-05, -2.0745591805215675e-05, -2.0236948665517328e-05, -2.0427689842904208e-05, -1.9982627095668154e-05, -1.9410403563507514e-05, -1.9219662386120634e-05, -1.8647438853959994e-05, -1.8011634929337057e-05, -1.7757313359487887e-05, -1.7630152574563297e-05, -1.750299178963871e-05, -1.7185089827327247e-05, -1.7185089827327247e-05, -1.5913481978081376e-05, -1.5913481978081376e-05, -1.5849901585619083e-05, -1.5531999623307616e-05, -1.4832615306222389e-05, -1.4832615306222389e-05, -1.4451132951448629e-05, -1.4578293736373214e-05, -1.3561007456976522e-05, -1.3052364317278173e-05, -1.2289399607730651e-05, -1.2607301570042118e-05, -1.2098658430343771e-05, -1.203507803788148e-05, -1.0699889796173317e-05, -1.1017791758484784e-05, -1.0763470188635609e-05, -9.746183909238913e-06, -9.746183909238913e-06, -9.301121162002861e-06, -8.856058414766806e-06, -7.83877213537011e-06, -8.53815645245534e-06, -7.902352527832407e-06, -8.15667409768158e-06, -6.757905463511124e-06, -7.266548603209471e-06, -6.0585211464258966e-06, -6.757905463511124e-06, -5.549878006727549e-06, -5.613458399189843e-06, -4.278270157481682e-06, -4.469011334868561e-06, -4.341850549943974e-06, -3.51530544793416e-06, -3.006662308235813e-06, -2.8159211308489326e-06, -2.1801172062259986e-06, -1.925795636376825e-06, -1.7350544589899447e-06, -1.1628309268293042e-06, -6.541877871309568e-07, -8.196425497031607e-08, 4.266788847280312e-07, 8.71741631964085e-07, 5.53839669652618e-07, 1.4439651641247257e-06, 1.825447518898486e-06, 2.1433494812099533e-06, 2.9698945832197674e-06, 3.0334749756820612e-06, 3.2877965455312347e-06, 4.177922040003342e-06, 4.940886749550863e-06, 5.06804753447545e-06, 5.576690674173798e-06, 5.576690674173798e-06, 6.466816168645904e-06, 6.848298523419667e-06, 6.784718130957372e-06, 7.166200485731132e-06, 7.802004410354066e-06, 8.374227942514706e-06, 9.010031867137642e-06, 9.137192652062229e-06, 1.0027318146534337e-05, 1.0345220108845804e-05, 1.0535961286232684e-05, 1.1235345603317911e-05, 1.1616827958091671e-05, 1.2316212275176898e-05, 1.2506953452563778e-05, 1.2570533845026072e-05, 1.3142757377186714e-05, 1.4160043656583409e-05, 1.4477945618894874e-05, 1.4923008366130928e-05, 1.536807111336698e-05, 1.6321777000301385e-05, 1.6321777000301385e-05, 1.6703259355075142e-05, 1.7466224064622666e-05, 1.7402643672160372e-05, 1.81020279892456e-05, 1.7974867204321012e-05, 1.8801412306330826e-05, 2.0136600548038987e-05, 1.9755118193265227e-05, 2.0263761332963577e-05, 2.0708824080199627e-05, 2.185327114452091e-05, 2.2171173106832378e-05, 2.280697703145531e-05, 2.3061298601304485e-05, 2.3633522133465125e-05, 2.376068291838971e-05, 2.4142165273163472e-05, 2.5477353514871632e-05, 2.5477353514871632e-05, 2.5858835869645396e-05, 2.630389861688145e-05, 2.6367479009343743e-05, 2.7130443718891263e-05, 2.8402051568137134e-05, 2.8274890783212547e-05, 2.8402051568137134e-05, 2.8847114315373184e-05, 3.0118722164619055e-05, 3.030946334200593e-05, 3.0118722164619055e-05, 3.1072428051553455e-05, 3.151749079878951e-05, 3.2153294723412445e-05, 3.2916259432959966e-05, 3.285267904049767e-05, 3.3361322180196016e-05, 3.386996531989437e-05, 3.425144767466813e-05, 3.520515356160253e-05, 3.552305552391399e-05, 3.660392219577298e-05, 3.622243984099922e-05, 3.6476761410848394e-05, 3.768478886763197e-05, 3.793911043748114e-05, 3.83841731847172e-05, 3.9019977109340135e-05, 3.9401459464113895e-05, 4.035516535104829e-05, 4.003726338873682e-05, 4.118171045305811e-05, 4.21989967324548e-05, 4.188109477014333e-05, 4.2580479087228563e-05, 4.2898381049540034e-05, 4.31527026193892e-05, 4.423356929124819e-05, 4.480579282340883e-05, 4.474221243094654e-05, 4.569591831788094e-05, 4.5950239887730115e-05, 4.60774006726547e-05, 4.690394577466451e-05, 4.7412588914362866e-05, 4.79848124465235e-05, 4.817555362391038e-05, 4.8684196763608726e-05, 4.919283990330707e-05, 4.963790265054314e-05, 5.033728696762836e-05, 5.1100251677175874e-05, 5.0973090892251294e-05, 5.19267967791857e-05, 5.160889481687423e-05, 5.2499020311346334e-05, 5.313482423596927e-05, 5.2944083058582385e-05, 5.402494973044137e-05, 5.497865561737577e-05, 5.5169396794762656e-05, 5.580520071938559e-05, 5.6377424251546226e-05, 5.6186683074159356e-05, 5.688606739124458e-05, 5.7839773278178984e-05, 5.847557720280192e-05, 5.809409484802815e-05, 5.892063995003797e-05, 5.8984220342500264e-05, 5.9747185052047784e-05, 6.0382988976670725e-05, 6.108237329375594e-05, 6.159101643345429e-05, 6.159101643345429e-05, 6.184533800330346e-05, 6.24811419279264e-05, 6.356200859978538e-05, 6.381633016963457e-05, 6.387991056209685e-05, 6.419781252440832e-05, 6.546942037365419e-05, 6.559658115857878e-05, 6.578732233596566e-05, 6.6295965475664e-05, 6.699534979274923e-05, 6.705893018521152e-05, 6.782189489475904e-05, 6.82669576419951e-05, 6.941140470631638e-05, 6.966572627616556e-05, 6.947498509877868e-05, 6.998362823847703e-05, 7.061943216309995e-05, 7.150955765757207e-05, 7.138239687264747e-05, 7.176387922742124e-05, 7.176387922742124e-05, 7.341696943144087e-05, 7.297190668420481e-05, 7.341696943144087e-05, 7.392561257113922e-05, 7.456141649576215e-05, 7.468857728068674e-05, 7.557870277515884e-05, 7.576944395254572e-05, 7.640524787716866e-05, 7.646882826963094e-05, 7.659598905455555e-05, 7.78675969038014e-05, 7.805833808118828e-05, 7.812191847365058e-05, 7.894846357566039e-05, 7.907562436058499e-05, 7.964784789274562e-05, 7.977500867767021e-05, 8.015649103244398e-05, 8.08558753495292e-05, 8.123735770430295e-05, 8.136451848922755e-05, 8.212748319877507e-05, 8.244538516108654e-05, 8.308118908570946e-05, 8.37169930103324e-05, 8.397131458018157e-05, 8.37169930103324e-05, 8.46071185048045e-05, 8.486144007465368e-05, 8.54972439992766e-05, 8.587872635405037e-05, 8.626020870882413e-05, 8.689601263344707e-05, 8.689601263344707e-05, 8.746823616560771e-05, 8.791329891284376e-05, 8.784971852038146e-05, 8.816762048269293e-05, 8.835836166007982e-05, 8.886700479977817e-05, 8.95028087244011e-05, 9.045651461133551e-05, 8.988429107917486e-05, 9.039293421887321e-05, 9.179170285304366e-05, 9.15373812831945e-05, 9.172812246058136e-05, 9.204602442289283e-05, 9.293614991736495e-05, 9.274540873997807e-05, 9.344479305706329e-05, 9.395343619676164e-05, 9.414417737414852e-05, 9.376269501937475e-05, 9.503430286862063e-05, 9.490714208369604e-05, 9.535220483093209e-05, 9.54157852233944e-05, 9.62423303254042e-05, 9.63059107178665e-05, 9.643307150279108e-05, 9.611516954047961e-05, 9.745035778218778e-05, 9.783184013696154e-05, 9.80861617068107e-05, 9.795900092188612e-05, 9.840406366912217e-05, 9.9230608771132e-05, 9.948493034098117e-05, 9.935776955605658e-05, 9.954851073344347e-05, 0.00010018431465806641, 0.00010043863622791557, 0.00010120160093746308, 0.00010113802054500078, 0.00010171024407716144, 0.00010183740486208602, 0.00010234604800178438, 0.00010240962839424666, 0.00010234604800178438, 0.00010260036957163355, 0.00010304543231886959, 0.00010298185192640732, 0.00010368123624349253, 0.000103999138205804, 0.000103999138205804, 0.0001040627185982663, 0.00010450778134550236, 0.0001049528440927384, 0.00010533432644751216, 0.00010533432644751216, 0.00010539790683997446, 0.00010616087154952196, 0.00010673309508168262, 0.00010628803233444656, 0.00010660593429675803, 0.00010711457743645636, 0.0001069238362590695, 0.00010749605979123013, 0.00010717815782891867, 0.00010819544410831537, 0.0001088948284254006, 0.00010794112253846619, 0.00010838618528570224, 0.0001086405068555514, 0.00010927631078017434, 0.0001088948284254006, 0.00010933989117263664, 0.00010940347156509894, 0.00010997569509725958, 0.0001097213735274104, 0.0001106750794143448, 0.00011042075784449564, 0.0001106750794143448, 0.00011118372255404315, 0.00011086582059173168, 0.00011092940098419398, 0.00011162878530127921, 0.00011251891079575131, 0.00011099298137665627, 0.00011201026765605298, 0.00011213742844097755, 0.00011245533040328902, 0.00011213742844097755, 0.00011277323236560049, 0.00011283681275806278, 0.00011277323236560049, 0.00011321829511283655, 0.00011347261668268573, 0.00011328187550529882, 0.00011347261668268573, 0.00011404484021484636, 0.00011340903629022341, 0.00011423558139223323, 0.000114617063747007, 0.00011417200099977095, 0.00011423558139223323, 0.00011429916178469553, 0.000114617063747007, 0.000114617063747007, 0.00011474422453193159, 0.00011499854610178075, 0.00011538002845655452, 0.00011512570688670536, 0.00011582509120379057, 0.00011499854610178075, 0.00011576151081132829, 0.00011538002845655452, 0.00011512570688670536, 0.00011544360884901682, 0.00011607941277363976, 0.00011588867159625287, 0.00011601583238117746, 0.00011563435002640369, 0.00011633373434348893, 0.00011652447552087579, 0.00011614299316610203, 0.00011633373434348893, 0.00011658805591333809, 0.00011601583238117746, 0.00011703311866057414, 0.00011696953826811186, 0.00011671521669826267, 0.00011696953826811186, 0.00011671521669826267, 0.00011696953826811186, 0.00011722385983796103, 0.00011728744023042333, 0.00011696953826811186, 0.00011722385983796103, 0.00011703311866057414, 0.00011677879709072497, 0.00011728744023042333, 0.0001174781814078102, 0.00011703311866057414, 0.00011722385983796103, 0.00011716027944549873, 0.00011696953826811186, 0.00011716027944549873, 0.0001176053421927348, 0.00011696953826811186, 0.00011716027944549873, 0.00011722385983796103, 0.00011735102062288561, 0.00011696953826811186, 0.00011703311866057414, 0.00011722385983796103, 0.00011658805591333809, 0.00011703311866057414, 0.00011703311866057414, 0.00011677879709072497, 0.00011696953826811186, 0.00011671521669826267, 0.00011703311866057414, 0.00011728744023042333, 0.00011658805591333809, 0.00011696953826811186, 0.00011627015395102663, 0.0001164608951284135, 0.00011658805591333809, 0.00011607941277363976, 0.00011627015395102663, 0.00011633373434348893, 0.0001166516363058004, 0.00011614299316610203, 0.00011588867159625287, 0.00011588867159625287, 0.0001164608951284135, 0.0001155071892414791, 0.00011582509120379057, 0.00011506212649424306, 0.00011588867159625287, 0.00011588867159625287, 0.00011512570688670536, 0.00011487138531685616, 0.00011493496570931846, 0.00011518928727916763, 0.00011493496570931846, 0.00011493496570931846, 0.000114617063747007, 0.000114617063747007, 0.00011423558139223323, 0.00011442632256962012, 0.00011410842060730865, 0.00011442632256962012, 0.00011385409903745948, 0.00011366335786007259, 0.00011366335786007259, 0.00011334545589776112, 0.00011277323236560049, 0.00011245533040328902, 0.00011290039315052508, 0.00011302755393544966, 0.00011264607158067591, 0.00011251891079575131, 0.00011232816961836444, 0.00011207384804851525, 0.00011181952647866608, 0.00011181952647866608, 0.00011169236569374151, 0.00011207384804851525, 0.00011156520490881692, 0.0001107386598068071, 0.00011054791862942021, 0.00011112014216158085, 0.00010997569509725958, 0.00010997569509725958, 0.00010997569509725958, 0.00011029359705957104, 0.00010946705195756123, 0.00010927631078017434, 0.0001086405068555514, 0.00010844976567816454, 0.0001088948284254006, 0.00010838618528570224, 0.00010825902450077766, 0.0001078775421460039, 0.00010806828332339077, 0.000107686800968617, 0.00010743247939876783, 0.00010749605979123013, 0.00010736889900630554, 0.00010647877351183344, 0.0001067966754741449, 0.00010622445194198426, 0.00010622445194198426, 0.00010552506762489902, 0.00010552506762489902, 0.00010508000487766299, 0.0001049528440927384, 0.00010457136173796463, 0.00010457136173796463, 0.00010412629899072859, 0.000103999138205804, 0.00010304543231886959, 0.00010329975388871877, 0.00010317259310379418, 0.00010260036957163355, 0.00010190098525454831, 0.00010234604800178438, 0.00010183740486208602, 0.00010183740486208602, 0.00010120160093746308, 0.00010075653819022704, 0.00010062937740530245, 0.00010037505583545327, 9.954851073344347e-05, 9.961209112590574e-05, 9.948493034098117e-05, 9.929418916359428e-05, 9.878554602389594e-05, 9.834048327665987e-05, 9.834048327665987e-05, 9.859480484650907e-05, 9.694171464248942e-05, 9.71960362123386e-05, 9.681455385756484e-05, 9.662381268017797e-05, 9.63694911103288e-05, 9.573368718570585e-05, 9.579726757816815e-05, 9.516146365354521e-05, 9.509788326108293e-05, 9.395343619676164e-05, 9.401701658922394e-05, 9.484356169123374e-05, 9.319047148721412e-05, 9.299973030982723e-05, 9.274540873997807e-05, 9.293614991736495e-05, 9.185528324550596e-05, 9.179170285304366e-05, 9.121947932088303e-05, 9.109231853595843e-05, 9.096515775103384e-05, 9.039293421887321e-05, 8.988429107917486e-05, 8.94392283319388e-05, 8.94392283319388e-05, 8.861268322992898e-05, 8.842194205254212e-05, 8.791329891284376e-05, 8.765897734299459e-05, 8.734107538068313e-05, 8.689601263344707e-05, 8.619662831636184e-05, 8.632378910128642e-05, 8.56879851766635e-05, 8.524292242942745e-05, 8.422563615003075e-05, 8.486144007465368e-05, 8.37169930103324e-05, 8.384415379525699e-05, 8.308118908570946e-05, 8.301760869324717e-05, 8.26997067309357e-05, 8.206390280631277e-05, 8.155525966661442e-05, 8.130093809676525e-05, 8.066513417214231e-05, 8.034723220983084e-05, 7.971142828520791e-05, 7.952068710782104e-05, 7.958426750028332e-05, 7.850340082842434e-05, 7.824907925857517e-05, 7.780401651133912e-05, 7.818549886611287e-05, 7.69774714093293e-05, 7.640524787716866e-05, 7.640524787716866e-05, 7.602376552239489e-05, 7.526080081284737e-05, 7.50700596354605e-05, 7.50700596354605e-05, 7.430709492591297e-05, 7.367129100129003e-05, 7.278116550681793e-05, 7.246326354450646e-05, 7.220894197465729e-05, 7.220894197465729e-05, 7.106449491033602e-05, 7.087375373294913e-05, 7.049227137817537e-05, 7.061943216309995e-05, 6.928424392139179e-05, 6.947498509877868e-05, 6.92206635289295e-05, 6.83305380344574e-05, 6.807621646460822e-05, 6.744041253998528e-05, 6.73132517550607e-05, 6.591448312089024e-05, 6.591448312089024e-05, 6.597806351335255e-05, 6.527867919626731e-05, 6.407065173948374e-05, 6.438855370179521e-05, 6.33712674223985e-05, 6.34348478148608e-05, 6.267188310531328e-05, 6.197249878822804e-05, 6.203607918069035e-05, 6.101879290129366e-05, 6.0573730154057595e-05, 6.019224779928384e-05, 6.012866740682154e-05, 5.892063995003797e-05, 5.917496151988714e-05, 5.847557720280192e-05, 5.803051445556587e-05, 5.758545170832981e-05, 5.688606739124458e-05, 5.656816542893311e-05, 5.612310268169706e-05, 5.580520071938559e-05, 5.497865561737577e-05, 5.434285169275284e-05, 5.459717326260202e-05, 5.338914580581845e-05, 5.2944083058582385e-05, 5.313482423596927e-05, 5.224469874149716e-05, 5.154531442441193e-05, 5.0973090892251294e-05, 5.129099285456276e-05, 5.0210126182703773e-05, 4.98922242203923e-05, 4.919283990330707e-05, 4.881135754853332e-05, 4.855703597868414e-05, 4.7921232054061206e-05, 4.734900852190057e-05, 4.6776784989739925e-05, 4.620456145757929e-05, 4.620456145757929e-05, 4.550517714049406e-05, 4.531443596310718e-05, 4.455147125355966e-05, 4.359776536662526e-05, 4.3343443796776084e-05, 4.2516898694766273e-05, 4.21989967324548e-05, 4.156319280783187e-05, 4.162677320029416e-05, 4.0927388883208936e-05, 3.9846522211349946e-05, 4.010084378119912e-05, 3.9846522211349946e-05, 3.8702075147028665e-05, 3.825701239979261e-05, 3.825701239979261e-05, 3.806627122240573e-05, 3.660392219577298e-05, 3.622243984099922e-05, 3.5650216308838584e-05, 3.5650216308838584e-05, 3.520515356160253e-05, 3.482367120682877e-05, 3.4060706497281246e-05, 3.3742804534969776e-05, 3.317058100280914e-05, 3.266193786311079e-05, 3.247119668572391e-05, 3.164465158371409e-05, 3.1072428051553455e-05, 3.081810648170428e-05, 2.986440059476988e-05, 2.986440059476988e-05, 2.9355757455071534e-05, 2.87199535304486e-05, 2.8402051568137134e-05, 2.7766247643514197e-05, 2.7766247643514197e-05, 2.6621800579192916e-05, 2.6494639794268326e-05, 2.5858835869645396e-05, 2.57952554771831e-05, 2.503229076763558e-05, 2.4841549590248702e-05, 2.407858488070118e-05, 2.356994174100283e-05, 2.2361914284219258e-05, 2.242549467668155e-05, 2.2107592714370084e-05, 2.147178878974715e-05, 2.1535369182209444e-05, 2.0263761332963577e-05, 2.0454502510350457e-05, 2.00094397631144e-05, 1.9564377015878346e-05, 1.9119314268642293e-05, 1.81020279892456e-05, 1.8356349559094773e-05, 1.7402643672160372e-05, 1.7211902494773492e-05, 1.6258196607839092e-05, 1.5431651505829275e-05, 1.5240910328442396e-05, 1.454152601135717e-05, 1.4477945618894874e-05, 1.3905722086734234e-05, 1.3969302479196526e-05, 1.2824855414875247e-05, 1.2506953452563778e-05, 1.1871149527940846e-05, 1.2316212275176898e-05, 1.1426086780704791e-05, 1.1108184818393324e-05, 1.0726702463619564e-05, 1.0027318146534337e-05, 9.327933829449109e-06, 8.819290689750762e-06, 9.137192652062229e-06, 7.992745587740946e-06, 7.738424017891775e-06, 7.738424017891775e-06, 6.784718130957372e-06, 6.33965538372132e-06, 5.640271066636091e-06, 5.831012244022971e-06, 5.195208319400037e-06, 4.177922040003342e-06, 4.305082824927929e-06, 3.7964396852295824e-06, 3.160635760606648e-06, 2.7791534058328874e-06, 2.4612514435214206e-06, 2.334090658596834e-06, 1.6347063415116058e-06, 1.1896435942755523e-06, 8.71741631964085e-07, -1.4554464743260947e-07, -2.0912503989490288e-07, -1.838386250802265e-08, -1.4807328891407712e-06, -1.2264113192915976e-06, -1.0992505343670106e-06, -1.6078936740653577e-06, -2.879501523311226e-06, -3.0702427006981065e-06, -3.006662308235813e-06, -3.451725055471867e-06, -4.659752512255442e-06, -4.469011334868561e-06, -4.469011334868561e-06, -5.422717221802962e-06, -5.74061918411443e-06, -5.994940753963603e-06, -6.503583893661952e-06, -7.075807425822592e-06, -7.266548603209471e-06, -7.965932920294699e-06, -8.665317237379926e-06, -8.34741527506846e-06, -8.665317237379926e-06, -9.936925086625793e-06, -9.873344694163502e-06, -9.555442731852033e-06, -1.0000505479088088e-05, -1.1017791758484784e-05, -1.152643489818313e-05, -1.1844336860494596e-05, -1.1653595683107716e-05, -1.2670881962504411e-05, -1.3052364317278173e-05, -1.2988783924815878e-05, -1.3370266279589638e-05, -1.3688168241901107e-05, -1.4260391774061749e-05, -1.4769034913760095e-05, -1.4641874128835509e-05, -1.5341258445920736e-05, -1.559558001576991e-05, -1.597706237054367e-05, -1.5913481978081376e-05, -1.7439411397176417e-05, -1.693076825747807e-05, -1.7884474144412474e-05, -1.750299178963871e-05, -1.7948054536874767e-05, -1.8265956499186234e-05, -1.8647438853959994e-05, -1.934682317104522e-05, -1.9601144740894394e-05, -1.9791885918281274e-05, -2.0173368273055035e-05, -1.9982627095668154e-05, -2.0745591805215675e-05, -2.1190654552451732e-05, -2.1508556514763195e-05, -2.1444976122300902e-05, -2.1444976122300902e-05, -2.214436043938613e-05, -2.284374475647136e-05, -2.284374475647136e-05, -2.284374475647136e-05, -2.3415968288631996e-05, -2.4115352605717226e-05, -2.3733870250943466e-05, -2.43696741755664e-05, -2.4878317315264747e-05, -2.494189770772704e-05, -2.4687576137877863e-05, -2.53233800625008e-05, -2.570486241727456e-05, -2.6340666341897494e-05, -2.62770859494352e-05, -2.608634477204832e-05, -2.6849309481595844e-05, -2.7103631051445014e-05, -2.716721144390731e-05, -2.742153301375648e-05, -2.7485113406218774e-05, -2.7675854583605658e-05, -2.793017615345483e-05, -2.8184497723304008e-05, -2.8756721255464645e-05, -2.9074623217776112e-05, -2.882030164792694e-05, -2.894746243285153e-05, -2.9837587927323632e-05, -2.9837587927323632e-05, -3.0536972244408856e-05, -2.9646846749936755e-05, -3.0791293814258036e-05, -3.0346231067021982e-05, -3.060055263687115e-05, -3.1172776169031796e-05, -3.129993695395638e-05, -3.129993695395638e-05, -3.168141930873014e-05, -3.187216048611702e-05, -3.238080362581537e-05, -3.238080362581537e-05, -3.1935740878579316e-05, -3.339808990521207e-05, -3.2825866373051424e-05, -3.30801879429006e-05, -3.30801879429006e-05, -3.269870558812684e-05, -3.3143768335362894e-05, -3.441537618460876e-05, -3.422463500722188e-05, -3.454253696953335e-05, -3.4351795792146464e-05, -3.447895657707105e-05, -3.422463500722188e-05, -3.4733278146920224e-05, -3.492401932430711e-05, -3.536908207154316e-05, -3.536908207154316e-05, -3.517834089415628e-05, -3.562340364139233e-05, -3.543266246400545e-05, -3.549624285646775e-05, -3.600488599616609e-05, -3.606846638862839e-05, -3.613204678109068e-05, -3.638636835093985e-05, -3.6513529135864445e-05, -3.613204678109068e-05, -3.683143109817591e-05, -3.6577109528326735e-05, -3.644994874340215e-05, -3.6513529135864445e-05, -3.753081541526114e-05, -3.6895011490638205e-05, -3.7721556592648016e-05, -3.7022172275562785e-05, -3.753081541526114e-05, -3.753081541526114e-05, -3.78487173775726e-05, -3.759439580772343e-05, -3.78487173775726e-05, -3.753081541526114e-05, -3.8039458554959486e-05, -3.8166619339884066e-05, -3.861168208712012e-05, -3.78487173775726e-05, -3.823019973234637e-05, -3.7721556592648016e-05, -3.823019973234637e-05, -3.8548101694657826e-05, -3.867526247958242e-05, -3.8103038947421776e-05, -3.861168208712012e-05, -3.8484521302195536e-05, -3.8866003656969296e-05, -3.78487173775726e-05, -3.8484521302195536e-05, -3.8484521302195536e-05, -3.912032522681847e-05, -3.8484521302195536e-05, -3.892958404943159e-05, -3.8548101694657826e-05, -3.867526247958242e-05, -3.8484521302195536e-05, -3.8039458554959486e-05, -3.823019973234637e-05, -3.8548101694657826e-05, -3.867526247958242e-05, -3.829378012480866e-05, -3.861168208712012e-05, -3.8484521302195536e-05, -3.8166619339884066e-05, -3.8420940909733246e-05, -3.867526247958242e-05, -3.8866003656969296e-05, -3.899316444189388e-05, -3.7721556592648016e-05, -3.835736051727095e-05, -3.8420940909733246e-05, -3.867526247958242e-05, -3.8166619339884066e-05, -3.8484521302195536e-05, -3.823019973234637e-05, -3.78487173775726e-05, -3.8420940909733246e-05, -3.797587816249719e-05, -3.797587816249719e-05, -3.8039458554959486e-05, -3.7785136985110306e-05, -3.79122977700349e-05, -3.78487173775726e-05, -3.7721556592648016e-05, -3.78487173775726e-05, -3.759439580772343e-05, -3.7657976200185726e-05, -3.7276493845411966e-05, -3.683143109817591e-05, -3.746723502279884e-05, -3.708575266802508e-05, -3.6513529135864445e-05, -3.632278795847756e-05, -3.664068992078903e-05, -3.6195627173552975e-05, -3.6195627173552975e-05, -3.606846638862839e-05, -3.600488599616609e-05, -3.600488599616609e-05, -3.587772521124151e-05, -3.625920756601527e-05, -3.562340364139233e-05, -3.524192128661857e-05, -3.505118010923169e-05, -3.505118010923169e-05, -3.4733278146920224e-05, -3.562340364139233e-05, -3.4288215399684174e-05, -3.4351795792146464e-05, -3.4351795792146464e-05, -3.4733278146920224e-05, -3.422463500722188e-05, -3.377957225998583e-05, -3.384315265244812e-05, -3.377957225998583e-05, -3.377957225998583e-05, -3.346167029767436e-05, -3.339808990521207e-05, -3.2889446765513713e-05, -3.269870558812684e-05, -3.269870558812684e-05, -3.257154480320225e-05, -3.238080362581537e-05, -3.187216048611702e-05, -3.1617838916267846e-05, -3.0854874206720326e-05, -3.1236356561494086e-05, -3.1236356561494086e-05, -3.0854874206720326e-05, -2.9837587927323632e-05, -3.0918454599182616e-05, -3.0219070282097392e-05, -3.0091909497172806e-05, -2.9456105572549872e-05, -2.9328944787625285e-05, -2.9138203610238405e-05, -2.9138203610238405e-05, -2.8184497723304008e-05, -2.8120917330841708e-05, -2.8502399685615468e-05, -2.8184497723304008e-05, -2.754869379868107e-05, -2.7675854583605658e-05, -2.7739434976067948e-05, -2.735795262129419e-05, -2.6849309481595844e-05, -2.6467827126822084e-05, -2.6340666341897494e-05, -2.6467827126822084e-05, -2.6340666341897494e-05, -2.5577701632349974e-05, -2.583202320219915e-05, -2.5132638885113923e-05, -2.4751156530340163e-05, -2.4242513390641813e-05, -2.4496834960490986e-05, -2.398819182079264e-05, -2.3543129073556586e-05, -2.3098066326320533e-05, -2.3225227111245116e-05, -2.3161646718782826e-05, -2.252584279415989e-05, -2.214436043938613e-05, -2.125423494491402e-05, -2.169929769215008e-05, -2.1381395729838612e-05, -2.106349376752714e-05, -2.0618431020291088e-05, -2.0809172197677968e-05, -2.0427689842904208e-05, -1.9601144740894394e-05, -1.934682317104522e-05, -1.9601144740894394e-05, -1.9028921208733754e-05, -1.8265956499186234e-05, -1.8265956499186234e-05, -1.7757313359487887e-05, -1.7566572182101007e-05, -1.6612866295166603e-05, -1.635854472531743e-05, -1.6485705510242016e-05, -1.6231383940392843e-05, -1.5150517268533856e-05, -1.5150517268533856e-05, -1.4959776091146976e-05, -1.4769034913760095e-05, -1.413323098913716e-05, -1.3497427064514227e-05, -1.3751748634363402e-05, -1.3306685887127346e-05, -1.2543721177579826e-05, -1.203507803788148e-05, -1.2162238822806064e-05, -1.1335693720796249e-05, -1.1462854505720836e-05, -1.0763470188635609e-05, -1.0381987833861848e-05, -1.0064085871550382e-05, -1.0064085871550382e-05, -9.809764301701208e-06, -9.110379984615981e-06, -8.474576059993046e-06, -8.53815645245534e-06, -8.093093705219286e-06, -7.648030957983232e-06, -6.9486466408980045e-06, -6.821485855973417e-06, -6.12210153888819e-06, -6.503583893661952e-06, -5.35913682934067e-06, -5.295556436878375e-06, -4.278270157481682e-06, -4.341850549943974e-06, -4.023948587632507e-06, -3.51530544793416e-06, -3.2609838780849866e-06, -2.8159211308489326e-06, -2.243697598688292e-06, -2.052956421301412e-06, -2.1165368137637052e-06, -9.085093569801304e-07, -8.44928964517837e-07, -7.177681795932501e-07, 4.902592771903246e-07, 1.2532239867378456e-06, 8.71741631964085e-07, 1.1896435942755523e-06, 2.1433494812099533e-06, 2.5884122284460073e-06, 2.715573013370594e-06, 3.224216153068941e-06, 3.7328592927672886e-06, 3.7328592927672886e-06, 4.6229847872393965e-06, 5.06804753447545e-06, 5.767431851560678e-06, 5.640271066636091e-06, 5.831012244022971e-06, 6.657557346032784e-06, 7.293361270655719e-06, 7.5476828405048945e-06, 7.992745587740946e-06, 8.183486765127826e-06, 9.010031867137642e-06, 9.709416184222869e-06, 9.836576969147457e-06, 1.0535961286232684e-05, 1.1235345603317911e-05, 1.13625063882425e-05, 1.117176521085562e-05, 1.2379792667639192e-05, 1.2506953452563778e-05, 1.3206337769649007e-05, 1.2824855414875247e-05, 1.3524239731960474e-05, 1.4287204441507994e-05, 1.5240910328442396e-05, 1.5622392683216155e-05, 1.5431651505829275e-05, 1.6385357392763675e-05, 1.6830420139999732e-05, 1.7021161317386612e-05, 1.7466224064622666e-05, 1.8419929951557066e-05, 1.8610671128943946e-05, 1.918289466110459e-05, 1.9119314268642293e-05, 2.0136600548038987e-05, 2.0327341725425867e-05, 2.1153886827435684e-05, 2.128104761236027e-05, 2.185327114452091e-05, 2.242549467668155e-05, 2.3697102525927422e-05, 2.3315620171153658e-05, 2.3824263310852005e-05, 2.446006723547494e-05, 2.5477353514871632e-05, 2.541377312240934e-05, 2.541377312240934e-05, 2.630389861688145e-05, 2.6812541756579793e-05, 2.7321184896278143e-05, 2.7575506466127313e-05, 2.8402051568137134e-05, 2.8465631960599424e-05, 2.916501627768465e-05, 2.9610079024920704e-05, 2.9737239809845294e-05, 3.056378491185511e-05, 3.132674962140263e-05, 3.126316922894033e-05, 3.196255354602556e-05, 3.285267904049767e-05, 3.2916259432959966e-05, 3.361564375004519e-05, 3.425144767466813e-05, 3.469651042190418e-05, 3.476009081436647e-05, 3.596811827115005e-05, 3.6158859448536924e-05, 3.711256533547133e-05, 3.6540341803310684e-05, 3.768478886763197e-05, 3.781194965255656e-05, 3.825701239979261e-05, 3.889281632441554e-05, 3.9910102603812235e-05, 3.9465039856576185e-05, 4.035516535104829e-05, 4.0609486920897466e-05, 4.1753933985218746e-05, 4.207183594753021e-05, 4.2516898694766273e-05, 4.2644059479690853e-05, 4.3407024189238374e-05, 4.385208693647443e-05, 4.4487890861097364e-05, 4.537801635556947e-05, 4.518727517818259e-05, 4.60774006726547e-05, 4.60774006726547e-05, 4.7094686952051395e-05, 4.728542812943827e-05, 4.760333009174974e-05, 4.8239134016372676e-05, 4.855703597868414e-05, 4.919283990330707e-05, 5.014654579024148e-05, 5.027370657516607e-05, 5.059160853747753e-05, 5.0973090892251294e-05, 5.179963599426111e-05, 5.268976148873321e-05, 5.2944083058582385e-05, 5.338914580581845e-05, 5.338914580581845e-05, 5.37706281605922e-05, 5.47879144399889e-05, 5.47879144399889e-05, 5.574162032692329e-05, 5.599594189677247e-05, 5.644100464400853e-05, 5.644100464400853e-05, 5.739471053094293e-05, 5.822125563295274e-05, 5.7839773278178984e-05, 5.879347916511339e-05, 5.8984220342500264e-05, 6.0065087014359255e-05, 6.0255828191746125e-05, 6.0382988976670725e-05, 6.108237329375594e-05, 6.171817721837888e-05, 6.197249878822804e-05, 6.209965957315265e-05, 6.279904389023787e-05, 6.387991056209685e-05, 6.43249733093329e-05, 6.445213409425749e-05, 6.477003605656896e-05, 6.527867919626731e-05, 6.64231262605886e-05, 6.623238508320171e-05, 6.686818900782465e-05, 6.7376832147523e-05, 6.813979685707051e-05, 6.83305380344574e-05, 6.883918117415574e-05, 6.928424392139179e-05, 6.972930666862785e-05, 7.01743694158639e-05, 7.074659294802455e-05, 7.112807530279831e-05, 7.11916556952606e-05, 7.176387922742124e-05, 7.214536158219499e-05, 7.271758511435564e-05, 7.31626478615917e-05, 7.373487139375233e-05, 7.379845178621463e-05, 7.443425571083755e-05, 7.500647924299821e-05, 7.551512238269654e-05, 7.570586356008342e-05, 7.640524787716866e-05, 7.672314983948013e-05, 7.672314983948013e-05, 7.79311772962637e-05, 7.780401651133912e-05, 7.843982043596205e-05, 7.856698122088664e-05, 7.926636553797186e-05, 7.875772239827352e-05, 8.022007142490626e-05, 8.098303613445378e-05, 8.08558753495292e-05, 8.098303613445378e-05, 8.161884005907671e-05, 8.200032241385047e-05, 8.238180476862423e-05, 8.378057340279469e-05, 8.327193026309636e-05, 8.390773418771928e-05, 8.384415379525699e-05, 8.441637732741763e-05, 8.46706988972668e-05, 8.55608243917389e-05, 8.575156556912579e-05, 8.594230674651267e-05, 8.645094988621102e-05, 8.695959302590936e-05, 8.715033420329624e-05, 8.75953969505323e-05, 8.804045969776835e-05, 8.85491028374667e-05, 8.969354990178797e-05, 8.880342440731587e-05, 8.975713029425027e-05, 9.020219304148632e-05, 9.058367539626009e-05, 9.071083618118468e-05, 9.109231853595843e-05, 9.109231853595843e-05, 9.210960481535513e-05, 9.166454206811908e-05, 9.249108717012888e-05, 9.223676560027971e-05, 9.363553423445017e-05, 9.325405187967642e-05, 9.376269501937475e-05, 9.395343619676164e-05, 9.43349185515354e-05, 9.458924012138457e-05, 9.509788326108293e-05, 9.573368718570585e-05, 9.598800875555503e-05, 9.605158914801732e-05, 9.598800875555503e-05, 9.713245581987631e-05, 9.72596166048009e-05, 9.789542052942383e-05, 9.770467935203694e-05, 9.840406366912217e-05, 9.853122445404676e-05, 9.865838523897134e-05, 9.884912641635823e-05, 9.980283230329264e-05, 9.986641269575494e-05, 9.99935734806795e-05, 0.00010062937740530245, 0.00010113802054500078, 0.00010113802054500078, 0.00010120160093746308, 0.00010139234211484998, 0.00010183740486208602, 0.00010298185192640732, 0.00010240962839424666, 0.00010279111074902041, 0.00010329975388871877, 0.00010355407545856795, 0.00010361765585103024, 0.00010368123624349253, 0.00010438062056057775, 0.00010425345977565316, 0.0001049528440927384, 0.0001048892637002761, 0.00010527074605504986, 0.00010552506762489902, 0.0001060972911570597, 0.00010647877351183344, 0.00010622445194198426, 0.00010666951468922033, 0.0001067966754741449, 0.00010736889900630554, 0.00010724173822138097, 0.000107686800968617, 0.0001078775421460039, 0.00010806828332339077, 0.00010800470293092848, 0.0001086405068555514, 0.0001086405068555514, 0.00010876766764047601, 0.00010953063235002353, 0.00010927631078017434, 0.00010953063235002353, 0.00010927631078017434, 0.00010959421274248581, 0.00011029359705957104, 0.0001107386598068071, 0.00011048433823695791, 0.00011061149902188251, 0.00011086582059173168, 0.00011124730294650545, 0.00011137446373143004, 0.00011105656176911857, 0.00011162878530127921, 0.00011181952647866608, 0.00011207384804851525, 0.00011201026765605298, 0.00011251891079575131, 0.00011296397354298738, 0.00011283681275806278, 0.00011245533040328902, 0.00011251891079575131, 0.00011340903629022341, 0.00011321829511283655, 0.00011321829511283655, 0.00011372693825253489, 0.00011379051864499718, 0.00011385409903745948, 0.00011398125982238406, 0.00011442632256962012, 0.00011423558139223323, 0.00011448990296208242, 0.00011436274217715783, 0.00011455348335454469, 0.00011487138531685616, 0.00011487138531685616, 0.00011493496570931846, 0.00011531644806409222, 0.00011538002845655452, 0.00011525286767162993, 0.00011518928727916763, 0.0001155707696339414, 0.00011569793041886599, 0.00011531644806409222, 0.00011588867159625287, 0.00011601583238117746, 0.00011582509120379057, 0.00011601583238117746, 0.00011588867159625287, 0.0001155707696339414, 0.00011627015395102663, 0.00011671521669826267, 0.00011614299316610203, 0.00011677879709072497, 0.00011652447552087579, 0.00011703311866057414, 0.00011671521669826267, 0.00011652447552087579, 0.0001166516363058004, 0.00011716027944549873, 0.00011658805591333809, 0.00011677879709072497, 0.00011677879709072497, 0.00011684237748318726, 0.00011696953826811186, 0.00011696953826811186, 0.00011696953826811186, 0.00011709669905303644, 0.00011722385983796103, 0.00011728744023042333, 0.00011709669905303644, 0.00011722385983796103, 0.00011703311866057414, 0.00011671521669826267, 0.00011684237748318726, 0.00011690595787564956, 0.0001175417618002725, 0.00011684237748318726, 0.00011703311866057414, 0.00011709669905303644, 0.00011696953826811186, 0.00011671521669826267, 0.00011684237748318726, 0.00011696953826811186, 0.00011728744023042333, 0.00011703311866057414, 0.00011684237748318726, 0.00011703311866057414, 0.00011703311866057414, 0.00011703311866057414, 0.00011652447552087579, 0.00011633373434348893, 0.00011671521669826267, 0.00011627015395102663, 0.00011601583238117746, 0.00011620657355856434, 0.0001164608951284135, 0.0001155707696339414, 0.0001155707696339414, 0.00011671521669826267, 0.00011652447552087579, 0.00011582509120379057, 0.00011576151081132829, 0.00011582509120379057, 0.00011601583238117746, 0.00011601583238117746, 0.0001155707696339414, 0.00011525286767162993, 0.00011576151081132829, 0.00011525286767162993, 0.000114617063747007, 0.00011480780492439389, 0.0001146806441394693, 0.00011493496570931846, 0.00011442632256962012, 0.0001146806441394693, 0.00011442632256962012, 0.00011448990296208242, 0.00011391767942992176, 0.00011410842060730865, 0.00011398125982238406, 0.00011379051864499718, 0.00011410842060730865, 0.00011366335786007259, 0.00011290039315052508, 0.00011328187550529882, 0.00011258249118821361, 0.00011239175001082672, 0.00011213742844097755, 0.00011232816961836444, 0.00011220100883343984, 0.00011181952647866608, 0.00011169236569374151, 0.00011194668726359068, 0.00011162878530127921, 0.00011099298137665627, 0.0001107386598068071, 0.00011118372255404315, 0.00011048433823695791, 0.0001107386598068071, 0.00011054791862942021, 0.00011042075784449564, 0.00010997569509725958, 0.00010997569509725958, 0.0001097213735274104, 0.00010914914999524976, 0.0001088312480329383, 0.00010902198921032517, 0.00010838618528570224, 0.00010844976567816454, 0.0001088312480329383, 0.00010819544410831537, 0.00010755964018369243, 0.00010762322057615474, 0.0001077503813610793, 0.000107686800968617, 0.00010724173822138097, 0.0001069874166515318, 0.00010628803233444656, 0.00010628803233444656, 0.0001060972911570597, 0.0001060972911570597, 0.00010552506762489902, 0.00010558864801736133, 0.00010463494213042692, 0.00010425345977565316, 0.00010438062056057775, 0.00010418987938319089, 0.00010393555781334169, 0.00010304543231886959, 0.00010298185192640732, 0.00010253678917917125, 0.00010285469114148271, 0.00010247320878670896, 0.00010177382446962372, 0.00010177382446962372, 0.00010113802054500078, 0.00010132876172238768, 0.00010139234211484998, 0.00010043863622791557, 9.99935734806795e-05, 9.973925191083035e-05, 9.986641269575494e-05, 9.9230608771132e-05, 9.903986759374511e-05, 9.853122445404676e-05, 9.840406366912217e-05, 9.80861617068107e-05, 9.789542052942383e-05, 9.764109895957465e-05, 9.745035778218778e-05, 9.662381268017797e-05, 9.643307150279108e-05, 9.649665189525337e-05, 9.598800875555503e-05, 9.509788326108293e-05, 9.54157852233944e-05, 9.458924012138457e-05, 9.484356169123374e-05, 9.465282051384688e-05, 9.325405187967642e-05, 9.306331070228954e-05, 9.3381212664601e-05, 9.255466756259118e-05, 9.185528324550596e-05, 9.210960481535513e-05, 9.223676560027971e-05, 9.166454206811908e-05, 9.045651461133551e-05, 9.077441657364696e-05, 9.045651461133551e-05, 9.020219304148632e-05, 8.95663891168634e-05, 8.924848715455192e-05, 8.835836166007982e-05, 8.873984401485358e-05, 8.765897734299459e-05, 8.746823616560771e-05, 8.753181655807001e-05, 8.670527145606019e-05, 8.594230674651267e-05, 8.594230674651267e-05, 8.55608243917389e-05, 8.530650282188974e-05, 8.486144007465368e-05, 8.416205575756846e-05, 8.378057340279469e-05, 8.390773418771928e-05, 8.314476947817175e-05, 8.327193026309636e-05, 8.244538516108654e-05, 8.206390280631277e-05, 8.136451848922755e-05, 8.136451848922755e-05, 8.08558753495292e-05, 8.053797338721773e-05, 7.964784789274562e-05, 7.920278514550957e-05, 7.913920475304727e-05, 7.831265965103747e-05, 7.850340082842434e-05, 7.78675969038014e-05, 7.78675969038014e-05, 7.735895376410307e-05, 7.621450669978178e-05, 7.615092630731949e-05, 7.513364002792279e-05, 7.551512238269654e-05, 7.50700596354605e-05, 7.437067531837527e-05, 7.379845178621463e-05, 7.360771060882775e-05, 7.31626478615917e-05, 7.252684393696876e-05, 7.227252236711959e-05, 7.182745961988354e-05, 7.157313805003436e-05, 7.049227137817537e-05, 7.01743694158639e-05, 6.992004784601473e-05, 6.979288706109014e-05, 6.909350274400491e-05, 6.871202038923116e-05, 6.788547528722134e-05, 6.782189489475904e-05, 6.718609097013612e-05, 6.686818900782465e-05, 6.623238508320171e-05, 6.610522429827713e-05, 6.527867919626731e-05, 6.508793801888042e-05, 6.451571448671979e-05, 6.451571448671979e-05, 6.33712674223985e-05, 6.311694585254933e-05, 6.267188310531328e-05, 6.209965957315265e-05, 6.152743604099199e-05, 6.133669486360512e-05, 6.070089093898219e-05, 6.000150662189696e-05, 5.9492863482198604e-05, 5.923854191234944e-05, 5.942928308973632e-05, 5.879347916511339e-05, 5.777619288571669e-05, 5.7140388961093746e-05, 5.733113013848063e-05, 5.7140388961093746e-05, 5.599594189677247e-05, 5.5169396794762656e-05, 5.529655757968724e-05, 5.5487298757074126e-05, 5.4279271300290555e-05, 5.3643467375667615e-05, 5.300766345104468e-05, 5.307124384350698e-05, 5.2181118349034864e-05, 5.179963599426111e-05, 5.078234971486441e-05, 5.059160853747753e-05, 5.033728696762836e-05, 4.9510741865618536e-05, 4.925642029576937e-05, 4.912925951084478e-05, 4.849345558622185e-05, 4.7158267344513685e-05, 4.7158267344513685e-05, 4.690394577466451e-05, 4.6395302634966165e-05, 4.525085557064489e-05, 4.525085557064489e-05, 4.506011439325801e-05, 4.429714968371049e-05, 4.385208693647443e-05, 4.3343443796776084e-05, 4.2898381049540034e-05, 4.21989967324548e-05, 4.181751437768104e-05, 4.1308871237982696e-05, 4.0990969275671226e-05, 4.080022809828435e-05, 3.921071828672701e-05, 3.9401459464113895e-05, 3.844775357717949e-05, 3.921071828672701e-05, 3.755762808270738e-05, 3.774836926009426e-05, 3.711256533547133e-05, 3.730330651285821e-05, 3.5650216308838584e-05, 3.584095748622546e-05, 3.45057692445173e-05, 3.488725159929106e-05, 3.3806384927432066e-05, 3.399712610481895e-05, 3.3043420217884546e-05, 3.266193786311079e-05, 3.234403590079932e-05, 3.0690945696779695e-05, 3.081810648170428e-05, 3.1072428051553455e-05, 3.030946334200593e-05, 2.916501627768465e-05, 2.9355757455071534e-05, 2.8910694707835477e-05, 2.8465631960599424e-05, 2.7575506466127313e-05, 2.7321184896278143e-05, 2.6812541756579793e-05, 2.6431059401806036e-05, 2.6113157439494566e-05, 2.541377312240934e-05, 2.4905129982710996e-05, 2.4523647627937235e-05, 2.4015004488238885e-05, 2.3124878993766778e-05, 2.3315620171153658e-05, 2.2679816246530725e-05, 2.1916851536983204e-05, 2.128104761236027e-05, 2.0899565257586507e-05, 2.0518082902812747e-05, 2.020018094050128e-05, 1.9755118193265227e-05, 1.937363583849147e-05, 1.8610671128943946e-05, 1.7974867204321012e-05, 1.778412602693413e-05, 1.752980445708496e-05, 1.6830420139999732e-05, 1.6321777000301385e-05, 1.5813133860603035e-05, 1.5113749543517808e-05, 1.5113749543517808e-05, 1.4287204441507994e-05, 1.4287204441507994e-05, 1.365140051688506e-05, 1.3397078947035885e-05, 1.2379792667639192e-05, 1.2506953452563778e-05, 1.1680408350553965e-05, 1.1998310312865431e-05, 1.0408800501308096e-05, 1.0027318146534337e-05, 1.0090898538996629e-05, 1.0281639716383509e-05, 9.264353436986814e-06, 8.819290689750762e-06, 8.437808334977002e-06, 7.4841024480425994e-06, 7.611263232967187e-06, 6.784718130957372e-06, 6.021753421409851e-06, 5.576690674173798e-06, 5.576690674173798e-06, 4.813725964626277e-06, 4.750145572163983e-06, 4.241502432465636e-06, 3.5421181153804085e-06, 2.5884122284460073e-06, 3.0334749756820612e-06, 2.397671051059127e-06, 1.9526083038230732e-06, 1.1896435942755523e-06, 1.1896435942755523e-06, 4.266788847280312e-07, 5.53839669652618e-07, -1.4554464743260947e-07, -9.085093569801304e-07, -9.085093569801304e-07, -1.0992505343670106e-06, -1.6078936740653577e-06, -2.370858383612879e-06, -2.1165368137637052e-06, -2.879501523311226e-06, -3.642466232858747e-06, -4.214689765019387e-06, -3.896787802707921e-06, -3.960368195170215e-06, -5.35913682934067e-06, -5.422717221802962e-06, -6.249262323812777e-06, -5.35913682934067e-06, -6.503583893661952e-06, -7.266548603209471e-06, -7.648030957983232e-06, -7.902352527832407e-06, -8.15667409768158e-06, -9.046799592153686e-06, -9.110379984615981e-06, -8.856058414766806e-06, -9.237540769540566e-06, -1.0000505479088088e-05, -1.0064085871550382e-05, -1.0064085871550382e-05, -1.1144952543409369e-05, -1.1590015290645424e-05, -1.2098658430343771e-05, -1.1971497645419184e-05, -1.203507803788148e-05, -1.3688168241901107e-05, -1.3815329026825693e-05, -1.3751748634363402e-05, -1.3433846672051933e-05, -1.489619569868468e-05, -1.4769034913760095e-05, -1.5150517268533856e-05, -1.5659160408232203e-05, -1.5913481978081376e-05, -1.66764466876289e-05, -1.6994348649940363e-05, -1.7248670219789537e-05, -1.7248670219789537e-05, -1.7757313359487887e-05, -1.8202376106723937e-05, -1.8011634929337057e-05, -1.8393117284110817e-05, -1.9473983955969808e-05, -1.9410403563507514e-05, -1.9410403563507514e-05, -1.9664725133356688e-05, -2.0554850627828795e-05, -2.068201141275338e-05, -2.106349376752714e-05, -2.1381395729838612e-05, -2.106349376752714e-05, -2.125423494491402e-05, -2.1826458477074662e-05, -2.2780164364009066e-05, -2.2780164364009066e-05, -2.3034485933858236e-05, -2.2970905541395946e-05, -2.3288807503707413e-05, -2.3861031035868053e-05, -2.43696741755664e-05, -2.3861031035868053e-05, -2.4051772213254933e-05, -2.494189770772704e-05, -2.5577701632349974e-05, -2.5259799670038507e-05, -2.6022764379586027e-05, -2.62770859494352e-05, -2.62770859494352e-05, -2.6340666341897494e-05, -2.665856830420896e-05, -2.742153301375648e-05, -2.704005065898272e-05, -2.7294372228831898e-05, -2.742153301375648e-05, -2.8375238900690885e-05, -2.780301536853024e-05, -2.894746243285153e-05, -2.869314086300235e-05, -2.9138203610238405e-05, -2.939252518008758e-05, -2.9583266357474462e-05, -3.0409811459484276e-05, -2.9837587927323632e-05, -3.0091909497172806e-05, -3.01554898896351e-05, -3.0346231067021982e-05, -3.0346231067021982e-05, -3.129993695395638e-05, -3.136351734641868e-05, -3.149067813134326e-05, -3.219006244842849e-05, -3.1935740878579316e-05, -3.225364284089078e-05, -3.238080362581537e-05, -3.231722323335308e-05, -3.295302715797601e-05, -3.2762285980589134e-05, -3.2889446765513713e-05, -3.3970313437372704e-05, -3.30801879429006e-05, -3.371599186752353e-05, -3.3143768335362894e-05, -3.454253696953335e-05, -3.409747422229729e-05, -3.4351795792146464e-05, -3.416105461475959e-05, -3.4033893829834994e-05, -3.49875997167694e-05, -3.4669697754457934e-05, -3.454253696953335e-05, -3.4669697754457934e-05, -3.543266246400545e-05, -3.517834089415628e-05, -3.543266246400545e-05, -3.549624285646775e-05, -3.625920756601527e-05, -3.6513529135864445e-05, -3.600488599616609e-05, -3.59413056037038e-05, -3.683143109817591e-05, -3.664068992078903e-05, -3.6195627173552975e-05, -3.676785070571361e-05, -3.7340074237874256e-05, -3.708575266802508e-05, -3.708575266802508e-05, -3.683143109817591e-05, -3.721291345294967e-05, -3.7340074237874256e-05, -3.7340074237874256e-05, -3.721291345294967e-05, -3.7657976200185726e-05, -3.759439580772343e-05, -3.79122977700349e-05, -3.78487173775726e-05, -3.867526247958242e-05, -3.8420940909733246e-05, -3.79122977700349e-05, -3.746723502279884e-05, -3.823019973234637e-05, -3.8039458554959486e-05, -3.8420940909733246e-05, -3.797587816249719e-05, -3.823019973234637e-05, -3.8039458554959486e-05, -3.829378012480866e-05, -3.823019973234637e-05, -3.8420940909733246e-05, -3.899316444189388e-05, -3.8484521302195536e-05, -3.8484521302195536e-05, -3.823019973234637e-05, -3.8866003656969296e-05, -3.823019973234637e-05, -3.8039458554959486e-05, -3.8548101694657826e-05, -3.861168208712012e-05, -3.829378012480866e-05, -3.829378012480866e-05, -3.8039458554959486e-05, -3.867526247958242e-05, -3.867526247958242e-05, -3.861168208712012e-05, -3.8484521302195536e-05, -3.8420940909733246e-05, -3.829378012480866e-05, -3.867526247958242e-05, -3.8420940909733246e-05, -3.8484521302195536e-05, -3.823019973234637e-05, -3.797587816249719e-05, -3.8039458554959486e-05, -3.78487173775726e-05, -3.829378012480866e-05, -3.829378012480866e-05, -3.823019973234637e-05, -3.8166619339884066e-05, -3.797587816249719e-05, -3.899316444189388e-05, -3.797587816249719e-05, -3.835736051727095e-05, -3.79122977700349e-05, -3.746723502279884e-05, -3.7785136985110306e-05, -3.78487173775726e-05, -3.708575266802508e-05, -3.753081541526114e-05, -3.714933306048737e-05, -3.7340074237874256e-05, -3.7022172275562785e-05, -3.7022172275562785e-05, -3.676785070571361e-05, -3.6895011490638205e-05, -3.683143109817591e-05, -3.683143109817591e-05, -3.7022172275562785e-05, -3.632278795847756e-05, -3.613204678109068e-05, -3.5814144818779215e-05, -3.606846638862839e-05, -3.562340364139233e-05, -3.600488599616609e-05, -3.536908207154316e-05, -3.505118010923169e-05, -3.505118010923169e-05, -3.524192128661857e-05, -3.4733278146920224e-05, -3.49875997167694e-05, -3.517834089415628e-05, -3.4733278146920224e-05, -3.422463500722188e-05, -3.422463500722188e-05, -3.4288215399684174e-05, -3.409747422229729e-05, -3.384315265244812e-05, -3.3525250690136654e-05, -3.3143768335362894e-05, -3.371599186752353e-05, -3.295302715797601e-05, -3.2889446765513713e-05, -3.263512519566454e-05, -3.269870558812684e-05, -3.269870558812684e-05, -3.199932127104161e-05, -3.129993695395638e-05, -3.219006244842849e-05, -3.136351734641868e-05, -3.129993695395638e-05, -3.0918454599182616e-05, -3.1172776169031796e-05, -3.066413302933345e-05, -3.0918454599182616e-05, -2.9901168319785926e-05, -3.072771342179574e-05, -3.0028329104710516e-05, -2.9646846749936755e-05, -2.9201784002700695e-05, -2.9328944787625285e-05, -2.9074623217776112e-05, -2.8438819293153178e-05, -2.8248078115766298e-05, -2.7993756545917125e-05, -2.780301536853024e-05, -2.7993756545917125e-05, -2.716721144390731e-05, -2.697647026652043e-05, -2.697647026652043e-05, -2.6404246734359787e-05, -2.665856830420896e-05, -2.608634477204832e-05, -2.6340666341897494e-05, -2.5895603594661444e-05, -2.53233800625008e-05, -2.4433254568028693e-05, -2.5005478100189333e-05, -2.456041535295328e-05, -2.4242513390641813e-05, -2.3861031035868053e-05, -2.360670946601888e-05, -2.3479548681094293e-05, -2.3034485933858236e-05, -2.227152122431072e-05, -2.265300357908448e-05, -2.2207940831848425e-05, -2.189003886953696e-05, -2.1508556514763195e-05, -2.1190654552451732e-05, -2.1444976122300902e-05, -2.0745591805215675e-05, -2.0046207488130448e-05, -2.0046207488130448e-05, -1.9601144740894394e-05, -1.9410403563507514e-05, -1.9092501601196047e-05, -1.85838584614977e-05, -1.8393117284110817e-05, -1.7757313359487887e-05, -1.7820893751950177e-05, -1.7757313359487887e-05, -1.686718786501578e-05, -1.686718786501578e-05, -1.635854472531743e-05, -1.616780354793055e-05, -1.5849901585619083e-05, -1.5659160408232203e-05, -1.4451132951448629e-05, -1.4451132951448629e-05, -1.4260391774061749e-05, -1.3815329026825693e-05, -1.3497427064514227e-05, -1.2925203532353586e-05, -1.2670881962504411e-05, -1.1907917252956891e-05, -1.2352980000192946e-05, -1.241656039265524e-05, -1.1590015290645424e-05, -1.0890630973560197e-05, -1.1017791758484784e-05, -1.0000505479088088e-05, -9.619023124314328e-06, -9.491862339389741e-06, -9.046799592153686e-06, -8.53815645245534e-06, -8.474576059993046e-06, -8.22025449014387e-06, -7.775191742907819e-06, -7.266548603209471e-06, -6.757905463511124e-06, -6.376423108737364e-06, -6.0585211464258966e-06, -5.549878006727549e-06, -5.804199576576723e-06, -4.659752512255442e-06, -4.151109372557094e-06, -3.578885840396454e-06, -3.769627017783334e-06, -3.451725055471867e-06, -2.5615995609997588e-06, -2.6251799534620525e-06, -1.798634851452238e-06, -1.6078936740653577e-06, -6.541877871309568e-07, -7.177681795932501e-07, -1.838386250802265e-08, -8.196425497031607e-08, 6.81000454577205e-07, 1.5711259490493124e-06, 1.1896435942755523e-06, 1.6982867339738994e-06, 2.397671051059127e-06, 3.224216153068941e-06, 2.5884122284460073e-06, 3.5421181153804085e-06, 3.987180862616462e-06, 4.813725964626277e-06, 4.750145572163983e-06, 5.767431851560678e-06, 5.385949496786917e-06, 6.33965538372132e-06, 6.721137738495079e-06, 6.911878915881959e-06, 7.420522055580307e-06, 8.374227942514706e-06, 8.628549512363882e-06, 8.628549512363882e-06, 9.327933829449109e-06, 1.0218059323921217e-05, 1.0345220108845804e-05, 1.0981024033468736e-05, 1.13625063882425e-05, 1.13625063882425e-05, 1.2316212275176898e-05, 1.2506953452563778e-05, 1.3587820124422765e-05, 1.3524239731960474e-05, 1.4160043656583409e-05, 1.384214169427194e-05, 1.4859427973668636e-05, 1.5622392683216155e-05, 1.6258196607839092e-05, 1.6258196607839092e-05, 1.6703259355075142e-05, 1.7466224064622666e-05, 1.7847706419396426e-05, 1.8419929951557066e-05, 1.8610671128943946e-05, 1.9119314268642293e-05, 1.943721623095376e-05, 2.0073020155576697e-05, 2.0899565257586507e-05, 2.1344628004822564e-05, 2.1217467219897974e-05, 2.185327114452091e-05, 2.2171173106832378e-05, 2.3061298601304485e-05, 2.3506361348540538e-05, 2.3633522133465125e-05, 2.420574566562577e-05, 2.4523647627937235e-05, 2.515945155256017e-05, 2.6367479009343743e-05, 2.6049577047032276e-05, 2.6748961364117503e-05, 2.744834568120273e-05, 2.7702667251051903e-05, 2.8402051568137134e-05, 2.8656373137986307e-05, 2.9228596670146944e-05, 2.9673659417383e-05, 3.0118722164619055e-05, 3.06273653043174e-05, 3.132674962140263e-05, 3.164465158371409e-05, 3.196255354602556e-05, 3.189897315356327e-05, 3.272551825557308e-05, 3.3806384927432066e-05, 3.3806384927432066e-05, 3.501441238421564e-05, 3.469651042190418e-05, 3.552305552391399e-05, 3.596811827115005e-05, 3.6794663373159864e-05, 3.673108298069757e-05, 3.781194965255656e-05, 3.768478886763197e-05, 3.8702075147028665e-05, 3.844775357717949e-05, 3.9465039856576185e-05, 3.93378790716516e-05, 4.035516535104829e-05, 4.12452908455204e-05, 4.149961241536957e-05, 4.181751437768104e-05, 4.226257712491709e-05, 4.3025541834464614e-05, 4.353418497416297e-05, 4.391566732893673e-05, 4.404282811386131e-05, 4.474221243094654e-05, 4.537801635556947e-05, 4.614098106511699e-05, 4.658604381235304e-05, 4.7094686952051395e-05, 4.7857651661598916e-05, 4.7794071269136626e-05, 4.79848124465235e-05, 4.887493794099561e-05, 4.98922242203923e-05, 5.008296539777919e-05, 5.059160853747753e-05, 5.1100251677175874e-05, 5.116383206963818e-05, 5.160889481687423e-05, 5.230827913395945e-05, 5.2499020311346334e-05, 5.332556541335615e-05, 5.389778894551679e-05, 5.389778894551679e-05, 5.4406432085215135e-05, 5.523297718722495e-05, 5.536013797214954e-05, 5.586878111184789e-05, 5.682248699878228e-05, 5.6949647783706877e-05, 5.7839773278178984e-05, 5.752187131586751e-05, 5.8284836025415034e-05, 5.86663183801888e-05, 5.9047800734962554e-05, 5.993792622943466e-05, 5.987434583697237e-05, 6.0573730154057595e-05, 6.127311447114283e-05, 6.216323996561493e-05, 6.197249878822804e-05, 6.273546349777558e-05, 6.34348478148608e-05, 6.368916938470997e-05, 6.375274977717227e-05, 6.457929487918209e-05, 6.546942037365419e-05, 6.553300076611648e-05, 6.585090272842795e-05, 6.623238508320171e-05, 6.756757332490987e-05, 6.756757332490987e-05, 6.763115371737217e-05, 6.845769881938198e-05, 6.902992235154262e-05, 6.941140470631638e-05, 6.966572627616556e-05, 7.01743694158639e-05, 7.068301255556225e-05, 7.087375373294913e-05, 7.087375373294913e-05, 7.163671844249665e-05, 7.201820079727041e-05, 7.227252236711959e-05, 7.278116550681793e-05, 7.335338903897856e-05, 7.40527733560638e-05, 7.513364002792279e-05, 7.50700596354605e-05, 7.50700596354605e-05, 7.570586356008342e-05, 7.596018512993261e-05, 7.640524787716866e-05, 7.710463219425388e-05, 7.748611454902765e-05, 7.761327533395223e-05, 7.850340082842434e-05, 7.907562436058499e-05, 7.88848831831981e-05, 7.907562436058499e-05, 7.996574985505709e-05, 8.066513417214231e-05, 8.066513417214231e-05, 8.17460008440013e-05, 8.219106359123736e-05, 8.231822437616194e-05, 8.219106359123736e-05, 8.327193026309636e-05, 8.295402830078488e-05, 8.352625183294551e-05, 8.384415379525699e-05, 8.505218125204056e-05, 8.479785968219138e-05, 8.55608243917389e-05, 8.575156556912579e-05, 8.619662831636184e-05, 8.670527145606019e-05, 8.734107538068313e-05, 8.734107538068313e-05, 8.765897734299459e-05, 8.829478126761753e-05, 8.85491028374667e-05, 8.829478126761753e-05, 8.905774597716505e-05, 8.969354990178797e-05, 8.988429107917486e-05, 8.969354990178797e-05, 9.071083618118468e-05, 9.115589892842073e-05, 9.096515775103384e-05, 9.14738008907322e-05, 9.172812246058136e-05, 9.23639263852043e-05, 9.268182834751577e-05, 9.325405187967642e-05, 9.350837344952559e-05, 9.414417737414852e-05, 9.395343619676164e-05, 9.420775776661081e-05, 9.509788326108293e-05, 9.535220483093209e-05, 9.567010679324356e-05, 9.605158914801732e-05, 9.62423303254042e-05, 9.656023228771567e-05, 9.675097346510255e-05, 9.745035778218778e-05, 9.770467935203694e-05, 9.82133224917353e-05, 9.814974209927301e-05, 9.840406366912217e-05, 9.948493034098117e-05, 9.948493034098117e-05, 9.9230608771132e-05, 9.973925191083035e-05, 0.00010043863622791557, 0.00010088369897515162, 0.00010088369897515162, 0.00010094727936761392, 0.00010120160093746308, 0.00010164666368469914, 0.00010183740486208602, 0.00010209172643193519, 0.00010260036957163355, 0.00010298185192640732, 0.00010304543231886959, 0.00010310901271133188, 0.00010342691467364335, 0.00010387197742087942, 0.00010438062056057775, 0.00010438062056057775, 0.00010482568330781381, 0.00010501642448520069, 0.00010533432644751216, 0.0001058429695872105, 0.00010533432644751216, 0.00010628803233444656, 0.00010628803233444656, 0.00010622445194198426, 0.00010673309508168262, 0.0001069874166515318, 0.00010711457743645636, 0.00010711457743645636, 0.00010762322057615474, 0.00010794112253846619, 0.0001086405068555514, 0.00010902198921032517, 0.00010857692646308913, 0.0001088948284254006, 0.00010908556960278747, 0.00010959421274248581, 0.00010997569509725958, 0.0001097213735274104, 0.000109848534312335, 0.00011023001666710874, 0.00011016643627464644, 0.00011092940098419398, 0.00011054791862942021, 0.00011099298137665627, 0.00011092940098419398, 0.00011105656176911857, 0.00011150162451635462, 0.00011188310687112837, 0.00011143804412389232, 0.00011169236569374151, 0.00011220100883343984, 0.00011239175001082672, 0.00011213742844097755, 0.00011220100883343984, 0.00011283681275806278, 0.00011251891079575131, 0.00011334545589776112, 0.00011296397354298738, 0.00011334545589776112, 0.00011334545589776112, 0.00011379051864499718, 0.00011321829511283655, 0.00011391767942992176, 0.00011423558139223323, 0.000114617063747007, 0.00011455348335454469, 0.00011487138531685616, 0.00011493496570931846, 0.00011512570688670536, 0.00011544360884901682, 0.00011506212649424306, 0.00011518928727916763, 0.0001155707696339414, 0.00011544360884901682, 0.00011499854610178075, 0.00011582509120379057, 0.00011582509120379057, 0.0001155071892414791, 0.0001155707696339414, 0.00011607941277363976, 0.00011563435002640369, 0.00011633373434348893, 0.00011563435002640369, 0.00011627015395102663, 0.00011652447552087579, 0.00011633373434348893, 0.00011677879709072497, 0.00011652447552087579, 0.00011614299316610203, 0.00011652447552087579, 0.00011728744023042333, 0.00011677879709072497, 0.00011658805591333809, 0.00011722385983796103, 0.00011684237748318726, 0.00011703311866057414, 0.00011684237748318726, 0.00011658805591333809, 0.00011728744023042333, 0.00011703311866057414, 0.00011703311866057414, 0.00011703311866057414, 0.0001174781814078102, 0.00011735102062288561, 0.00011722385983796103, 0.00011696953826811186, 0.00011703311866057414, 0.00011722385983796103, 0.0001174781814078102, 0.00011696953826811186, 0.00011728744023042333, 0.00011722385983796103, 0.00011703311866057414, 0.00011684237748318726, 0.00011696953826811186, 0.0001174781814078102, 0.00011709669905303644, 0.00011671521669826267, 0.00011703311866057414, 0.0001174146010153479, 0.00011728744023042333, 0.00011728744023042333, 0.00011652447552087579, 0.00011677879709072497, 0.00011728744023042333, 0.00011696953826811186, 0.00011696953826811186, 0.00011633373434348893, 0.00011684237748318726, 0.00011544360884901682, 0.00011652447552087579, 0.0001164608951284135, 0.00011703311866057414, 0.00011563435002640369, 0.00011563435002640369, 0.00011588867159625287, 0.00011588867159625287, 0.00011531644806409222, 0.00011588867159625287, 0.0001155707696339414, 0.00011601583238117746, 0.00011569793041886599, 0.00011544360884901682, 0.00011538002845655452, 0.00011512570688670536, 0.00011499854610178075, 0.00011493496570931846, 0.0001146806441394693, 0.00011518928727916763, 0.00011442632256962012, 0.00011429916178469553, 0.00011404484021484636, 0.00011448990296208242, 0.00011404484021484636, 0.00011404484021484636, 0.00011359977746761029, 0.00011359977746761029, 0.00011347261668268573, 0.00011328187550529882, 0.00011277323236560049, 0.00011340903629022341, 0.00011258249118821361, 0.00011277323236560049, 0.00011239175001082672, 0.00011207384804851525, 0.00011213742844097755, 0.00011194668726359068, 0.00011143804412389232, 0.00011143804412389232, 0.00011131088333896774, 0.00011137446373143004, 0.00011099298137665627, 0.0001107386598068071, 0.00011092940098419398, 0.00011048433823695791, 0.0001097849539198727, 0.00010997569509725958, 0.00010959421274248581, 0.00010940347156509894, 0.00010927631078017434, 0.0001087040872480137, 0.0001088948284254006, 0.0001086405068555514, 0.0001086405068555514, 0.00010838618528570224, 0.0001078775421460039, 0.0001077503813610793, 0.000107686800968617, 0.0001077503813610793, 0.0001077503813610793, 0.00010654235390429573, 0.00010635161272690886, 0.00010654235390429573, 0.0001067966754741449, 0.00010577938919474823, 0.00010539790683997446, 0.00010558864801736133, 0.00010508000487766299, 0.00010444420095304006, 0.00010476210291535152, 0.00010418987938319089, 0.00010438062056057775, 0.00010374481663595482, 0.00010355407545856795, 0.00010298185192640732, 0.00010323617349625648, 0.00010298185192640732, 0.00010234604800178438, 0.00010209172643193519, 0.00010215530682439749, 0.00010177382446962372, 0.00010094727936761392, 0.00010069295779776474, 0.00010094727936761392, 0.00010031147544299098, 0.0001000571538731418, 9.980283230329264e-05, 9.954851073344347e-05, 9.954851073344347e-05, 9.884912641635823e-05, 9.884912641635823e-05, 9.776825974449924e-05, 9.795900092188612e-05, 9.764109895957465e-05, 9.681455385756484e-05, 9.71960362123386e-05, 9.675097346510255e-05, 9.61787499329419e-05, 9.554294600831898e-05, 9.560652640078126e-05, 9.52886244384698e-05, 9.509788326108293e-05, 9.420775776661081e-05, 9.414417737414852e-05, 9.439849894399769e-05, 9.325405187967642e-05, 9.280898913244035e-05, 9.255466756259118e-05, 9.293614991736495e-05, 9.191886363796825e-05, 9.15373812831945e-05, 9.109231853595843e-05, 9.045651461133551e-05, 9.071083618118468e-05, 9.013861264902404e-05, 8.994787147163716e-05, 8.95028087244011e-05, 8.95028087244011e-05, 8.797687930530606e-05, 8.842194205254212e-05, 8.835836166007982e-05, 8.810404009023065e-05, 8.689601263344707e-05, 8.695959302590936e-05, 8.645094988621102e-05, 8.626020870882413e-05, 8.54972439992766e-05, 8.530650282188974e-05, 8.486144007465368e-05, 8.441637732741763e-05, 8.428921654249304e-05, 8.339909104802093e-05, 8.301760869324717e-05, 8.308118908570946e-05, 8.2763287123398e-05, 8.206390280631277e-05, 8.149167927415213e-05, 8.111019691937837e-05, 8.098303613445378e-05, 7.996574985505709e-05, 7.996574985505709e-05, 7.952068710782104e-05, 7.856698122088664e-05, 7.88213027907358e-05, 7.818549886611287e-05, 7.780401651133912e-05, 7.735895376410307e-05, 7.710463219425388e-05, 7.653240866209324e-05, 7.678673023194241e-05, 7.551512238269654e-05, 7.545154199023426e-05, 7.424351453345069e-05, 7.487931845807362e-05, 7.39891929636015e-05, 7.386203217867692e-05, 7.297190668420481e-05, 7.30990674691294e-05, 7.246326354450646e-05, 7.195462040480812e-05, 7.131881648018518e-05, 7.106449491033602e-05, 7.081017334048684e-05, 6.979288706109014e-05, 6.966572627616556e-05, 6.947498509877868e-05, 6.877560078169346e-05, 6.82669576419951e-05, 6.782189489475904e-05, 6.73132517550607e-05, 6.693176940028694e-05, 6.6295965475664e-05, 6.591448312089024e-05, 6.578732233596566e-05, 6.508793801888042e-05, 6.426139291687062e-05, 6.394349095455915e-05, 6.368916938470997e-05, 6.34348478148608e-05, 6.267188310531328e-05, 6.216323996561493e-05, 6.159101643345429e-05, 6.108237329375594e-05, 6.063731054651989e-05, 6.031940858420842e-05, 6.019224779928384e-05, 5.9302122304811734e-05, 5.917496151988714e-05, 5.809409484802815e-05, 5.822125563295274e-05, 5.790335367064128e-05, 5.7140388961093746e-05, 5.656816542893311e-05, 5.567803993446101e-05, 5.599594189677247e-05, 5.523297718722495e-05, 5.47879144399889e-05, 5.38342085530545e-05, 5.389778894551679e-05, 5.307124384350698e-05, 5.2880502666120095e-05, 5.2626181096270914e-05, 5.19267967791857e-05, 5.129099285456276e-05, 5.059160853747753e-05, 5.0210126182703773e-05, 5.014654579024148e-05, 4.970148304300542e-05, 4.874777715607102e-05, 4.8302714408834966e-05, 4.849345558622185e-05, 4.7031106559589105e-05, 4.6776784989739925e-05, 4.620456145757929e-05, 4.6331722242503875e-05, 4.544159674803177e-05, 4.506011439325801e-05, 4.404282811386131e-05, 4.391566732893673e-05, 4.366134575908755e-05, 4.3025541834464614e-05, 4.207183594753021e-05, 4.1753933985218746e-05, 4.232615751737939e-05, 4.149961241536957e-05, 4.035516535104829e-05, 4.003726338873682e-05, 3.997368299627453e-05, 3.876565553949096e-05, 3.889281632441554e-05, 3.800269082994344e-05, 3.768478886763197e-05, 3.666750258823528e-05, 3.6413181018386104e-05, 3.628602023346152e-05, 3.6158859448536924e-05, 3.5395894738989403e-05, 3.4442188852055006e-05, 3.3806384927432066e-05, 3.361564375004519e-05, 3.348848296512061e-05, 3.278909864803538e-05, 3.234403590079932e-05, 3.151749079878951e-05, 3.132674962140263e-05, 3.0500204519392815e-05, 2.986440059476988e-05, 3.0118722164619055e-05, 2.9292177062609237e-05, 2.9292177062609237e-05, 2.8147729998287957e-05, 2.795698882090108e-05, 2.7321184896278143e-05, 2.706686332642897e-05, 2.630389861688145e-05, 2.6113157439494566e-05, 2.5477353514871632e-05, 2.541377312240934e-05, 2.426932605808806e-05, 2.420574566562577e-05, 2.3951424095776592e-05, 2.2934137816379898e-05, 2.2870557423917605e-05, 2.1916851536983204e-05, 2.166252996713403e-05, 2.0518082902812747e-05, 2.0073020155576697e-05, 2.0327341725425867e-05, 1.962795740834064e-05, 1.9119314268642293e-05, 1.886499269879312e-05, 1.8229188774170186e-05, 1.791128681185872e-05, 1.7402643672160372e-05, 1.6576098570150555e-05, 1.6385357392763675e-05, 1.6003875037989915e-05, 1.5113749543517808e-05, 1.5113749543517808e-05, 1.4859427973668636e-05, 1.3714980909347354e-05, 1.3778561301809646e-05, 1.3015596592262127e-05, 1.2634114237488367e-05, 1.2824855414875247e-05, 1.174398874301626e-05, 1.1426086780704791e-05, 1.0726702463619564e-05, 1.0917443641006444e-05, 9.582255399298282e-06, 9.391514221911402e-06, 9.010031867137642e-06, 9.264353436986814e-06, 8.119906372665535e-06, 7.5476828405048945e-06, 7.611263232967187e-06, 6.784718130957372e-06, 6.33965538372132e-06, 5.894592636485265e-06, 5.5131102817115036e-06, 5.449529889249211e-06, 4.241502432465636e-06, 4.241502432465636e-06, 3.9236004701541695e-06, 3.9236004701541695e-06, 3.5421181153804085e-06, 2.27051026613454e-06, 1.5711259490493124e-06, 1.9526083038230732e-06, 1.6347063415116058e-06, 4.902592771903246e-07, 6.81000454577205e-07, -1.838386250802265e-08, -1.4554464743260947e-07, -1.289991711753891e-06, -1.3535721042161843e-06, -1.6078936740653577e-06, -2.370858383612879e-06, -2.6251799534620525e-06, -3.1974034856226932e-06, -3.896787802707921e-06, -3.7060466253210405e-06, -4.405430942406268e-06, -4.723332904717735e-06, -5.35913682934067e-06, -4.659752512255442e-06, -6.0585211464258966e-06, -5.994940753963603e-06, -6.757905463511124e-06, -6.9486466408980045e-06, -7.520870173058644e-06, -8.093093705219286e-06, -7.83877213537011e-06, -8.474576059993046e-06, -9.301121162002861e-06, -9.555442731852033e-06, -9.873344694163502e-06, -1.0254827048937262e-05, -1.0254827048937262e-05, -1.0763470188635609e-05, -1.0954211366022489e-05, -1.171717607557001e-05, -1.1272113328333956e-05, -1.2352980000192946e-05, -1.2352980000192946e-05, -1.3243105494665053e-05, -1.3433846672051933e-05, -1.4006070204212573e-05, -1.4196811381599454e-05, -1.4451132951448629e-05, -1.432397216652404e-05, -1.5277678053458442e-05, -1.5659160408232203e-05, -1.5849901585619083e-05, -1.635854472531743e-05, -1.6803607472553483e-05, -1.6994348649940363e-05, -1.7248670219789537e-05, -1.769373296702559e-05, -1.7630152574563297e-05, -1.8456697676573114e-05, -1.8711019246422284e-05, -1.8456697676573114e-05, -1.934682317104522e-05, -2.0046207488130448e-05, -1.9982627095668154e-05, -1.991904670320586e-05, -2.099991337506485e-05, -2.04912702353665e-05, -2.1635717299687782e-05, -2.0936332982602555e-05, -2.214436043938613e-05, -2.208078004692384e-05, -2.252584279415989e-05, -2.214436043938613e-05, -2.3225227111245116e-05, -2.3733870250943466e-05, -2.3225227111245116e-05, -2.3861031035868053e-05, -2.4051772213254933e-05, -2.4433254568028693e-05, -2.4751156530340163e-05, -2.494189770772704e-05, -2.5768442809736857e-05, -2.5641282024812267e-05, -2.5768442809736857e-05, -2.583202320219915e-05, -2.6404246734359787e-05, -2.704005065898272e-05, -2.6722148696671254e-05, -2.6785729089133547e-05, -2.697647026652043e-05, -2.780301536853024e-05, -2.8248078115766298e-05, -2.7739434976067948e-05, -2.8438819293153178e-05, -2.8629560470540058e-05, -2.894746243285153e-05, -2.8438819293153178e-05, -2.9646846749936755e-05, -2.9646846749936755e-05, -2.9837587927323632e-05, -2.939252518008758e-05, -3.0028329104710516e-05, -3.01554898896351e-05, -3.060055263687115e-05, -3.0409811459484276e-05, -3.0791293814258036e-05, -3.142709773888097e-05, -3.1236356561494086e-05, -3.231722323335308e-05, -3.174499970119244e-05, -3.21264820559662e-05, -3.244438401827766e-05, -3.231722323335308e-05, -3.263512519566454e-05, -3.3143768335362894e-05, -3.30801879429006e-05, -3.3207348727825184e-05, -3.333450951274977e-05, -3.377957225998583e-05, -3.4033893829834994e-05, -3.384315265244812e-05, -3.384315265244812e-05, -3.409747422229729e-05, -3.447895657707105e-05, -3.479685853938252e-05, -3.441537618460876e-05, -3.543266246400545e-05, -3.505118010923169e-05, -3.562340364139233e-05, -3.479685853938252e-05, -3.543266246400545e-05, -3.5814144818779215e-05, -3.587772521124151e-05, -3.5814144818779215e-05, -3.575056442631692e-05, -3.632278795847756e-05, -3.676785070571361e-05, -3.613204678109068e-05, -3.613204678109068e-05, -3.683143109817591e-05, -3.6895011490638205e-05, -3.6577109528326735e-05, -3.6895011490638205e-05, -3.714933306048737e-05, -3.721291345294967e-05, -3.759439580772343e-05, -3.708575266802508e-05, -3.7721556592648016e-05, -3.753081541526114e-05, -3.8103038947421776e-05, -3.7657976200185726e-05, -3.797587816249719e-05, -3.823019973234637e-05, -3.8039458554959486e-05, -3.759439580772343e-05, -3.8166619339884066e-05, -3.8166619339884066e-05, -3.79122977700349e-05, -3.797587816249719e-05, -3.8484521302195536e-05, -3.8039458554959486e-05, -3.7785136985110306e-05, -3.8548101694657826e-05, -3.8484521302195536e-05, -3.867526247958242e-05, -3.8548101694657826e-05, -3.829378012480866e-05, -3.892958404943159e-05, -3.8484521302195536e-05, -3.892958404943159e-05, -3.892958404943159e-05, -3.931106640420535e-05, -3.861168208712012e-05, -3.8103038947421776e-05, -3.873884287204471e-05, -3.873884287204471e-05, -3.835736051727095e-05, -3.829378012480866e-05, -3.835736051727095e-05, -3.8420940909733246e-05, -3.8484521302195536e-05, -3.867526247958242e-05, -3.8548101694657826e-05, -3.8420940909733246e-05, -3.8866003656969296e-05, -3.8548101694657826e-05, -3.8039458554959486e-05, -3.8420940909733246e-05, -3.861168208712012e-05, -3.7721556592648016e-05, -3.8039458554959486e-05, -3.861168208712012e-05, -3.8166619339884066e-05, -3.79122977700349e-05, -3.7785136985110306e-05, -3.7721556592648016e-05, -3.79122977700349e-05, -3.78487173775726e-05, -3.759439580772343e-05, -3.823019973234637e-05, -3.78487173775726e-05, -3.7785136985110306e-05, -3.7276493845411966e-05, -3.753081541526114e-05, -3.753081541526114e-05, -3.753081541526114e-05, -3.753081541526114e-05, -3.644994874340215e-05, -3.7403654630336545e-05, -3.753081541526114e-05, -3.6513529135864445e-05, -3.644994874340215e-05, -3.746723502279884e-05, -3.6577109528326735e-05, -3.613204678109068e-05, -3.613204678109068e-05, -3.6577109528326735e-05, -3.59413056037038e-05, -3.5814144818779215e-05, -3.575056442631692e-05, -3.606846638862839e-05, -3.517834089415628e-05, -3.543266246400545e-05, -3.4733278146920224e-05, -3.530550167908087e-05, -3.492401932430711e-05, -3.49875997167694e-05, -3.422463500722188e-05, -3.422463500722188e-05, -3.4733278146920224e-05, -3.4033893829834994e-05, -3.371599186752353e-05, -3.384315265244812e-05, -3.384315265244812e-05, -3.3652411475061234e-05, -3.30801879429006e-05, -3.30801879429006e-05, -3.295302715797601e-05, -3.30166075504383e-05, -3.244438401827766e-05, -3.199932127104161e-05, -3.263512519566454e-05, -3.231722323335308e-05, -3.1935740878579316e-05, -3.072771342179574e-05, -3.0918454599182616e-05, -3.1236356561494086e-05, -3.0854874206720326e-05, -3.0536972244408856e-05, -3.01554898896351e-05, -3.0791293814258036e-05, -2.9964748712248222e-05, -2.9456105572549872e-05, -2.9901168319785926e-05, -2.9328944787625285e-05, -2.9519685965012165e-05, -2.9201784002700695e-05, -2.869314086300235e-05, -2.8438819293153178e-05, -2.8502399685615468e-05, -2.7993756545917125e-05, -2.780301536853024e-05, -2.7675854583605658e-05, -2.704005065898272e-05, -2.716721144390731e-05, -2.6340666341897494e-05, -2.6340666341897494e-05, -2.6022764379586027e-05, -2.583202320219915e-05, -2.608634477204832e-05, -2.506905849265163e-05, -2.494189770772704e-05, -2.4623995745415573e-05, -2.4687576137877863e-05, -2.4051772213254933e-05, -2.398819182079264e-05, -2.379745064340576e-05, -2.3288807503707413e-05, -2.2589423186622186e-05, -2.2589423186622186e-05, -2.2207940831848425e-05, -2.233510161677301e-05, -2.189003886953696e-05, -2.1317815337376315e-05, -2.1444976122300902e-05, -2.0554850627828795e-05, -2.0745591805215675e-05, -2.0427689842904208e-05, -2.0364109450441915e-05, -2.0046207488130448e-05, -1.9473983955969808e-05, -1.85838584614977e-05, -1.8838180031346874e-05, -1.8329536891648527e-05, -1.85838584614977e-05, -1.7630152574563297e-05, -1.7630152574563297e-05, -1.6994348649940363e-05, -1.6612866295166603e-05, -1.6294964332855136e-05, -1.6294964332855136e-05, -1.5659160408232203e-05, -1.5531999623307616e-05, -1.4959776091146976e-05, -1.4641874128835509e-05, -1.3942489811750282e-05, -1.413323098913716e-05, -1.3497427064514227e-05, -1.3052364317278173e-05, -1.2734462354966706e-05, -1.3052364317278173e-05, -1.2352980000192946e-05, -1.1844336860494596e-05, -1.1399274113258544e-05, -1.1081372150947075e-05, -1.0954211366022489e-05, -1.0064085871550382e-05, -1.0000505479088088e-05, -9.746183909238913e-06, -9.364701554465153e-06, -8.665317237379926e-06, -8.22025449014387e-06, -8.15667409768158e-06, -7.775191742907819e-06, -7.266548603209471e-06, -6.12210153888819e-06, -6.0585211464258966e-06, -6.312842716275069e-06, -5.422717221802962e-06, -5.104815259491495e-06, -4.469011334868561e-06, -4.405430942406268e-06, -4.214689765019387e-06, -3.0702427006981065e-06, -2.9430819157735194e-06, -3.2609838780849866e-06, -2.8159211308489326e-06, -1.8622152439145316e-06, -1.1628309268293042e-06, -1.1628309268293042e-06, -4.6344660974407653e-07, -8.196425497031607e-08, 9.353220244263785e-07, 1.7235731487885758e-07, 1.3803847716624324e-06, 1.1260632018132587e-06, 2.1433494812099533e-06, 2.27051026613454e-06, 2.524831835983714e-06, 3.2877965455312347e-06, 4.114341647541049e-06, 3.7328592927672886e-06, 4.241502432465636e-06, 4.559404394777103e-06, 5.576690674173798e-06, 5.640271066636091e-06, 6.0853338138721455e-06, 6.721137738495079e-06, 6.784718130957372e-06, 7.4841024480425994e-06, 8.119906372665535e-06, 8.628549512363882e-06, 8.692129904826175e-06, 9.455094614373697e-06, 9.582255399298282e-06, 1.0281639716383509e-05, 1.0726702463619564e-05, 1.1616827958091671e-05, 1.1680408350553965e-05, 1.1616827958091671e-05, 1.3015596592262127e-05, 1.2824855414875247e-05, 1.365140051688506e-05, 1.403288287165882e-05, 1.454152601135717e-05, 1.4668686796281753e-05, 1.5622392683216155e-05, 1.5685973075678448e-05, 1.6321777000301385e-05, 1.695758092492432e-05, 1.7211902494773492e-05, 1.772054563447184e-05, 1.791128681185872e-05, 1.867425152140624e-05, 1.905573387618e-05, 1.9500796623416053e-05, 1.962795740834064e-05, 2.0772404472661924e-05, 2.0708824080199627e-05, 2.128104761236027e-05, 2.1916851536983204e-05, 2.2298333891756964e-05, 2.2934137816379898e-05, 2.356994174100283e-05, 2.3633522133465125e-05, 2.407858488070118e-05, 2.5223031945022462e-05, 2.5668094692258516e-05, 2.6049577047032276e-05, 2.6431059401806036e-05, 2.630389861688145e-05, 2.706686332642897e-05, 2.8147729998287957e-05, 2.821131039075025e-05, 2.878353392291089e-05, 2.9228596670146944e-05, 2.9991561379694464e-05, 2.9991561379694464e-05, 3.0690945696779695e-05, 3.100884765909116e-05, 3.189897315356327e-05, 3.234403590079932e-05, 3.2598357470648496e-05, 3.310700061034684e-05, 3.386996531989437e-05, 3.476009081436647e-05, 3.469651042190418e-05, 3.520515356160253e-05, 3.5650216308838584e-05, 3.660392219577298e-05, 3.622243984099922e-05, 3.749404769024509e-05, 3.711256533547133e-05, 3.774836926009426e-05, 3.825701239979261e-05, 3.8702075147028665e-05, 3.959220064150077e-05, 3.9910102603812235e-05, 4.080022809828435e-05, 4.0673067313359756e-05, 4.1690353592756456e-05, 4.194467516260563e-05, 4.2580479087228563e-05, 4.270763987215315e-05, 4.3788506544012134e-05, 4.397924772139902e-05, 4.436073007617278e-05, 4.480579282340883e-05, 4.544159674803177e-05, 4.5950239887730115e-05, 4.658604381235304e-05, 4.6649624204815345e-05, 4.684036538220222e-05, 4.773049087667433e-05, 4.849345558622185e-05, 4.881135754853332e-05, 4.919283990330707e-05, 4.9828643827930007e-05, 5.084593010732671e-05, 5.0973090892251294e-05, 5.122741246210046e-05, 5.1736055601798814e-05, 5.199037717164798e-05, 5.256260070380863e-05, 5.28169222736578e-05, 5.37706281605922e-05, 5.453359287013972e-05, 5.485149483245119e-05, 5.542371836461183e-05, 5.574162032692329e-05, 5.6186683074159356e-05, 5.688606739124458e-05, 5.682248699878228e-05, 5.7140388961093746e-05, 5.822125563295274e-05, 5.85391575952642e-05, 5.9047800734962554e-05, 5.917496151988714e-05, 5.987434583697237e-05, 6.044656936913301e-05, 6.095521250883136e-05, 6.108237329375594e-05, 6.197249878822804e-05, 6.24175615354641e-05, 6.286262428270017e-05, 6.298978506762475e-05, 6.34348478148608e-05, 6.419781252440832e-05, 6.477003605656896e-05, 6.489719684149356e-05, 6.508793801888042e-05, 6.559658115857878e-05, 6.661386743797547e-05, 6.73132517550607e-05, 6.674102822290005e-05, 6.788547528722134e-05, 6.858485960430656e-05, 6.839411842691969e-05, 6.92206635289295e-05, 6.941140470631638e-05, 6.985646745355243e-05, 7.042869098571308e-05, 7.068301255556225e-05, 7.138239687264747e-05, 7.150955765757207e-05, 7.233610275958188e-05, 7.278116550681793e-05, 7.290832629174251e-05, 7.367129100129003e-05, 7.487931845807362e-05, 7.443425571083755e-05, 7.532438120530967e-05, 7.557870277515884e-05, 7.615092630731949e-05, 7.596018512993261e-05, 7.78675969038014e-05, 7.748611454902765e-05, 7.69774714093293e-05, 7.812191847365058e-05, 7.850340082842434e-05, 7.894846357566039e-05, 7.856698122088664e-05, 7.964784789274562e-05, 7.939352632289646e-05, 8.066513417214231e-05, 8.047439299475543e-05, 8.17460008440013e-05, 8.225464398369965e-05, 8.206390280631277e-05, 8.244538516108654e-05, 8.365341261787011e-05, 8.314476947817175e-05, 8.409847536510616e-05, 8.37169930103324e-05, 8.46071185048045e-05, 8.486144007465368e-05, 8.524292242942745e-05, 8.600588713897497e-05, 8.619662831636184e-05, 8.626020870882413e-05, 8.721391459575854e-05, 8.702317341837166e-05, 8.810404009023065e-05, 8.804045969776835e-05, 8.842194205254212e-05, 8.84855224450044e-05, 8.95663891168634e-05, 8.962996950932569e-05, 9.064725578872237e-05, 8.975713029425027e-05, 9.020219304148632e-05, 9.071083618118468e-05, 9.115589892842073e-05, 9.179170285304366e-05, 9.223676560027971e-05, 9.223676560027971e-05, 9.280898913244035e-05, 9.280898913244035e-05, 9.363553423445017e-05, 9.414417737414852e-05, 9.446207933645999e-05, 9.465282051384688e-05, 9.465282051384688e-05, 9.509788326108293e-05, 9.605158914801732e-05, 9.598800875555503e-05, 9.649665189525337e-05, 9.63694911103288e-05, 9.694171464248942e-05, 9.72596166048009e-05, 9.814974209927301e-05, 9.814974209927301e-05, 9.834048327665987e-05, 9.884912641635823e-05, 9.884912641635823e-05, 9.865838523897134e-05, 9.986641269575494e-05, 0.00010050221662037787, 9.980283230329264e-05, 0.00010024789505052868, 0.00010094727936761392, 0.00010164666368469914, 0.00010132876172238768, 0.00010158308329223684, 0.00010221888721685978, 0.00010260036957163355, 0.00010209172643193519, 0.00010285469114148271, 0.00010329975388871877, 0.00010323617349625648, 0.00010387197742087942, 0.00010349049506610565, 0.00010425345977565316, 0.00010438062056057775, 0.00010469852252288922, 0.00010469852252288922, 0.00010539790683997446, 0.00010565222840982363, 0.00010565222840982363, 0.0001060972911570597, 0.00010628803233444656, 0.00010666951468922033, 0.00010635161272690886, 0.00010673309508168262, 0.00010717815782891867, 0.00010717815782891867, 0.0001078775421460039, 0.00010825902450077766, 0.00010819544410831537, 0.0001086405068555514, 0.0001088312480329383, 0.0001088948284254006, 0.0001088948284254006, 0.00010927631078017434, 0.00010997569509725958, 0.00011029359705957104, 0.0001097849539198727, 0.0001097213735274104, 0.0001106750794143448, 0.00011042075784449564, 0.00011080224019926938, 0.00011029359705957104, 0.00011099298137665627, 0.00011124730294650545, 0.00011169236569374151, 0.00011181952647866608, 0.00011169236569374151, 0.00011194668726359068, 0.00011194668726359068, 0.00011213742844097755, 0.00011277323236560049, 0.00011283681275806278, 0.00011283681275806278, 0.00011309113432791196, 0.00011277323236560049, 0.00011321829511283655, 0.00011321829511283655, 0.00011347261668268573, 0.00011423558139223323, 0.00011372693825253489, 0.00011423558139223323, 0.00011455348335454469, 0.00011512570688670536, 0.00011423558139223323, 0.000114617063747007, 0.00011487138531685616, 0.00011487138531685616, 0.00011487138531685616, 0.00011512570688670536, 0.0001155707696339414, 0.00011531644806409222, 0.00011493496570931846, 0.00011518928727916763, 0.00011563435002640369, 0.00011538002845655452, 0.00011544360884901682, 0.00011506212649424306, 0.00011563435002640369, 0.0001164608951284135, 0.00011627015395102663, 0.00011601583238117746, 0.00011588867159625287, 0.00011658805591333809, 0.00011633373434348893, 0.0001164608951284135, 0.00011652447552087579, 0.00011658805591333809, 0.00011658805591333809, 0.00011671521669826267, 0.00011671521669826267, 0.00011684237748318726, 0.00011703311866057414, 0.00011658805591333809, 0.00011677879709072497, 0.00011709669905303644, 0.0001176053421927348, 0.00011671521669826267, 0.00011722385983796103, 0.00011696953826811186, 0.00011728744023042333, 0.00011633373434348893, 0.00011677879709072497, 0.00011696953826811186, 0.00011722385983796103, 0.00011703311866057414, 0.00011696953826811186, 0.00011722385983796103, 0.00011703311866057414, 0.00011658805591333809, 0.0001164608951284135, 0.00011696953826811186, 0.00011696953826811186, 0.0001174146010153479, 0.00011703311866057414, 0.00011722385983796103, 0.00011703311866057414, 0.00011728744023042333, 0.00011658805591333809, 0.00011703311866057414, 0.00011709669905303644, 0.00011671521669826267, 0.00011677879709072497, 0.00011671521669826267, 0.00011696953826811186, 0.0001166516363058004, 0.00011671521669826267, 0.00011588867159625287, 0.0001166516363058004, 0.00011633373434348893, 0.0001166516363058004, 0.0001163973147359512, 0.00011633373434348893, 0.00011601583238117746, 0.00011607941277363976, 0.00011582509120379057, 0.00011563435002640369, 0.00011563435002640369, 0.00011512570688670536, 0.00011582509120379057, 0.00011544360884901682, 0.00011525286767162993, 0.00011506212649424306, 0.00011487138531685616, 0.00011480780492439389, 0.00011493496570931846, 0.00011480780492439389, 0.00011442632256962012, 0.00011404484021484636, 0.00011474422453193159, 0.00011423558139223323, 0.0001146806441394693, 0.00011366335786007259, 0.00011385409903745948, 0.00011321829511283655, 0.00011366335786007259, 0.00011359977746761029, 0.00011347261668268573, 0.00011296397354298738, 0.00011347261668268573, 0.00011283681275806278, 0.00011277323236560049, 0.00011226458922590214, 0.00011181952647866608, 0.00011188310687112837, 0.00011143804412389232, 0.00011188310687112837, 0.00011156520490881692, 0.00011124730294650545, 0.00011143804412389232, 0.00011105656176911857, 0.00011061149902188251, 0.00011092940098419398, 0.00011048433823695791, 0.00011048433823695791, 0.00010940347156509894, 0.00010991211470479728, 0.00011016643627464644, 0.00010953063235002353, 0.00010927631078017434, 0.00010927631078017434, 0.00010927631078017434, 0.00010825902450077766, 0.00010800470293092848, 0.00010813186371585307, 0.000107686800968617, 0.0001077503813610793, 0.00010743247939876783, 0.0001069238362590695, 0.00010749605979123013, 0.00010724173822138097, 0.00010654235390429573, 0.0001058429695872105, 0.00010590654997967279, 0.00010558864801736133, 0.00010533432644751216, 0.00010508000487766299, 0.00010469852252288922, 0.00010539790683997446, 0.00010368123624349253, 0.00010393555781334169, 0.00010374481663595482, 0.00010374481663595482, 0.00010304543231886959, 0.00010253678917917125, 0.00010260036957163355, 0.00010279111074902041, 0.00010266394996409585, 0.00010190098525454831, 0.00010158308329223684, 0.00010164666368469914, 0.00010107444015253851, 0.00010043863622791557, 0.00010018431465806641, 0.00010024789505052868, 9.986641269575494e-05, 9.942134994851888e-05, 9.942134994851888e-05, 9.884912641635823e-05, 9.865838523897134e-05, 9.789542052942383e-05, 9.71960362123386e-05, 9.71960362123386e-05, 9.732319699726319e-05, 9.675097346510255e-05, 9.643307150279108e-05, 9.62423303254042e-05, 9.598800875555503e-05, 9.535220483093209e-05, 9.535220483093209e-05, 9.446207933645999e-05, 9.490714208369604e-05, 9.408059698168622e-05, 9.293614991736495e-05, 9.325405187967642e-05, 9.325405187967642e-05, 9.280898913244035e-05, 9.204602442289283e-05, 9.160096167565678e-05, 9.15373812831945e-05, 9.096515775103384e-05, 9.109231853595843e-05, 9.096515775103384e-05, 9.039293421887321e-05, 8.988429107917486e-05, 8.931206754701422e-05, 8.873984401485358e-05, 8.880342440731587e-05, 8.816762048269293e-05, 8.784971852038146e-05, 8.721391459575854e-05, 8.695959302590936e-05, 8.695959302590936e-05, 8.651453027867331e-05, 8.626020870882413e-05, 8.530650282188974e-05, 8.54972439992766e-05, 8.530650282188974e-05, 8.492502046711598e-05, 8.422563615003075e-05, 8.37169930103324e-05, 8.37169930103324e-05, 8.314476947817175e-05, 8.26997067309357e-05, 8.225464398369965e-05, 8.18731616289259e-05, 8.117377731184066e-05, 8.066513417214231e-05, 8.022007142490626e-05, 7.996574985505709e-05, 7.971142828520791e-05, 7.901204396812269e-05, 7.926636553797186e-05, 7.837624004349975e-05, 7.78675969038014e-05, 7.767685572641453e-05, 7.723179297917846e-05, 7.672314983948013e-05, 7.646882826963094e-05, 7.602376552239489e-05, 7.615092630731949e-05, 7.456141649576215e-05, 7.430709492591297e-05, 7.437067531837527e-05, 7.290832629174251e-05, 7.284474589928023e-05, 7.265400472189335e-05, 7.220894197465729e-05, 7.227252236711959e-05, 7.081017334048684e-05, 7.049227137817537e-05, 7.061943216309995e-05, 7.049227137817537e-05, 6.966572627616556e-05, 6.858485960430656e-05, 6.858485960430656e-05, 6.82669576419951e-05, 6.763115371737217e-05, 6.712251057767382e-05, 6.705893018521152e-05, 6.64231262605886e-05, 6.527867919626731e-05, 6.527867919626731e-05, 6.508793801888042e-05, 6.521509880380503e-05, 6.381633016963457e-05, 6.318052624501163e-05, 6.318052624501163e-05, 6.298978506762475e-05, 6.267188310531328e-05, 6.178175761084118e-05, 6.146385564852971e-05, 6.089163211636906e-05, 6.019224779928384e-05, 5.9302122304811734e-05, 5.9365702697274024e-05, 5.923854191234944e-05, 5.8729898772651084e-05, 5.733113013848063e-05, 5.733113013848063e-05, 5.682248699878228e-05, 5.682248699878228e-05, 5.542371836461183e-05, 5.5487298757074126e-05, 5.529655757968724e-05, 5.529655757968724e-05, 5.4406432085215135e-05, 5.338914580581845e-05, 5.3198404628431565e-05, 5.2753341881195515e-05, 5.2626181096270914e-05, 5.1672475209336524e-05, 5.116383206963818e-05, 5.129099285456276e-05, 4.99558046128546e-05, 4.9383581080693956e-05, 4.9002098725920196e-05, 4.881135754853332e-05, 4.8302714408834966e-05, 4.766691048421204e-05, 4.7031106559589105e-05, 4.690394577466451e-05, 4.658604381235304e-05, 4.6013820280192405e-05, 4.550517714049406e-05, 4.525085557064489e-05, 4.4106408506323604e-05, 4.404282811386131e-05, 4.3343443796776084e-05, 4.31527026193892e-05, 4.21989967324548e-05, 4.181751437768104e-05, 4.1054549668133516e-05, 4.149961241536957e-05, 4.041874574351059e-05, 3.965578103396306e-05, 3.959220064150077e-05, 3.8702075147028665e-05, 3.876565553949096e-05, 3.819343200733032e-05, 3.774836926009426e-05, 3.730330651285821e-05, 3.698540455054674e-05, 3.6031698663612344e-05, 3.6095279056074634e-05, 3.4442188852055006e-05, 3.476009081436647e-05, 3.4060706497281246e-05, 3.393354571235666e-05, 3.3043420217884546e-05, 3.240761629326161e-05, 3.234403590079932e-05, 3.1771812368638685e-05, 3.081810648170428e-05, 3.056378491185511e-05, 2.9610079024920704e-05, 2.9800820202307588e-05, 2.8910694707835477e-05, 2.8974275100297774e-05, 2.8274890783212547e-05, 2.7575506466127313e-05, 2.795698882090108e-05, 2.6748961364117503e-05, 2.6367479009343743e-05, 2.57952554771831e-05, 2.5223031945022462e-05, 2.503229076763558e-05, 2.356994174100283e-05, 2.4015004488238885e-05, 2.3252039778691365e-05, 2.318845938622907e-05, 2.242549467668155e-05, 2.185327114452091e-05, 2.1535369182209444e-05, 2.1217467219897974e-05, 2.0518082902812747e-05, 1.9882278978189817e-05, 2.00094397631144e-05, 1.943721623095376e-05, 1.8610671128943946e-05, 1.8356349559094773e-05, 1.752980445708496e-05, 1.752980445708496e-05, 1.6703259355075142e-05, 1.6512518177688262e-05, 1.606745543045221e-05, 1.5622392683216155e-05, 1.473226718874405e-05, 1.4287204441507994e-05, 1.3778561301809646e-05, 1.3969302479196526e-05, 1.3206337769649007e-05, 1.2506953452563778e-05, 1.2316212275176898e-05, 1.1298925995780204e-05, 1.174398874301626e-05, 1.1108184818393324e-05, 1.0027318146534337e-05, 9.836576969147457e-06, 9.963737754072044e-06, 8.819290689750762e-06, 8.564969119901587e-06, 8.119906372665535e-06, 8.437808334977002e-06, 7.229780878193427e-06, 6.33965538372132e-06, 6.5303965611082e-06, 6.784718130957372e-06, 5.06804753447545e-06, 4.87730635708857e-06, 4.305082824927929e-06, 4.432243609852516e-06, 3.6056985078427015e-06, 3.2877965455312347e-06, 3.2877965455312347e-06, 2.5884122284460073e-06, 2.27051026613454e-06, 1.2532239867378456e-06, 1.4439651641247257e-06, 9.353220244263785e-07, -1.838386250802265e-08, -4.6344660974407653e-07, -6.541877871309568e-07, -1.1628309268293042e-06, -1.8622152439145316e-06, -1.4807328891407712e-06, -2.370858383612879e-06, -2.3072779911505857e-06, -3.2609838780849866e-06, -3.578885840396454e-06, -4.214689765019387e-06, -3.769627017783334e-06, -4.723332904717735e-06, -5.295556436878375e-06, -5.677038791652136e-06, -5.35913682934067e-06, -6.312842716275069e-06, -6.440003501199657e-06, -6.821485855973417e-06, -7.457289780596351e-06, -7.83877213537011e-06, -8.093093705219286e-06, -8.34741527506846e-06, -9.301121162002861e-06, -9.110379984615981e-06, -9.619023124314328e-06, -9.936925086625793e-06, -1.0509148618786437e-05, -1.0763470188635609e-05, -1.1590015290645424e-05, -1.203507803788148e-05, -1.2098658430343771e-05, -1.2734462354966706e-05, -1.2607301570042118e-05, -1.3179525102202758e-05, -1.3751748634363402e-05, -1.4006070204212573e-05, -1.4260391774061749e-05, -1.4006070204212573e-05, -1.47054545212978e-05, -1.4959776091146976e-05, -1.5659160408232203e-05, -1.6040642763005963e-05, -1.616780354793055e-05, -1.6612866295166603e-05, -1.66764466876289e-05, -1.7630152574563297e-05, -1.769373296702559e-05, -1.7948054536874767e-05, -1.7948054536874767e-05, -1.8647438853959994e-05, -1.8647438853959994e-05, -1.9092501601196047e-05, -1.9410403563507514e-05, -1.9791885918281274e-05, -2.0046207488130448e-05, -2.0236948665517328e-05, -2.0427689842904208e-05, -2.1444976122300902e-05, -2.1826458477074662e-05, -2.1381395729838612e-05, -2.1508556514763195e-05, -2.2970905541395946e-05, -2.2589423186622186e-05, -2.24622624016976e-05, -2.3098066326320533e-05, -2.398819182079264e-05, -2.398819182079264e-05, -2.4051772213254933e-05, -2.4878317315264747e-05, -2.5132638885113923e-05, -2.5132638885113923e-05, -2.506905849265163e-05, -2.5641282024812267e-05, -2.570486241727456e-05, -2.621350555697291e-05, -2.608634477204832e-05, -2.6849309481595844e-05, -2.7485113406218774e-05, -2.704005065898272e-05, -2.7485113406218774e-05, -2.6785729089133547e-05, -2.8248078115766298e-05, -2.8502399685615468e-05, -2.8502399685615468e-05, -2.8057336938379418e-05, -2.894746243285153e-05, -2.901104282531382e-05, -2.9646846749936755e-05, -2.977400753486134e-05, -2.9837587927323632e-05, -2.9964748712248222e-05, -3.01554898896351e-05, -2.9837587927323632e-05, -3.0473391851946566e-05, -3.136351734641868e-05, -3.072771342179574e-05, -3.1236356561494086e-05, -3.0918454599182616e-05, -3.225364284089078e-05, -3.174499970119244e-05, -3.21264820559662e-05, -3.199932127104161e-05, -3.244438401827766e-05, -3.2825866373051424e-05, -3.2889446765513713e-05, -3.2762285980589134e-05, -3.2889446765513713e-05, -3.333450951274977e-05, -3.377957225998583e-05, -3.371599186752353e-05, -3.371599186752353e-05, -3.4288215399684174e-05, -3.441537618460876e-05, -3.4351795792146464e-05, -3.4733278146920224e-05, -3.4733278146920224e-05, -3.505118010923169e-05, -3.4733278146920224e-05, -3.492401932430711e-05, -3.530550167908087e-05, -3.536908207154316e-05, -3.505118010923169e-05, -3.562340364139233e-05, -3.562340364139233e-05, -3.562340364139233e-05, -3.549624285646775e-05, -3.59413056037038e-05, -3.6577109528326735e-05, -3.676785070571361e-05, -3.683143109817591e-05, -3.683143109817591e-05, -3.676785070571361e-05, -3.683143109817591e-05, -3.683143109817591e-05, -3.6895011490638205e-05, -3.759439580772343e-05, -3.7276493845411966e-05, -3.759439580772343e-05, -3.7276493845411966e-05, -3.759439580772343e-05, -3.759439580772343e-05, -3.759439580772343e-05, -3.823019973234637e-05, -3.721291345294967e-05, -3.835736051727095e-05, -3.753081541526114e-05, -3.78487173775726e-05, -3.835736051727095e-05, -3.823019973234637e-05, -3.8420940909733246e-05, -3.8103038947421776e-05, -3.8039458554959486e-05, -3.797587816249719e-05, -3.867526247958242e-05, -3.892958404943159e-05, -3.892958404943159e-05, -3.7721556592648016e-05, -3.823019973234637e-05, -3.829378012480866e-05, -3.8866003656969296e-05, -3.829378012480866e-05, -3.8548101694657826e-05, -3.8166619339884066e-05, -3.8484521302195536e-05, -3.8484521302195536e-05, -3.835736051727095e-05, -3.867526247958242e-05, -3.861168208712012e-05, -3.8484521302195536e-05, -3.823019973234637e-05, -3.861168208712012e-05, -3.873884287204471e-05, -3.8548101694657826e-05, -3.8039458554959486e-05, -3.867526247958242e-05, -3.867526247958242e-05, -3.8484521302195536e-05, -3.8039458554959486e-05, -3.7785136985110306e-05, -3.861168208712012e-05, -3.8039458554959486e-05, -3.829378012480866e-05, -3.7785136985110306e-05, -3.797587816249719e-05, -3.8166619339884066e-05, -3.79122977700349e-05, -3.8420940909733246e-05, -3.8103038947421776e-05, -3.78487173775726e-05, -3.797587816249719e-05, -3.7657976200185726e-05, -3.7340074237874256e-05, -3.7721556592648016e-05, -3.7403654630336545e-05, -3.7022172275562785e-05, -3.683143109817591e-05, -3.746723502279884e-05, -3.7340074237874256e-05, -3.7022172275562785e-05, -3.683143109817591e-05, -3.7022172275562785e-05, -3.683143109817591e-05, -3.6577109528326735e-05, -3.613204678109068e-05, -3.6577109528326735e-05, -3.6577109528326735e-05, -3.613204678109068e-05, -3.587772521124151e-05, -3.562340364139233e-05, -3.5814144818779215e-05, -3.543266246400545e-05, -3.543266246400545e-05, -3.549624285646775e-05, -3.555982324893004e-05, -3.524192128661857e-05, -3.505118010923169e-05, -3.4733278146920224e-05, -3.454253696953335e-05, -3.479685853938252e-05, -3.377957225998583e-05, -3.4351795792146464e-05, -3.422463500722188e-05, -3.4288215399684174e-05, -3.409747422229729e-05, -3.384315265244812e-05, -3.339808990521207e-05, -3.346167029767436e-05, -3.3143768335362894e-05, -3.30166075504383e-05, -3.263512519566454e-05, -3.269870558812684e-05, -3.168141930873014e-05, -3.231722323335308e-05, -3.129993695395638e-05, -3.136351734641868e-05, -3.0854874206720326e-05, -3.11091957765695e-05, -3.129993695395638e-05, -3.0791293814258036e-05, -3.0536972244408856e-05, -3.028265067455969e-05, -2.9837587927323632e-05, -3.0219070282097392e-05, -2.9265364395162995e-05, -2.9328944787625285e-05, -2.9201784002700695e-05, -2.8629560470540058e-05, -2.8375238900690885e-05, -2.8248078115766298e-05, -2.856598007807777e-05, -2.7739434976067948e-05, -2.8057336938379418e-05, -2.7230791836369604e-05, -2.7485113406218774e-05, -2.6785729089133547e-05, -2.6531407519284377e-05, -2.6531407519284377e-05, -2.659498791174667e-05, -2.570486241727456e-05, -2.570486241727456e-05, -2.5132638885113923e-05, -2.570486241727456e-05, -2.5132638885113923e-05, -2.494189770772704e-05, -2.4242513390641813e-05, -2.3543129073556586e-05, -2.398819182079264e-05, -2.3034485933858236e-05, -2.3924611428330346e-05, -2.265300357908448e-05, -2.284374475647136e-05, -2.214436043938613e-05, -2.176287808461237e-05, -2.099991337506485e-05, -2.1381395729838612e-05, -2.068201141275338e-05, -2.0427689842904208e-05, -2.04912702353665e-05, -1.9855466310743568e-05, -1.9283242778582927e-05, -1.8711019246422284e-05, -1.8711019246422284e-05, -1.915608199365834e-05, -1.8393117284110817e-05, -1.8138795714261647e-05, -1.7439411397176417e-05, -1.7439411397176417e-05, -1.693076825747807e-05, -1.7248670219789537e-05, -1.6612866295166603e-05, -1.5913481978081376e-05, -1.559558001576991e-05, -1.4387552558986334e-05, -1.451471334391092e-05, -1.4641874128835509e-05, -1.451471334391092e-05, -1.3751748634363402e-05, -1.3115944709740466e-05, -1.3370266279589638e-05, -1.2798042747428998e-05, -1.1971497645419184e-05, -1.2162238822806064e-05, -1.171717607557001e-05, -1.1272113328333956e-05, -1.0699889796173317e-05, -1.0064085871550382e-05, -1.0954211366022489e-05, -9.746183909238913e-06, -9.555442731852033e-06, -8.53815645245534e-06, -9.046799592153686e-06, -8.53815645245534e-06, -8.22025449014387e-06, -7.457289780596351e-06, -7.0122270333602995e-06, -6.757905463511124e-06, -6.12210153888819e-06, -5.74061918411443e-06, -5.804199576576723e-06, -5.74061918411443e-06, -5.104815259491495e-06, -4.214689765019387e-06, -3.769627017783334e-06, -3.896787802707921e-06, -3.1974034856226932e-06, -2.5615995609997588e-06, -2.243697598688292e-06, -2.1801172062259986e-06, -1.8622152439145316e-06, -1.2264113192915976e-06, -7.813485720555435e-07, -2.0912503989490288e-07, 3.6309849226573784e-07, 1.1260632018132587e-06, 1.316804379200139e-06, 1.6982867339738994e-06, 1.8890279113607797e-06, 2.8427337982951807e-06, 2.524831835983714e-06, 3.351376937993528e-06, 3.2877965455312347e-06, 4.368663217390223e-06, 4.813725964626277e-06, 5.449529889249211e-06, 5.0044671420131575e-06, 5.894592636485265e-06, 6.33965538372132e-06, 6.212494598796732e-06, 6.975459308344252e-06, 7.611263232967187e-06, 8.501388727439295e-06, 9.010031867137642e-06, 9.518675006835989e-06, 9.518675006835989e-06, 9.582255399298282e-06, 1.0218059323921217e-05, 1.0726702463619564e-05, 1.0790282856081856e-05, 1.1807569135478551e-05, 1.2252631882714607e-05, 1.2570533845026072e-05, 1.3015596592262127e-05, 1.3333498554573594e-05, 1.4160043656583409e-05, 1.4287204441507994e-05, 1.4668686796281753e-05, 1.5558812290753865e-05, 1.5876714253065328e-05, 1.606745543045221e-05, 1.7021161317386612e-05, 1.7211902494773492e-05, 1.791128681185872e-05, 1.8419929951557066e-05, 1.848351034401936e-05, 1.9310055446029173e-05, 1.9755118193265227e-05, 2.00094397631144e-05, 2.0772404472661924e-05, 2.1217467219897974e-05, 2.128104761236027e-05, 2.2107592714370084e-05, 2.2870557423917605e-05, 2.3315620171153658e-05, 2.3315620171153658e-05, 2.3697102525927422e-05, 2.426932605808806e-05, 2.535019272994705e-05, 2.5731675084720806e-05, 2.6049577047032276e-05, 2.6621800579192916e-05, 2.6748961364117503e-05, 2.7321184896278143e-05, 2.7702667251051903e-05, 2.8465631960599424e-05, 2.8656373137986307e-05, 2.9419337847533828e-05, 2.9355757455071534e-05, 2.9673659417383e-05, 3.06273653043174e-05, 3.119958883647804e-05, 3.164465158371409e-05, 3.1771812368638685e-05, 3.247119668572391e-05, 3.3297741787733726e-05, 3.399712610481895e-05, 3.3806384927432066e-05, 3.45057692445173e-05, 3.482367120682877e-05, 3.552305552391399e-05, 3.552305552391399e-05, 3.6413181018386104e-05, 3.755762808270738e-05, 3.73668869053205e-05, 3.793911043748114e-05, 3.851133396964178e-05, 3.9147137894264715e-05, 3.965578103396306e-05, 3.9910102603812235e-05, 4.0291584958585996e-05, 4.1308871237982696e-05, 4.1753933985218746e-05, 4.200825555506792e-05, 4.2580479087228563e-05, 4.31527026193892e-05, 4.404282811386131e-05, 4.391566732893673e-05, 4.436073007617278e-05, 4.474221243094654e-05, 4.569591831788094e-05, 4.569591831788094e-05, 4.645888302742846e-05, 4.690394577466451e-05, 4.773049087667433e-05, 4.7539749699287446e-05, 4.8302714408834966e-05, 4.912925951084478e-05, 4.944716147315625e-05, 4.919283990330707e-05, 5.052802814501524e-05, 5.084593010732671e-05, 5.154531442441193e-05, 5.199037717164798e-05, 5.230827913395945e-05, 5.2753341881195515e-05, 5.300766345104468e-05, 5.3707047768129905e-05, 5.389778894551679e-05, 5.408853012290367e-05, 5.4724334047526606e-05, 5.5487298757074126e-05, 5.6186683074159356e-05, 5.6186683074159356e-05, 5.76490321007921e-05, 5.726754974601835e-05, 5.809409484802815e-05, 5.822125563295274e-05, 5.9047800734962554e-05, 5.847557720280192e-05, 6.000150662189696e-05, 6.0255828191746125e-05, 6.108237329375594e-05, 6.101879290129366e-05, 6.184533800330346e-05, 6.133669486360512e-05, 6.298978506762475e-05, 6.298978506762475e-05, 6.324410663747392e-05, 6.368916938470997e-05, 6.419781252440832e-05, 6.483361644903126e-05, 6.610522429827713e-05, 6.616880469073941e-05, 6.64231262605886e-05, 6.693176940028694e-05, 6.686818900782465e-05, 6.807621646460822e-05, 6.82033772495328e-05, 6.909350274400491e-05, 6.896634195908033e-05, 6.972930666862785e-05, 7.01107890234016e-05, 7.074659294802455e-05, 7.055585177063766e-05, 7.131881648018518e-05, 7.208178118973271e-05, 7.195462040480812e-05, 7.259042432943104e-05, 7.290832629174251e-05, 7.39891929636015e-05, 7.411635374852608e-05, 7.437067531837527e-05, 7.500647924299821e-05, 7.557870277515884e-05, 7.621450669978178e-05, 7.570586356008342e-05, 7.665956944701783e-05, 7.69774714093293e-05, 7.742253415656535e-05, 7.812191847365058e-05, 7.856698122088664e-05, 7.843982043596205e-05, 7.964784789274562e-05, 7.964784789274562e-05, 7.977500867767021e-05, 8.07922949570669e-05, 8.111019691937837e-05, 8.130093809676525e-05, 8.17460008440013e-05, 8.212748319877507e-05, 8.2763287123398e-05, 8.257254594601112e-05, 8.346267144048322e-05, 8.409847536510616e-05, 8.447995771987993e-05, 8.479785968219138e-05, 8.473427928972909e-05, 8.55608243917389e-05, 8.581514596158808e-05, 8.651453027867331e-05, 8.689601263344707e-05, 8.695959302590936e-05, 8.784971852038146e-05, 8.75953969505323e-05, 8.816762048269293e-05, 8.84855224450044e-05, 8.918490676208964e-05, 8.94392283319388e-05, 8.975713029425027e-05, 9.007503225656174e-05, 9.026577343394862e-05, 9.128305971334531e-05, 9.115589892842073e-05, 9.115589892842073e-05, 9.15373812831945e-05, 9.23639263852043e-05, 9.198244403043055e-05, 9.293614991736495e-05, 9.306331070228954e-05, 9.344479305706329e-05, 9.388985580429934e-05, 9.420775776661081e-05, 9.43349185515354e-05, 9.52886244384698e-05, 9.579726757816815e-05, 9.535220483093209e-05, 9.586084797063045e-05, 9.668739307264026e-05, 9.694171464248942e-05, 9.675097346510255e-05, 9.757751856711236e-05, 9.757751856711236e-05, 9.814974209927301e-05, 9.789542052942383e-05, 9.834048327665987e-05, 9.929418916359428e-05, 9.9230608771132e-05, 9.980283230329264e-05, 9.992999308821721e-05, 9.961209112590574e-05, 0.00010062937740530245, 0.00010062937740530245, 0.00010088369897515162, 0.00010113802054500078, 0.00010164666368469914, 0.00010190098525454831, 0.00010190098525454831, 0.00010253678917917125, 0.00010310901271133188, 0.00010329975388871877, 0.00010298185192640732, 0.00010393555781334169, 0.00010418987938319089, 0.00010418987938319089, 0.00010476210291535152, 0.00010514358527012528, 0.00010508000487766299, 0.00010463494213042692, 0.0001058429695872105, 0.0001058429695872105, 0.00010622445194198426, 0.00010666951468922033, 0.00010654235390429573, 0.00010654235390429573, 0.00010705099704399407, 0.00010717815782891867, 0.00010724173822138097, 0.00010743247939876783, 0.000107686800968617, 0.00010844976567816454, 0.00010838618528570224, 0.00010844976567816454, 0.0001088948284254006, 0.0001088948284254006, 0.00010940347156509894, 0.0001097849539198727, 0.000109848534312335, 0.00011003927548972188, 0.0001107386598068071, 0.00011035717745203335, 0.0001107386598068071, 0.00011099298137665627, 0.00011099298137665627, 0.00011112014216158085, 0.00011169236569374151, 0.00011137446373143004, 0.00011181952647866608, 0.00011181952647866608, 0.00011207384804851525, 0.00011213742844097755, 0.00011207384804851525, 0.00011232816961836444, 0.00011283681275806278, 0.00011315471472037425, 0.00011232816961836444, 0.00011347261668268573, 0.00011302755393544966, 0.00011385409903745948, 0.00011347261668268573, 0.00011372693825253489, 0.00011385409903745948, 0.00011398125982238406, 0.00011417200099977095, 0.00011436274217715783, 0.00011442632256962012, 0.00011487138531685616, 0.0001146806441394693, 0.000114617063747007, 0.00011538002845655452, 0.00011576151081132829, 0.00011538002845655452, 0.00011506212649424306, 0.00011538002845655452, 0.00011607941277363976, 0.00011563435002640369, 0.00011569793041886599, 0.00011563435002640369, 0.00011582509120379057, 0.00011531644806409222, 0.00011633373434348893, 0.00011582509120379057, 0.00011607941277363976, 0.00011582509120379057, 0.00011614299316610203, 0.00011588867159625287, 0.00011652447552087579, 0.00011652447552087579, 0.00011620657355856434, 0.00011671521669826267, 0.00011716027944549873, 0.00011677879709072497, 0.00011696953826811186, 0.00011684237748318726, 0.00011684237748318726, 0.00011703311866057414, 0.00011722385983796103, 0.00011684237748318726, 0.0001174146010153479, 0.00011735102062288561, 0.0001174146010153479, 0.00011677879709072497, 0.0001176053421927348, 0.00011728744023042333, 0.0001174781814078102, 0.00011696953826811186, 0.00011716027944549873, 0.00011709669905303644, 0.0001175417618002725, 0.0001175417618002725, 0.00011703311866057414, 0.00011722385983796103, 0.00011703311866057414, 0.00011703311866057414, 0.00011684237748318726, 0.00011722385983796103, 0.00011703311866057414, 0.00011677879709072497, 0.00011696953826811186, 0.0001175417618002725, 0.0001163973147359512, 0.00011671521669826267, 0.00011677879709072497, 0.00011677879709072497, 0.00011677879709072497, 0.0001163973147359512, 0.0001166516363058004, 0.00011696953826811186, 0.0001163973147359512, 0.00011652447552087579, 0.00011627015395102663, 0.0001164608951284135, 0.00011627015395102663, 0.00011614299316610203, 0.00011582509120379057, 0.00011588867159625287, 0.00011607941277363976, 0.0001155707696339414, 0.0001155707696339414, 0.00011607941277363976, 0.00011506212649424306, 0.0001155707696339414, 0.00011544360884901682, 0.00011582509120379057, 0.00011518928727916763, 0.00011487138531685616, 0.00011518928727916763, 0.00011487138531685616, 0.00011531644806409222, 0.000114617063747007, 0.0001146806441394693, 0.000114617063747007, 0.00011417200099977095, 0.00011353619707514802, 0.00011385409903745948, 0.00011398125982238406, 0.00011372693825253489, 0.00011302755393544966, 0.00011347261668268573, 0.00011347261668268573, 0.00011283681275806278, 0.00011239175001082672, 0.00011232816961836444, 0.00011270965197313819, 0.00011220100883343984, 0.00011239175001082672, 0.00011162878530127921, 0.00011162878530127921, 0.00011188310687112837, 0.00011092940098419398, 0.00011092940098419398, 0.00011080224019926938, 0.00011092940098419398, 0.00011010285588218417, 0.00011029359705957104, 0.00011042075784449564, 0.00011042075784449564, 0.00010953063235002353, 0.00010933989117263664, 0.00010933989117263664, 0.00010933989117263664, 0.00010921273038771207, 0.0001088312480329383, 0.0001087040872480137, 0.00010825902450077766, 0.00010794112253846619, 0.00010813186371585307, 0.00010762322057615474, 0.00010794112253846619, 0.00010717815782891867, 0.0001069238362590695, 0.0001068602558666072, 0.0001068602558666072, 0.0001067966754741449, 0.0001058429695872105, 0.00010527074605504986, 0.00010597013037213509, 0.00010539790683997446, 0.00010476210291535152, 0.00010418987938319089, 0.00010444420095304006, 0.00010380839702841712, 0.00010444420095304006, 0.00010349049506610565, 0.00010361765585103024, 0.00010272753035655812, 0.00010285469114148271, 0.00010209172643193519, 0.00010215530682439749, 0.00010215530682439749, 0.00010164666368469914, 0.00010158308329223684, 0.00010062937740530245, 0.00010094727936761392, 0.00010018431465806641, 0.00010024789505052868, 9.9230608771132e-05, 9.980283230329264e-05, 9.948493034098117e-05, 9.865838523897134e-05, 9.80861617068107e-05, 9.814974209927301e-05, 9.757751856711236e-05, 9.757751856711236e-05, 9.71960362123386e-05, 9.713245581987631e-05, 9.611516954047961e-05, 9.605158914801732e-05, 9.554294600831898e-05, 9.573368718570585e-05, 9.554294600831898e-05, 9.490714208369604e-05, 9.395343619676164e-05, 9.446207933645999e-05, 9.395343619676164e-05, 9.357195384198789e-05, 9.306331070228954e-05, 9.299973030982723e-05, 9.249108717012888e-05, 9.185528324550596e-05, 9.166454206811908e-05, 9.115589892842073e-05, 9.071083618118468e-05, 9.052009500379779e-05, 9.026577343394862e-05, 8.994787147163716e-05, 8.994787147163716e-05, 8.886700479977817e-05, 8.905774597716505e-05, 8.835836166007982e-05, 8.810404009023065e-05, 8.765897734299459e-05, 8.765897734299459e-05, 8.734107538068313e-05, 8.664169106359789e-05, 8.626020870882413e-05, 8.581514596158808e-05, 8.55608243917389e-05, 8.505218125204056e-05, 8.479785968219138e-05, 8.378057340279469e-05, 8.365341261787011e-05, 8.333551065555864e-05, 8.26997067309357e-05, 8.244538516108654e-05, 8.2763287123398e-05, 8.18095812364636e-05, 8.142809888168984e-05, 8.066513417214231e-05, 8.002933024751937e-05, 8.034723220983084e-05, 7.932994593043416e-05, 7.907562436058499e-05, 7.856698122088664e-05, 7.843982043596205e-05, 7.78675969038014e-05, 7.723179297917846e-05, 7.69774714093293e-05, 7.678673023194241e-05, 7.576944395254572e-05, 7.538796159777196e-05, 7.526080081284737e-05, 7.519722042038509e-05, 7.443425571083755e-05, 7.367129100129003e-05, 7.367129100129003e-05, 7.322622825405398e-05, 7.30990674691294e-05, 7.246326354450646e-05, 7.176387922742124e-05, 7.163671844249665e-05, 7.106449491033602e-05, 7.01743694158639e-05, 6.985646745355243e-05, 6.979288706109014e-05, 6.883918117415574e-05, 6.852127921184427e-05, 6.813979685707051e-05, 6.769473410983446e-05, 6.788547528722134e-05, 6.699534979274923e-05, 6.604164390581483e-05, 6.597806351335255e-05, 6.572374194350336e-05, 6.483361644903126e-05, 6.457929487918209e-05, 6.387991056209685e-05, 6.407065173948374e-05, 6.298978506762475e-05, 6.235398114300181e-05, 6.24811419279264e-05, 6.184533800330346e-05, 6.133669486360512e-05, 6.114595368621824e-05, 6.0510149761595305e-05, 5.987434583697237e-05, 5.9365702697274024e-05, 5.879347916511339e-05, 5.86663183801888e-05, 5.790335367064128e-05, 5.758545170832981e-05, 5.707680856863146e-05, 5.6504585036470826e-05, 5.6250263466621646e-05, 5.580520071938559e-05, 5.5487298757074126e-05, 5.434285169275284e-05, 5.408853012290367e-05, 5.3198404628431565e-05, 5.313482423596927e-05, 5.2944083058582385e-05, 5.268976148873321e-05, 5.154531442441193e-05, 5.129099285456276e-05, 5.052802814501524e-05, 5.059160853747753e-05, 4.99558046128546e-05, 4.98922242203923e-05, 4.887493794099561e-05, 4.811197323144809e-05, 4.80483928389858e-05, 4.7158267344513685e-05, 4.690394577466451e-05, 4.6395302634966165e-05, 4.556875753295635e-05, 4.525085557064489e-05, 4.537801635556947e-05, 4.455147125355966e-05, 4.4169988898785894e-05, 4.32162830118515e-05, 4.31527026193892e-05, 4.238973790984168e-05, 4.200825555506792e-05, 4.12452908455204e-05, 4.156319280783187e-05, 4.041874574351059e-05, 4.010084378119912e-05, 3.959220064150077e-05, 3.882923593195325e-05, 3.851133396964178e-05, 3.793911043748114e-05, 3.781194965255656e-05, 3.698540455054674e-05, 3.6794663373159864e-05, 3.634960062592381e-05, 3.54594751314517e-05, 3.488725159929106e-05, 3.501441238421564e-05, 3.431502806713042e-05, 3.348848296512061e-05, 3.3297741787733726e-05, 3.2916259432959966e-05, 3.208971433095015e-05, 3.1453910406327215e-05, 3.126316922894033e-05, 3.0690945696779695e-05, 3.0500204519392815e-05, 3.0245882949543638e-05, 2.916501627768465e-05, 2.8465631960599424e-05, 2.795698882090108e-05, 2.7511926073665023e-05, 2.6812541756579793e-05, 2.6621800579192916e-05, 2.6431059401806036e-05, 2.5858835869645396e-05, 2.554093390733393e-05, 2.4714388805324112e-05, 2.439648684301265e-05, 2.3951424095776592e-05, 2.3315620171153658e-05, 2.299771820884219e-05, 2.2679816246530725e-05, 2.2298333891756964e-05, 2.1217467219897974e-05, 2.0835984865124217e-05, 2.0327341725425867e-05, 2.0518082902812747e-05, 2.00094397631144e-05, 1.918289466110459e-05, 1.905573387618e-05, 1.8801412306330826e-05, 1.772054563447184e-05, 1.7974867204321012e-05, 1.7021161317386612e-05, 1.6321777000301385e-05, 1.5813133860603035e-05, 1.5240910328442396e-05, 1.473226718874405e-05, 1.4986588758593221e-05, 1.3969302479196526e-05, 1.3587820124422765e-05, 1.3079176984724419e-05, 1.2570533845026072e-05, 1.2506953452563778e-05, 1.2125471097790018e-05, 1.0981024033468736e-05, 1.0535961286232684e-05, 1.0981024033468736e-05, 9.772996576685162e-06, 9.327933829449109e-06, 9.073612259599933e-06, 8.692129904826175e-06, 7.929165195278655e-06, 7.420522055580307e-06, 7.229780878193427e-06, 7.039039700806547e-06, 6.148914206334438e-06, 5.576690674173798e-06, 5.5131102817115036e-06, 5.131627926937744e-06, 4.6229847872393965e-06, 3.5421181153804085e-06, 3.414957330455822e-06, 3.097055368144355e-06, 3.0334749756820612e-06, 2.6519926209083006e-06, 2.07976908874766e-06, 1.5711259490493124e-06, 1.2532239867378456e-06, 6.81000454577205e-07, 1.7235731487885758e-07, -2.0912503989490288e-07, -6.541877871309568e-07, -1.0992505343670106e-06, -1.8622152439145316e-06, -1.6078936740653577e-06, -2.4344387760751725e-06, -2.6251799534620525e-06, -3.2609838780849866e-06, -3.51530544793416e-06, -4.278270157481682e-06, -4.214689765019387e-06, -4.469011334868561e-06, -4.5961721197931484e-06, -5.35913682934067e-06, -5.613458399189843e-06, -5.994940753963603e-06, -6.440003501199657e-06, -7.20296821074718e-06, -7.393709388134059e-06, -7.584450565520939e-06, -8.283834882606166e-06, -8.601736844917634e-06, -8.919638807229101e-06, -9.301121162002861e-06, -9.364701554465153e-06, -9.936925086625793e-06, -1.0318407441399557e-05, -1.0636309403711022e-05, -1.0954211366022489e-05, -1.1462854505720836e-05, -1.2098658430343771e-05, -1.2098658430343771e-05, -1.2098658430343771e-05, -1.2670881962504411e-05, -1.3243105494665053e-05, -1.3688168241901107e-05, -1.3815329026825693e-05, -1.4387552558986334e-05, -1.489619569868468e-05, -1.5150517268533856e-05, -1.4959776091146976e-05, -1.5341258445920736e-05, -1.654928590270431e-05, -1.6994348649940363e-05, -1.7375831004714127e-05, -1.6994348649940363e-05, -1.7757313359487887e-05, -1.7884474144412474e-05, -1.8202376106723937e-05, -1.8329536891648527e-05, -1.9092501601196047e-05, -1.9092501601196047e-05, -1.9664725133356688e-05, -1.9855466310743568e-05, -2.0236948665517328e-05, -2.0554850627828795e-05, -2.1190654552451732e-05, -2.106349376752714e-05, -2.214436043938613e-05, -2.176287808461237e-05, -2.2207940831848425e-05, -2.195361926199925e-05, -2.284374475647136e-05, -2.3288807503707413e-05, -2.3352387896169706e-05, -2.3415968288631996e-05, -2.398819182079264e-05, -2.4051772213254933e-05, -2.4623995745415573e-05, -2.4623995745415573e-05, -2.53233800625008e-05, -2.583202320219915e-05, -2.5641282024812267e-05, -2.5577701632349974e-05, -2.5514121239887684e-05, -2.665856830420896e-05, -2.659498791174667e-05, -2.6785729089133547e-05, -2.665856830420896e-05, -2.7485113406218774e-05, -2.754869379868107e-05, -2.8184497723304008e-05, -2.8057336938379418e-05, -2.8248078115766298e-05, -2.8756721255464645e-05, -2.894746243285153e-05, -2.9138203610238405e-05, -2.9646846749936755e-05, -2.9901168319785926e-05, -2.9583266357474462e-05, -2.9901168319785926e-05, -3.028265067455969e-05, -3.072771342179574e-05, -3.1236356561494086e-05, -3.0536972244408856e-05, -3.0791293814258036e-05, -3.104561538410721e-05, -3.136351734641868e-05, -3.20629016635039e-05, -3.219006244842849e-05, -3.225364284089078e-05, -3.263512519566454e-05, -3.199932127104161e-05, -3.2889446765513713e-05, -3.263512519566454e-05, -3.339808990521207e-05, -3.2889446765513713e-05, -3.4033893829834994e-05, -3.4033893829834994e-05, -3.346167029767436e-05, -3.3970313437372704e-05, -3.4033893829834994e-05, -3.384315265244812e-05, -3.454253696953335e-05, -3.4733278146920224e-05, -3.4733278146920224e-05, -3.479685853938252e-05, -3.517834089415628e-05, -3.492401932430711e-05, -3.505118010923169e-05, -3.587772521124151e-05, -3.524192128661857e-05, -3.613204678109068e-05, -3.568698403385463e-05, -3.5814144818779215e-05, -3.613204678109068e-05, -3.606846638862839e-05, -3.6513529135864445e-05, -3.638636835093985e-05, -3.664068992078903e-05, -3.664068992078903e-05, -3.714933306048737e-05, -3.683143109817591e-05, -3.683143109817591e-05, -3.7022172275562785e-05, -3.683143109817591e-05, -3.708575266802508e-05, -3.753081541526114e-05, -3.7721556592648016e-05, -3.7276493845411966e-05, -3.721291345294967e-05, -3.8166619339884066e-05, -3.8039458554959486e-05, -3.823019973234637e-05, -3.823019973234637e-05, -3.79122977700349e-05, -3.7340074237874256e-05, -3.78487173775726e-05, -3.823019973234637e-05, -3.8420940909733246e-05, -3.78487173775726e-05, -3.823019973234637e-05, -3.823019973234637e-05, -3.8484521302195536e-05, -3.823019973234637e-05, -3.8484521302195536e-05, -3.867526247958242e-05, -3.8420940909733246e-05, -3.835736051727095e-05, -3.8484521302195536e-05, -3.873884287204471e-05, -3.823019973234637e-05, -3.8866003656969296e-05, -3.797587816249719e-05, -3.867526247958242e-05, -3.899316444189388e-05, -3.8484521302195536e-05, -3.8039458554959486e-05, -3.8420940909733246e-05, -3.861168208712012e-05, -3.861168208712012e-05, -3.8484521302195536e-05, -3.823019973234637e-05, -3.867526247958242e-05, -3.8484521302195536e-05, -3.8420940909733246e-05, -3.829378012480866e-05, -3.867526247958242e-05, -3.78487173775726e-05, -3.829378012480866e-05, -3.829378012480866e-05, -3.8548101694657826e-05, -3.835736051727095e-05, -3.8039458554959486e-05, -3.8039458554959486e-05, -3.8548101694657826e-05, -3.79122977700349e-05, -3.861168208712012e-05, -3.79122977700349e-05, -3.7721556592648016e-05, -3.79122977700349e-05, -3.797587816249719e-05, -3.79122977700349e-05, -3.753081541526114e-05, -3.759439580772343e-05, -3.7340074237874256e-05, -3.7276493845411966e-05, -3.79122977700349e-05, -3.676785070571361e-05, -3.7276493845411966e-05, -3.613204678109068e-05, -3.683143109817591e-05, -3.638636835093985e-05, -3.676785070571361e-05, -3.6513529135864445e-05, -3.632278795847756e-05, -3.606846638862839e-05, -3.613204678109068e-05, -3.644994874340215e-05, -3.59413056037038e-05, -3.568698403385463e-05, -3.575056442631692e-05, -3.505118010923169e-05, -3.511476050169399e-05, -3.49875997167694e-05, -3.4733278146920224e-05, -3.4733278146920224e-05, -3.486043893184481e-05, -3.4733278146920224e-05, -3.409747422229729e-05, -3.3652411475061234e-05, -3.4033893829834994e-05, -3.3588831082598944e-05, -3.4033893829834994e-05, -3.333450951274977e-05, -3.2889446765513713e-05, -3.30166075504383e-05, -3.3270929120287474e-05, -3.30166075504383e-05, -3.225364284089078e-05, -3.263512519566454e-05, -3.187216048611702e-05, -3.20629016635039e-05, -3.142709773888097e-05, -3.1935740878579316e-05, -3.142709773888097e-05, -3.1172776169031796e-05, -3.1172776169031796e-05, -3.0918454599182616e-05, -3.028265067455969e-05, -3.0219070282097392e-05, -2.9837587927323632e-05, -2.9837587927323632e-05, -2.9646846749936755e-05, -2.9456105572549872e-05, -2.9138203610238405e-05, -2.8883882040389235e-05, -2.8756721255464645e-05, -2.8120917330841708e-05, -2.8057336938379418e-05, -2.780301536853024e-05, -2.793017615345483e-05, -2.716721144390731e-05, -2.7230791836369604e-05, -2.7103631051445014e-05, -2.6722148696671254e-05, -2.6340666341897494e-05, -2.5259799670038507e-05, -2.6340666341897494e-05, -2.570486241727456e-05, -2.5641282024812267e-05, -2.4878317315264747e-05, -2.494189770772704e-05, -2.4623995745415573e-05, -2.4115352605717226e-05, -2.3733870250943466e-05, -2.3479548681094293e-05, -2.3543129073556586e-05, -2.3288807503707413e-05, -2.189003886953696e-05, -2.227152122431072e-05, -2.214436043938613e-05, -2.195361926199925e-05, -2.169929769215008e-05, -2.1190654552451732e-05, -2.1444976122300902e-05, -2.0745591805215675e-05, -2.0236948665517328e-05, -2.0046207488130448e-05, -1.991904670320586e-05, -2.0046207488130448e-05, -1.915608199365834e-05, -1.9283242778582927e-05, -1.8647438853959994e-05, -1.8456697676573114e-05, -1.769373296702559e-05, -1.693076825747807e-05, -1.7248670219789537e-05, -1.7248670219789537e-05, -1.674002708009119e-05, -1.578632119315679e-05, -1.5659160408232203e-05, -1.5341258445920736e-05, -1.4832615306222389e-05, -1.4832615306222389e-05, -1.4196811381599454e-05, -1.4069650596674869e-05, -1.3751748634363402e-05, -1.3115944709740466e-05, -1.2670881962504411e-05, -1.2098658430343771e-05, -1.241656039265524e-05, -1.2162238822806064e-05, -1.1462854505720836e-05, -1.0699889796173317e-05, -1.0890630973560197e-05, -1.0000505479088088e-05, -9.364701554465153e-06, -9.809764301701208e-06, -9.301121162002861e-06, -8.34741527506846e-06, -8.15667409768158e-06, -8.15667409768158e-06, -7.648030957983232e-06, -7.075807425822592e-06, -6.694325071048832e-06, -5.677038791652136e-06, -6.12210153888819e-06, -5.8677799690390165e-06, -5.35913682934067e-06, -4.405430942406268e-06, -4.214689765019387e-06, -4.151109372557094e-06, -3.451725055471867e-06, -3.32456427054728e-06, -2.7523407383866393e-06, -2.243697598688292e-06, -1.289991711753891e-06, -1.4807328891407712e-06, -1.6078936740653577e-06, -8.44928964517837e-07, -3.362858248194897e-07, -3.998662172817831e-07, 5.53839669652618e-07, 5.53839669652618e-07, 1.1260632018132587e-06, 2.334090658596834e-06, 2.1433494812099533e-06, 2.9698945832197674e-06, 2.9698945832197674e-06, 3.6692789003049953e-06, 4.114341647541049e-06, 4.813725964626277e-06, 5.131627926937744e-06, 5.131627926937744e-06, 5.449529889249211e-06, 6.212494598796732e-06, 6.848298523419667e-06, 6.5939769535704915e-06, 7.229780878193427e-06, 7.992745587740946e-06, 8.819290689750762e-06, 9.073612259599933e-06, 9.010031867137642e-06, 1.0027318146534337e-05, 9.900157361609749e-06, 1.0726702463619564e-05, 1.0790282856081856e-05, 1.2061890705327727e-05, 1.2443373060101487e-05, 1.2443373060101487e-05, 1.3206337769649007e-05, 1.3524239731960474e-05, 1.435078483397029e-05, 1.4923008366130928e-05, 1.473226718874405e-05, 1.536807111336698e-05, 1.5622392683216155e-05, 1.6258196607839092e-05, 1.6703259355075142e-05, 1.71483221023112e-05, 1.778412602693413e-05, 1.8356349559094773e-05, 1.8356349559094773e-05, 1.9310055446029173e-05, 1.937363583849147e-05, 2.0327341725425867e-05, 2.0073020155576697e-05, 2.0899565257586507e-05, 2.147178878974715e-05, 2.2171173106832378e-05, 2.2552655461606138e-05, 2.3124878993766778e-05, 2.3506361348540538e-05, 2.3824263310852005e-05, 2.4777969197786405e-05, 2.4905129982710996e-05, 2.4777969197786405e-05, 2.630389861688145e-05, 2.6367479009343743e-05, 2.6748961364117503e-05, 2.7130443718891263e-05, 2.8402051568137134e-05, 2.8402051568137134e-05, 2.859279274552401e-05, 2.8974275100297774e-05, 2.9610079024920704e-05, 3.0118722164619055e-05, 3.030946334200593e-05, 3.075452608924199e-05, 3.170823197617639e-05, 3.2216875115874735e-05, 3.240761629326161e-05, 3.2916259432959966e-05, 3.348848296512061e-05, 3.469651042190418e-05, 3.45057692445173e-05, 3.501441238421564e-05, 3.5650216308838584e-05, 3.6413181018386104e-05, 3.660392219577298e-05, 3.666750258823528e-05, 3.762120847516968e-05, 3.800269082994344e-05, 3.851133396964178e-05, 3.863849475456637e-05, 3.9019977109340135e-05, 4.0164424173661416e-05, 4.0609486920897466e-05, 4.1054549668133516e-05, 4.143603202290728e-05, 4.21989967324548e-05, 4.245331830230397e-05, 4.2898381049540034e-05, 4.359776536662526e-05, 4.423356929124819e-05, 4.461505164602195e-05, 4.455147125355966e-05, 4.518727517818259e-05, 4.645888302742846e-05, 4.5950239887730115e-05, 4.6713204597277635e-05, 4.690394577466451e-05, 4.79848124465235e-05, 4.79848124465235e-05, 4.8684196763608726e-05, 4.9383581080693956e-05, 5.001938500531689e-05, 5.014654579024148e-05, 5.0655188929939824e-05, 5.084593010732671e-05, 5.160889481687423e-05, 5.2181118349034864e-05, 5.2944083058582385e-05, 5.332556541335615e-05, 5.408853012290367e-05, 5.415211051536597e-05, 5.459717326260202e-05, 5.491507522491349e-05, 5.567803993446101e-05, 5.5932361504310176e-05, 5.644100464400853e-05, 5.688606739124458e-05, 5.809409484802815e-05, 5.803051445556587e-05, 5.8729898772651084e-05, 5.892063995003797e-05, 5.917496151988714e-05, 6.031940858420842e-05, 6.019224779928384e-05, 6.133669486360512e-05, 6.127311447114283e-05, 6.146385564852971e-05, 6.203607918069035e-05, 6.273546349777558e-05, 6.24811419279264e-05, 6.387991056209685e-05, 6.368916938470997e-05, 6.407065173948374e-05, 6.464287527164437e-05, 6.578732233596566e-05, 6.559658115857878e-05, 6.623238508320171e-05, 6.693176940028694e-05, 6.712251057767382e-05, 6.769473410983446e-05, 6.845769881938198e-05, 6.83305380344574e-05, 6.909350274400491e-05, 6.92206635289295e-05, 6.992004784601473e-05, 7.01107890234016e-05, 7.106449491033602e-05, 7.138239687264747e-05, 7.150955765757207e-05, 7.208178118973271e-05, 7.303548707666711e-05, 7.31626478615917e-05, 7.328980864651628e-05, 7.39891929636015e-05, 7.49428988505359e-05, 7.500647924299821e-05, 7.538796159777196e-05, 7.576944395254572e-05, 7.69774714093293e-05, 7.640524787716866e-05, 7.646882826963094e-05, 7.774043611887682e-05, 7.850340082842434e-05, 7.856698122088664e-05, 7.837624004349975e-05, 7.920278514550957e-05, 8.002933024751937e-05, 8.015649103244398e-05, 8.053797338721773e-05, 8.104661652691608e-05, 8.136451848922755e-05, 8.231822437616194e-05, 8.206390280631277e-05, 8.295402830078488e-05, 8.295402830078488e-05, 8.37169930103324e-05, 8.390773418771928e-05, 8.384415379525699e-05, 8.435279693495533e-05, 8.505218125204056e-05, 8.511576164450285e-05, 8.537008321435203e-05, 8.581514596158808e-05, 8.632378910128642e-05, 8.746823616560771e-05, 8.75953969505323e-05, 8.727749498822083e-05, 8.804045969776835e-05, 8.873984401485358e-05, 8.886700479977817e-05, 8.931206754701422e-05, 8.95663891168634e-05, 9.039293421887321e-05, 9.083799696610926e-05, 9.083799696610926e-05, 9.14738008907322e-05, 9.115589892842073e-05, 9.230034599274202e-05, 9.15373812831945e-05, 9.23639263852043e-05, 9.293614991736495e-05, 9.363553423445017e-05, 9.350837344952559e-05, 9.439849894399769e-05, 9.414417737414852e-05, 9.484356169123374e-05, 9.452565972892227e-05, 9.509788326108293e-05, 9.554294600831898e-05, 9.579726757816815e-05, 9.573368718570585e-05, 9.675097346510255e-05, 9.700529503495172e-05, 9.72596166048009e-05, 9.814974209927301e-05, 9.834048327665987e-05, 9.865838523897134e-05, 9.853122445404676e-05, 9.91034479862074e-05, 9.859480484650907e-05, 9.973925191083035e-05, 0.00010024789505052868, 0.00010031147544299098, 0.00010024789505052868, 0.00010069295779776474, 0.00010088369897515162, 0.00010158308329223684, 0.00010234604800178438, 0.00010253678917917125, 0.00010196456564701061, 0.00010279111074902041, 0.00010260036957163355, 0.00010298185192640732, 0.00010298185192640732, 0.00010329975388871877, 0.00010418987938319089, 0.0001040627185982663, 0.00010425345977565316, 0.00010463494213042692, 0.00010482568330781381, 0.00010527074605504986, 0.00010552506762489902, 0.00010558864801736133, 0.00010647877351183344, 0.00010673309508168262, 0.00010654235390429573, 0.00010660593429675803, 0.00010724173822138097, 0.0001078775421460039, 0.00010749605979123013, 0.0001077503813610793, 0.00010743247939876783, 0.0001088312480329383, 0.00010838618528570224, 0.0001086405068555514, 0.00010876766764047601, 0.00010953063235002353, 0.00010927631078017434, 0.00010953063235002353, 0.00010953063235002353, 0.0001107386598068071, 0.00011023001666710874, 0.00011061149902188251, 0.0001106750794143448, 0.00011112014216158085, 0.00011080224019926938, 0.00011162878530127921, 0.00011092940098419398, 0.00011099298137665627, 0.00011188310687112837, 0.00011169236569374151, 0.00011181952647866608, 0.00011213742844097755, 0.00011251891079575131, 0.00011213742844097755, 0.00011213742844097755, 0.00011283681275806278, 0.00011283681275806278, 0.00011309113432791196, 0.00011321829511283655, 0.00011309113432791196, 0.00011398125982238406, 0.00011379051864499718, 0.00011353619707514802, 0.00011423558139223323, 0.00011436274217715783, 0.0001146806441394693, 0.000114617063747007, 0.00011423558139223323, 0.00011493496570931846, 0.00011506212649424306, 0.00011499854610178075, 0.00011512570688670536, 0.00011538002845655452, 0.00011506212649424306, 0.00011544360884901682, 0.00011544360884901682, 0.0001155707696339414, 0.00011588867159625287, 0.00011569793041886599, 0.00011588867159625287, 0.00011569793041886599, 0.00011614299316610203, 0.00011563435002640369, 0.00011652447552087579, 0.00011633373434348893, 0.00011658805591333809, 0.00011614299316610203, 0.00011633373434348893, 0.00011671521669826267, 0.00011696953826811186, 0.00011671521669826267, 0.00011677879709072497, 0.00011582509120379057, 0.00011690595787564956, 0.00011696953826811186, 0.00011716027944549873, 0.00011684237748318726, 0.00011703311866057414, 0.00011709669905303644, 0.00011728744023042333, 0.00011703311866057414, 0.0001166516363058004, 0.00011671521669826267, 0.00011722385983796103, 0.00011709669905303644, 0.0001174146010153479, 0.00011716027944549873, 0.00011703311866057414, 0.00011703311866057414, 0.0001174781814078102, 0.00011696953826811186, 0.00011728744023042333, 0.00011722385983796103, 0.00011709669905303644, 0.00011703311866057414, 0.00011703311866057414, 0.00011722385983796103, 0.00011696953826811186, 0.00011633373434348893, 0.00011658805591333809, 0.00011677879709072497, 0.00011696953826811186, 0.00011709669905303644, 0.00011658805591333809, 0.0001174146010153479, 0.00011703311866057414, 0.00011728744023042333, 0.00011633373434348893, 0.00011658805591333809, 0.00011671521669826267, 0.0001164608951284135, 0.00011633373434348893, 0.00011601583238117746, 0.0001163973147359512, 0.00011627015395102663, 0.00011582509120379057, 0.00011607941277363976, 0.0001163973147359512, 0.00011588867159625287, 0.00011538002845655452, 0.00011582509120379057, 0.00011601583238117746, 0.0001155707696339414, 0.0001155707696339414, 0.0001155707696339414, 0.00011499854610178075, 0.00011512570688670536, 0.00011455348335454469, 0.00011448990296208242, 0.00011448990296208242, 0.00011518928727916763, 0.00011385409903745948, 0.00011417200099977095, 0.00011398125982238406, 0.00011448990296208242, 0.00011321829511283655, 0.00011328187550529882, 0.00011379051864499718, 0.00011391767942992176, 0.00011302755393544966, 0.00011277323236560049, 0.00011309113432791196, 0.00011302755393544966, 0.00011277323236560049, 0.00011226458922590214, 0.00011162878530127921, 0.00011226458922590214, 0.00011137446373143004, 0.00011194668726359068, 0.00011143804412389232, 0.00011162878530127921, 0.00011112014216158085, 0.0001107386598068071, 0.00011092940098419398, 0.00011092940098419398, 0.00011035717745203335, 0.0001097213735274104, 0.00011003927548972188, 0.00010965779313494811, 0.00010933989117263664, 0.00010933989117263664, 0.00010933989117263664, 0.0001086405068555514, 0.0001088948284254006, 0.0001086405068555514, 0.00010838618528570224, 0.00010813186371585307, 0.00010762322057615474, 0.000107686800968617, 0.00010717815782891867, 0.00010724173822138097, 0.0001069874166515318, 0.00010717815782891867, 0.0001060337107645974, 0.00010622445194198426, 0.00010597013037213509, 0.00010565222840982363, 0.00010552506762489902, 0.00010546148723243675, 0.00010457136173796463, 0.00010425345977565316, 0.00010463494213042692, 0.00010418987938319089, 0.00010342691467364335, 0.00010342691467364335, 0.00010310901271133188, 0.00010272753035655812, 0.00010285469114148271, 0.00010234604800178438, 0.00010234604800178438, 0.00010183740486208602, 0.00010164666368469914, 0.00010126518132992537, 0.00010113802054500078, 0.00010082011858268932, 0.00010043863622791557, 0.00010024789505052868, 9.980283230329264e-05, 9.942134994851888e-05, 9.929418916359428e-05, 9.884912641635823e-05, 9.840406366912217e-05, 9.840406366912217e-05, 9.789542052942383e-05, 9.745035778218778e-05, 9.71960362123386e-05, 9.656023228771567e-05, 9.643307150279108e-05, 9.605158914801732e-05, 9.586084797063045e-05, 9.586084797063045e-05, 9.535220483093209e-05, 9.509788326108293e-05, 9.465282051384688e-05, 9.376269501937475e-05, 9.414417737414852e-05, 9.363553423445017e-05, 9.280898913244035e-05, 9.274540873997807e-05, 9.255466756259118e-05, 9.217318520781743e-05, 9.141022049826989e-05, 9.128305971334531e-05, 9.109231853595843e-05, 9.102873814349614e-05, 9.013861264902404e-05, 8.912132636962734e-05, 8.95663891168634e-05, 8.899416558470275e-05, 8.886700479977817e-05, 8.816762048269293e-05, 8.842194205254212e-05, 8.784971852038146e-05, 8.746823616560771e-05, 8.689601263344707e-05, 8.645094988621102e-05, 8.651453027867331e-05, 8.575156556912579e-05, 8.524292242942745e-05, 8.479785968219138e-05, 8.55608243917389e-05, 8.378057340279469e-05, 8.339909104802093e-05, 8.365341261787011e-05, 8.346267144048322e-05, 8.282686751586029e-05, 8.212748319877507e-05, 8.136451848922755e-05, 8.117377731184066e-05, 8.136451848922755e-05, 8.034723220983084e-05, 7.996574985505709e-05, 7.977500867767021e-05, 7.952068710782104e-05, 7.824907925857517e-05, 7.805833808118828e-05, 7.767685572641453e-05, 7.78675969038014e-05, 7.685031062440471e-05, 7.69774714093293e-05, 7.615092630731949e-05, 7.621450669978178e-05, 7.50700596354605e-05, 7.500647924299821e-05, 7.443425571083755e-05, 7.40527733560638e-05, 7.360771060882775e-05, 7.303548707666711e-05, 7.271758511435564e-05, 7.195462040480812e-05, 7.208178118973271e-05, 7.093733412541142e-05, 7.081017334048684e-05, 7.068301255556225e-05, 7.061943216309995e-05, 6.92206635289295e-05, 6.896634195908033e-05, 6.896634195908033e-05, 6.839411842691969e-05, 6.788547528722134e-05, 6.7376832147523e-05, 6.699534979274923e-05, 6.623238508320171e-05, 6.591448312089024e-05, 6.534225958872961e-05, 6.496077723395584e-05, 6.451571448671979e-05, 6.413423213194604e-05, 6.368916938470997e-05, 6.362558899224769e-05, 6.279904389023787e-05, 6.203607918069035e-05, 6.203607918069035e-05, 6.095521250883136e-05, 6.070089093898219e-05, 6.031940858420842e-05, 5.993792622943466e-05, 5.9302122304811734e-05, 5.8984220342500264e-05, 5.8284836025415034e-05, 5.822125563295274e-05, 5.76490321007921e-05, 5.733113013848063e-05, 5.599594189677247e-05, 5.612310268169706e-05, 5.529655757968724e-05, 5.567803993446101e-05, 5.459717326260202e-05, 5.37706281605922e-05, 5.338914580581845e-05, 5.357988698320532e-05, 5.230827913395945e-05, 5.2626181096270914e-05, 5.160889481687423e-05, 5.1100251677175874e-05, 5.084593010732671e-05, 5.008296539777919e-05, 4.99558046128546e-05, 4.957432225808084e-05, 4.881135754853332e-05, 4.8239134016372676e-05, 4.773049087667433e-05, 4.7857651661598916e-05, 4.620456145757929e-05, 4.60774006726547e-05, 4.5950239887730115e-05, 4.569591831788094e-05, 4.499653400079571e-05, 4.480579282340883e-05, 4.4106408506323604e-05, 4.385208693647443e-05, 4.2516898694766273e-05, 4.213541633999251e-05, 4.1690353592756456e-05, 4.149961241536957e-05, 4.1372451630444986e-05, 4.010084378119912e-05, 4.010084378119912e-05, 3.959220064150077e-05, 3.895639671687784e-05, 3.8320592792254905e-05, 3.781194965255656e-05, 3.774836926009426e-05, 3.711256533547133e-05, 3.622243984099922e-05, 3.590453787868776e-05, 3.590453787868776e-05, 3.552305552391399e-05, 3.482367120682877e-05, 3.399712610481895e-05, 3.3679224142507486e-05, 3.310700061034684e-05, 3.228045550833703e-05, 3.208971433095015e-05, 3.170823197617639e-05, 3.196255354602556e-05, 3.0500204519392815e-05, 2.986440059476988e-05, 2.986440059476988e-05, 2.9800820202307588e-05, 2.8465631960599424e-05, 2.821131039075025e-05, 2.782982803597649e-05, 2.7766247643514197e-05, 2.6748961364117503e-05, 2.630389861688145e-05, 2.5668094692258516e-05, 2.535019272994705e-05, 2.496871037517329e-05, 2.4015004488238885e-05, 2.3951424095776592e-05, 2.337920056361595e-05, 2.2298333891756964e-05, 2.2361914284219258e-05, 2.2107592714370084e-05, 2.1726110359596324e-05, 2.1217467219897974e-05, 2.0581663295275044e-05, 1.981869858572752e-05, 1.9691537800802933e-05, 1.905573387618e-05, 1.8801412306330826e-05, 1.8229188774170186e-05, 1.791128681185872e-05, 1.6830420139999732e-05, 1.6830420139999732e-05, 1.6321777000301385e-05, 1.6321777000301385e-05, 1.5622392683216155e-05, 1.5177329935980101e-05, 1.403288287165882e-05, 1.3905722086734234e-05, 1.3397078947035885e-05, 1.3587820124422765e-05, 1.2443373060101487e-05, 1.2061890705327727e-05, 1.2125471097790018e-05, 1.1489667173167085e-05, 1.1108184818393324e-05, 1.0345220108845804e-05, 1.0281639716383509e-05, 9.010031867137642e-06, 9.200773044524522e-06, 8.692129904826175e-06, 8.437808334977002e-06, 7.67484362542948e-06, 7.102620093268839e-06, 6.148914206334438e-06, 6.784718130957372e-06, 5.640271066636091e-06, 5.06804753447545e-06, 5.195208319400037e-06, 4.6229847872393965e-06, 3.7328592927672886e-06, 4.241502432465636e-06, 3.4785377229181147e-06, 3.0334749756820612e-06, 2.524831835983714e-06, 2.27051026613454e-06, 1.8890279113607797e-06, 1.4439651641247257e-06, 7.445808470394982e-07, 6.81000454577205e-07, 1.0877692241656418e-07, -6.541877871309568e-07, -1.1628309268293042e-06, -1.2264113192915976e-06, -1.8622152439145316e-06, -1.6714740665276513e-06, -2.9430819157735194e-06, -3.006662308235813e-06, -2.879501523311226e-06, -3.642466232858747e-06, -4.151109372557094e-06, -4.659752512255442e-06, -5.35913682934067e-06, -5.35913682934067e-06, -5.93136036150131e-06, -6.757905463511124e-06, -6.757905463511124e-06, -6.9486466408980045e-06, -7.266548603209471e-06, -7.775191742907819e-06, -8.34741527506846e-06, -8.410995667530754e-06, -9.046799592153686e-06, -9.682603516776622e-06, -9.555442731852033e-06, -1.0318407441399557e-05, -1.0064085871550382e-05, -1.1144952543409369e-05, -1.1335693720796249e-05, -1.1907917252956891e-05, -1.1844336860494596e-05, -1.241656039265524e-05, -1.3052364317278173e-05, -1.3052364317278173e-05, -1.2988783924815878e-05, -1.4196811381599454e-05, -1.4196811381599454e-05, -1.4260391774061749e-05, -1.4451132951448629e-05, -1.5277678053458442e-05, -1.5849901585619083e-05, -1.6104223155468256e-05, -1.635854472531743e-05, -1.6612866295166603e-05, -1.693076825747807e-05, -1.731225061225183e-05, -1.7884474144412474e-05, -1.8075215321799354e-05, -1.8456697676573114e-05, -1.934682317104522e-05, -1.896534081627146e-05, -1.8901760423809164e-05, -2.0236948665517328e-05, -1.9982627095668154e-05, -2.0046207488130448e-05, -2.0427689842904208e-05, -2.125423494491402e-05, -2.0936332982602555e-05, -2.0809172197677968e-05, -2.1826458477074662e-05, -2.195361926199925e-05, -2.2398682009235306e-05, -2.2207940831848425e-05, -2.284374475647136e-05, -2.3543129073556586e-05, -2.3479548681094293e-05, -2.3861031035868053e-05, -2.398819182079264e-05, -2.3543129073556586e-05, -2.5196219277576213e-05, -2.53233800625008e-05, -2.494189770772704e-05, -2.5386960454963094e-05, -2.6022764379586027e-05, -2.583202320219915e-05, -2.545054084742539e-05, -2.6722148696671254e-05, -2.697647026652043e-05, -2.697647026652043e-05, -2.697647026652043e-05, -2.7739434976067948e-05, -2.780301536853024e-05, -2.8375238900690885e-05, -2.8438819293153178e-05, -2.8756721255464645e-05, -2.8438819293153178e-05, -2.9519685965012165e-05, -2.9201784002700695e-05, -2.9837587927323632e-05, -2.9583266357474462e-05, -3.0028329104710516e-05, -3.0028329104710516e-05, -3.0536972244408856e-05, -3.0854874206720326e-05, -3.0536972244408856e-05, -3.072771342179574e-05, -3.104561538410721e-05, -3.149067813134326e-05, -3.187216048611702e-05, -3.168141930873014e-05, -3.199932127104161e-05, -3.238080362581537e-05, -3.225364284089078e-05, -3.2889446765513713e-05, -3.295302715797601e-05, -3.30801879429006e-05, -3.3143768335362894e-05, -3.3525250690136654e-05, -3.3588831082598944e-05, -3.3525250690136654e-05, -3.377957225998583e-05, -3.3652411475061234e-05, -3.384315265244812e-05, -3.4733278146920224e-05, -3.511476050169399e-05, -3.4733278146920224e-05, -3.4733278146920224e-05, -3.517834089415628e-05, -3.511476050169399e-05, -3.517834089415628e-05, -3.517834089415628e-05, -3.632278795847756e-05, -3.613204678109068e-05, -3.568698403385463e-05, -3.543266246400545e-05, -3.638636835093985e-05, -3.632278795847756e-05, -3.5814144818779215e-05, -3.613204678109068e-05, -3.632278795847756e-05, -3.683143109817591e-05, -3.7022172275562785e-05, -3.676785070571361e-05, -3.746723502279884e-05, -3.7721556592648016e-05, -3.708575266802508e-05, -3.664068992078903e-05, -3.8039458554959486e-05, -3.7785136985110306e-05, -3.78487173775726e-05, -3.753081541526114e-05, -3.7721556592648016e-05, -3.7785136985110306e-05, -3.753081541526114e-05, -3.753081541526114e-05, -3.7340074237874256e-05, -3.753081541526114e-05, -3.823019973234637e-05, -3.7721556592648016e-05, -3.797587816249719e-05, -3.835736051727095e-05, -3.829378012480866e-05, -3.829378012480866e-05, -3.8039458554959486e-05, -3.8866003656969296e-05, -3.8484521302195536e-05, -3.8039458554959486e-05, -3.8039458554959486e-05, -3.899316444189388e-05, -3.8420940909733246e-05, -3.867526247958242e-05, -3.867526247958242e-05, -3.873884287204471e-05, -3.8484521302195536e-05, -3.8039458554959486e-05, -3.867526247958242e-05, -3.861168208712012e-05, -3.867526247958242e-05, -3.873884287204471e-05, -3.892958404943159e-05, -3.892958404943159e-05, -3.867526247958242e-05, -3.905674483435618e-05, -3.867526247958242e-05, -3.8484521302195536e-05, -3.8484521302195536e-05, -3.823019973234637e-05, -3.8548101694657826e-05, -3.829378012480866e-05, -3.835736051727095e-05, -3.829378012480866e-05, -3.823019973234637e-05, -3.823019973234637e-05, -3.797587816249719e-05, -3.8548101694657826e-05, -3.753081541526114e-05, -3.78487173775726e-05, -3.759439580772343e-05, -3.7721556592648016e-05, -3.759439580772343e-05, -3.753081541526114e-05, -3.746723502279884e-05, -3.746723502279884e-05, -3.7022172275562785e-05, -3.753081541526114e-05, -3.7022172275562785e-05, -3.721291345294967e-05, -3.7276493845411966e-05, -3.664068992078903e-05, -3.7022172275562785e-05, -3.664068992078903e-05, -3.683143109817591e-05, -3.613204678109068e-05, -3.6513529135864445e-05, -3.613204678109068e-05, -3.664068992078903e-05, -3.6513529135864445e-05, -3.587772521124151e-05, -3.555982324893004e-05, -3.549624285646775e-05, -3.562340364139233e-05, -3.549624285646775e-05, -3.530550167908087e-05, -3.4733278146920224e-05, -3.4669697754457934e-05, -3.524192128661857e-05, -3.511476050169399e-05, -3.4733278146920224e-05, -3.447895657707105e-05, -3.460611736199564e-05, -3.447895657707105e-05, -3.3270929120287474e-05, -3.333450951274977e-05, -3.3525250690136654e-05, -3.371599186752353e-05, -3.30166075504383e-05, -3.333450951274977e-05, -3.269870558812684e-05, -3.2762285980589134e-05, -3.263512519566454e-05, -3.219006244842849e-05, -3.244438401827766e-05, -3.1935740878579316e-05, -3.187216048611702e-05, -3.0854874206720326e-05, -3.1617838916267846e-05, -3.11091957765695e-05, -3.0918454599182616e-05, -3.0536972244408856e-05, -3.0219070282097392e-05, -3.01554898896351e-05, -3.01554898896351e-05, -2.939252518008758e-05, -2.939252518008758e-05, -2.9964748712248222e-05, -2.9265364395162995e-05, -2.894746243285153e-05, -2.8438819293153178e-05, -2.8629560470540058e-05, -2.8120917330841708e-05, -2.7993756545917125e-05, -2.6912889874058138e-05, -2.7485113406218774e-05, -2.742153301375648e-05, -2.7485113406218774e-05, -2.6404246734359787e-05, -2.6722148696671254e-05, -2.6149925164510617e-05, -2.6340666341897494e-05, -2.5259799670038507e-05, -2.545054084742539e-05, -2.5386960454963094e-05, -2.494189770772704e-05, -2.398819182079264e-05, -2.3861031035868053e-05, -2.4051772213254933e-05, -2.3415968288631996e-05, -2.3479548681094293e-05, -2.3098066326320533e-05, -2.3225227111245116e-05, -2.233510161677301e-05, -2.169929769215008e-05, -2.1635717299687782e-05, -2.1635717299687782e-05, -2.1508556514763195e-05, -2.0809172197677968e-05, -2.0236948665517328e-05, -2.0427689842904208e-05, -1.9982627095668154e-05, -1.9283242778582927e-05, -1.9410403563507514e-05, -1.915608199365834e-05, -1.8456697676573114e-05, -1.8456697676573114e-05, -1.7566572182101007e-05, -1.8138795714261647e-05, -1.7439411397176417e-05, -1.686718786501578e-05, -1.66764466876289e-05, -1.616780354793055e-05, -1.616780354793055e-05, -1.5913481978081376e-05, -1.4832615306222389e-05, -1.4769034913760095e-05, -1.47054545212978e-05, -1.4260391774061749e-05, -1.3751748634363402e-05, -1.3624587849438813e-05, -1.3306685887127346e-05, -1.2670881962504411e-05, -1.2480140785117531e-05, -1.1653595683107716e-05, -1.203507803788148e-05, -1.1590015290645424e-05, -1.0509148618786437e-05, -1.0318407441399557e-05, -1.0127666264012677e-05, -1.0064085871550382e-05, -9.237540769540566e-06, -9.046799592153686e-06, -8.919638807229101e-06, -8.15667409768158e-06, -7.648030957983232e-06, -7.266548603209471e-06, -6.694325071048832e-06, -6.440003501199657e-06, -6.567164286124244e-06, -5.804199576576723e-06, -5.422717221802962e-06, -5.168395651953789e-06, -5.041234867029203e-06, -4.850493689642322e-06, -3.960368195170215e-06, -3.451725055471867e-06, -3.0702427006981065e-06, -2.7523407383866393e-06, -2.3072779911505857e-06, -1.3535721042161843e-06, -1.3535721042161843e-06, -1.1628309268293042e-06, -9.085093569801304e-07, 2.3593770734115096e-07, 1.7235731487885758e-07, 7.445808470394982e-07, 7.445808470394982e-07, 1.2532239867378456e-06, 2.397671051059127e-06, 2.27051026613454e-06, 2.5884122284460073e-06, 3.224216153068941e-06, 3.351376937993528e-06, 4.368663217390223e-06, 4.368663217390223e-06, 4.813725964626277e-06, 5.449529889249211e-06, 6.212494598796732e-06, 6.212494598796732e-06, 6.403235776183612e-06, 6.657557346032784e-06, 7.738424017891775e-06, 7.738424017891775e-06, 8.437808334977002e-06, 9.137192652062229e-06, 1.0090898538996629e-05, 9.518675006835989e-06, 1.0218059323921217e-05, 1.0599541678694976e-05, 1.1807569135478551e-05, 1.1235345603317911e-05, 1.2379792667639192e-05, 1.2189051490252312e-05, 1.3079176984724419e-05, 1.3269918162111299e-05, 1.3778561301809646e-05, 1.4096463264121114e-05, 1.4923008366130928e-05, 1.5622392683216155e-05, 1.5940294645527625e-05, 1.6321777000301385e-05, 1.676683974753744e-05, 1.7656965242009546e-05, 1.733906327969808e-05, 1.8038447596783306e-05, 1.886499269879312e-05, 1.943721623095376e-05, 1.867425152140624e-05, 1.9755118193265227e-05, 2.0963145650048804e-05, 2.1026726042511094e-05, 2.1726110359596324e-05, 2.2171173106832378e-05, 2.2870557423917605e-05, 2.261623585406843e-05, 2.3633522133465125e-05, 2.376068291838971e-05, 2.4332906450550352e-05, 2.541377312240934e-05, 2.541377312240934e-05, 2.541377312240934e-05, 2.6367479009343743e-05, 2.706686332642897e-05, 2.6812541756579793e-05, 2.7639086858589613e-05, 2.821131039075025e-05, 2.916501627768465e-05, 2.916501627768465e-05, 2.9800820202307588e-05, 3.030946334200593e-05, 3.06273653043174e-05, 3.081810648170428e-05, 3.170823197617639e-05, 3.170823197617639e-05, 3.2598357470648496e-05, 3.272551825557308e-05, 3.35520633575829e-05, 3.399712610481895e-05, 3.501441238421564e-05, 3.469651042190418e-05, 3.501441238421564e-05, 3.6031698663612344e-05, 3.6921824158084444e-05, 3.6858243765622154e-05, 3.755762808270738e-05, 3.812985161486802e-05, 3.889281632441554e-05, 3.863849475456637e-05, 3.965578103396306e-05, 3.9782941818887656e-05, 4.080022809828435e-05, 4.080022809828435e-05, 4.143603202290728e-05, 4.181751437768104e-05, 4.2898381049540034e-05, 4.308912222692691e-05, 4.3343443796776084e-05, 4.359776536662526e-05, 4.397924772139902e-05, 4.544159674803177e-05, 4.544159674803177e-05, 4.5950239887730115e-05, 4.588665949526782e-05, 4.6776784989739925e-05, 4.728542812943827e-05, 4.766691048421204e-05, 4.849345558622185e-05, 4.8684196763608726e-05, 4.912925951084478e-05, 5.046444775255294e-05, 5.014654579024148e-05, 5.129099285456276e-05, 5.154531442441193e-05, 5.179963599426111e-05, 5.268976148873321e-05, 5.332556541335615e-05, 5.357988698320532e-05, 5.38342085530545e-05, 5.415211051536597e-05, 5.4724334047526606e-05, 5.47879144399889e-05, 5.567803993446101e-05, 5.612310268169706e-05, 5.688606739124458e-05, 5.6504585036470826e-05, 5.777619288571669e-05, 5.822125563295274e-05, 5.8729898772651084e-05, 5.917496151988714e-05, 5.942928308973632e-05, 5.993792622943466e-05, 6.0573730154057595e-05, 6.0828051723906775e-05, 6.133669486360512e-05, 6.146385564852971e-05, 6.24175615354641e-05, 6.25447223203887e-05, 6.286262428270017e-05, 6.368916938470997e-05, 6.451571448671979e-05, 6.477003605656896e-05, 6.457929487918209e-05, 6.546942037365419e-05, 6.610522429827713e-05, 6.7376832147523e-05, 6.667744783043776e-05, 6.705893018521152e-05, 6.82669576419951e-05, 6.794905567968364e-05, 6.883918117415574e-05, 6.92206635289295e-05, 6.992004784601473e-05, 7.01743694158639e-05, 7.01107890234016e-05, 7.068301255556225e-05, 7.10009145178737e-05, 7.278116550681793e-05, 7.227252236711959e-05, 7.252684393696876e-05, 7.30990674691294e-05, 7.417993414098838e-05, 7.386203217867692e-05, 7.475215767314902e-05, 7.532438120530967e-05, 7.538796159777196e-05, 7.570586356008342e-05, 7.608734591485719e-05, 7.672314983948013e-05, 7.742253415656535e-05, 7.742253415656535e-05, 7.767685572641453e-05, 7.850340082842434e-05, 7.913920475304727e-05, 7.964784789274562e-05, 7.952068710782104e-05, 7.971142828520791e-05, 8.047439299475543e-05, 8.09194557419915e-05, 8.066513417214231e-05, 8.206390280631277e-05, 8.225464398369965e-05, 8.238180476862423e-05, 8.358983222540781e-05, 8.339909104802093e-05, 8.384415379525699e-05, 8.441637732741763e-05, 8.441637732741763e-05, 8.524292242942745e-05, 8.575156556912579e-05, 8.632378910128642e-05, 8.645094988621102e-05, 8.689601263344707e-05, 8.670527145606019e-05, 8.721391459575854e-05, 8.740465577314541e-05, 8.823120087515523e-05, 8.835836166007982e-05, 8.893058519224045e-05, 8.924848715455192e-05, 8.962996950932569e-05, 8.994787147163716e-05, 9.090157735857156e-05, 9.083799696610926e-05, 9.14738008907322e-05, 9.090157735857156e-05, 9.217318520781743e-05, 9.185528324550596e-05, 9.274540873997807e-05, 9.268182834751577e-05, 9.350837344952559e-05, 9.344479305706329e-05, 9.388985580429934e-05, 9.477998129877146e-05, 9.465282051384688e-05, 9.465282051384688e-05, 9.503430286862063e-05, 9.573368718570585e-05, 9.598800875555503e-05, 9.62423303254042e-05, 9.62423303254042e-05, 9.675097346510255e-05, 9.764109895957465e-05, 9.738677738972549e-05, 9.764109895957465e-05, 9.853122445404676e-05, 9.884912641635823e-05, 9.884912641635823e-05, 9.91034479862074e-05, 9.980283230329264e-05, 9.99935734806795e-05, 0.00010043863622791557, 0.00010050221662037787, 0.00010107444015253851, 0.00010145592250731225, 0.00010101085976007621, 0.00010164666368469914, 0.0001020281460394729, 0.00010272753035655812, 0.00010234604800178438, 0.00010298185192640732, 0.00010323617349625648, 0.00010349049506610565, 0.00010393555781334169, 0.00010374481663595482, 0.00010438062056057775, 0.00010444420095304006, 0.00010514358527012528, 0.00010469852252288922, 0.00010514358527012528, 0.00010514358527012528, 0.00010616087154952196, 0.0001060972911570597, 0.00010622445194198426, 0.00010654235390429573, 0.0001068602558666072, 0.00010717815782891867, 0.00010762322057615474, 0.0001077503813610793, 0.00010762322057615474, 0.00010813186371585307, 0.0001078775421460039, 0.00010857692646308913, 0.0001088948284254006, 0.00010902198921032517, 0.00010857692646308913, 0.00010933989117263664, 0.0001097213735274104, 0.00010991211470479728, 0.00010953063235002353, 0.00011023001666710874, 0.00011061149902188251, 0.00011086582059173168, 0.00011080224019926938, 0.0001107386598068071, 0.00011105656176911857, 0.00011137446373143004, 0.00011169236569374151, 0.00011124730294650545, 0.00011207384804851525, 0.00011232816961836444, 0.00011175594608620378, 0.00011181952647866608, 0.00011232816961836444, 0.00011277323236560049, 0.00011283681275806278, 0.00011277323236560049, 0.00011309113432791196, 0.00011328187550529882, 0.00011353619707514802, 0.00011379051864499718, 0.00011385409903745948, 0.00011417200099977095, 0.000114617063747007, 0.00011442632256962012, 0.00011448990296208242, 0.00011398125982238406, 0.00011455348335454469, 0.00011487138531685616, 0.00011474422453193159, 0.00011487138531685616, 0.000114617063747007, 0.00011538002845655452, 0.00011538002845655452, 0.00011538002845655452, 0.00011544360884901682, 0.00011601583238117746, 0.00011538002845655452, 0.00011620657355856434, 0.00011563435002640369, 0.00011582509120379057, 0.00011627015395102663, 0.0001166516363058004, 0.00011538002845655452, 0.00011627015395102663, 0.0001164608951284135, 0.00011614299316610203, 0.00011658805591333809, 0.0001163973147359512, 0.00011633373434348893, 0.0001163973147359512, 0.00011696953826811186, 0.00011633373434348893, 0.00011696953826811186, 0.0001174146010153479, 0.00011703311866057414, 0.00011652447552087579, 0.00011696953826811186, 0.0001174146010153479, 0.00011703311866057414, 0.00011652447552087579, 0.00011728744023042333, 0.0001175417618002725, 0.00011709669905303644, 0.00011696953826811186, 0.00011703311866057414, 0.0001174146010153479, 0.00011722385983796103, 0.00011703311866057414, 0.00011728744023042333, 0.00011671521669826267, 0.00011722385983796103, 0.00011722385983796103, 0.00011703311866057414, 0.00011735102062288561, 0.00011722385983796103, 0.00011703311866057414, 0.00011703311866057414, 0.00011728744023042333, 0.00011696953826811186, 0.00011627015395102663, 0.00011684237748318726, 0.00011671521669826267, 0.00011652447552087579, 0.00011620657355856434, 0.00011658805591333809, 0.0001164608951284135, 0.00011722385983796103, 0.00011633373434348893, 0.00011607941277363976, 0.00011582509120379057, 0.00011671521669826267, 0.00011588867159625287, 0.0001164608951284135, 0.00011601583238117746, 0.00011607941277363976, 0.00011620657355856434, 0.00011544360884901682, 0.00011563435002640369, 0.0001155707696339414, 0.00011627015395102663, 0.00011493496570931846, 0.00011569793041886599, 0.00011563435002640369, 0.00011531644806409222, 0.00011493496570931846, 0.00011493496570931846, 0.00011493496570931846, 0.0001146806441394693, 0.00011455348335454469, 0.00011423558139223323, 0.00011448990296208242, 0.00011442632256962012, 0.00011404484021484636, 0.00011391767942992176, 0.00011366335786007259, 0.00011379051864499718, 0.00011372693825253489, 0.00011328187550529882, 0.00011309113432791196, 0.00011290039315052508, 0.00011264607158067591, 0.00011258249118821361, 0.00011245533040328902, 0.00011290039315052508, 0.00011188310687112837, 0.00011251891079575131, 0.00011213742844097755, 0.00011169236569374151, 0.00011105656176911857, 0.00011137446373143004, 0.00011092940098419398, 0.00011112014216158085, 0.00011086582059173168, 0.0001107386598068071, 0.00011023001666710874, 0.00010997569509725958, 0.00010997569509725958, 0.00010927631078017434, 0.00010927631078017434, 0.00010965779313494811, 0.00010921273038771207, 0.00010844976567816454, 0.00010902198921032517, 0.00010832260489323995, 0.0001087040872480137, 0.00010819544410831537, 0.00010794112253846619, 0.00010794112253846619, 0.00010762322057615474, 0.00010743247939876783, 0.0001067966754741449, 0.0001069874166515318, 0.00010647877351183344, 0.00010635161272690886, 0.00010565222840982363, 0.00010571580880228593, 0.0001058429695872105, 0.0001049528440927384, 0.00010463494213042692, 0.00010463494213042692, 0.00010450778134550236, 0.00010374481663595482, 0.00010349049506610565, 0.00010412629899072859, 0.00010317259310379418, 0.00010272753035655812, 0.00010266394996409585, 0.00010260036957163355, 0.00010215530682439749, 0.00010113802054500078, 0.00010183740486208602, 0.00010139234211484998, 0.00010094727936761392, 0.00010043863622791557, 9.992999308821721e-05, 0.00010018431465806641, 9.980283230329264e-05, 9.929418916359428e-05, 9.91034479862074e-05, 9.884912641635823e-05, 9.884912641635823e-05, 9.814974209927301e-05, 9.80861617068107e-05, 9.745035778218778e-05, 9.745035778218778e-05, 9.656023228771567e-05, 9.560652640078126e-05, 9.598800875555503e-05, 9.573368718570585e-05, 9.560652640078126e-05, 9.490714208369604e-05, 9.458924012138457e-05, 9.439849894399769e-05, 9.484356169123374e-05, 9.414417737414852e-05, 9.293614991736495e-05, 9.3381212664601e-05, 9.280898913244035e-05, 9.249108717012888e-05, 9.185528324550596e-05, 9.160096167565678e-05, 9.210960481535513e-05, 9.109231853595843e-05, 9.064725578872237e-05, 9.020219304148632e-05, 9.071083618118468e-05, 8.975713029425027e-05, 8.867626362239128e-05, 8.835836166007982e-05, 8.905774597716505e-05, 8.765897734299459e-05, 8.715033420329624e-05, 8.715033420329624e-05, 8.734107538068313e-05, 8.606946753143726e-05, 8.606946753143726e-05, 8.55608243917389e-05, 8.55608243917389e-05, 8.479785968219138e-05, 8.447995771987993e-05, 8.428921654249304e-05, 8.390773418771928e-05, 8.320834987063404e-05, 8.295402830078488e-05, 8.257254594601112e-05, 8.206390280631277e-05, 8.17460008440013e-05, 8.123735770430295e-05, 8.104661652691608e-05, 8.034723220983084e-05, 8.009291063998168e-05, 8.009291063998168e-05, 7.894846357566039e-05, 7.869414200581122e-05, 7.856698122088664e-05, 7.805833808118828e-05, 7.716821258671618e-05, 7.735895376410307e-05, 7.6913891016867e-05, 7.640524787716866e-05, 7.570586356008342e-05, 7.557870277515884e-05, 7.468857728068674e-05, 7.462499688822444e-05, 7.39891929636015e-05, 7.341696943144087e-05, 7.322622825405398e-05, 7.271758511435564e-05, 7.233610275958188e-05, 7.163671844249665e-05, 7.112807530279831e-05, 7.093733412541142e-05, 7.01743694158639e-05, 7.004720863093932e-05, 6.972930666862785e-05, 6.909350274400491e-05, 6.915708313646721e-05, 6.852127921184427e-05, 6.801263607214593e-05, 6.661386743797547e-05, 6.705893018521152e-05, 6.661386743797547e-05, 6.63595458681263e-05, 6.566016155104108e-05, 6.515151841134272e-05, 6.43249733093329e-05, 6.413423213194604e-05, 6.34984282073231e-05, 6.311694585254933e-05, 6.324410663747392e-05, 6.24175615354641e-05, 6.114595368621824e-05, 6.0828051723906775e-05, 6.089163211636906e-05, 6.127311447114283e-05, 5.993792622943466e-05, 5.879347916511339e-05, 5.879347916511339e-05, 5.85391575952642e-05, 5.822125563295274e-05, 5.7966934063103564e-05, 5.726754974601835e-05, 5.682248699878228e-05, 5.586878111184789e-05, 5.523297718722495e-05, 5.459717326260202e-05, 5.47879144399889e-05, 5.389778894551679e-05, 5.3643467375667615e-05, 5.307124384350698e-05, 5.268976148873321e-05, 5.2435439918884045e-05, 5.19267967791857e-05, 5.1100251677175874e-05, 5.0909510499789e-05, 5.078234971486441e-05, 4.944716147315625e-05, 4.9002098725920196e-05, 4.881135754853332e-05, 4.874777715607102e-05, 4.766691048421204e-05, 4.7539749699287446e-05, 4.7094686952051395e-05, 4.620456145757929e-05, 4.6013820280192405e-05, 4.550517714049406e-05, 4.499653400079571e-05, 4.4487890861097364e-05, 4.429714968371049e-05, 4.2898381049540034e-05, 4.270763987215315e-05, 4.2516898694766273e-05, 4.213541633999251e-05, 4.12452908455204e-05, 4.118171045305811e-05, 4.118171045305811e-05, 3.9910102603812235e-05, 3.863849475456637e-05, 3.895639671687784e-05, 3.9147137894264715e-05, 3.762120847516968e-05, 3.730330651285821e-05, 3.698540455054674e-05, 3.660392219577298e-05, 3.622243984099922e-05, 3.584095748622546e-05, 3.501441238421564e-05, 3.469651042190418e-05, 3.463293002944188e-05, 3.4060706497281246e-05, 3.2979839825422256e-05, 3.278909864803538e-05, 3.2153294723412445e-05, 3.189897315356327e-05, 3.094526726662887e-05, 3.094526726662887e-05, 2.986440059476988e-05, 2.9673659417383e-05, 2.9419337847533828e-05, 2.8529212353061717e-05, 2.821131039075025e-05, 2.7766247643514197e-05, 2.7003282933966676e-05, 2.6431059401806036e-05, 2.617673783195686e-05, 2.6621800579192916e-05, 2.541377312240934e-05, 2.496871037517329e-05, 2.4523647627937235e-05, 2.420574566562577e-05, 2.3506361348540538e-05, 2.3061298601304485e-05, 2.2552655461606138e-05, 2.1980431929445498e-05, 2.1598949574671734e-05, 2.0963145650048804e-05, 2.0518082902812747e-05, 2.0136600548038987e-05, 1.9755118193265227e-05, 1.8419929951557066e-05, 1.9119314268642293e-05, 1.81020279892456e-05, 1.8038447596783306e-05, 1.7275482887235785e-05, 1.7021161317386612e-05, 1.6512518177688262e-05, 1.6131035822914505e-05, 1.5431651505829275e-05, 1.5431651505829275e-05, 1.454152601135717e-05, 1.3778561301809646e-05, 1.403288287165882e-05, 1.3333498554573594e-05, 1.2634114237488367e-05, 1.174398874301626e-05, 1.174398874301626e-05, 1.0981024033468736e-05, 1.1235345603317911e-05, 1.0281639716383509e-05, 1.0027318146534337e-05, 9.645835791760577e-06, 8.882871082213053e-06, 8.628549512363882e-06, 8.056325980203241e-06, 7.929165195278655e-06, 7.4841024480425994e-06, 6.721137738495079e-06, 6.5303965611082e-06, 5.449529889249211e-06, 5.640271066636091e-06, 5.0044671420131575e-06, 4.368663217390223e-06, 4.050761255078756e-06, 3.7328592927672886e-06, 3.4785377229181147e-06, 2.7791534058328874e-06, 2.524831835983714e-06, 1.9526083038230732e-06, 1.316804379200139e-06, 1.1896435942755523e-06, 8.71741631964085e-07, 2.9951809980344443e-07, -2.727054323571963e-07, -4.6344660974407653e-07, -1.1628309268293042e-06, -7.177681795932501e-07, -1.5443132816030644e-06, -2.1165368137637052e-06, -2.7523407383866393e-06, -2.8159211308489326e-06, -4.087528980094801e-06, -3.7060466253210405e-06, -4.278270157481682e-06, -4.659752512255442e-06, -4.977654474566909e-06, -5.613458399189843e-06, -5.804199576576723e-06, -5.8677799690390165e-06, -6.249262323812777e-06, -7.393709388134059e-06, -7.83877213537011e-06, -7.711611350445527e-06, -7.902352527832407e-06, -8.856058414766806e-06, -8.919638807229101e-06, -8.856058414766806e-06, -9.364701554465153e-06, -1.0254827048937262e-05, -1.0509148618786437e-05, -1.0572729011248729e-05, -1.0890630973560197e-05, -1.1653595683107716e-05, -1.1844336860494596e-05, -1.2734462354966706e-05, -1.2289399607730651e-05, -1.3306685887127346e-05, -1.3561007456976522e-05, -1.3751748634363402e-05, -1.3433846672051933e-05, -1.4769034913760095e-05, -1.4451132951448629e-05, -1.508693687607156e-05, -1.559558001576991e-05, -1.6294964332855136e-05, -1.635854472531743e-05, -1.686718786501578e-05, -1.674002708009119e-05, -1.7185089827327247e-05, -1.769373296702559e-05, -1.7948054536874767e-05, -1.8011634929337057e-05, -1.8393117284110817e-05, -1.9092501601196047e-05, -1.9473983955969808e-05, -1.915608199365834e-05, -1.9855466310743568e-05, -1.9982627095668154e-05, -2.0427689842904208e-05, -2.0554850627828795e-05, -2.125423494491402e-05, -2.1635717299687782e-05, -2.233510161677301e-05, -2.125423494491402e-05, -2.214436043938613e-05, -2.2589423186622186e-05, -2.2907325148933652e-05, -2.2907325148933652e-05, -2.3543129073556586e-05, -2.3098066326320533e-05, -2.3924611428330346e-05, -2.4242513390641813e-05, -2.4878317315264747e-05, -2.494189770772704e-05, -2.5259799670038507e-05, -2.5641282024812267e-05, -2.5577701632349974e-05, -2.6340666341897494e-05, -2.6404246734359787e-05, -2.7103631051445014e-05, -2.6722148696671254e-05, -2.704005065898272e-05, -2.7739434976067948e-05, -2.780301536853024e-05, -2.735795262129419e-05, -2.7993756545917125e-05, -2.8248078115766298e-05, -2.869314086300235e-05, -2.8629560470540058e-05, -2.9328944787625285e-05, -2.9456105572549872e-05, -2.901104282531382e-05, -2.9583266357474462e-05, -2.9901168319785926e-05, -3.028265067455969e-05, -3.028265067455969e-05, -3.0346231067021982e-05, -3.028265067455969e-05, -3.168141930873014e-05, -3.142709773888097e-05, -3.1236356561494086e-05, -3.174499970119244e-05, -3.1935740878579316e-05, -3.199932127104161e-05, -3.180858009365473e-05, -3.263512519566454e-05, -3.2889446765513713e-05, -3.295302715797601e-05, -3.263512519566454e-05, -3.333450951274977e-05, -3.371599186752353e-05, -3.4033893829834994e-05, -3.3588831082598944e-05, -3.3207348727825184e-05, -3.409747422229729e-05, -3.4288215399684174e-05, -3.4733278146920224e-05, -3.441537618460876e-05, -3.4733278146920224e-05, -3.4733278146920224e-05, -3.447895657707105e-05, -3.454253696953335e-05, -3.562340364139233e-05, -3.5814144818779215e-05, -3.5814144818779215e-05, -3.536908207154316e-05, -3.587772521124151e-05, -3.5814144818779215e-05, -3.638636835093985e-05, -3.613204678109068e-05, -3.625920756601527e-05, -3.6577109528326735e-05, -3.644994874340215e-05, -3.664068992078903e-05, -3.683143109817591e-05, -3.7276493845411966e-05, -3.746723502279884e-05, -3.683143109817591e-05, -3.759439580772343e-05, -3.7340074237874256e-05, -3.7403654630336545e-05, -3.7340074237874256e-05, -3.79122977700349e-05, -3.797587816249719e-05, -3.797587816249719e-05, -3.7340074237874256e-05, -3.835736051727095e-05, -3.7785136985110306e-05, -3.7721556592648016e-05, -3.8420940909733246e-05, -3.829378012480866e-05, -3.823019973234637e-05, -3.8039458554959486e-05, -3.8484521302195536e-05, -3.823019973234637e-05, -3.892958404943159e-05, -3.823019973234637e-05, -3.823019973234637e-05, -3.823019973234637e-05, -3.8548101694657826e-05, -3.861168208712012e-05, -3.8420940909733246e-05, -3.867526247958242e-05, -3.931106640420535e-05, -3.797587816249719e-05, -3.873884287204471e-05, -3.835736051727095e-05, -3.861168208712012e-05, -3.873884287204471e-05, -3.8548101694657826e-05, -3.861168208712012e-05, -3.8484521302195536e-05, -3.8420940909733246e-05, -3.829378012480866e-05, -3.78487173775726e-05, -3.892958404943159e-05, -3.8866003656969296e-05, -3.8548101694657826e-05, -3.829378012480866e-05, -3.823019973234637e-05, -3.829378012480866e-05, -3.8166619339884066e-05, -3.8548101694657826e-05, -3.8484521302195536e-05, -3.823019973234637e-05, -3.823019973234637e-05, -3.79122977700349e-05, -3.8420940909733246e-05, -3.797587816249719e-05, -3.823019973234637e-05, -3.8039458554959486e-05, -3.8039458554959486e-05, -3.7785136985110306e-05, -3.8039458554959486e-05, -3.797587816249719e-05, -3.7721556592648016e-05, -3.753081541526114e-05, -3.753081541526114e-05, -3.759439580772343e-05, -3.746723502279884e-05, -3.7276493845411966e-05, -3.6895011490638205e-05, -3.664068992078903e-05, -3.6577109528326735e-05, -3.683143109817591e-05, -3.683143109817591e-05, -3.6195627173552975e-05, -3.613204678109068e-05, -3.6513529135864445e-05, -3.587772521124151e-05, -3.543266246400545e-05, -3.587772521124151e-05, -3.59413056037038e-05, -3.575056442631692e-05, -3.543266246400545e-05, -3.543266246400545e-05, -3.530550167908087e-05, -3.492401932430711e-05, -3.479685853938252e-05, -3.479685853938252e-05, -3.4669697754457934e-05, -3.4733278146920224e-05, -3.460611736199564e-05, -3.3525250690136654e-05, -3.3970313437372704e-05, -3.384315265244812e-05, -3.346167029767436e-05, -3.333450951274977e-05, -3.3525250690136654e-05, -3.333450951274977e-05, -3.30166075504383e-05, -3.219006244842849e-05, -3.3525250690136654e-05, -3.2889446765513713e-05, -3.1554258523805556e-05, -3.1617838916267846e-05, -3.20629016635039e-05, -3.174499970119244e-05, -3.149067813134326e-05, -3.104561538410721e-05, -3.0791293814258036e-05, -3.0536972244408856e-05, -3.0536972244408856e-05, -3.0473391851946566e-05, -2.9837587927323632e-05, -3.0091909497172806e-05, -2.9456105572549872e-05, -2.9138203610238405e-05, -2.8375238900690885e-05, -2.9074623217776112e-05, -2.882030164792694e-05, -2.8438819293153178e-05, -2.7739434976067948e-05, -2.8502399685615468e-05, -2.780301536853024e-05, -2.6849309481595844e-05, -2.6531407519284377e-05, -2.754869379868107e-05, -2.665856830420896e-05, -2.659498791174667e-05, -2.6149925164510617e-05, -2.5895603594661444e-05, -2.62770859494352e-05, -2.5641282024812267e-05, -2.494189770772704e-05, -2.5005478100189333e-05, -2.5259799670038507e-05, -2.4623995745415573e-05, -2.3479548681094293e-05, -2.3225227111245116e-05, -2.3543129073556586e-05, -2.3352387896169706e-05, -2.24622624016976e-05, -2.265300357908448e-05, -2.1826458477074662e-05, -2.208078004692384e-05, -2.125423494491402e-05, -2.195361926199925e-05, -2.1127074159989435e-05, -2.04912702353665e-05, -2.0236948665517328e-05, -2.030052905797962e-05, -1.9410403563507514e-05, -1.9855466310743568e-05, -1.9664725133356688e-05, -1.9092501601196047e-05, -1.8202376106723937e-05, -1.8456697676573114e-05, -1.705792904240266e-05, -1.712150943486495e-05, -1.654928590270431e-05, -1.6231383940392843e-05, -1.6294964332855136e-05, -1.6104223155468256e-05, -1.5913481978081376e-05, -1.4959776091146976e-05, -1.489619569868468e-05, -1.4451132951448629e-05, -1.4451132951448629e-05, -1.4006070204212573e-05, -1.3688168241901107e-05, -1.3306685887127346e-05, -1.2861623139891293e-05, -1.2543721177579826e-05, -1.1907917252956891e-05, -1.1971497645419184e-05, -1.1144952543409369e-05, -1.0572729011248729e-05, -1.0890630973560197e-05, -1.0381987833861848e-05, -9.619023124314328e-06, -9.746183909238913e-06, -8.919638807229101e-06, -8.601736844917634e-06, -8.410995667530754e-06, -7.711611350445527e-06, -7.266548603209471e-06, -7.20296821074718e-06, -7.075807425822592e-06, -6.0585211464258966e-06, -5.613458399189843e-06, -5.104815259491495e-06, -5.74061918411443e-06, -4.723332904717735e-06, -4.723332904717735e-06, -3.642466232858747e-06, -3.769627017783334e-06, -3.0702427006981065e-06, -2.7523407383866393e-06, -1.925795636376825e-06, -2.052956421301412e-06, -1.3535721042161843e-06, -9.72089749442424e-07, -8.44928964517837e-07, -5.2702700220637e-07, -3.362858248194897e-07, 4.902592771903246e-07, 1.2532239867378456e-06, 1.6982867339738994e-06, 1.5711259490493124e-06, 1.9526083038230732e-06, 3.0334749756820612e-06, 3.987180862616462e-06, 3.6056985078427015e-06, 4.050761255078756e-06, 4.813725964626277e-06, 5.06804753447545e-06, 5.131627926937744e-06, 5.894592636485265e-06, 6.021753421409851e-06, 6.911878915881959e-06, 6.848298523419667e-06, 7.229780878193427e-06, 7.929165195278655e-06, 8.628549512363882e-06, 9.073612259599933e-06, 9.137192652062229e-06, 1.0027318146534337e-05, 1.0981024033468736e-05, 1.0726702463619564e-05, 1.117176521085562e-05, 1.1235345603317911e-05, 1.2379792667639192e-05, 1.2125471097790018e-05, 1.2888435807337539e-05, 1.3587820124422765e-05, 1.4477945618894874e-05, 1.384214169427194e-05, 1.4414365226432581e-05, 1.4859427973668636e-05, 1.606745543045221e-05, 1.6512518177688262e-05, 1.6512518177688262e-05, 1.7021161317386612e-05, 1.7402643672160372e-05, 1.8419929951557066e-05, 1.8419929951557066e-05, 1.937363583849147e-05, 1.981869858572752e-05, 2.00094397631144e-05, 2.0390922117888164e-05, 2.0899565257586507e-05, 2.1916851536983204e-05, 2.2171173106832378e-05, 2.2552655461606138e-05, 2.280697703145531e-05, 2.4015004488238885e-05, 2.3633522133465125e-05, 2.426932605808806e-05, 2.465080841286182e-05, 2.5731675084720806e-05, 2.5858835869645396e-05, 2.617673783195686e-05, 2.6876122149042086e-05, 2.7194024111353553e-05, 2.7702667251051903e-05, 2.8147729998287957e-05, 2.87199535304486e-05, 2.916501627768465e-05, 2.9991561379694464e-05, 2.986440059476988e-05, 3.056378491185511e-05, 3.056378491185511e-05, 3.196255354602556e-05, 3.170823197617639e-05, 3.2979839825422256e-05, 3.323416139527143e-05, 3.3806384927432066e-05, 3.3806384927432066e-05, 3.45057692445173e-05, 3.514157316914023e-05, 3.5713796701300874e-05, 3.5650216308838584e-05, 3.6158859448536924e-05, 3.711256533547133e-05, 3.749404769024509e-05, 3.825701239979261e-05, 3.825701239979261e-05, 3.9147137894264715e-05, 3.9401459464113895e-05, 3.965578103396306e-05, 4.048232613597288e-05, 4.149961241536957e-05, 4.1690353592756456e-05, 4.1690353592756456e-05, 4.2516898694766273e-05, 4.270763987215315e-05, 4.359776536662526e-05, 4.429714968371049e-05, 4.436073007617278e-05, 4.493295360833342e-05, 4.544159674803177e-05, 4.575949871034323e-05, 4.6395302634966165e-05, 4.7094686952051395e-05, 4.760333009174974e-05, 4.760333009174974e-05, 4.760333009174974e-05, 4.8684196763608726e-05, 4.919283990330707e-05, 4.976506343546772e-05, 5.033728696762836e-05, 5.084593010732671e-05, 5.122741246210046e-05, 5.224469874149716e-05, 5.224469874149716e-05, 5.2499020311346334e-05, 5.313482423596927e-05, 5.37706281605922e-05, 5.3643467375667615e-05, 5.504223600983807e-05, 5.47879144399889e-05, 5.599594189677247e-05, 5.5487298757074126e-05, 5.6250263466621646e-05, 5.7013228176169166e-05, 5.758545170832981e-05, 5.745829092340522e-05, 5.879347916511339e-05, 5.847557720280192e-05, 5.9620024267123204e-05, 6.0065087014359255e-05, 6.000150662189696e-05, 6.0382988976670725e-05, 6.146385564852971e-05, 6.203607918069035e-05, 6.216323996561493e-05, 6.286262428270017e-05, 6.34348478148608e-05, 6.34348478148608e-05, 6.387991056209685e-05, 6.413423213194604e-05, 6.527867919626731e-05, 6.591448312089024e-05, 6.578732233596566e-05, 6.591448312089024e-05, 6.699534979274923e-05, 6.744041253998528e-05, 6.763115371737217e-05, 6.813979685707051e-05, 6.92206635289295e-05, 6.92206635289295e-05, 6.92206635289295e-05, 6.979288706109014e-05, 7.036511059325079e-05, 7.125523608772289e-05, 7.11916556952606e-05, 7.195462040480812e-05, 7.227252236711959e-05, 7.278116550681793e-05, 7.259042432943104e-05, 7.360771060882775e-05, 7.392561257113922e-05, 7.462499688822444e-05, 7.475215767314902e-05, 7.532438120530967e-05, 7.532438120530967e-05, 7.627808709224408e-05, 7.710463219425388e-05, 7.716821258671618e-05, 7.780401651133912e-05, 7.812191847365058e-05, 7.824907925857517e-05, 7.831265965103747e-05, 7.920278514550957e-05, 8.015649103244398e-05, 7.990216946259479e-05, 8.041081260229314e-05, 8.047439299475543e-05, 8.18095812364636e-05, 8.136451848922755e-05, 8.193674202138818e-05, 8.250896555354883e-05, 8.2763287123398e-05, 8.2763287123398e-05, 8.378057340279469e-05, 8.422563615003075e-05, 8.441637732741763e-05, 8.46071185048045e-05, 8.492502046711598e-05, 8.600588713897497e-05, 8.626020870882413e-05, 8.651453027867331e-05, 8.664169106359789e-05, 8.753181655807001e-05, 8.772255773545688e-05, 8.791329891284376e-05, 8.797687930530606e-05, 8.867626362239128e-05, 8.969354990178797e-05, 9.001145186409944e-05, 8.931206754701422e-05, 9.020219304148632e-05, 9.045651461133551e-05, 9.115589892842073e-05, 9.090157735857156e-05, 9.15373812831945e-05, 9.185528324550596e-05, 9.274540873997807e-05, 9.255466756259118e-05, 9.325405187967642e-05, 9.388985580429934e-05, 9.369911462691247e-05, 9.458924012138457e-05, 9.465282051384688e-05, 9.497072247615833e-05, 9.547936561585668e-05, 9.509788326108293e-05, 9.598800875555503e-05, 9.61787499329419e-05, 9.656023228771567e-05, 9.700529503495172e-05, 9.681455385756484e-05, 9.72596166048009e-05, 9.878554602389594e-05, 9.814974209927301e-05, 9.884912641635823e-05, 9.884912641635823e-05, 9.9230608771132e-05, 9.91034479862074e-05, 9.91670283786697e-05, 0.00010018431465806641, 0.00010062937740530245, 0.00010050221662037787, 0.00010050221662037787, 0.00010088369897515162, 0.00010209172643193519, 0.0001020281460394729, 0.00010209172643193519, 0.00010209172643193519, 0.00010260036957163355, 0.00010342691467364335, 0.00010323617349625648, 0.00010361765585103024, 0.000103999138205804, 0.000103999138205804, 0.00010425345977565316, 0.00010450778134550236, 0.00010476210291535152, 0.00010539790683997446, 0.00010514358527012528, 0.00010565222840982363, 0.00010590654997967279, 0.00010647877351183344, 0.0001068602558666072, 0.00010654235390429573, 0.0001067966754741449, 0.00010743247939876783, 0.00010813186371585307, 0.00010819544410831537, 0.0001078775421460039, 0.00010819544410831537, 0.00010813186371585307, 0.00010857692646308913, 0.0001088312480329383, 0.00010914914999524976, 0.00010895840881786287, 0.0001097213735274104, 0.00010927631078017434, 0.00011010285588218417, 0.00011048433823695791, 0.00011023001666710874, 0.00011048433823695791, 0.0001107386598068071, 0.00011086582059173168, 0.00011099298137665627, 0.00011118372255404315, 0.00011150162451635462, 0.00011169236569374151, 0.00011143804412389232, 0.00011169236569374151, 0.00011232816961836444, 0.00011213742844097755, 0.00011239175001082672, 0.00011283681275806278, 0.00011270965197313819, 0.00011302755393544966, 0.00011239175001082672, 0.00011321829511283655, 0.00011315471472037425, 0.00011353619707514802, 0.00011353619707514802, 0.00011385409903745948, 0.00011379051864499718, 0.00011448990296208242, 0.00011423558139223323, 0.00011448990296208242, 0.00011442632256962012, 0.00011531644806409222, 0.00011493496570931846, 0.00011474422453193159, 0.00011518928727916763, 0.00011544360884901682, 0.00011518928727916763, 0.00011525286767162993, 0.00011493496570931846, 0.00011563435002640369, 0.00011518928727916763, 0.00011582509120379057, 0.00011601583238117746, 0.00011544360884901682, 0.00011569793041886599, 0.00011588867159625287, 0.00011627015395102663, 0.0001163973147359512, 0.00011658805591333809, 0.0001166516363058004, 0.00011627015395102663, 0.00011677879709072497, 0.00011633373434348893, 0.00011677879709072497, 0.00011677879709072497, 0.00011722385983796103, 0.00011690595787564956, 0.00011703311866057414, 0.00011652447552087579, 0.00011703311866057414, 0.00011696953826811186, 0.00011716027944549873, 0.00011658805591333809, 0.00011773250297765936, 0.00011722385983796103, 0.00011633373434348893, 0.00011677879709072497, 0.0001174146010153479, 0.00011785966376258397, 0.00011728744023042333, 0.00011703311866057414, 0.00011671521669826267, 0.0001174146010153479, 0.0001174781814078102, 0.00011696953826811186, 0.00011728744023042333, 0.00011703311866057414, 0.00011684237748318726, 0.00011677879709072497, 0.00011703311866057414, 0.00011766892258519707, 0.00011696953826811186, 0.00011658805591333809, 0.00011722385983796103, 0.00011709669905303644, 0.00011620657355856434, 0.00011671521669826267, 0.00011696953826811186, 0.00011722385983796103, 0.00011627015395102663, 0.00011633373434348893, 0.0001163973147359512, 0.00011620657355856434, 0.00011652447552087579, 0.00011652447552087579, 0.00011607941277363976, 0.00011607941277363976, 0.00011588867159625287, 0.00011563435002640369, 0.00011582509120379057, 0.00011563435002640369, 0.00011627015395102663, 0.00011576151081132829, 0.00011518928727916763, 0.00011563435002640369, 0.00011563435002640369, 0.00011512570688670536, 0.00011499854610178075, 0.00011512570688670536, 0.00011493496570931846, 0.00011448990296208242, 0.00011474422453193159, 0.00011518928727916763, 0.00011487138531685616, 0.00011423558139223323, 0.00011442632256962012, 0.00011423558139223323, 0.00011359977746761029, 0.00011385409903745948, 0.00011309113432791196, 0.00011353619707514802, 0.00011353619707514802, 0.00011321829511283655, 0.00011283681275806278, 0.00011283681275806278, 0.00011232816961836444, 0.00011213742844097755, 0.00011232816961836444, 0.00011181952647866608, 0.00011220100883343984, 0.00011175594608620378, 0.00011156520490881692, 0.00011150162451635462, 0.00011162878530127921, 0.0001107386598068071, 0.00011086582059173168, 0.0001107386598068071, 0.0001106750794143448, 0.00011003927548972188, 0.00011023001666710874, 0.00010997569509725958, 0.00010997569509725958, 0.00010933989117263664, 0.00010927631078017434, 0.00010927631078017434, 0.00010914914999524976, 0.00010902198921032517, 0.0001086405068555514, 0.00010857692646308913, 0.00010832260489323995, 0.00010743247939876783, 0.00010717815782891867, 0.00010749605979123013, 0.00010705099704399407, 0.00010762322057615474, 0.0001067966754741449, 0.00010666951468922033, 0.00010622445194198426, 0.0001060972911570597, 0.00010514358527012528, 0.00010558864801736133, 0.00010508000487766299, 0.00010482568330781381, 0.000103999138205804, 0.0001040627185982663, 0.00010387197742087942, 0.000103999138205804, 0.00010342691467364335, 0.00010349049506610565, 0.00010336333428118106, 0.00010260036957163355, 0.00010260036957163355, 0.00010177382446962372, 0.00010120160093746308, 0.00010158308329223684, 0.00010126518132992537, 0.00010094727936761392, 0.00010031147544299098, 0.00010069295779776474, 0.00010024789505052868, 9.9230608771132e-05, 9.903986759374511e-05, 9.954851073344347e-05, 9.878554602389594e-05, 9.840406366912217e-05, 9.814974209927301e-05, 9.840406366912217e-05, 9.745035778218778e-05, 9.681455385756484e-05, 9.700529503495172e-05, 9.668739307264026e-05, 9.605158914801732e-05, 9.573368718570585e-05, 9.503430286862063e-05, 9.497072247615833e-05, 9.503430286862063e-05, 9.458924012138457e-05, 9.446207933645999e-05, 9.376269501937475e-05, 9.350837344952559e-05, 9.319047148721412e-05, 9.223676560027971e-05, 9.23639263852043e-05, 9.268182834751577e-05, 9.109231853595843e-05, 9.115589892842073e-05, 9.083799696610926e-05, 9.083799696610926e-05, 9.064725578872237e-05, 8.95028087244011e-05, 8.94392283319388e-05, 8.905774597716505e-05, 8.861268322992898e-05, 8.829478126761753e-05, 8.810404009023065e-05, 8.746823616560771e-05, 8.753181655807001e-05, 8.676885184852249e-05, 8.651453027867331e-05, 8.575156556912579e-05, 8.619662831636184e-05, 8.55608243917389e-05, 8.454353811234221e-05, 8.479785968219138e-05, 8.390773418771928e-05, 8.339909104802093e-05, 8.339909104802093e-05, 8.320834987063404e-05, 8.26997067309357e-05, 8.2763287123398e-05, 8.136451848922755e-05, 8.18731616289259e-05, 8.09194557419915e-05, 7.996574985505709e-05, 7.977500867767021e-05, 7.964784789274562e-05, 7.952068710782104e-05, 7.869414200581122e-05, 7.78675969038014e-05, 7.742253415656535e-05, 7.716821258671618e-05, 7.672314983948013e-05, 7.672314983948013e-05, 7.646882826963094e-05, 7.615092630731949e-05, 7.513364002792279e-05, 7.487931845807362e-05, 7.437067531837527e-05, 7.430709492591297e-05, 7.341696943144087e-05, 7.386203217867692e-05, 7.233610275958188e-05, 7.201820079727041e-05, 7.163671844249665e-05, 7.131881648018518e-05, 7.087375373294913e-05, 7.036511059325079e-05, 6.998362823847703e-05, 6.947498509877868e-05, 6.92206635289295e-05, 6.877560078169346e-05, 6.83305380344574e-05, 6.7376832147523e-05, 6.763115371737217e-05, 6.775831450229675e-05, 6.667744783043776e-05, 6.63595458681263e-05, 6.559658115857878e-05, 6.521509880380503e-05, 6.438855370179521e-05, 6.407065173948374e-05, 6.387991056209685e-05, 6.368916938470997e-05, 6.279904389023787e-05, 6.171817721837888e-05, 6.165459682591659e-05, 6.133669486360512e-05, 6.044656936913301e-05, 6.031940858420842e-05, 5.968360465958549e-05, 5.968360465958549e-05, 5.923854191234944e-05, 5.809409484802815e-05, 5.809409484802815e-05, 5.809409484802815e-05, 5.644100464400853e-05, 5.644100464400853e-05, 5.586878111184789e-05, 5.542371836461183e-05, 5.555087914953642e-05, 5.4724334047526606e-05, 5.389778894551679e-05, 5.37706281605922e-05, 5.3643467375667615e-05, 5.2626181096270914e-05, 5.160889481687423e-05, 5.1100251677175874e-05, 5.154531442441193e-05, 5.078234971486441e-05, 4.98922242203923e-05, 4.9828643827930007e-05, 4.98922242203923e-05, 4.9002098725920196e-05, 4.7794071269136626e-05, 4.7857651661598916e-05, 4.734900852190057e-05, 4.6649624204815345e-05, 4.5632337925418645e-05, 4.588665949526782e-05, 4.5950239887730115e-05, 4.474221243094654e-05, 4.429714968371049e-05, 4.366134575908755e-05, 4.366134575908755e-05, 4.31527026193892e-05, 4.238973790984168e-05, 4.200825555506792e-05, 4.1753933985218746e-05, 4.12452908455204e-05, 4.0291584958585996e-05, 3.9782941818887656e-05, 3.9401459464113895e-05, 3.93378790716516e-05, 3.83841731847172e-05, 3.83841731847172e-05, 3.774836926009426e-05, 3.7239726120395914e-05, 3.6921824158084444e-05, 3.590453787868776e-05, 3.590453787868776e-05, 3.54594751314517e-05, 3.520515356160253e-05, 3.4124286889743536e-05, 3.3742804534969776e-05, 3.3361322180196016e-05, 3.3043420217884546e-05, 3.247119668572391e-05, 3.196255354602556e-05, 3.132674962140263e-05, 3.0500204519392815e-05, 3.030946334200593e-05, 2.986440059476988e-05, 2.9610079024920704e-05, 2.8465631960599424e-05, 2.8020569213363374e-05, 2.7511926073665023e-05, 2.744834568120273e-05, 2.6812541756579793e-05, 2.6812541756579793e-05, 2.5477353514871632e-05, 2.5668094692258516e-05, 2.496871037517329e-05, 2.4714388805324112e-05, 2.4142165273163472e-05, 2.3951424095776592e-05, 2.280697703145531e-05, 2.3061298601304485e-05, 2.1980431929445498e-05, 2.2107592714370084e-05, 2.1153886827435684e-05, 2.0073020155576697e-05, 2.020018094050128e-05, 1.937363583849147e-05, 1.9691537800802933e-05, 1.867425152140624e-05, 1.8419929951557066e-05, 1.7974867204321012e-05, 1.7211902494773492e-05, 1.6894000532462022e-05, 1.676683974753744e-05, 1.6258196607839092e-05, 1.5113749543517808e-05, 1.42236240490457e-05, 1.4287204441507994e-05, 1.435078483397029e-05, 1.3714980909347354e-05, 1.3142757377186714e-05, 1.2761275022412952e-05, 1.2570533845026072e-05, 1.2125471097790018e-05, 1.1108184818393324e-05, 1.0726702463619564e-05, 1.0917443641006444e-05, 1.0218059323921217e-05, 9.327933829449109e-06, 8.882871082213053e-06, 9.137192652062229e-06, 8.310647550052415e-06, 7.420522055580307e-06, 7.611263232967187e-06, 6.784718130957372e-06, 6.212494598796732e-06, 5.0044671420131575e-06, 5.576690674173798e-06, 5.06804753447545e-06, 5.131627926937744e-06, 4.177922040003342e-06, 3.351376937993528e-06, 3.2877965455312347e-06, 3.351376937993528e-06, 2.5884122284460073e-06, 1.825447518898486e-06, 1.8890279113607797e-06, 9.98902416888672e-07, 6.174200621149115e-07, 1.7235731487885758e-07, -4.6344660974407653e-07, -2.0912503989490288e-07, -1.1628309268293042e-06, -1.798634851452238e-06, -1.8622152439145316e-06, -1.8622152439145316e-06, -2.879501523311226e-06, -2.8159211308489326e-06, -3.578885840396454e-06, -3.451725055471867e-06, -4.214689765019387e-06, -4.5961721197931484e-06, -4.723332904717735e-06, -5.168395651953789e-06, -5.994940753963603e-06, -6.440003501199657e-06, -6.821485855973417e-06, -6.757905463511124e-06, -6.821485855973417e-06, -7.83877213537011e-06, -8.53815645245534e-06, -8.856058414766806e-06, -8.856058414766806e-06, -9.555442731852033e-06, -9.619023124314328e-06, -1.0636309403711022e-05, -1.0445568226324142e-05, -1.1017791758484784e-05, -1.1335693720796249e-05, -1.171717607557001e-05, -1.2162238822806064e-05, -1.2670881962504411e-05, -1.2670881962504411e-05, -1.3561007456976522e-05, -1.3243105494665053e-05, -1.3497427064514227e-05, -1.4451132951448629e-05, -1.4959776091146976e-05, -1.4578293736373214e-05, -1.4959776091146976e-05, -1.540483883838303e-05, -1.6040642763005963e-05, -1.6485705510242016e-05, -1.6422125117779723e-05, -1.7439411397176417e-05, -1.7248670219789537e-05, -1.7248670219789537e-05, -1.769373296702559e-05, -1.85838584614977e-05, -1.8711019246422284e-05, -1.8647438853959994e-05, -1.95375643484321e-05, -1.9601144740894394e-05, -1.95375643484321e-05, -2.0046207488130448e-05, -2.106349376752714e-05, -2.125423494491402e-05, -2.0936332982602555e-05, -2.1381395729838612e-05, -2.1826458477074662e-05, -2.208078004692384e-05, -2.24622624016976e-05, -2.3034485933858236e-05, -2.284374475647136e-05, -2.3098066326320533e-05, -2.360670946601888e-05, -2.3733870250943466e-05, -2.4433254568028693e-05, -2.4751156530340163e-05, -2.5005478100189333e-05, -2.4751156530340163e-05, -2.456041535295328e-05, -2.583202320219915e-05, -2.5959183987123734e-05, -2.5959183987123734e-05, -2.6149925164510617e-05, -2.6785729089133547e-05, -2.6785729089133547e-05, -2.7230791836369604e-05, -2.780301536853024e-05, -2.7103631051445014e-05, -2.786659576099254e-05, -2.7739434976067948e-05, -2.8184497723304008e-05, -2.8629560470540058e-05, -2.8756721255464645e-05, -2.882030164792694e-05, -2.9519685965012165e-05, -2.9583266357474462e-05, -2.977400753486134e-05, -3.0028329104710516e-05, -3.0091909497172806e-05, -3.0473391851946566e-05, -3.098203499164492e-05, -3.098203499164492e-05, -3.0536972244408856e-05, -3.20629016635039e-05, -3.1935740878579316e-05, -3.142709773888097e-05, -3.098203499164492e-05, -3.225364284089078e-05, -3.263512519566454e-05, -3.269870558812684e-05, -3.219006244842849e-05, -3.263512519566454e-05, -3.295302715797601e-05, -3.3588831082598944e-05, -3.3143768335362894e-05, -3.384315265244812e-05, -3.422463500722188e-05, -3.422463500722188e-05, -3.371599186752353e-05, -3.4033893829834994e-05, -3.4733278146920224e-05, -3.4733278146920224e-05, -3.4733278146920224e-05, -3.4033893829834994e-05, -3.505118010923169e-05, -3.511476050169399e-05, -3.536908207154316e-05, -3.562340364139233e-05, -3.587772521124151e-05, -3.613204678109068e-05, -3.6195627173552975e-05, -3.562340364139233e-05, -3.6577109528326735e-05, -3.6513529135864445e-05, -3.613204678109068e-05, -3.664068992078903e-05, -3.683143109817591e-05, -3.708575266802508e-05, -3.7022172275562785e-05, -3.664068992078903e-05, -3.708575266802508e-05, -3.753081541526114e-05, -3.7276493845411966e-05, -3.759439580772343e-05, -3.746723502279884e-05, -3.753081541526114e-05, -3.753081541526114e-05, -3.7721556592648016e-05, -3.7276493845411966e-05, -3.7721556592648016e-05, -3.797587816249719e-05, -3.823019973234637e-05, -3.79122977700349e-05, -3.7721556592648016e-05, -3.8039458554959486e-05, -3.7721556592648016e-05, -3.8484521302195536e-05, -3.753081541526114e-05, -3.823019973234637e-05, -3.8039458554959486e-05, -3.797587816249719e-05, -3.8039458554959486e-05, -3.867526247958242e-05, -3.823019973234637e-05, -3.867526247958242e-05, -3.861168208712012e-05, -3.861168208712012e-05, -3.8420940909733246e-05, -3.8420940909733246e-05, -3.829378012480866e-05, -3.8548101694657826e-05, -3.9183905619280766e-05, -3.823019973234637e-05, -3.861168208712012e-05, -3.873884287204471e-05, -3.8548101694657826e-05, -3.823019973234637e-05, -3.892958404943159e-05, -3.8103038947421776e-05, -3.797587816249719e-05, -3.8039458554959486e-05, -3.8548101694657826e-05, -3.8484521302195536e-05, -3.835736051727095e-05, -3.835736051727095e-05, -3.892958404943159e-05, -3.8484521302195536e-05, -3.829378012480866e-05, -3.835736051727095e-05, -3.867526247958242e-05, -3.829378012480866e-05, -3.759439580772343e-05, -3.759439580772343e-05, -3.797587816249719e-05, -3.8166619339884066e-05, -3.797587816249719e-05, -3.78487173775726e-05, -3.797587816249719e-05, -3.8039458554959486e-05, -3.746723502279884e-05, -3.7276493845411966e-05, -3.7721556592648016e-05, -3.753081541526114e-05, -3.7276493845411966e-05, -3.6895011490638205e-05, -3.759439580772343e-05, -3.7022172275562785e-05, -3.6895011490638205e-05, -3.664068992078903e-05, -3.683143109817591e-05, -3.638636835093985e-05, -3.6577109528326735e-05, -3.606846638862839e-05, -3.575056442631692e-05, -3.5814144818779215e-05, -3.632278795847756e-05, -3.587772521124151e-05, -3.549624285646775e-05, -3.575056442631692e-05, -3.536908207154316e-05, -3.511476050169399e-05, -3.441537618460876e-05, -3.562340364139233e-05, -3.479685853938252e-05, -3.4733278146920224e-05, -3.3652411475061234e-05, -3.447895657707105e-05, -3.447895657707105e-05, -3.409747422229729e-05, -3.333450951274977e-05, -3.3652411475061234e-05, -3.384315265244812e-05, -3.3525250690136654e-05, -3.30801879429006e-05, -3.3143768335362894e-05, -3.295302715797601e-05, -3.263512519566454e-05, -3.219006244842849e-05, -3.1935740878579316e-05, -3.238080362581537e-05, -3.1935740878579316e-05, -3.104561538410721e-05, -3.1554258523805556e-05, -3.149067813134326e-05, -3.0854874206720326e-05, -3.0346231067021982e-05, -3.0091909497172806e-05, -3.0219070282097392e-05, -3.0028329104710516e-05, -2.9646846749936755e-05, -2.9583266357474462e-05, -2.9138203610238405e-05, -2.9328944787625285e-05, -2.869314086300235e-05, -2.8502399685615468e-05, -2.8248078115766298e-05, -2.869314086300235e-05, -2.780301536853024e-05, -2.735795262129419e-05, -2.7103631051445014e-05, -2.704005065898272e-05, -2.735795262129419e-05, -2.665856830420896e-05, -2.6404246734359787e-05, -2.5641282024812267e-05, -2.5768442809736857e-05, -2.53233800625008e-05, -2.5641282024812267e-05, -2.5577701632349974e-05, -2.4878317315264747e-05, -2.4751156530340163e-05, -2.4306093783104106e-05, -2.417893299817952e-05, -2.398819182079264e-05, -2.3288807503707413e-05, -2.3034485933858236e-05, -2.3034485933858236e-05, -2.2398682009235306e-05, -2.208078004692384e-05, -2.189003886953696e-05, -2.1381395729838612e-05, -2.1381395729838612e-05, -2.0745591805215675e-05, -2.068201141275338e-05, -2.0364109450441915e-05, -2.0046207488130448e-05, -1.95375643484321e-05, -1.934682317104522e-05, -1.9092501601196047e-05, -1.8456697676573114e-05, -1.8138795714261647e-05, -1.85838584614977e-05, -1.7948054536874767e-05, -1.7757313359487887e-05, -1.674002708009119e-05, -1.6803607472553483e-05, -1.6231383940392843e-05, -1.5849901585619083e-05, -1.5214097660996149e-05, -1.4578293736373214e-05, -1.5468419230845322e-05, -1.4260391774061749e-05, -1.3942489811750282e-05, -1.3751748634363402e-05, -1.3751748634363402e-05, -1.3115944709740466e-05, -1.2734462354966706e-05, -1.2607301570042118e-05, -1.2352980000192946e-05, -1.1590015290645424e-05, -1.1272113328333956e-05, -1.0699889796173317e-05, -1.0636309403711022e-05, -1.0127666264012677e-05, -9.873344694163502e-06, -9.173960377078275e-06, -9.110379984615981e-06, -9.301121162002861e-06, -8.15667409768158e-06, -8.093093705219286e-06, -7.457289780596351e-06, -7.83877213537011e-06, -6.567164286124244e-06, -5.613458399189843e-06, -6.757905463511124e-06, -5.74061918411443e-06, -4.723332904717735e-06, -4.405430942406268e-06, -4.659752512255442e-06, -3.769627017783334e-06, -4.341850549943974e-06, -2.8159211308489326e-06, -3.1974034856226932e-06, -2.243697598688292e-06, -2.243697598688292e-06, -1.2264113192915976e-06, -9.72089749442424e-07, -9.085093569801304e-07, -2.0912503989490288e-07, 2.9951809980344443e-07, 1.1896435942755523e-06, 8.71741631964085e-07, 1.825447518898486e-06, 1.7618671264361927e-06, 2.5884122284460073e-06, 2.397671051059127e-06, 3.2877965455312347e-06, 3.6056985078427015e-06, 4.241502432465636e-06, 3.7964396852295824e-06, 4.813725964626277e-06, 5.06804753447545e-06, 6.33965538372132e-06, 6.403235776183612e-06, 6.721137738495079e-06, 7.293361270655719e-06, 7.5476828405048945e-06, 8.310647550052415e-06, 8.437808334977002e-06, 8.946451474675348e-06, 9.709416184222869e-06, 9.582255399298282e-06, 9.963737754072044e-06, 1.0345220108845804e-05, 1.1044604425931031e-05, 1.1235345603317911e-05, 1.2125471097790018e-05, 1.2125471097790018e-05, 1.3333498554573594e-05, 1.3015596592262127e-05, 1.4668686796281753e-05, 1.4160043656583409e-05, 1.454152601135717e-05, 1.5240910328442396e-05, 1.6003875037989915e-05, 1.606745543045221e-05, 1.7402643672160372e-05, 1.7275482887235785e-05, 1.778412602693413e-05, 1.791128681185872e-05, 1.8610671128943946e-05, 1.962795740834064e-05, 1.9500796623416053e-05, 2.0136600548038987e-05, 2.0835984865124217e-05, 2.1026726042511094e-05, 2.1217467219897974e-05, 2.1916851536983204e-05, 2.280697703145531e-05, 2.299771820884219e-05, 2.3061298601304485e-05, 2.3887843703314302e-05, 2.4777969197786405e-05, 2.465080841286182e-05, 2.503229076763558e-05, 2.592241626210769e-05, 2.6240318224419156e-05, 2.7130443718891263e-05, 2.6876122149042086e-05, 2.7702667251051903e-05, 2.821131039075025e-05, 2.8910694707835477e-05, 2.9292177062609237e-05, 2.948291823999612e-05, 3.0373043734468228e-05, 3.0245882949543638e-05, 3.1390330013864925e-05, 3.1390330013864925e-05, 3.2216875115874735e-05, 3.2979839825422256e-05, 3.278909864803538e-05, 3.386996531989437e-05, 3.469651042190418e-05, 3.501441238421564e-05, 3.476009081436647e-05, 3.590453787868776e-05, 3.596811827115005e-05, 3.6858243765622154e-05, 3.711256533547133e-05, 3.73668869053205e-05, 3.74304672977828e-05, 3.8702075147028665e-05, 3.8702075147028665e-05, 3.9846522211349946e-05, 3.9910102603812235e-05, 4.080022809828435e-05, 4.080022809828435e-05, 4.200825555506792e-05, 4.194467516260563e-05, 4.308912222692691e-05, 4.3343443796776084e-05, 4.3407024189238374e-05, 4.397924772139902e-05, 4.493295360833342e-05, 4.518727517818259e-05, 4.506011439325801e-05, 4.60774006726547e-05, 4.7158267344513685e-05, 4.7031106559589105e-05, 4.7031106559589105e-05, 4.7794071269136626e-05, 4.8302714408834966e-05, 4.912925951084478e-05, 4.9002098725920196e-05, 4.9828643827930007e-05, 5.014654579024148e-05, 5.103667128471359e-05, 5.103667128471359e-05, 5.19267967791857e-05, 5.2117537956572574e-05, 5.338914580581845e-05, 5.3643467375667615e-05, 5.338914580581845e-05, 5.3707047768129905e-05, 5.47879144399889e-05, 5.459717326260202e-05, 5.567803993446101e-05, 5.574162032692329e-05, 5.707680856863146e-05, 5.688606739124458e-05, 5.758545170832981e-05, 5.777619288571669e-05, 5.847557720280192e-05, 5.8984220342500264e-05, 5.923854191234944e-05, 5.923854191234944e-05, 6.0573730154057595e-05, 6.044656936913301e-05, 6.114595368621824e-05, 6.159101643345429e-05, 6.267188310531328e-05, 6.24175615354641e-05, 6.311694585254933e-05, 6.318052624501163e-05, 6.451571448671979e-05, 6.483361644903126e-05, 6.521509880380503e-05, 6.527867919626731e-05, 6.616880469073941e-05, 6.667744783043776e-05, 6.667744783043776e-05, 6.712251057767382e-05, 6.763115371737217e-05, 6.852127921184427e-05, 6.852127921184427e-05, 6.972930666862785e-05, 6.985646745355243e-05, 6.979288706109014e-05, 7.068301255556225e-05, 7.125523608772289e-05, 7.163671844249665e-05, 7.201820079727041e-05, 7.227252236711959e-05, 7.271758511435564e-05, 7.341696943144087e-05, 7.386203217867692e-05, 7.424351453345069e-05, 7.437067531837527e-05, 7.487931845807362e-05, 7.532438120530967e-05, 7.583302434500801e-05, 7.646882826963094e-05, 7.69774714093293e-05, 7.646882826963094e-05, 7.716821258671618e-05, 7.824907925857517e-05, 7.831265965103747e-05, 7.945710671535874e-05, 7.88213027907358e-05, 7.926636553797186e-05, 7.990216946259479e-05, 7.996574985505709e-05, 8.104661652691608e-05, 8.161884005907671e-05, 8.161884005907671e-05, 8.231822437616194e-05, 8.295402830078488e-05, 8.295402830078488e-05, 8.327193026309636e-05, 8.390773418771928e-05, 8.428921654249304e-05, 8.454353811234221e-05, 8.486144007465368e-05, 8.575156556912579e-05, 8.55608243917389e-05, 8.575156556912579e-05, 8.664169106359789e-05, 8.721391459575854e-05, 8.823120087515523e-05, 8.778613812791918e-05, 8.816762048269293e-05, 8.84855224450044e-05, 8.880342440731587e-05, 8.873984401485358e-05, 8.975713029425027e-05, 9.064725578872237e-05, 9.064725578872237e-05, 9.045651461133551e-05, 9.115589892842073e-05, 9.109231853595843e-05, 9.204602442289283e-05, 9.23639263852043e-05, 9.23639263852043e-05, 9.204602442289283e-05, 9.325405187967642e-05, 9.287256952490265e-05, 9.363553423445017e-05, 9.414417737414852e-05, 9.490714208369604e-05, 9.43349185515354e-05, 9.554294600831898e-05, 9.52886244384698e-05, 9.605158914801732e-05, 9.605158914801732e-05, 9.63059107178665e-05, 9.732319699726319e-05, 9.72596166048009e-05, 9.764109895957465e-05, 9.82133224917353e-05, 9.80861617068107e-05, 9.878554602389594e-05, 9.91670283786697e-05, 9.935776955605658e-05, 9.903986759374511e-05, 9.986641269575494e-05, 9.986641269575494e-05, 0.00010050221662037787, 0.00010139234211484998, 0.00010120160093746308, 0.00010145592250731225, 0.00010158308329223684, 0.00010190098525454831, 0.00010240962839424666, 0.00010272753035655812, 0.00010285469114148271, 0.00010298185192640732, 0.00010336333428118106, 0.00010374481663595482, 0.000103999138205804, 0.00010418987938319089, 0.00010425345977565316, 0.00010469852252288922, 0.00010469852252288922, 0.00010514358527012528, 0.00010520716566258757, 0.00010565222840982363, 0.00010597013037213509, 0.00010673309508168262, 0.0001060337107645974, 0.0001067966754741449, 0.0001068602558666072, 0.00010717815782891867, 0.00010743247939876783, 0.00010755964018369243, 0.00010800470293092848, 0.00010832260489323995, 0.00010819544410831537, 0.00010895840881786287, 0.0001087040872480137, 0.00010927631078017434, 0.0001087040872480137, 0.0001097849539198727, 0.00010933989117263664, 0.00010921273038771207, 0.0001097849539198727, 0.00011042075784449564, 0.0001106750794143448, 0.0001106750794143448, 0.00011086582059173168, 0.00011118372255404315, 0.0001107386598068071, 0.00011124730294650545, 0.00011207384804851525, 0.00011169236569374151, 0.00011143804412389232, 0.00011232816961836444, 0.00011239175001082672, 0.00011258249118821361, 0.00011302755393544966, 0.00011258249118821361, 0.00011321829511283655, 0.00011315471472037425, 0.00011309113432791196, 0.00011290039315052508, 0.00011353619707514802, 0.00011347261668268573, 0.00011372693825253489, 0.00011385409903745948, 0.00011436274217715783, 0.00011436274217715783, 0.00011423558139223323, 0.00011455348335454469, 0.00011417200099977095, 0.00011493496570931846, 0.00011518928727916763, 0.00011493496570931846, 0.00011480780492439389, 0.00011582509120379057, 0.00011576151081132829, 0.0001155707696339414, 0.00011576151081132829, 0.00011582509120379057, 0.00011569793041886599, 0.00011595225198871516, 0.00011582509120379057, 0.00011582509120379057, 0.00011652447552087579, 0.00011607941277363976, 0.00011582509120379057, 0.00011620657355856434, 0.00011696953826811186, 0.0001163973147359512, 0.00011601583238117746, 0.00011633373434348893, 0.00011696953826811186, 0.00011677879709072497, 0.00011671521669826267, 0.00011671521669826267, 0.00011703311866057414, 0.00011703311866057414, 0.00011722385983796103, 0.00011690595787564956, 0.00011722385983796103, 0.00011722385983796103, 0.00011703311866057414, 0.00011728744023042333, 0.0001174146010153479, 0.00011677879709072497, 0.00011652447552087579, 0.00011684237748318726, 0.00011677879709072497, 0.0001175417618002725, 0.00011703311866057414, 0.00011696953826811186, 0.00011722385983796103, 0.00011684237748318726, 0.00011728744023042333, 0.00011728744023042333, 0.00011658805591333809, 0.00011728744023042333, 0.00011709669905303644, 0.00011703311866057414, 0.00011684237748318726, 0.00011703311866057414, 0.0001174146010153479, 0.00011627015395102663, 0.00011703311866057414, 0.00011703311866057414, 0.00011703311866057414, 0.00011671521669826267, 0.00011652447552087579, 0.00011684237748318726, 0.00011703311866057414, 0.00011633373434348893, 0.00011607941277363976, 0.00011677879709072497, 0.00011658805591333809, 0.00011588867159625287, 0.00011595225198871516, 0.00011652447552087579, 0.00011601583238117746, 0.00011588867159625287, 0.0001155071892414791, 0.0001155707696339414, 0.00011607941277363976, 0.00011531644806409222, 0.0001155071892414791, 0.00011525286767162993, 0.00011544360884901682, 0.0001155707696339414, 0.00011538002845655452, 0.0001146806441394693, 0.00011493496570931846, 0.00011423558139223323, 0.00011417200099977095, 0.00011436274217715783, 0.00011448990296208242, 0.00011379051864499718, 0.00011398125982238406, 0.00011417200099977095, 0.00011347261668268573, 0.00011347261668268573, 0.00011328187550529882, 0.00011277323236560049, 0.00011334545589776112, 0.00011347261668268573, 0.00011264607158067591, 0.00011270965197313819, 0.00011277323236560049, 0.00011188310687112837, 0.00011181952647866608, 0.00011207384804851525, 0.00011181952647866608, 0.00011150162451635462, 0.00011099298137665627, 0.00011099298137665627, 0.00011137446373143004, 0.00011048433823695791, 0.00011048433823695791, 0.00011061149902188251, 0.00011023001666710874, 0.0001097849539198727, 0.00010959421274248581, 0.00010953063235002353, 0.00010965779313494811, 0.00010902198921032517, 0.0001088948284254006, 0.00010895840881786287, 0.00010902198921032517, 0.00010857692646308913, 0.00010794112253846619, 0.00010762322057615474, 0.00010794112253846619, 0.00010794112253846619, 0.00010654235390429573, 0.00010717815782891867, 0.00010724173822138097, 0.00010673309508168262, 0.0001058429695872105, 0.00010635161272690886, 0.0001058429695872105, 0.0001060337107645974, 0.0001048892637002761, 0.0001049528440927384, 0.00010482568330781381, 0.00010444420095304006, 0.00010374481663595482, 0.00010349049506610565, 0.00010329975388871877, 0.00010329975388871877, 0.00010329975388871877, 0.00010234604800178438, 0.00010228246760932208, 0.00010253678917917125, 0.00010145592250731225, 0.00010145592250731225, 0.00010145592250731225, 0.00010139234211484998, 0.00010043863622791557, 0.00010024789505052868, 9.992999308821721e-05, 9.973925191083035e-05, 9.935776955605658e-05, 9.884912641635823e-05, 9.865838523897134e-05, 9.884912641635823e-05, 9.865838523897134e-05, 9.789542052942383e-05, 9.745035778218778e-05, 9.713245581987631e-05, 9.649665189525337e-05, 9.63059107178665e-05, 9.61787499329419e-05, 9.573368718570585e-05, 9.586084797063045e-05, 9.509788326108293e-05, 9.465282051384688e-05, 9.484356169123374e-05, 9.439849894399769e-05, 9.350837344952559e-05, 9.319047148721412e-05, 9.350837344952559e-05, 9.319047148721412e-05, 9.274540873997807e-05, 9.230034599274202e-05, 9.15373812831945e-05, 9.115589892842073e-05, 9.115589892842073e-05, 9.077441657364696e-05, 9.026577343394862e-05, 8.988429107917486e-05, 8.931206754701422e-05, 8.861268322992898e-05, 8.829478126761753e-05, 8.810404009023065e-05, 8.810404009023065e-05, 8.765897734299459e-05, 8.695959302590936e-05, 8.676885184852249e-05, 8.619662831636184e-05, 8.645094988621102e-05, 8.575156556912579e-05, 8.54972439992766e-05, 8.435279693495533e-05, 8.441637732741763e-05, 8.384415379525699e-05, 8.346267144048322e-05, 8.295402830078488e-05, 8.308118908570946e-05, 8.219106359123736e-05, 8.149167927415213e-05, 8.161884005907671e-05, 8.117377731184066e-05, 8.104661652691608e-05, 8.034723220983084e-05, 7.971142828520791e-05, 7.945710671535874e-05, 7.952068710782104e-05, 7.964784789274562e-05, 7.863056161334892e-05, 7.805833808118828e-05, 7.716821258671618e-05, 7.69774714093293e-05, 7.69774714093293e-05, 7.646882826963094e-05, 7.545154199023426e-05, 7.532438120530967e-05, 7.487931845807362e-05, 7.462499688822444e-05, 7.392561257113922e-05, 7.373487139375233e-05, 7.335338903897856e-05, 7.252684393696876e-05, 7.252684393696876e-05, 7.189104001234583e-05, 7.157313805003436e-05, 7.087375373294913e-05, 7.01743694158639e-05, 7.042869098571308e-05, 6.979288706109014e-05, 6.845769881938198e-05, 6.845769881938198e-05, 6.82669576419951e-05, 6.807621646460822e-05, 6.718609097013612e-05, 6.686818900782465e-05, 6.655028704551318e-05, 6.591448312089024e-05, 6.527867919626731e-05, 6.457929487918209e-05, 6.470645566410667e-05, 6.419781252440832e-05, 6.34984282073231e-05, 6.311694585254933e-05, 6.184533800330346e-05, 6.273546349777558e-05, 6.140027525606741e-05, 6.108237329375594e-05, 6.076447133144448e-05, 6.0255828191746125e-05, 5.9302122304811734e-05, 5.9620024267123204e-05, 5.879347916511339e-05, 5.879347916511339e-05, 5.86663183801888e-05, 5.752187131586751e-05, 5.7140388961093746e-05, 5.6695326213857696e-05, 5.6695326213857696e-05, 5.5487298757074126e-05, 5.491507522491349e-05, 5.491507522491349e-05, 5.504223600983807e-05, 5.300766345104468e-05, 5.2880502666120095e-05, 5.313482423596927e-05, 5.268976148873321e-05, 5.1736055601798814e-05, 5.078234971486441e-05, 5.1100251677175874e-05, 5.040086736009066e-05, 5.040086736009066e-05, 4.912925951084478e-05, 4.874777715607102e-05, 4.842987519375956e-05, 4.80483928389858e-05, 4.7476169306825156e-05, 4.728542812943827e-05, 4.614098106511699e-05, 4.5950239887730115e-05, 4.525085557064489e-05, 4.480579282340883e-05, 4.499653400079571e-05, 4.397924772139902e-05, 4.3279863404313794e-05, 4.2580479087228563e-05, 4.2644059479690853e-05, 4.149961241536957e-05, 4.143603202290728e-05, 4.0609486920897466e-05, 4.0673067313359756e-05, 3.959220064150077e-05, 3.971936142642536e-05, 3.9147137894264715e-05, 3.863849475456637e-05, 3.768478886763197e-05, 3.793911043748114e-05, 3.628602023346152e-05, 3.660392219577298e-05, 3.634960062592381e-05, 3.5650216308838584e-05, 3.5395894738989403e-05, 3.45057692445173e-05, 3.45057692445173e-05, 3.3424902572658306e-05, 3.35520633575829e-05, 3.272551825557308e-05, 3.208971433095015e-05, 3.126316922894033e-05, 3.132674962140263e-05, 3.126316922894033e-05, 3.0373043734468228e-05, 2.9292177062609237e-05, 2.9228596670146944e-05, 2.8974275100297774e-05, 2.8465631960599424e-05, 2.744834568120273e-05, 2.7257604503815853e-05, 2.6812541756579793e-05, 2.6240318224419156e-05, 2.617673783195686e-05, 2.503229076763558e-05, 2.5095871160097872e-05, 2.4714388805324112e-05, 2.4142165273163472e-05, 2.356994174100283e-05, 2.3252039778691365e-05, 2.299771820884219e-05, 2.166252996713403e-05, 2.185327114452091e-05, 2.147178878974715e-05, 2.0454502510350457e-05, 1.962795740834064e-05, 1.9500796623416053e-05, 1.9310055446029173e-05, 1.905573387618e-05, 1.8038447596783306e-05, 1.7974867204321012e-05, 1.7211902494773492e-05, 1.695758092492432e-05, 1.6131035822914505e-05, 1.5876714253065328e-05, 1.5558812290753865e-05, 1.5240910328442396e-05, 1.5113749543517808e-05, 1.3714980909347354e-05, 1.3524239731960474e-05, 1.3905722086734234e-05, 1.2570533845026072e-05, 1.2570533845026072e-05, 1.1807569135478551e-05, 1.13625063882425e-05, 1.0663122071157271e-05, 9.963737754072044e-06, 9.836576969147457e-06, 1.0027318146534337e-05, 8.946451474675348e-06, 7.86558480281636e-06, 7.86558480281636e-06, 7.929165195278655e-06, 7.293361270655719e-06, 6.784718130957372e-06, 6.5303965611082e-06, 5.385949496786917e-06, 5.831012244022971e-06, 4.87730635708857e-06, 4.49582400231481e-06, 3.9236004701541695e-06, 4.050761255078756e-06, 3.414957330455822e-06, 2.4612514435214206e-06, 2.334090658596834e-06, 2.715573013370594e-06, 1.8890279113607797e-06, 1.1260632018132587e-06, 7.445808470394982e-07, 2.3593770734115096e-07, -2.0912503989490288e-07, -3.998662172817831e-07, -9.085093569801304e-07, -1.4807328891407712e-06, -1.9893760288391185e-06, -2.1801172062259986e-06, -2.498019168537466e-06, -2.8159211308489326e-06, -3.006662308235813e-06, -4.087528980094801e-06, -4.469011334868561e-06, -4.723332904717735e-06, -4.914074082104615e-06, -5.35913682934067e-06, -5.677038791652136e-06, -6.376423108737364e-06, -6.9486466408980045e-06, -6.757905463511124e-06, -7.266548603209471e-06, -7.83877213537011e-06, -8.34741527506846e-06, -9.237540769540566e-06, -9.046799592153686e-06, -9.046799592153686e-06, -9.555442731852033e-06, -9.619023124314328e-06, -1.0954211366022489e-05, -1.0954211366022489e-05, -1.1017791758484784e-05, -1.171717607557001e-05, -1.2352980000192946e-05, -1.241656039265524e-05, -1.2607301570042118e-05, -1.3306685887127346e-05, -1.3751748634363402e-05, -1.4260391774061749e-05, -1.3561007456976522e-05, -1.4578293736373214e-05, -1.47054545212978e-05, -1.5468419230845322e-05, -1.540483883838303e-05, -1.654928590270431e-05, -1.6231383940392843e-05, -1.654928590270431e-05, -1.693076825747807e-05, -1.7248670219789537e-05, -1.7630152574563297e-05, -1.7948054536874767e-05, -1.8456697676573114e-05, -1.8647438853959994e-05, -1.934682317104522e-05, -1.915608199365834e-05, -1.934682317104522e-05, -1.9982627095668154e-05, -2.04912702353665e-05, -2.0046207488130448e-05, -2.030052905797962e-05, -2.1444976122300902e-05, -2.125423494491402e-05, -2.125423494491402e-05, -2.195361926199925e-05, -2.252584279415989e-05, -2.265300357908448e-05, -2.3034485933858236e-05, -2.3098066326320533e-05, -2.3098066326320533e-05, -2.4433254568028693e-05, -2.4242513390641813e-05, -2.3543129073556586e-05, -2.4496834960490986e-05, -2.53233800625008e-05, -2.5641282024812267e-05, -2.583202320219915e-05, -2.5959183987123734e-05, -2.6149925164510617e-05, -2.608634477204832e-05, -2.665856830420896e-05, -2.6531407519284377e-05, -2.7103631051445014e-05, -2.7294372228831898e-05, -2.8057336938379418e-05, -2.7739434976067948e-05, -2.869314086300235e-05, -2.8057336938379418e-05, -2.882030164792694e-05, -2.9074623217776112e-05, -2.9201784002700695e-05, -2.939252518008758e-05, -2.9201784002700695e-05, -2.939252518008758e-05, -3.0219070282097392e-05, -3.028265067455969e-05, -3.028265067455969e-05, -3.0346231067021982e-05, -3.0536972244408856e-05, -3.098203499164492e-05, -3.174499970119244e-05, -3.129993695395638e-05, -3.168141930873014e-05, -3.219006244842849e-05, -3.199932127104161e-05, -3.199932127104161e-05, -3.231722323335308e-05, -3.263512519566454e-05, -3.2889446765513713e-05, -3.295302715797601e-05, -3.30801879429006e-05, -3.3588831082598944e-05, -3.346167029767436e-05, -3.3588831082598944e-05, -3.377957225998583e-05, -3.384315265244812e-05, -3.4033893829834994e-05, -3.4733278146920224e-05, -3.454253696953335e-05, -3.505118010923169e-05, -3.511476050169399e-05, -3.479685853938252e-05, -3.524192128661857e-05, -3.524192128661857e-05, -3.6195627173552975e-05, -3.575056442631692e-05, -3.5814144818779215e-05, -3.562340364139233e-05, -3.549624285646775e-05, -3.644994874340215e-05, -3.644994874340215e-05, -3.6513529135864445e-05, -3.676785070571361e-05, -3.6513529135864445e-05, -3.6195627173552975e-05, -3.670427031325132e-05, -3.708575266802508e-05, -3.746723502279884e-05, -3.7276493845411966e-05, -3.708575266802508e-05, -3.79122977700349e-05, -3.78487173775726e-05, -3.759439580772343e-05, -3.721291345294967e-05, -3.7785136985110306e-05, -3.78487173775726e-05, -3.78487173775726e-05, -3.7785136985110306e-05, -3.8166619339884066e-05, -3.8420940909733246e-05, -3.753081541526114e-05, -3.797587816249719e-05, -3.829378012480866e-05, -3.823019973234637e-05, -3.7721556592648016e-05, -3.8420940909733246e-05, -3.8420940909733246e-05, -3.867526247958242e-05, -3.8420940909733246e-05, -3.8548101694657826e-05, -3.823019973234637e-05, -3.8484521302195536e-05, -3.823019973234637e-05, -3.823019973234637e-05, -3.912032522681847e-05, -3.8484521302195536e-05, -3.823019973234637e-05, -3.8420940909733246e-05, -3.892958404943159e-05, -3.8420940909733246e-05, -3.873884287204471e-05, -3.861168208712012e-05, -3.8484521302195536e-05, -3.8548101694657826e-05, -3.873884287204471e-05, -3.892958404943159e-05, -3.867526247958242e-05, -3.8866003656969296e-05, -3.8420940909733246e-05, -3.8166619339884066e-05, -3.861168208712012e-05, -3.867526247958242e-05, -3.8103038947421776e-05, -3.78487173775726e-05, -3.861168208712012e-05, -3.861168208712012e-05, -3.759439580772343e-05, -3.8039458554959486e-05, -3.8166619339884066e-05, -3.8103038947421776e-05, -3.78487173775726e-05, -3.78487173775726e-05, -3.759439580772343e-05, -3.797587816249719e-05, -3.8039458554959486e-05, -3.79122977700349e-05, -3.7403654630336545e-05, -3.7340074237874256e-05, -3.7340074237874256e-05, -3.683143109817591e-05, -3.6895011490638205e-05, -3.746723502279884e-05, -3.714933306048737e-05, -3.683143109817591e-05, -3.664068992078903e-05, -3.7022172275562785e-05, -3.6513529135864445e-05, -3.638636835093985e-05, -3.644994874340215e-05, -3.6577109528326735e-05, -3.606846638862839e-05, -3.59413056037038e-05, -3.5814144818779215e-05, -3.638636835093985e-05, -3.59413056037038e-05, -3.575056442631692e-05, -3.517834089415628e-05, -3.505118010923169e-05, -3.575056442631692e-05, -3.505118010923169e-05, -3.4733278146920224e-05, -3.4669697754457934e-05, -3.441537618460876e-05, -3.409747422229729e-05, -3.422463500722188e-05, -3.4033893829834994e-05, -3.3970313437372704e-05, -3.371599186752353e-05, -3.3525250690136654e-05, -3.339808990521207e-05, -3.30166075504383e-05, -3.2889446765513713e-05, -3.238080362581537e-05, -3.2889446765513713e-05, -3.219006244842849e-05, -3.225364284089078e-05, -3.199932127104161e-05, -3.1935740878579316e-05, -3.098203499164492e-05, -3.104561538410721e-05, -3.104561538410721e-05, -3.072771342179574e-05, -3.028265067455969e-05, -3.0473391851946566e-05, -3.028265067455969e-05, -2.9901168319785926e-05, -2.9646846749936755e-05, -2.9456105572549872e-05, -2.9201784002700695e-05, -2.8629560470540058e-05, -2.882030164792694e-05, -2.869314086300235e-05, -2.8438819293153178e-05, -2.8057336938379418e-05, -2.7739434976067948e-05, -2.793017615345483e-05, -2.7230791836369604e-05, -2.742153301375648e-05, -2.6785729089133547e-05, -2.6722148696671254e-05, -2.62770859494352e-05, -2.5959183987123734e-05, -2.6149925164510617e-05, -2.5959183987123734e-05, -2.5386960454963094e-05, -2.5577701632349974e-05, -2.494189770772704e-05, -2.4242513390641813e-05, -2.4623995745415573e-05, -2.4051772213254933e-05, -2.3670289858481173e-05, -2.3288807503707413e-05, -2.2907325148933652e-05, -2.2398682009235306e-05, -2.2780164364009066e-05, -2.2207940831848425e-05, -2.1444976122300902e-05, -2.1127074159989435e-05, -2.1572136907225492e-05, -2.0745591805215675e-05, -2.0809172197677968e-05, -2.04912702353665e-05, -2.0554850627828795e-05, -1.991904670320586e-05, -1.8711019246422284e-05, -1.8711019246422284e-05, -1.896534081627146e-05, -1.8711019246422284e-05, -1.7757313359487887e-05, -1.7566572182101007e-05, -1.750299178963871e-05, -1.7566572182101007e-05, -1.686718786501578e-05, -1.616780354793055e-05, -1.6040642763005963e-05, -1.5341258445920736e-05, -1.5531999623307616e-05, -1.4959776091146976e-05, -1.4769034913760095e-05, -1.4260391774061749e-05, -1.432397216652404e-05, -1.3243105494665053e-05, -1.2607301570042118e-05, -1.3052364317278173e-05, -1.2607301570042118e-05, -1.1907917252956891e-05, -1.1399274113258544e-05, -1.1208532935871664e-05, -1.1144952543409369e-05, -1.0954211366022489e-05, -1.0000505479088088e-05, -1.0000505479088088e-05, -9.936925086625793e-06, -9.364701554465153e-06, -8.474576059993046e-06, -8.22025449014387e-06, -8.15667409768158e-06, -7.711611350445527e-06, -6.630744678586537e-06, -6.9486466408980045e-06, -6.185681931350484e-06, -6.12210153888819e-06, -5.35913682934067e-06, -4.977654474566909e-06, -5.041234867029203e-06, -4.278270157481682e-06, -3.7060466253210405e-06, -3.578885840396454e-06, -3.2609838780849866e-06, -2.7523407383866393e-06, -1.8622152439145316e-06, -2.052956421301412e-06, -1.8622152439145316e-06, -7.813485720555435e-07, -4.6344660974407653e-07, -5.2702700220637e-07, 2.3593770734115096e-07, 7.445808470394982e-07, 1.316804379200139e-06, 1.9526083038230732e-06, 1.7618671264361927e-06, 2.6519926209083006e-06, 2.8427337982951807e-06, 3.6692789003049953e-06, 3.4785377229181147e-06, 3.5421181153804085e-06, 4.750145572163983e-06, 5.576690674173798e-06, 5.640271066636091e-06, 5.640271066636091e-06, 6.5303965611082e-06, 6.33965538372132e-06, 7.039039700806547e-06, 7.929165195278655e-06, 7.929165195278655e-06, 8.564969119901587e-06, 9.010031867137642e-06, 9.327933829449109e-06, 9.582255399298282e-06, 1.0726702463619564e-05, 1.0663122071157271e-05, 1.1235345603317911e-05, 1.1235345603317911e-05, 1.1934729920403138e-05, 1.2125471097790018e-05, 1.3015596592262127e-05, 1.3460659339498179e-05, 1.3524239731960474e-05, 1.3714980909347354e-05, 1.4477945618894874e-05, 1.5622392683216155e-05, 1.6258196607839092e-05, 1.6321777000301385e-05, 1.6703259355075142e-05, 1.7656965242009546e-05, 1.7593384849547252e-05, 1.8229188774170186e-05, 1.905573387618e-05, 1.8928573091255413e-05, 1.8737831913868533e-05, 1.9564377015878346e-05, 2.0772404472661924e-05, 2.0772404472661924e-05, 2.1535369182209444e-05, 2.1789690752058617e-05, 2.1916851536983204e-05, 2.3124878993766778e-05, 2.3824263310852005e-05, 2.4015004488238885e-05, 2.4332906450550352e-05, 2.465080841286182e-05, 2.5731675084720806e-05, 2.5985996654569983e-05, 2.6621800579192916e-05, 2.6367479009343743e-05, 2.7257604503815853e-05, 2.7003282933966676e-05, 2.821131039075025e-05, 2.821131039075025e-05, 2.9292177062609237e-05, 2.9610079024920704e-05, 2.9737239809845294e-05, 3.0373043734468228e-05, 3.081810648170428e-05, 3.189897315356327e-05, 3.170823197617639e-05, 3.228045550833703e-05, 3.310700061034684e-05, 3.3742804534969776e-05, 3.393354571235666e-05, 3.425144767466813e-05, 3.501441238421564e-05, 3.596811827115005e-05, 3.6095279056074634e-05, 3.628602023346152e-05, 3.698540455054674e-05, 3.762120847516968e-05, 3.800269082994344e-05, 3.793911043748114e-05, 3.8702075147028665e-05, 3.9846522211349946e-05, 3.9846522211349946e-05, 4.035516535104829e-05, 4.1308871237982696e-05, 4.1690353592756456e-05, 4.21989967324548e-05, 4.21989967324548e-05, 4.2898381049540034e-05, 4.4169988898785894e-05, 4.391566732893673e-05, 4.423356929124819e-05, 4.4487890861097364e-05, 4.614098106511699e-05, 4.620456145757929e-05, 4.6713204597277635e-05, 4.6649624204815345e-05, 4.734900852190057e-05, 4.80483928389858e-05, 4.80483928389858e-05, 4.874777715607102e-05, 4.963790265054314e-05, 4.98922242203923e-05, 5.014654579024148e-05, 5.122741246210046e-05, 5.122741246210046e-05, 5.179963599426111e-05, 5.224469874149716e-05, 5.224469874149716e-05, 5.307124384350698e-05, 5.357988698320532e-05, 5.415211051536597e-05, 5.453359287013972e-05, 5.485149483245119e-05, 5.523297718722495e-05, 5.612310268169706e-05, 5.6186683074159356e-05, 5.6949647783706877e-05, 5.688606739124458e-05, 5.790335367064128e-05, 5.86663183801888e-05, 5.8984220342500264e-05, 5.9620024267123204e-05, 5.987434583697237e-05, 6.0255828191746125e-05, 6.0382988976670725e-05, 6.101879290129366e-05, 6.127311447114283e-05, 6.267188310531328e-05, 6.24811419279264e-05, 6.311694585254933e-05, 6.318052624501163e-05, 6.457929487918209e-05, 6.419781252440832e-05, 6.489719684149356e-05, 6.534225958872961e-05, 6.648670665305088e-05, 6.661386743797547e-05, 6.712251057767382e-05, 6.718609097013612e-05, 6.782189489475904e-05, 6.864843999676886e-05, 6.852127921184427e-05, 6.941140470631638e-05, 6.934782431385409e-05, 7.01107890234016e-05, 7.068301255556225e-05, 7.087375373294913e-05, 7.112807530279831e-05, 7.138239687264747e-05, 7.233610275958188e-05, 7.297190668420481e-05, 7.341696943144087e-05, 7.348054982390317e-05, 7.392561257113922e-05, 7.475215767314902e-05, 7.50700596354605e-05, 7.50700596354605e-05, 7.627808709224408e-05, 7.608734591485719e-05, 7.646882826963094e-05, 7.716821258671618e-05, 7.78675969038014e-05, 7.837624004349975e-05, 7.850340082842434e-05, 7.932994593043416e-05, 7.952068710782104e-05, 7.945710671535874e-05, 7.971142828520791e-05, 8.022007142490626e-05, 8.09194557419915e-05, 8.104661652691608e-05, 8.18731616289259e-05, 8.18731616289259e-05, 8.250896555354883e-05, 8.358983222540781e-05, 8.339909104802093e-05, 8.365341261787011e-05, 8.428921654249304e-05, 8.46071185048045e-05, 8.486144007465368e-05, 8.505218125204056e-05, 8.600588713897497e-05, 8.606946753143726e-05, 8.695959302590936e-05, 8.715033420329624e-05, 8.702317341837166e-05, 8.829478126761753e-05, 8.804045969776835e-05, 8.816762048269293e-05, 8.899416558470275e-05, 8.95028087244011e-05, 9.007503225656174e-05, 8.94392283319388e-05, 9.013861264902404e-05, 9.052009500379779e-05, 9.134664010580761e-05, 9.115589892842073e-05, 9.198244403043055e-05, 9.191886363796825e-05, 9.293614991736495e-05, 9.274540873997807e-05, 9.299973030982723e-05, 9.363553423445017e-05, 9.376269501937475e-05, 9.43349185515354e-05, 9.408059698168622e-05, 9.477998129877146e-05, 9.509788326108293e-05, 9.516146365354521e-05, 9.509788326108293e-05, 9.598800875555503e-05, 9.643307150279108e-05, 9.694171464248942e-05, 9.745035778218778e-05, 9.738677738972549e-05, 9.789542052942383e-05, 9.80861617068107e-05, 9.834048327665987e-05, 9.91034479862074e-05, 9.948493034098117e-05, 9.961209112590574e-05, 9.973925191083035e-05, 9.992999308821721e-05, 0.00010069295779776474, 0.00010024789505052868, 0.00010094727936761392, 0.00010158308329223684, 0.0001020281460394729, 0.00010209172643193519, 0.00010209172643193519, 0.00010234604800178438, 0.00010298185192640732, 0.00010342691467364335, 0.00010374481663595482, 0.00010317259310379418, 0.00010374481663595482, 0.00010412629899072859, 0.0001048892637002761, 0.00010463494213042692, 0.00010508000487766299, 0.00010514358527012528, 0.00010546148723243675, 0.0001060337107645974, 0.0001060337107645974, 0.00010635161272690886, 0.00010628803233444656, 0.0001068602558666072, 0.0001067966754741449, 0.00010762322057615474, 0.00010743247939876783, 0.00010794112253846619, 0.00010749605979123013, 0.00010813186371585307, 0.00010844976567816454, 0.00010857692646308913, 0.00010953063235002353, 0.00010902198921032517, 0.00010908556960278747, 0.00010921273038771207, 0.00010997569509725958, 0.0001106750794143448, 0.00011003927548972188, 0.00011016643627464644, 0.0001106750794143448, 0.00011029359705957104, 0.00011092940098419398, 0.00011092940098419398, 0.00011150162451635462, 0.00011181952647866608, 0.00011105656176911857, 0.00011137446373143004, 0.00011188310687112837, 0.00011258249118821361, 0.00011251891079575131, 0.00011213742844097755, 0.00011251891079575131, 0.00011353619707514802, 0.00011302755393544966, 0.00011328187550529882, 0.00011302755393544966, 0.00011328187550529882, 0.00011391767942992176, 0.00011423558139223323, 0.00011347261668268573, 0.00011417200099977095, 0.00011404484021484636, 0.00011442632256962012, 0.00011404484021484636, 0.00011455348335454469, 0.00011493496570931846, 0.00011429916178469553, 0.00011493496570931846, 0.00011493496570931846, 0.00011544360884901682, 0.00011512570688670536, 0.00011563435002640369, 0.00011531644806409222, 0.00011569793041886599, 0.00011531644806409222, 0.00011563435002640369, 0.0001155707696339414, 0.0001155707696339414, 0.00011563435002640369, 0.00011563435002640369, 0.00011582509120379057, 0.00011633373434348893, 0.00011627015395102663, 0.00011627015395102663, 0.00011658805591333809, 0.00011658805591333809, 0.00011652447552087579, 0.00011658805591333809, 0.00011684237748318726, 0.00011696953826811186, 0.00011709669905303644, 0.00011671521669826267, 0.00011703311866057414, 0.00011703311866057414, 0.00011722385983796103, 0.00011722385983796103, 0.00011690595787564956, 0.00011696953826811186, 0.00011684237748318726, 0.00011716027944549873, 0.00011696953826811186, 0.00011696953826811186, 0.00011766892258519707, 0.00011709669905303644, 0.00011684237748318726, 0.00011716027944549873, 0.00011696953826811186, 0.00011696953826811186, 0.00011677879709072497, 0.00011690595787564956, 0.00011728744023042333, 0.0001174781814078102, 0.00011696953826811186, 0.0001164608951284135, 0.00011703311866057414, 0.0001163973147359512, 0.00011677879709072497, 0.00011722385983796103, 0.00011703311866057414, 0.00011671521669826267, 0.00011671521669826267, 0.0001166516363058004, 0.00011696953826811186, 0.00011690595787564956, 0.00011671521669826267, 0.0001163973147359512, 0.00011607941277363976, 0.00011633373434348893, 0.00011658805591333809, 0.00011588867159625287, 0.00011627015395102663, 0.0001163973147359512, 0.0001155707696339414, 0.00011620657355856434, 0.00011652447552087579, 0.00011531644806409222, 0.0001155707696339414, 0.00011582509120379057, 0.00011531644806409222, 0.00011582509120379057, 0.00011582509120379057, 0.00011512570688670536, 0.00011518928727916763, 0.00011493496570931846, 0.00011493496570931846, 0.00011487138531685616, 0.00011448990296208242, 0.00011531644806409222, 0.00011391767942992176, 0.000114617063747007, 0.000114617063747007, 0.00011372693825253489, 0.00011372693825253489, 0.00011398125982238406, 0.00011334545589776112, 0.00011321829511283655, 0.00011309113432791196, 0.00011321829511283655, 0.00011220100883343984, 0.00011207384804851525, 0.00011207384804851525, 0.00011258249118821361, 0.00011201026765605298, 0.00011181952647866608, 0.00011181952647866608, 0.00011143804412389232, 0.00011137446373143004, 0.00011181952647866608, 0.00011118372255404315, 0.0001106750794143448, 0.0001107386598068071, 0.0001106750794143448, 0.00011048433823695791, 0.00011023001666710874, 0.000109848534312335, 0.00011023001666710874, 0.0001097213735274104, 0.00010914914999524976, 0.00010895840881786287, 0.00010953063235002353, 0.00010921273038771207, 0.00010857692646308913, 0.00010762322057615474, 0.00010844976567816454, 0.00010819544410831537, 0.00010705099704399407, 0.0001077503813610793, 0.00010724173822138097, 0.00010762322057615474, 0.00010654235390429573, 0.00010654235390429573, 0.00010641519311937115, 0.00010647877351183344, 0.00010533432644751216, 0.00010565222840982363, 0.00010514358527012528, 0.00010508000487766299, 0.00010444420095304006, 0.00010412629899072859, 0.00010368123624349253, 0.0001040627185982663, 0.00010329975388871877, 0.00010298185192640732, 0.00010304543231886959, 0.00010260036957163355, 0.0001020281460394729, 0.00010240962839424666, 0.00010177382446962372, 0.00010164666368469914, 0.00010183740486208602, 0.00010088369897515162, 0.00010088369897515162, 0.00010050221662037787, 0.0001000571538731418, 9.980283230329264e-05, 9.954851073344347e-05, 9.954851073344347e-05, 9.859480484650907e-05, 9.878554602389594e-05, 9.82133224917353e-05, 9.776825974449924e-05, 9.72596166048009e-05, 9.738677738972549e-05, 9.668739307264026e-05, 9.694171464248942e-05, 9.605158914801732e-05, 9.605158914801732e-05, 9.54157852233944e-05, 9.567010679324356e-05, 9.516146365354521e-05, 9.490714208369604e-05, 9.369911462691247e-05, 9.395343619676164e-05, 9.325405187967642e-05, 9.255466756259118e-05, 9.274540873997807e-05, 9.255466756259118e-05, 9.24275067776666e-05, 9.121947932088303e-05, 9.160096167565678e-05, 9.109231853595843e-05, 9.039293421887321e-05, 9.007503225656174e-05, 8.982071068671257e-05, 8.969354990178797e-05, 8.924848715455192e-05, 8.873984401485358e-05, 8.829478126761753e-05, 8.784971852038146e-05, 8.734107538068313e-05, 8.664169106359789e-05, 8.695959302590936e-05, 8.626020870882413e-05, 8.695959302590936e-05, 8.581514596158808e-05, 8.524292242942745e-05, 8.511576164450285e-05, 8.46071185048045e-05, 8.352625183294551e-05, 8.346267144048322e-05, 8.365341261787011e-05, 8.301760869324717e-05, 8.206390280631277e-05, 8.231822437616194e-05, 8.206390280631277e-05, 8.142809888168984e-05, 8.066513417214231e-05, 8.034723220983084e-05, 7.990216946259479e-05, 7.971142828520791e-05, 7.939352632289646e-05, 7.850340082842434e-05, 7.824907925857517e-05, 7.805833808118828e-05, 7.735895376410307e-05, 7.70410518017916e-05, 7.685031062440471e-05, 7.659598905455555e-05, 7.557870277515884e-05, 7.532438120530967e-05, 7.468857728068674e-05, 7.513364002792279e-05, 7.417993414098838e-05, 7.360771060882775e-05, 7.271758511435564e-05, 7.284474589928023e-05, 7.259042432943104e-05, 7.131881648018518e-05, 7.125523608772289e-05, 7.106449491033602e-05, 7.049227137817537e-05, 6.998362823847703e-05, 6.934782431385409e-05, 6.928424392139179e-05, 6.928424392139179e-05, 6.775831450229675e-05, 6.73132517550607e-05, 6.693176940028694e-05, 6.7376832147523e-05, 6.648670665305088e-05, 6.604164390581483e-05, 6.508793801888042e-05, 6.566016155104108e-05, 6.43249733093329e-05, 6.451571448671979e-05, 6.362558899224769e-05, 6.33712674223985e-05, 6.267188310531328e-05, 6.229040075053951e-05, 6.159101643345429e-05, 6.095521250883136e-05, 6.089163211636906e-05, 6.000150662189696e-05, 6.0382988976670725e-05, 5.9492863482198604e-05, 5.8984220342500264e-05, 5.847557720280192e-05, 5.7966934063103564e-05, 5.803051445556587e-05, 5.682248699878228e-05, 5.644100464400853e-05, 5.6186683074159356e-05, 5.6186683074159356e-05, 5.523297718722495e-05, 5.453359287013972e-05, 5.3707047768129905e-05, 5.408853012290367e-05, 5.332556541335615e-05, 5.2499020311346334e-05, 5.224469874149716e-05, 5.1736055601798814e-05, 5.0973090892251294e-05, 5.0909510499789e-05, 5.078234971486441e-05, 4.944716147315625e-05, 4.957432225808084e-05, 4.9065679118382486e-05, 4.849345558622185e-05, 4.80483928389858e-05, 4.728542812943827e-05, 4.6713204597277635e-05, 4.6649624204815345e-05, 4.620456145757929e-05, 4.575949871034323e-05, 4.499653400079571e-05, 4.4169988898785894e-05, 4.359776536662526e-05, 4.359776536662526e-05, 4.2898381049540034e-05, 4.270763987215315e-05, 4.2580479087228563e-05, 4.143603202290728e-05, 4.194467516260563e-05, 4.0164424173661416e-05, 4.010084378119912e-05, 3.9401459464113895e-05, 3.8702075147028665e-05, 3.863849475456637e-05, 3.863849475456637e-05, 3.774836926009426e-05, 3.7239726120395914e-05, 3.6540341803310684e-05, 3.6158859448536924e-05, 3.6095279056074634e-05, 3.520515356160253e-05, 3.469651042190418e-05, 3.431502806713042e-05, 3.3679224142507486e-05, 3.3361322180196016e-05, 3.3043420217884546e-05, 3.2216875115874735e-05, 3.196255354602556e-05, 3.126316922894033e-05, 3.056378491185511e-05, 3.0118722164619055e-05, 2.986440059476988e-05, 2.9228596670146944e-05, 2.8465631960599424e-05, 2.8402051568137134e-05, 2.7893408428438784e-05, 2.744834568120273e-05, 2.6494639794268326e-05, 2.6558220186730626e-05, 2.592241626210769e-05, 2.5286612337484756e-05, 2.4905129982710996e-05, 2.426932605808806e-05, 2.426932605808806e-05, 2.376068291838971e-05, 2.3061298601304485e-05, 2.3061298601304485e-05, 2.2171173106832378e-05, 2.1916851536983204e-05, 2.1026726042511094e-05, 2.0327341725425867e-05, 2.020018094050128e-05, 1.962795740834064e-05, 1.9119314268642293e-05, 1.8610671128943946e-05, 1.8610671128943946e-05, 1.772054563447184e-05, 1.7466224064622666e-05, 1.7021161317386612e-05, 1.6258196607839092e-05, 1.6321777000301385e-05, 1.5558812290753865e-05, 1.4923008366130928e-05, 1.4287204441507994e-05, 1.4160043656583409e-05, 1.4160043656583409e-05, 1.3333498554573594e-05, 1.2824855414875247e-05, 1.2379792667639192e-05, 1.1871149527940846e-05, 1.0917443641006444e-05, 1.0472380893770389e-05, 1.0472380893770389e-05, 1.0281639716383509e-05, 9.327933829449109e-06, 8.946451474675348e-06, 8.501388727439295e-06, 8.310647550052415e-06, 7.420522055580307e-06, 7.102620093268839e-06, 6.975459308344252e-06, 6.466816168645904e-06, 5.894592636485265e-06, 5.131627926937744e-06, 4.750145572163983e-06, 4.432243609852516e-06, 4.241502432465636e-06, 3.9236004701541695e-06, 3.4785377229181147e-06, 2.5884122284460073e-06, 3.0334749756820612e-06, 1.8890279113607797e-06, 1.5711259490493124e-06, 1.1896435942755523e-06, 1.0624828093509653e-06, 6.81000454577205e-07, -2.727054323571963e-07, -5.906073946686634e-07, -1.0356701419047173e-06, -1.0992505343670106e-06, -1.4807328891407712e-06, -1.8622152439145316e-06, -2.8159211308489326e-06, -2.5615995609997588e-06, -4.341850549943974e-06, -3.833207410245627e-06, -4.341850549943974e-06, -4.723332904717735e-06, -5.486297614265256e-06, -5.35913682934067e-06, -6.249262323812777e-06, -5.613458399189843e-06, -6.376423108737364e-06, -6.757905463511124e-06, -7.266548603209471e-06, -7.648030957983232e-06, -7.711611350445527e-06, -8.856058414766806e-06, -8.856058414766806e-06, -9.555442731852033e-06, -9.746183909238913e-06, -1.0064085871550382e-05, -1.0381987833861848e-05, -1.1272113328333956e-05, -1.0890630973560197e-05, -1.1971497645419184e-05, -1.1907917252956891e-05, -1.2670881962504411e-05, -1.2098658430343771e-05, -1.241656039265524e-05, -1.3370266279589638e-05, -1.3942489811750282e-05, -1.413323098913716e-05, -1.413323098913716e-05, -1.451471334391092e-05, -1.5150517268533856e-05, -1.559558001576991e-05, -1.5913481978081376e-05, -1.616780354793055e-05, -1.686718786501578e-05, -1.7248670219789537e-05, -1.693076825747807e-05, -1.7630152574563297e-05, -1.8456697676573114e-05, -1.8393117284110817e-05, -1.8393117284110817e-05, -1.8393117284110817e-05, -1.9410403563507514e-05, -1.9855466310743568e-05, -1.9791885918281274e-05, -2.0364109450441915e-05, -2.068201141275338e-05, -2.125423494491402e-05, -2.106349376752714e-05, -2.1317815337376315e-05, -2.1635717299687782e-05, -2.2398682009235306e-05, -2.233510161677301e-05, -2.24622624016976e-05, -2.284374475647136e-05, -2.360670946601888e-05, -2.360670946601888e-05, -2.379745064340576e-05, -2.4242513390641813e-05, -2.4306093783104106e-05, -2.4878317315264747e-05, -2.4751156530340163e-05, -2.5577701632349974e-05, -2.5641282024812267e-05, -2.5959183987123734e-05, -2.570486241727456e-05, -2.6340666341897494e-05, -2.6531407519284377e-05, -2.716721144390731e-05, -2.7103631051445014e-05, -2.716721144390731e-05, -2.7485113406218774e-05, -2.8120917330841708e-05, -2.793017615345483e-05, -2.7739434976067948e-05, -2.869314086300235e-05, -2.9138203610238405e-05, -2.894746243285153e-05, -2.882030164792694e-05, -2.9837587927323632e-05, -3.0028329104710516e-05, -2.9837587927323632e-05, -2.977400753486134e-05, -2.9901168319785926e-05, -3.0536972244408856e-05, -3.1236356561494086e-05, -3.098203499164492e-05, -3.142709773888097e-05, -3.149067813134326e-05, -3.1617838916267846e-05, -3.1935740878579316e-05, -3.21264820559662e-05, -3.219006244842849e-05, -3.269870558812684e-05, -3.295302715797601e-05, -3.30801879429006e-05, -3.333450951274977e-05, -3.3525250690136654e-05, -3.3652411475061234e-05, -3.339808990521207e-05, -3.377957225998583e-05, -3.422463500722188e-05, -3.377957225998583e-05, -3.4288215399684174e-05, -3.371599186752353e-05, -3.4733278146920224e-05, -3.49875997167694e-05, -3.454253696953335e-05, -3.492401932430711e-05, -3.492401932430711e-05, -3.543266246400545e-05, -3.543266246400545e-05, -3.568698403385463e-05, -3.562340364139233e-05, -3.575056442631692e-05, -3.575056442631692e-05, -3.6577109528326735e-05, -3.59413056037038e-05, -3.6195627173552975e-05, -3.6195627173552975e-05, -3.644994874340215e-05, -3.6577109528326735e-05, -3.6895011490638205e-05, -3.670427031325132e-05, -3.708575266802508e-05, -3.683143109817591e-05, -3.714933306048737e-05, -3.78487173775726e-05, -3.708575266802508e-05, -3.7657976200185726e-05, -3.746723502279884e-05, -3.78487173775726e-05, -3.797587816249719e-05, -3.8039458554959486e-05, -3.7276493845411966e-05, -3.759439580772343e-05, -3.78487173775726e-05, -3.797587816249719e-05, -3.8166619339884066e-05, -3.797587816249719e-05, -3.78487173775726e-05, -3.797587816249719e-05, -3.829378012480866e-05, -3.7785136985110306e-05, -3.823019973234637e-05, -3.899316444189388e-05, -3.867526247958242e-05, -3.829378012480866e-05, -3.861168208712012e-05, -3.873884287204471e-05, -3.867526247958242e-05, -3.8484521302195536e-05, -3.823019973234637e-05, -3.9183905619280766e-05, -3.8420940909733246e-05, -3.823019973234637e-05, -3.797587816249719e-05, -3.8548101694657826e-05, -3.8484521302195536e-05, -3.8039458554959486e-05, -3.823019973234637e-05, -3.905674483435618e-05, -3.8484521302195536e-05, -3.829378012480866e-05, -3.861168208712012e-05, -3.892958404943159e-05, -3.873884287204471e-05, -3.861168208712012e-05, -3.797587816249719e-05, -3.829378012480866e-05, -3.8548101694657826e-05, -3.8420940909733246e-05, -3.8166619339884066e-05, -3.79122977700349e-05, -3.78487173775726e-05, -3.7721556592648016e-05, -3.8484521302195536e-05, -3.78487173775726e-05, -3.7785136985110306e-05, -3.7721556592648016e-05, -3.78487173775726e-05, -3.753081541526114e-05, -3.8039458554959486e-05, -3.823019973234637e-05, -3.7403654630336545e-05, -3.79122977700349e-05, -3.714933306048737e-05, -3.753081541526114e-05, -3.708575266802508e-05, -3.683143109817591e-05, -3.6895011490638205e-05, -3.6895011490638205e-05, -3.644994874340215e-05, -3.644994874340215e-05, -3.6513529135864445e-05, -3.6577109528326735e-05, -3.664068992078903e-05, -3.549624285646775e-05, -3.613204678109068e-05, -3.575056442631692e-05, -3.543266246400545e-05, -3.562340364139233e-05, -3.543266246400545e-05, -3.517834089415628e-05, -3.517834089415628e-05, -3.4733278146920224e-05, -3.543266246400545e-05, -3.49875997167694e-05, -3.4351795792146464e-05, -3.4351795792146464e-05, -3.4733278146920224e-05, -3.377957225998583e-05, -3.4351795792146464e-05, -3.3588831082598944e-05, -3.3143768335362894e-05, -3.422463500722188e-05, -3.333450951274977e-05, -3.3143768335362894e-05, -3.30166075504383e-05, -3.238080362581537e-05, -3.2825866373051424e-05, -3.1935740878579316e-05, -3.219006244842849e-05, -3.1617838916267846e-05, -3.219006244842849e-05, -3.168141930873014e-05, -3.149067813134326e-05, -3.104561538410721e-05, -3.098203499164492e-05, -3.0536972244408856e-05, -3.060055263687115e-05, -3.0091909497172806e-05, -2.9646846749936755e-05, -2.9901168319785926e-05, -2.9964748712248222e-05, -2.9646846749936755e-05, -2.9456105572549872e-05, -2.9138203610238405e-05, -2.869314086300235e-05, -2.8184497723304008e-05, -2.8057336938379418e-05, -2.7612274191143365e-05, -2.7485113406218774e-05, -2.7739434976067948e-05, -2.704005065898272e-05, -2.6531407519284377e-05, -2.665856830420896e-05, -2.6531407519284377e-05, -2.6531407519284377e-05, -2.5386960454963094e-05, -2.5641282024812267e-05, -2.5641282024812267e-05, -2.53233800625008e-05, -2.53233800625008e-05, -2.4306093783104106e-05, -2.4623995745415573e-05, -2.398819182079264e-05, -2.3543129073556586e-05, -2.3225227111245116e-05, -2.3288807503707413e-05, -2.265300357908448e-05, -2.1826458477074662e-05, -2.169929769215008e-05, -2.189003886953696e-05, -2.1508556514763195e-05, -2.1190654552451732e-05, -2.099991337506485e-05, -2.0936332982602555e-05, -2.0236948665517328e-05, -1.9855466310743568e-05, -1.972830552581898e-05, -2.0046207488130448e-05, -1.9028921208733754e-05, -1.8838180031346874e-05, -1.8138795714261647e-05, -1.8393117284110817e-05, -1.7375831004714127e-05, -1.750299178963871e-05, -1.705792904240266e-05, -1.674002708009119e-05, -1.6803607472553483e-05, -1.6231383940392843e-05, -1.559558001576991e-05, -1.4641874128835509e-05, -1.5531999623307616e-05, -1.4641874128835509e-05, -1.413323098913716e-05, -1.3561007456976522e-05, -1.4006070204212573e-05, -1.3306685887127346e-05, -1.2352980000192946e-05, -1.2543721177579826e-05, -1.2352980000192946e-05, -1.1907917252956891e-05, -1.0954211366022489e-05, -1.0509148618786437e-05, -1.0509148618786437e-05, -9.936925086625793e-06, -9.746183909238913e-06, -9.619023124314328e-06, -9.046799592153686e-06, -8.856058414766806e-06, -8.983219199691395e-06, -7.965932920294699e-06, -7.0122270333602995e-06, -7.457289780596351e-06, -6.694325071048832e-06, -6.249262323812777e-06, -5.994940753963603e-06, -5.677038791652136e-06, -4.914074082104615e-06, -4.914074082104615e-06, -4.087528980094801e-06, -3.960368195170215e-06, -3.451725055471867e-06, -2.498019168537466e-06, -2.498019168537466e-06, -2.052956421301412e-06, -1.8622152439145316e-06, -1.0992505343670106e-06, -1.2264113192915976e-06, -5.2702700220637e-07, -3.998662172817831e-07, -2.0912503989490288e-07, 4.902592771903246e-07, 1.316804379200139e-06, 1.2532239867378456e-06, 1.8890279113607797e-06, 2.4612514435214206e-06, 2.524831835983714e-06, 3.4785377229181147e-06, 4.241502432465636e-06, 4.177922040003342e-06, 4.241502432465636e-06, 4.750145572163983e-06, 5.385949496786917e-06, 5.640271066636091e-06, 5.640271066636091e-06, 6.911878915881959e-06, 6.975459308344252e-06, 7.420522055580307e-06, 7.67484362542948e-06, 8.628549512363882e-06, 8.946451474675348e-06, 9.963737754072044e-06, 1.0027318146534337e-05, 1.0535961286232684e-05, 1.0599541678694976e-05, 1.1044604425931031e-05, 1.1680408350553965e-05, 1.1934729920403138e-05, 1.2506953452563778e-05, 1.3079176984724419e-05, 1.3460659339498179e-05, 1.3778561301809646e-05, 1.4795847581206341e-05, 1.4414365226432581e-05, 1.5431651505829275e-05, 1.5622392683216155e-05, 1.6321777000301385e-05, 1.6321777000301385e-05, 1.752980445708496e-05, 1.7402643672160372e-05, 1.8610671128943946e-05, 1.905573387618e-05, 1.9310055446029173e-05, 1.905573387618e-05, 2.0327341725425867e-05, 2.0772404472661924e-05, 2.0835984865124217e-05, 2.147178878974715e-05, 2.185327114452091e-05, 2.3315620171153658e-05, 2.242549467668155e-05, 2.3315620171153658e-05, 2.376068291838971e-05, 2.4714388805324112e-05, 2.4777969197786405e-05, 2.5731675084720806e-05, 2.5731675084720806e-05, 2.6812541756579793e-05, 2.706686332642897e-05, 2.706686332642897e-05, 2.7511926073665023e-05, 2.8465631960599424e-05, 2.8974275100297774e-05, 2.916501627768465e-05, 2.9419337847533828e-05, 3.0245882949543638e-05, 3.0245882949543638e-05, 3.0373043734468228e-05, 3.170823197617639e-05, 3.196255354602556e-05, 3.272551825557308e-05, 3.3043420217884546e-05, 3.3806384927432066e-05, 3.4060706497281246e-05, 3.476009081436647e-05, 3.469651042190418e-05, 3.590453787868776e-05, 3.6095279056074634e-05, 3.6540341803310684e-05, 3.7239726120395914e-05, 3.730330651285821e-05, 3.793911043748114e-05, 3.8702075147028665e-05, 3.93378790716516e-05, 3.889281632441554e-05, 3.9782941818887656e-05, 4.080022809828435e-05, 4.12452908455204e-05, 4.0990969275671226e-05, 4.21989967324548e-05, 4.270763987215315e-05, 4.2961961442002324e-05, 4.31527026193892e-05, 4.3788506544012134e-05, 4.4106408506323604e-05, 4.461505164602195e-05, 4.537801635556947e-05, 4.531443596310718e-05, 4.645888302742846e-05, 4.7094686952051395e-05, 4.7094686952051395e-05, 4.684036538220222e-05, 4.8302714408834966e-05, 4.89385183334579e-05, 4.957432225808084e-05, 4.98922242203923e-05, 5.078234971486441e-05, 5.078234971486441e-05, 5.122741246210046e-05, 5.1736055601798814e-05, 5.268976148873321e-05, 5.338914580581845e-05, 5.2944083058582385e-05, 5.389778894551679e-05, 5.402494973044137e-05, 5.47879144399889e-05, 5.47879144399889e-05, 5.497865561737577e-05, 5.5487298757074126e-05, 5.688606739124458e-05, 5.707680856863146e-05, 5.777619288571669e-05, 5.758545170832981e-05, 5.85391575952642e-05, 5.879347916511339e-05, 5.9492863482198604e-05, 6.019224779928384e-05, 6.0382988976670725e-05, 6.063731054651989e-05, 6.133669486360512e-05, 6.209965957315265e-05, 6.229040075053951e-05, 6.267188310531328e-05, 6.324410663747392e-05, 6.381633016963457e-05, 6.356200859978538e-05, 6.407065173948374e-05, 6.527867919626731e-05, 6.559658115857878e-05, 6.623238508320171e-05, 6.623238508320171e-05, 6.724967136259841e-05, 6.7376832147523e-05, 6.744041253998528e-05, 6.909350274400491e-05, 6.82669576419951e-05, 6.858485960430656e-05, 6.953856549124098e-05, 6.998362823847703e-05, 7.055585177063766e-05, 7.087375373294913e-05, 7.131881648018518e-05, 7.189104001234583e-05, 7.182745961988354e-05, 7.278116550681793e-05, 7.348054982390317e-05, 7.373487139375233e-05, 7.392561257113922e-05, 7.437067531837527e-05, 7.481573806561132e-05, 7.545154199023426e-05, 7.583302434500801e-05, 7.653240866209324e-05, 7.621450669978178e-05, 7.774043611887682e-05, 7.748611454902765e-05, 7.831265965103747e-05, 7.837624004349975e-05, 7.88848831831981e-05, 7.920278514550957e-05, 7.945710671535874e-05, 8.015649103244398e-05, 8.104661652691608e-05, 8.022007142490626e-05, 8.111019691937837e-05, 8.130093809676525e-05, 8.225464398369965e-05, 8.212748319877507e-05, 8.339909104802093e-05, 8.301760869324717e-05, 8.441637732741763e-05, 8.447995771987993e-05, 8.486144007465368e-05, 8.498860085957827e-05, 8.524292242942745e-05, 8.54972439992766e-05, 8.626020870882413e-05, 8.664169106359789e-05, 8.689601263344707e-05, 8.740465577314541e-05, 8.740465577314541e-05, 8.791329891284376e-05, 8.886700479977817e-05, 8.924848715455192e-05, 8.931206754701422e-05, 8.95663891168634e-05, 9.007503225656174e-05, 9.045651461133551e-05, 9.064725578872237e-05, 9.115589892842073e-05, 9.185528324550596e-05, 9.15373812831945e-05, 9.223676560027971e-05, 9.230034599274202e-05, 9.312689109475182e-05, 9.325405187967642e-05, 9.369911462691247e-05, 9.369911462691247e-05, 9.414417737414852e-05, 9.503430286862063e-05, 9.516146365354521e-05, 9.509788326108293e-05, 9.535220483093209e-05, 9.586084797063045e-05, 9.586084797063045e-05, 9.656023228771567e-05, 9.738677738972549e-05, 9.745035778218778e-05, 9.764109895957465e-05, 9.795900092188612e-05, 9.789542052942383e-05, 9.846764406158446e-05, 9.884912641635823e-05, 9.91034479862074e-05, 9.961209112590574e-05, 9.973925191083035e-05, 0.00010037505583545327, 0.00010088369897515162, 0.00010050221662037787, 0.00010107444015253851, 0.00010132876172238768, 0.00010158308329223684, 0.00010228246760932208, 0.00010228246760932208, 0.00010247320878670896, 0.00010253678917917125, 0.00010304543231886959, 0.00010323617349625648, 0.00010349049506610565, 0.00010418987938319089, 0.00010393555781334169, 0.00010438062056057775, 0.00010438062056057775, 0.00010482568330781381, 0.00010565222840982363, 0.00010628803233444656, 0.0001058429695872105, 0.0001060337107645974, 0.00010673309508168262, 0.0001068602558666072, 0.00010705099704399407, 0.00010635161272690886, 0.0001069238362590695, 0.00010755964018369243, 0.00010743247939876783, 0.00010762322057615474, 0.00010832260489323995, 0.00010832260489323995, 0.00010819544410831537, 0.0001088312480329383, 0.00010902198921032517, 0.00010933989117263664, 0.00010927631078017434, 0.00010914914999524976, 0.0001097213735274104, 0.00011003927548972188, 0.00011035717745203335, 0.00011035717745203335, 0.00011061149902188251, 0.00011092940098419398, 0.00011188310687112837, 0.00011048433823695791, 0.00011092940098419398, 0.00011143804412389232, 0.00011220100883343984, 0.00011175594608620378, 0.00011232816961836444, 0.00011232816961836444, 0.00011258249118821361, 0.00011264607158067591, 0.00011302755393544966, 0.00011245533040328902, 0.00011366335786007259, 0.00011391767942992176, 0.00011296397354298738, 0.00011347261668268573, 0.00011404484021484636, 0.00011423558139223323, 0.00011366335786007259, 0.00011423558139223323, 0.00011487138531685616, 0.0001146806441394693, 0.000114617063747007, 0.00011506212649424306, 0.00011518928727916763, 0.00011531644806409222, 0.00011487138531685616, 0.00011493496570931846, 0.00011518928727916763, 0.00011563435002640369, 0.00011544360884901682, 0.0001155071892414791, 0.00011518928727916763, 0.00011595225198871516, 0.00011607941277363976, 0.00011563435002640369, 0.00011614299316610203, 0.00011607941277363976, 0.00011563435002640369, 0.00011607941277363976, 0.00011633373434348893, 0.00011633373434348893, 0.00011601583238117746, 0.00011620657355856434, 0.00011677879709072497, 0.00011677879709072497, 0.00011658805591333809, 0.00011677879709072497, 0.00011652447552087579, 0.00011677879709072497, 0.00011671521669826267, 0.00011652447552087579, 0.00011677879709072497, 0.00011709669905303644, 0.00011671521669826267, 0.00011703311866057414, 0.0001174146010153479, 0.00011728744023042333, 0.00011703311866057414, 0.00011716027944549873, 0.0001174146010153479, 0.00011785966376258397, 0.00011696953826811186, 0.00011703311866057414, 0.00011677879709072497, 0.00011728744023042333, 0.00011722385983796103, 0.0001174781814078102, 0.00011696953826811186, 0.00011696953826811186, 0.0001174146010153479, 0.00011703311866057414, 0.00011703311866057414, 0.00011696953826811186, 0.00011722385983796103, 0.00011652447552087579, 0.00011696953826811186, 0.00011658805591333809, 0.00011671521669826267, 0.00011703311866057414, 0.00011671521669826267, 0.00011677879709072497, 0.00011652447552087579, 0.00011652447552087579, 0.00011677879709072497, 0.0001163973147359512, 0.00011652447552087579, 0.00011607941277363976, 0.00011620657355856434, 0.00011601583238117746, 0.00011569793041886599, 0.00011601583238117746, 0.00011563435002640369, 0.00011607941277363976, 0.00011601583238117746, 0.00011576151081132829, 0.00011563435002640369, 0.00011563435002640369, 0.00011614299316610203, 0.00011525286767162993, 0.00011493496570931846, 0.00011512570688670536, 0.00011538002845655452, 0.00011423558139223323, 0.00011417200099977095, 0.0001146806441394693, 0.000114617063747007, 0.00011448990296208242, 0.00011423558139223323, 0.00011366335786007259, 0.00011385409903745948, 0.00011353619707514802, 0.00011379051864499718, 0.00011359977746761029, 0.00011334545589776112, 0.00011347261668268573, 0.00011251891079575131, 0.00011251891079575131, 0.00011264607158067591, 0.00011258249118821361, 0.00011169236569374151, 0.00011207384804851525, 0.00011181952647866608, 0.00011143804412389232, 0.00011143804412389232, 0.00011137446373143004, 0.00011143804412389232, 0.0001107386598068071, 0.0001107386598068071, 0.00011054791862942021, 0.00011054791862942021, 0.00011035717745203335, 0.00011042075784449564, 0.00011003927548972188, 0.00010914914999524976, 0.00010953063235002353, 0.00010927631078017434, 0.00010857692646308913, 0.00010838618528570224, 0.0001087040872480137, 0.00010800470293092848, 0.00010794112253846619, 0.00010813186371585307, 0.000107686800968617, 0.0001077503813610793, 0.00010724173822138097, 0.0001069238362590695, 0.00010654235390429573, 0.00010616087154952196, 0.0001060972911570597, 0.00010597013037213509, 0.0001060337107645974, 0.00010552506762489902, 0.00010508000487766299, 0.00010482568330781381, 0.00010444420095304006, 0.00010444420095304006, 0.00010463494213042692, 0.00010349049506610565, 0.00010418987938319089, 0.00010336333428118106, 0.00010349049506610565, 0.0001020281460394729, 0.00010304543231886959, 0.00010247320878670896, 0.00010196456564701061, 0.00010177382446962372, 0.00010120160093746308, 0.00010132876172238768, 0.00010113802054500078, 0.00010037505583545327, 9.986641269575494e-05, 9.954851073344347e-05, 9.942134994851888e-05, 9.967567151836804e-05, 9.884912641635823e-05, 9.865838523897134e-05, 9.814974209927301e-05, 9.80861617068107e-05, 9.72596166048009e-05, 9.694171464248942e-05, 9.656023228771567e-05, 9.668739307264026e-05, 9.63059107178665e-05, 9.547936561585668e-05, 9.560652640078126e-05, 9.516146365354521e-05, 9.509788326108293e-05, 9.439849894399769e-05, 9.388985580429934e-05, 9.395343619676164e-05, 9.369911462691247e-05, 9.319047148721412e-05, 9.255466756259118e-05, 9.210960481535513e-05, 9.249108717012888e-05, 9.210960481535513e-05, 9.160096167565678e-05, 9.109231853595843e-05, 9.001145186409944e-05, 9.083799696610926e-05, 8.95028087244011e-05, 8.924848715455192e-05, 8.905774597716505e-05, 8.924848715455192e-05, 8.880342440731587e-05, 8.784971852038146e-05, 8.734107538068313e-05, 8.791329891284376e-05, 8.715033420329624e-05, 8.619662831636184e-05, 8.600588713897497e-05, 8.575156556912579e-05, 8.530650282188974e-05, 8.479785968219138e-05, 8.428921654249304e-05, 8.397131458018157e-05, 8.409847536510616e-05, 8.333551065555864e-05, 8.314476947817175e-05, 8.244538516108654e-05, 8.314476947817175e-05, 8.17460008440013e-05, 8.09194557419915e-05, 8.09194557419915e-05, 8.060155377968003e-05, 7.996574985505709e-05, 7.952068710782104e-05, 7.920278514550957e-05, 7.88848831831981e-05, 7.78675969038014e-05, 7.780401651133912e-05, 7.70410518017916e-05, 7.70410518017916e-05, 7.665956944701783e-05, 7.608734591485719e-05, 7.551512238269654e-05, 7.50700596354605e-05, 7.487931845807362e-05, 7.526080081284737e-05, 7.367129100129003e-05, 7.39891929636015e-05, 7.297190668420481e-05, 7.278116550681793e-05, 7.182745961988354e-05, 7.182745961988354e-05, 7.182745961988354e-05, 7.10009145178737e-05, 7.036511059325079e-05, 7.036511059325079e-05, 6.985646745355243e-05, 6.928424392139179e-05, 6.864843999676886e-05, 6.813979685707051e-05, 6.82669576419951e-05, 6.73132517550607e-05, 6.674102822290005e-05, 6.64231262605886e-05, 6.616880469073941e-05, 6.521509880380503e-05, 6.457929487918209e-05, 6.43249733093329e-05, 6.413423213194604e-05, 6.368916938470997e-05, 6.34348478148608e-05, 6.209965957315265e-05, 6.209965957315265e-05, 6.127311447114283e-05, 6.127311447114283e-05, 6.076447133144448e-05, 6.019224779928384e-05, 5.968360465958549e-05, 5.923854191234944e-05, 5.847557720280192e-05, 5.86663183801888e-05, 5.7966934063103564e-05, 5.739471053094293e-05, 5.682248699878228e-05, 5.6695326213857696e-05, 5.5487298757074126e-05, 5.599594189677247e-05, 5.510581640230036e-05, 5.459717326260202e-05, 5.408853012290367e-05, 5.357988698320532e-05, 5.338914580581845e-05, 5.2944083058582385e-05, 5.199037717164798e-05, 5.1736055601798814e-05, 5.160889481687423e-05, 5.046444775255294e-05, 5.046444775255294e-05, 4.98922242203923e-05, 4.925642029576937e-05, 4.887493794099561e-05, 4.874777715607102e-05, 4.7476169306825156e-05, 4.760333009174974e-05, 4.7412588914362866e-05, 4.614098106511699e-05, 4.575949871034323e-05, 4.499653400079571e-05, 4.537801635556947e-05, 4.423356929124819e-05, 4.366134575908755e-05, 4.31527026193892e-05, 4.308912222692691e-05, 4.2961961442002324e-05, 4.238973790984168e-05, 4.1690353592756456e-05, 4.073664770582206e-05, 4.080022809828435e-05, 3.9782941818887656e-05, 3.959220064150077e-05, 3.876565553949096e-05, 3.9401459464113895e-05, 3.768478886763197e-05, 3.730330651285821e-05, 3.6921824158084444e-05, 3.6794663373159864e-05, 3.596811827115005e-05, 3.552305552391399e-05, 3.520515356160253e-05, 3.501441238421564e-05, 3.425144767466813e-05, 3.35520633575829e-05, 3.310700061034684e-05, 3.272551825557308e-05, 3.2153294723412445e-05, 3.1453910406327215e-05, 3.119958883647804e-05, 3.132674962140263e-05, 3.06273653043174e-05, 2.9610079024920704e-05, 2.8910694707835477e-05, 2.9228596670146944e-05, 2.795698882090108e-05, 2.7575506466127313e-05, 2.7384765288740437e-05, 2.7130443718891263e-05, 2.6494639794268326e-05, 2.5604514299796223e-05, 2.5604514299796223e-05, 2.503229076763558e-05, 2.407858488070118e-05, 2.4015004488238885e-05, 2.318845938622907e-05, 2.2870557423917605e-05, 2.3061298601304485e-05, 2.185327114452091e-05, 2.0899565257586507e-05, 2.1153886827435684e-05, 2.0708824080199627e-05, 1.9945859370652107e-05, 1.981869858572752e-05, 1.9119314268642293e-05, 1.8928573091255413e-05, 1.8419929951557066e-05, 1.8038447596783306e-05, 1.7021161317386612e-05, 1.6703259355075142e-05, 1.6321777000301385e-05, 1.5558812290753865e-05, 1.5558812290753865e-05, 1.5113749543517808e-05, 1.5240910328442396e-05, 1.384214169427194e-05, 1.3079176984724419e-05, 1.3269918162111299e-05, 1.2379792667639192e-05, 1.2189051490252312e-05, 1.1298925995780204e-05, 1.117176521085562e-05, 1.0981024033468736e-05, 1.0663122071157271e-05, 9.391514221911402e-06, 1.0027318146534337e-05, 8.946451474675348e-06, 8.819290689750762e-06, 8.119906372665535e-06, 8.119906372665535e-06, 7.229780878193427e-06, 6.784718130957372e-06, 6.148914206334438e-06, 5.831012244022971e-06, 6.276074991259025e-06, 5.449529889249211e-06, 4.750145572163983e-06, 4.305082824927929e-06, 3.987180862616462e-06, 3.0334749756820612e-06, 2.9698945832197674e-06, 2.715573013370594e-06, 2.524831835983714e-06, 1.316804379200139e-06, 1.1260632018132587e-06, 6.81000454577205e-07, -1.4554464743260947e-07, -2.0912503989490288e-07, -1.1628309268293042e-06, -9.72089749442424e-07, -7.813485720555435e-07, -2.1801172062259986e-06, -2.7523407383866393e-06, -2.3072779911505857e-06, -2.7523407383866393e-06, -3.0702427006981065e-06, -3.769627017783334e-06, -4.023948587632507e-06, -4.405430942406268e-06, -5.677038791652136e-06, -4.914074082104615e-06, -5.35913682934067e-06, -5.994940753963603e-06, -7.075807425822592e-06, -6.757905463511124e-06, -6.9486466408980045e-06, -7.648030957983232e-06, -8.34741527506846e-06, -8.919638807229101e-06, -8.919638807229101e-06, -9.555442731852033e-06, -9.936925086625793e-06, -1.0445568226324142e-05, -1.0254827048937262e-05, -1.0636309403711022e-05, -1.1399274113258544e-05, -1.1971497645419184e-05, -1.1653595683107716e-05, -1.1653595683107716e-05, -1.2861623139891293e-05, -1.3306685887127346e-05, -1.3561007456976522e-05, -1.3433846672051933e-05, -1.4069650596674869e-05, -1.4451132951448629e-05, -1.4959776091146976e-05, -1.47054545212978e-05, -1.47054545212978e-05, -1.5913481978081376e-05, -1.6803607472553483e-05, -1.693076825747807e-05, -1.6612866295166603e-05, -1.6994348649940363e-05, -1.7948054536874767e-05, -1.7757313359487887e-05, -1.7820893751950177e-05, -1.8329536891648527e-05, -1.9092501601196047e-05, -1.915608199365834e-05, -1.9028921208733754e-05, -2.0173368273055035e-05, -2.0427689842904208e-05, -2.068201141275338e-05, -2.099991337506485e-05, -2.1190654552451732e-05, -2.1444976122300902e-05, -2.169929769215008e-05, -2.214436043938613e-05, -2.195361926199925e-05, -2.2780164364009066e-05, -2.284374475647136e-05, -2.3352387896169706e-05, -2.284374475647136e-05, -2.3670289858481173e-05, -2.3924611428330346e-05, -2.4306093783104106e-05, -2.494189770772704e-05, -2.5132638885113923e-05, -2.5386960454963094e-05, -2.5641282024812267e-05, -2.6022764379586027e-05, -2.62770859494352e-05, -2.6149925164510617e-05, -2.6340666341897494e-05, -2.7103631051445014e-05, -2.716721144390731e-05, -2.7294372228831898e-05, -2.7739434976067948e-05, -2.793017615345483e-05, -2.7739434976067948e-05, -2.8438819293153178e-05, -2.8184497723304008e-05, -2.8756721255464645e-05, -2.9138203610238405e-05, -2.894746243285153e-05, -2.9138203610238405e-05, -2.9456105572549872e-05, -3.0346231067021982e-05, -3.0028329104710516e-05, -2.9964748712248222e-05, -3.060055263687115e-05, -3.0918454599182616e-05, -3.0536972244408856e-05, -3.104561538410721e-05, -3.168141930873014e-05, -3.1935740878579316e-05, -3.168141930873014e-05, -3.21264820559662e-05, -3.168141930873014e-05, -3.244438401827766e-05, -3.2825866373051424e-05, -3.244438401827766e-05, -3.339808990521207e-05, -3.295302715797601e-05, -3.422463500722188e-05, -3.3970313437372704e-05, -3.409747422229729e-05, -3.4288215399684174e-05, -3.4033893829834994e-05, -3.422463500722188e-05, -3.4288215399684174e-05, -3.505118010923169e-05, -3.492401932430711e-05, -3.4733278146920224e-05, -3.4351795792146464e-05, -3.543266246400545e-05, -3.524192128661857e-05, -3.549624285646775e-05, -3.530550167908087e-05, -3.5814144818779215e-05, -3.613204678109068e-05, -3.632278795847756e-05, -3.644994874340215e-05, -3.600488599616609e-05, -3.6195627173552975e-05, -3.6895011490638205e-05, -3.613204678109068e-05, -3.5814144818779215e-05, -3.721291345294967e-05, -3.714933306048737e-05, -3.632278795847756e-05, -3.664068992078903e-05, -3.7340074237874256e-05, -3.714933306048737e-05, -3.708575266802508e-05, -3.7276493845411966e-05, -3.7721556592648016e-05, -3.759439580772343e-05, -3.78487173775726e-05, -3.797587816249719e-05, -3.7785136985110306e-05, -3.79122977700349e-05, -3.797587816249719e-05, -3.7657976200185726e-05, -3.8039458554959486e-05, -3.8039458554959486e-05, -3.867526247958242e-05, -3.753081541526114e-05, -3.829378012480866e-05, -3.873884287204471e-05, -3.78487173775726e-05, -3.823019973234637e-05, -3.8166619339884066e-05, -3.867526247958242e-05, -3.873884287204471e-05, -3.78487173775726e-05, -3.892958404943159e-05, -3.8420940909733246e-05, -3.867526247958242e-05, -3.867526247958242e-05, -3.8548101694657826e-05, -3.861168208712012e-05, -3.892958404943159e-05, -3.8420940909733246e-05, -3.823019973234637e-05, -3.8420940909733246e-05, -3.8420940909733246e-05, -3.8166619339884066e-05, -3.823019973234637e-05, -3.867526247958242e-05, -3.8484521302195536e-05, -3.823019973234637e-05, -3.797587816249719e-05, -3.823019973234637e-05, -3.899316444189388e-05, -3.78487173775726e-05, -3.8103038947421776e-05, -3.78487173775726e-05, -3.8103038947421776e-05, -3.7721556592648016e-05, -3.8166619339884066e-05, -3.8039458554959486e-05, -3.78487173775726e-05, -3.797587816249719e-05, -3.7657976200185726e-05, -3.7657976200185726e-05, -3.753081541526114e-05, -3.759439580772343e-05, -3.7276493845411966e-05, -3.79122977700349e-05, -3.79122977700349e-05, -3.7785136985110306e-05, -3.7340074237874256e-05, -3.721291345294967e-05, -3.721291345294967e-05, -3.746723502279884e-05, -3.7276493845411966e-05, -3.7276493845411966e-05, -3.676785070571361e-05, -3.6513529135864445e-05, -3.644994874340215e-05, -3.587772521124151e-05, -3.632278795847756e-05, -3.632278795847756e-05, -3.575056442631692e-05, -3.555982324893004e-05, -3.613204678109068e-05, -3.575056442631692e-05, -3.543266246400545e-05, -3.568698403385463e-05, -3.555982324893004e-05, -3.511476050169399e-05, -3.454253696953335e-05, -3.517834089415628e-05, -3.4733278146920224e-05, -3.409747422229729e-05, -3.339808990521207e-05, -3.4288215399684174e-05, -3.4033893829834994e-05, -3.371599186752353e-05, -3.3588831082598944e-05, -3.339808990521207e-05, -3.339808990521207e-05, -3.3270929120287474e-05, -3.250796441073995e-05, -3.263512519566454e-05, -3.333450951274977e-05, -3.257154480320225e-05, -3.142709773888097e-05, -3.174499970119244e-05, -3.238080362581537e-05, -3.1172776169031796e-05, -3.1236356561494086e-05, -3.098203499164492e-05, -3.1236356561494086e-05, -3.0791293814258036e-05, -3.0028329104710516e-05, -2.9710427142399045e-05, -3.028265067455969e-05, -2.9837587927323632e-05, -2.9456105572549872e-05, -2.9201784002700695e-05, -2.9138203610238405e-05, -2.9201784002700695e-05, -2.8883882040389235e-05, -2.754869379868107e-05, -2.8120917330841708e-05, -2.754869379868107e-05, -2.7739434976067948e-05, -2.704005065898272e-05, -2.697647026652043e-05, -2.6785729089133547e-05, -2.6912889874058138e-05, -2.5895603594661444e-05, -2.6531407519284377e-05, -2.6404246734359787e-05, -2.570486241727456e-05, -2.5514121239887684e-05, -2.494189770772704e-05, -2.4687576137877863e-05, -2.4433254568028693e-05, -2.4306093783104106e-05, -2.3543129073556586e-05, -2.379745064340576e-05, -2.3543129073556586e-05, -2.3161646718782826e-05, -2.24622624016976e-05, -2.24622624016976e-05, -2.214436043938613e-05, -2.1508556514763195e-05, -2.1444976122300902e-05, -2.1572136907225492e-05, -2.125423494491402e-05, -2.04912702353665e-05, -2.010978788059274e-05, -1.9791885918281274e-05, -1.9855466310743568e-05, -1.9601144740894394e-05, -1.9410403563507514e-05, -1.8647438853959994e-05, -1.85838584614977e-05, -1.769373296702559e-05, -1.750299178963871e-05, -1.769373296702559e-05, -1.7630152574563297e-05, -1.6803607472553483e-05, -1.693076825747807e-05, -1.616780354793055e-05, -1.5659160408232203e-05, -1.5150517268533856e-05, -1.4451132951448629e-05, -1.5150517268533856e-05, -1.4451132951448629e-05, -1.3561007456976522e-05, -1.3815329026825693e-05, -1.3052364317278173e-05, -1.3306685887127346e-05, -1.2352980000192946e-05, -1.1971497645419184e-05, -1.1399274113258544e-05, -1.1399274113258544e-05, -1.0954211366022489e-05, -1.0254827048937262e-05, -1.0636309403711022e-05, -1.0000505479088088e-05, -9.110379984615981e-06, -8.983219199691395e-06, -8.856058414766806e-06, -8.792478022304514e-06, -7.965932920294699e-06, -7.20296821074718e-06, -6.503583893661952e-06, -6.821485855973417e-06, -6.440003501199657e-06, -5.994940753963603e-06, -5.613458399189843e-06, -5.35913682934067e-06, -4.723332904717735e-06, -3.896787802707921e-06, -4.469011334868561e-06, -3.7060466253210405e-06, -3.642466232858747e-06, -2.8159211308489326e-06, -2.7523407383866393e-06, -1.8622152439145316e-06, -1.5443132816030644e-06, -9.72089749442424e-07, -5.2702700220637e-07, -6.541877871309568e-07, 4.519652995427076e-08, 4.902592771903246e-07, 1.316804379200139e-06, 1.3803847716624324e-06, 2.397671051059127e-06, 2.397671051059127e-06, 2.8427337982951807e-06, 2.9698945832197674e-06, 3.2877965455312347e-06, 4.241502432465636e-06, 4.241502432465636e-06, 5.131627926937744e-06, 4.940886749550863e-06, 5.5131102817115036e-06, 6.657557346032784e-06, 7.166200485731132e-06, 6.5939769535704915e-06, 7.356941663118012e-06, 8.183486765127826e-06, 8.247067157590121e-06, 8.882871082213053e-06, 9.327933829449109e-06, 1.0535961286232684e-05, 1.0535961286232684e-05, 1.0218059323921217e-05, 1.0853863248544151e-05, 1.1998310312865431e-05, 1.2570533845026072e-05, 1.2634114237488367e-05, 1.2824855414875247e-05, 1.3778561301809646e-05, 1.3778561301809646e-05, 1.3778561301809646e-05, 1.4795847581206341e-05, 1.536807111336698e-05, 1.6385357392763675e-05, 1.5558812290753865e-05, 1.6830420139999732e-05, 1.772054563447184e-05, 1.8038447596783306e-05, 1.8419929951557066e-05, 1.886499269879312e-05, 1.918289466110459e-05, 1.943721623095376e-05, 1.9882278978189817e-05, 2.0772404472661924e-05, 2.128104761236027e-05, 2.185327114452091e-05, 2.1916851536983204e-05, 2.1726110359596324e-05, 2.2934137816379898e-05, 2.3633522133465125e-05, 2.420574566562577e-05, 2.407858488070118e-05, 2.5223031945022462e-05, 2.541377312240934e-05, 2.5858835869645396e-05, 2.6494639794268326e-05, 2.6812541756579793e-05, 2.7702667251051903e-05, 2.744834568120273e-05, 2.8465631960599424e-05, 2.821131039075025e-05, 2.9355757455071534e-05, 2.9355757455071534e-05, 3.0245882949543638e-05, 3.0245882949543638e-05, 3.075452608924199e-05, 3.1072428051553455e-05, 3.247119668572391e-05, 3.2916259432959966e-05, 3.2979839825422256e-05, 3.310700061034684e-05, 3.3806384927432066e-05, 3.495083199175335e-05, 3.507799277667794e-05, 3.520515356160253e-05, 3.622243984099922e-05, 3.6921824158084444e-05, 3.730330651285821e-05, 3.762120847516968e-05, 3.800269082994344e-05, 3.844775357717949e-05, 3.889281632441554e-05, 3.9401459464113895e-05, 3.9910102603812235e-05, 4.080022809828435e-05, 4.0990969275671226e-05, 4.1690353592756456e-05, 4.188109477014333e-05, 4.21989967324548e-05, 4.2898381049540034e-05, 4.3407024189238374e-05, 4.3407024189238374e-05, 4.4487890861097364e-05, 4.51236947857203e-05, 4.544159674803177e-05, 4.569591831788094e-05, 4.620456145757929e-05, 4.684036538220222e-05, 4.7094686952051395e-05, 4.760333009174974e-05, 4.842987519375956e-05, 4.874777715607102e-05, 4.963790265054314e-05, 4.98922242203923e-05, 4.98922242203923e-05, 5.084593010732671e-05, 5.1736055601798814e-05, 5.1863216386723394e-05, 5.154531442441193e-05, 5.2944083058582385e-05, 5.357988698320532e-05, 5.338914580581845e-05, 5.389778894551679e-05, 5.459717326260202e-05, 5.567803993446101e-05, 5.510581640230036e-05, 5.605952228923476e-05, 5.656816542893311e-05, 5.758545170832981e-05, 5.733113013848063e-05, 5.790335367064128e-05, 5.85391575952642e-05, 5.9302122304811734e-05, 5.8984220342500264e-05, 6.000150662189696e-05, 6.0573730154057595e-05, 6.140027525606741e-05, 6.140027525606741e-05, 6.152743604099199e-05, 6.229040075053951e-05, 6.267188310531328e-05, 6.318052624501163e-05, 6.273546349777558e-05, 6.381633016963457e-05, 6.43249733093329e-05, 6.559658115857878e-05, 6.553300076611648e-05, 6.585090272842795e-05, 6.6295965475664e-05, 6.712251057767382e-05, 6.693176940028694e-05, 6.788547528722134e-05, 6.83305380344574e-05, 6.858485960430656e-05, 6.928424392139179e-05, 6.947498509877868e-05, 6.947498509877868e-05, 7.036511059325079e-05, 7.112807530279831e-05, 7.112807530279831e-05, 7.144597726510977e-05, 7.252684393696876e-05, 7.31626478615917e-05, 7.303548707666711e-05, 7.348054982390317e-05, 7.392561257113922e-05, 7.481573806561132e-05, 7.481573806561132e-05, 7.481573806561132e-05, 7.570586356008342e-05, 7.621450669978178e-05, 7.653240866209324e-05, 7.742253415656535e-05, 7.767685572641453e-05, 7.805833808118828e-05, 7.837624004349975e-05, 7.875772239827352e-05, 7.926636553797186e-05, 7.952068710782104e-05, 7.990216946259479e-05, 8.015649103244398e-05, 8.09194557419915e-05, 8.168242045153902e-05, 8.149167927415213e-05, 8.238180476862423e-05, 8.26997067309357e-05, 8.282686751586029e-05, 8.289044790832259e-05, 8.384415379525699e-05, 8.397131458018157e-05, 8.46071185048045e-05, 8.505218125204056e-05, 8.492502046711598e-05, 8.600588713897497e-05, 8.626020870882413e-05, 8.626020870882413e-05, 8.683243224098478e-05, 8.715033420329624e-05, 8.772255773545688e-05, 8.772255773545688e-05, 8.85491028374667e-05, 8.886700479977817e-05, 8.94392283319388e-05, 8.905774597716505e-05, 8.994787147163716e-05, 9.071083618118468e-05, 9.083799696610926e-05, 9.115589892842073e-05, 9.102873814349614e-05, 9.14738008907322e-05, 9.210960481535513e-05, 9.210960481535513e-05, 9.261824795505348e-05, 9.369911462691247e-05, 9.3381212664601e-05, 9.376269501937475e-05, 9.439849894399769e-05, 9.458924012138457e-05, 9.535220483093209e-05, 9.503430286862063e-05, 9.560652640078126e-05, 9.573368718570585e-05, 9.643307150279108e-05, 9.675097346510255e-05, 9.738677738972549e-05, 9.713245581987631e-05, 9.789542052942383e-05, 9.80861617068107e-05, 9.840406366912217e-05, 9.878554602389594e-05, 9.948493034098117e-05, 9.948493034098117e-05, 9.980283230329264e-05, 9.942134994851888e-05, 0.00010050221662037787, 0.00010088369897515162, 0.00010094727936761392, 0.00010075653819022704, 0.00010164666368469914, 0.00010164666368469914, 0.00010177382446962372, 0.00010253678917917125, 0.00010209172643193519, 0.00010304543231886959, 0.00010285469114148271, 0.00010272753035655812, 0.00010329975388871877, 0.00010431704016811545, 0.00010438062056057775, 0.00010412629899072859, 0.0001048892637002761, 0.00010508000487766299, 0.00010533432644751216, 0.00010558864801736133, 0.0001058429695872105, 0.00010622445194198426, 0.00010654235390429573, 0.00010635161272690886, 0.0001069238362590695, 0.0001069874166515318, 0.00010705099704399407, 0.00010743247939876783, 0.00010749605979123013, 0.00010794112253846619, 0.00010844976567816454, 0.00010857692646308913, 0.0001086405068555514, 0.00010895840881786287, 0.0001086405068555514, 0.00010933989117263664, 0.00011003927548972188, 0.00011003927548972188, 0.00010953063235002353, 0.000109848534312335, 0.00011023001666710874, 0.0001107386598068071, 0.00011042075784449564, 0.00011124730294650545, 0.00011118372255404315, 0.0001107386598068071, 0.00011162878530127921, 0.00011162878530127921, 0.00011137446373143004, 0.00011150162451635462, 0.00011213742844097755, 0.00011251891079575131, 0.00011264607158067591, 0.00011277323236560049, 0.00011290039315052508, 0.00011296397354298738, 0.00011347261668268573, 0.00011302755393544966, 0.00011334545589776112, 0.00011347261668268573, 0.00011366335786007259, 0.00011372693825253489, 0.00011404484021484636, 0.00011442632256962012, 0.00011404484021484636, 0.000114617063747007, 0.00011512570688670536, 0.00011423558139223323, 0.00011518928727916763, 0.0001155071892414791, 0.00011531644806409222, 0.00011493496570931846, 0.00011499854610178075, 0.00011531644806409222, 0.00011506212649424306, 0.0001155707696339414, 0.00011582509120379057, 0.00011601583238117746, 0.00011588867159625287, 0.00011563435002640369, 0.00011614299316610203, 0.00011633373434348893, 0.00011576151081132829, 0.00011627015395102663, 0.00011627015395102663, 0.00011677879709072497, 0.0001166516363058004, 0.00011684237748318726, 0.0001164608951284135, 0.00011677879709072497, 0.00011696953826811186, 0.0001166516363058004, 0.00011658805591333809, 0.00011671521669826267, 0.00011728744023042333, 0.00011703311866057414, 0.00011703311866057414, 0.00011703311866057414, 0.00011684237748318726, 0.00011722385983796103, 0.00011722385983796103, 0.00011684237748318726, 0.00011728744023042333, 0.0001174781814078102, 0.00011677879709072497, 0.00011658805591333809, 0.00011696953826811186, 0.00011766892258519707, 0.00011677879709072497, 0.00011703311866057414, 0.0001166516363058004, 0.0001174146010153479, 0.00011627015395102663, 0.00011716027944549873, 0.0001174781814078102, 0.00011703311866057414, 0.00011684237748318726, 0.00011690595787564956, 0.00011703311866057414, 0.00011703311866057414, 0.00011671521669826267, 0.0001163973147359512, 0.00011633373434348893, 0.00011671521669826267, 0.00011633373434348893, 0.00011627015395102663, 0.00011658805591333809, 0.00011627015395102663, 0.0001164608951284135, 0.00011588867159625287, 0.00011614299316610203, 0.00011627015395102663, 0.00011627015395102663, 0.00011588867159625287, 0.00011563435002640369, 0.00011620657355856434, 0.0001155707696339414, 0.00011563435002640369, 0.0001155707696339414, 0.00011512570688670536, 0.00011563435002640369, 0.00011595225198871516, 0.00011531644806409222, 0.00011563435002640369, 0.00011563435002640369, 0.00011487138531685616, 0.00011455348335454469, 0.0001146806441394693, 0.00011487138531685616, 0.000114617063747007, 0.00011448990296208242, 0.00011379051864499718, 0.00011448990296208242, 0.00011410842060730865, 0.00011353619707514802, 0.00011302755393544966, 0.00011340903629022341, 0.00011353619707514802, 0.00011347261668268573, 0.00011302755393544966, 0.00011302755393544966, 0.00011245533040328902, 0.00011245533040328902, 0.00011207384804851525, 0.00011270965197313819, 0.00011207384804851525, 0.00011213742844097755, 0.00011181952647866608, 0.00011181952647866608, 0.00011092940098419398, 0.00011137446373143004, 0.00011118372255404315, 0.00011118372255404315, 0.00011029359705957104, 0.0001107386598068071, 0.0001097849539198727, 0.00011029359705957104, 0.00010965779313494811, 0.00010933989117263664, 0.0001097213735274104, 0.00010908556960278747, 0.00010902198921032517, 0.00010832260489323995, 0.00010844976567816454, 0.00010813186371585307, 0.00010844976567816454, 0.00010743247939876783, 0.000107686800968617, 0.00010724173822138097, 0.00010749605979123013, 0.00010673309508168262, 0.0001067966754741449, 0.00010660593429675803, 0.0001058429695872105, 0.0001060972911570597, 0.00010565222840982363, 0.00010552506762489902, 0.0001048892637002761, 0.00010508000487766299, 0.00010418987938319089, 0.00010438062056057775, 0.00010438062056057775, 0.00010349049506610565, 0.00010368123624349253, 0.00010336333428118106, 0.00010329975388871877, 0.00010279111074902041, 0.00010228246760932208, 0.00010190098525454831, 0.00010190098525454831, 0.00010113802054500078, 0.00010190098525454831, 0.00010050221662037787, 0.00010062937740530245, 0.00010024789505052868, 9.973925191083035e-05, 9.91670283786697e-05, 9.929418916359428e-05, 9.91034479862074e-05, 9.853122445404676e-05, 9.859480484650907e-05, 9.878554602389594e-05, 9.814974209927301e-05, 9.764109895957465e-05, 9.713245581987631e-05, 9.681455385756484e-05, 9.675097346510255e-05, 9.62423303254042e-05, 9.598800875555503e-05, 9.554294600831898e-05, 9.554294600831898e-05, 9.458924012138457e-05, 9.395343619676164e-05, 9.414417737414852e-05, 9.408059698168622e-05, 9.369911462691247e-05, 9.325405187967642e-05, 9.293614991736495e-05, 9.274540873997807e-05, 9.204602442289283e-05, 9.15373812831945e-05, 9.109231853595843e-05, 9.15373812831945e-05, 9.045651461133551e-05, 9.013861264902404e-05, 9.039293421887321e-05, 8.975713029425027e-05, 8.873984401485358e-05, 8.899416558470275e-05, 8.816762048269293e-05, 8.842194205254212e-05, 8.75953969505323e-05, 8.727749498822083e-05, 8.664169106359789e-05, 8.651453027867331e-05, 8.594230674651267e-05, 8.581514596158808e-05, 8.517934203696515e-05, 8.492502046711598e-05, 8.441637732741763e-05, 8.416205575756846e-05, 8.365341261787011e-05, 8.365341261787011e-05, 8.2763287123398e-05, 8.26997067309357e-05, 8.18731616289259e-05, 8.17460008440013e-05, 8.161884005907671e-05, 8.08558753495292e-05, 8.041081260229314e-05, 7.977500867767021e-05, 7.958426750028332e-05, 7.920278514550957e-05, 7.88213027907358e-05, 7.88213027907358e-05, 7.78675969038014e-05, 7.754969494148993e-05, 7.710463219425388e-05, 7.646882826963094e-05, 7.646882826963094e-05, 7.532438120530967e-05, 7.532438120530967e-05, 7.462499688822444e-05, 7.456141649576215e-05, 7.40527733560638e-05, 7.392561257113922e-05, 7.31626478615917e-05, 7.252684393696876e-05, 7.195462040480812e-05, 7.144597726510977e-05, 7.176387922742124e-05, 7.11916556952606e-05, 7.036511059325079e-05, 6.960214588370326e-05, 6.947498509877868e-05, 6.947498509877868e-05, 6.82669576419951e-05, 6.763115371737217e-05, 6.807621646460822e-05, 6.693176940028694e-05, 6.667744783043776e-05, 6.648670665305088e-05, 6.597806351335255e-05, 6.527867919626731e-05, 6.457929487918209e-05, 6.407065173948374e-05, 6.368916938470997e-05, 6.413423213194604e-05, 6.305336546008703e-05, 6.216323996561493e-05, 6.229040075053951e-05, 6.165459682591659e-05, 6.152743604099199e-05, 6.063731054651989e-05, 6.0382988976670725e-05, 5.9747185052047784e-05, 5.917496151988714e-05, 5.8729898772651084e-05, 5.847557720280192e-05, 5.8729898772651084e-05, 5.809409484802815e-05, 5.726754974601835e-05, 5.612310268169706e-05, 5.6377424251546226e-05, 5.580520071938559e-05, 5.555087914953642e-05, 5.459717326260202e-05, 5.3643467375667615e-05, 5.37706281605922e-05, 5.307124384350698e-05, 5.2880502666120095e-05, 5.199037717164798e-05, 5.230827913395945e-05, 5.071876932240212e-05, 5.040086736009066e-05, 5.040086736009066e-05, 5.014654579024148e-05, 4.944716147315625e-05, 4.8684196763608726e-05, 4.881135754853332e-05, 4.811197323144809e-05, 4.766691048421204e-05, 4.690394577466451e-05, 4.6395302634966165e-05, 4.6331722242503875e-05, 4.544159674803177e-05, 4.467863203848425e-05, 4.429714968371049e-05, 4.397924772139902e-05, 4.397924772139902e-05, 4.2644059479690853e-05, 4.200825555506792e-05, 4.226257712491709e-05, 4.111813006059581e-05, 4.156319280783187e-05, 4.0291584958585996e-05, 4.003726338873682e-05, 3.9465039856576185e-05, 3.889281632441554e-05, 3.800269082994344e-05, 3.819343200733032e-05, 3.774836926009426e-05, 3.7176145727933624e-05, 3.666750258823528e-05, 3.596811827115005e-05, 3.558663591637629e-05, 3.520515356160253e-05, 3.476009081436647e-05, 3.431502806713042e-05, 3.399712610481895e-05, 3.240761629326161e-05, 3.278909864803538e-05, 3.170823197617639e-05, 3.189897315356327e-05, 3.119958883647804e-05, 3.1072428051553455e-05, 3.0118722164619055e-05, 2.9610079024920704e-05, 2.9355757455071534e-05, 2.916501627768465e-05, 2.8020569213363374e-05, 2.7893408428438784e-05, 2.7511926073665023e-05, 2.7003282933966676e-05, 2.6367479009343743e-05, 2.5477353514871632e-05, 2.535019272994705e-05, 2.5095871160097872e-05, 2.4523647627937235e-05, 2.407858488070118e-05, 2.337920056361595e-05, 2.3315620171153658e-05, 2.2679816246530725e-05, 2.242549467668155e-05, 2.1535369182209444e-05, 2.1153886827435684e-05, 2.0835984865124217e-05, 2.0899565257586507e-05, 1.937363583849147e-05, 1.924647505356688e-05, 1.8801412306330826e-05, 1.8356349559094773e-05, 1.752980445708496e-05, 1.7021161317386612e-05, 1.7084741709848902e-05, 1.6512518177688262e-05, 1.5685973075678448e-05, 1.536807111336698e-05, 1.4923008366130928e-05, 1.4668686796281753e-05, 1.4668686796281753e-05, 1.2888435807337539e-05, 1.3333498554573594e-05, 1.2824855414875247e-05, 1.2379792667639192e-05, 1.174398874301626e-05, 1.1108184818393324e-05, 1.0917443641006444e-05, 1.0726702463619564e-05, 9.836576969147457e-06, 9.264353436986814e-06, 9.518675006835989e-06, 8.310647550052415e-06, 8.183486765127826e-06, 7.4841024480425994e-06, 7.356941663118012e-06, 7.166200485731132e-06, 6.148914206334438e-06, 5.767431851560678e-06, 5.640271066636091e-06, 5.385949496786917e-06, 4.49582400231481e-06, 4.368663217390223e-06, 3.7328592927672886e-06, 3.4785377229181147e-06, 2.0161886962853666e-06, 2.334090658596834e-06, 2.334090658596834e-06, 1.3803847716624324e-06, 1.316804379200139e-06, 4.902592771903246e-07, 4.266788847280312e-07, 1.7235731487885758e-07, -7.177681795932501e-07, -9.085093569801304e-07, -1.6078936740653577e-06, -2.1165368137637052e-06, -2.052956421301412e-06, -2.5615995609997588e-06, -2.8159211308489326e-06, -2.9430819157735194e-06, -3.7060466253210405e-06, -4.341850549943974e-06, -4.914074082104615e-06, -4.659752512255442e-06, -5.168395651953789e-06, -5.422717221802962e-06, -6.503583893661952e-06, -6.312842716275069e-06, -6.694325071048832e-06, -7.711611350445527e-06, -8.15667409768158e-06, -8.02951331275699e-06, -8.665317237379926e-06, -9.237540769540566e-06, -9.428281946927446e-06, -9.301121162002861e-06, -1.0318407441399557e-05, -1.0572729011248729e-05, -1.1144952543409369e-05, -1.1590015290645424e-05, -1.1590015290645424e-05, -1.203507803788148e-05, -1.241656039265524e-05, -1.2861623139891293e-05, -1.3052364317278173e-05, -1.2988783924815878e-05, -1.3561007456976522e-05, -1.3942489811750282e-05, -1.4196811381599454e-05, -1.4832615306222389e-05, -1.4959776091146976e-05, -1.5531999623307616e-05, -1.5468419230845322e-05, -1.635854472531743e-05, -1.693076825747807e-05, -1.6994348649940363e-05, -1.7248670219789537e-05, -1.7566572182101007e-05, -1.7757313359487887e-05, -1.7948054536874767e-05, -1.8711019246422284e-05, -1.8901760423809164e-05, -1.95375643484321e-05, -1.9664725133356688e-05, -1.9601144740894394e-05, -1.9855466310743568e-05, -2.0554850627828795e-05, -2.087275259014026e-05, -2.1190654552451732e-05, -2.1381395729838612e-05, -2.2589423186622186e-05, -2.1635717299687782e-05, -2.284374475647136e-05, -2.2589423186622186e-05, -2.3288807503707413e-05, -2.3161646718782826e-05, -2.3352387896169706e-05, -2.3161646718782826e-05, -2.4433254568028693e-05, -2.4242513390641813e-05, -2.5132638885113923e-05, -2.4687576137877863e-05, -2.5641282024812267e-05, -2.5259799670038507e-05, -2.6022764379586027e-05, -2.608634477204832e-05, -2.659498791174667e-05, -2.6531407519284377e-05, -2.697647026652043e-05, -2.697647026652043e-05, -2.7230791836369604e-05, -2.742153301375648e-05, -2.7294372228831898e-05, -2.7294372228831898e-05, -2.856598007807777e-05, -2.8248078115766298e-05, -2.8883882040389235e-05, -2.8438819293153178e-05, -2.9583266357474462e-05, -2.9074623217776112e-05, -2.9646846749936755e-05, -2.9837587927323632e-05, -3.0536972244408856e-05, -3.0091909497172806e-05, -3.060055263687115e-05, -3.060055263687115e-05, -3.104561538410721e-05, -3.104561538410721e-05, -3.1935740878579316e-05, -3.1554258523805556e-05, -3.168141930873014e-05, -3.199932127104161e-05, -3.263512519566454e-05, -3.238080362581537e-05, -3.238080362581537e-05, -3.295302715797601e-05, -3.3143768335362894e-05, -3.333450951274977e-05, -3.3525250690136654e-05, -3.409747422229729e-05, -3.384315265244812e-05, -3.377957225998583e-05, -3.3970313437372704e-05, -3.4288215399684174e-05, -3.409747422229729e-05, -3.4733278146920224e-05, -3.422463500722188e-05, -3.511476050169399e-05, -3.49875997167694e-05, -3.460611736199564e-05, -3.524192128661857e-05, -3.517834089415628e-05, -3.632278795847756e-05, -3.575056442631692e-05, -3.562340364139233e-05, -3.549624285646775e-05, -3.606846638862839e-05, -3.6577109528326735e-05, -3.644994874340215e-05, -3.638636835093985e-05, -3.6577109528326735e-05, -3.6895011490638205e-05, -3.6577109528326735e-05, -3.721291345294967e-05, -3.714933306048737e-05, -3.708575266802508e-05, -3.746723502279884e-05, -3.6895011490638205e-05, -3.7340074237874256e-05, -3.753081541526114e-05, -3.753081541526114e-05, -3.8039458554959486e-05, -3.753081541526114e-05, -3.7785136985110306e-05, -3.708575266802508e-05, -3.8166619339884066e-05, -3.797587816249719e-05, -3.8166619339884066e-05, -3.753081541526114e-05, -3.8420940909733246e-05, -3.823019973234637e-05, -3.835736051727095e-05, -3.829378012480866e-05, -3.797587816249719e-05, -3.8103038947421776e-05, -3.8548101694657826e-05, -3.8420940909733246e-05, -3.861168208712012e-05, -3.861168208712012e-05, -3.829378012480866e-05, -3.8484521302195536e-05, -3.8548101694657826e-05, -3.892958404943159e-05, -3.823019973234637e-05, -3.8548101694657826e-05, -3.8039458554959486e-05, -3.829378012480866e-05, -3.8166619339884066e-05, -3.899316444189388e-05, -3.8548101694657826e-05, -3.823019973234637e-05, -3.861168208712012e-05, -3.8166619339884066e-05, -3.829378012480866e-05, -3.861168208712012e-05, -3.823019973234637e-05, -3.829378012480866e-05, -3.8039458554959486e-05, -3.873884287204471e-05, -3.861168208712012e-05, -3.823019973234637e-05, -3.829378012480866e-05, -3.8548101694657826e-05, -3.8484521302195536e-05, -3.8039458554959486e-05, -3.835736051727095e-05, -3.823019973234637e-05, -3.78487173775726e-05, -3.8039458554959486e-05, -3.753081541526114e-05, -3.8166619339884066e-05, -3.797587816249719e-05, -3.759439580772343e-05, -3.79122977700349e-05, -3.7022172275562785e-05, -3.753081541526114e-05, -3.7721556592648016e-05, -3.7785136985110306e-05, -3.708575266802508e-05, -3.683143109817591e-05, -3.7340074237874256e-05, -3.6195627173552975e-05, -3.606846638862839e-05, -3.670427031325132e-05, -3.6513529135864445e-05, -3.632278795847756e-05, -3.5814144818779215e-05, -3.606846638862839e-05, -3.613204678109068e-05, -3.600488599616609e-05, -3.587772521124151e-05, -3.549624285646775e-05, -3.562340364139233e-05, -3.549624285646775e-05, -3.517834089415628e-05, -3.536908207154316e-05, -3.524192128661857e-05, -3.492401932430711e-05, -3.4351795792146464e-05, -3.422463500722188e-05, -3.441537618460876e-05, -3.4288215399684174e-05, -3.422463500722188e-05, -3.4033893829834994e-05, -3.4033893829834994e-05, -3.3652411475061234e-05, -3.3525250690136654e-05, -3.333450951274977e-05, -3.3143768335362894e-05, -3.263512519566454e-05, -3.2825866373051424e-05, -3.250796441073995e-05, -3.263512519566454e-05, -3.1935740878579316e-05, -3.142709773888097e-05, -3.168141930873014e-05, -3.129993695395638e-05, -3.149067813134326e-05, -3.0091909497172806e-05, -3.060055263687115e-05, -3.0346231067021982e-05, -3.01554898896351e-05, -2.9583266357474462e-05, -2.9519685965012165e-05, -2.939252518008758e-05, -2.9456105572549872e-05, -2.8883882040389235e-05, -2.9138203610238405e-05, -2.8248078115766298e-05, -2.8438819293153178e-05, -2.754869379868107e-05, -2.7485113406218774e-05, -2.7675854583605658e-05, -2.7294372228831898e-05, -2.7485113406218774e-05, -2.6785729089133547e-05, -2.6467827126822084e-05, -2.6467827126822084e-05, -2.608634477204832e-05, -2.5641282024812267e-05, -2.5959183987123734e-05, -2.5768442809736857e-05, -2.5132638885113923e-05, -2.494189770772704e-05, -2.4496834960490986e-05, -2.417893299817952e-05, -2.4051772213254933e-05, -2.4115352605717226e-05, -2.3352387896169706e-05, -2.265300357908448e-05, -2.24622624016976e-05, -2.214436043938613e-05, -2.1826458477074662e-05, -2.2207940831848425e-05, -2.195361926199925e-05, -2.1127074159989435e-05, -2.1444976122300902e-05, -2.1190654552451732e-05, -1.991904670320586e-05, -2.0236948665517328e-05, -1.9982627095668154e-05, -1.9473983955969808e-05, -1.934682317104522e-05, -1.9283242778582927e-05, -1.8647438853959994e-05, -1.8202376106723937e-05, -1.7948054536874767e-05, -1.7248670219789537e-05, -1.693076825747807e-05, -1.705792904240266e-05, -1.654928590270431e-05, -1.578632119315679e-05, -1.5277678053458442e-05, -1.559558001576991e-05, -1.489619569868468e-05, -1.413323098913716e-05, -1.4387552558986334e-05, -1.3815329026825693e-05, -1.3370266279589638e-05, -1.3306685887127346e-05, -1.2798042747428998e-05, -1.2607301570042118e-05, -1.222581921526836e-05, -1.203507803788148e-05, -1.1335693720796249e-05, -1.0763470188635609e-05, -1.0699889796173317e-05, -1.0254827048937262e-05, -9.173960377078275e-06, -9.173960377078275e-06, -9.173960377078275e-06, -8.856058414766806e-06, -8.410995667530754e-06, -8.601736844917634e-06, -7.83877213537011e-06, -7.266548603209471e-06, -5.93136036150131e-06, -6.757905463511124e-06, -5.93136036150131e-06, -5.74061918411443e-06, -4.469011334868561e-06, -5.104815259491495e-06, -4.214689765019387e-06, -4.023948587632507e-06, -3.0702427006981065e-06, -3.2609838780849866e-06, -2.879501523311226e-06, -2.6251799534620525e-06, -1.925795636376825e-06, -1.5443132816030644e-06, -1.3535721042161843e-06, -9.72089749442424e-07, 4.519652995427076e-08, 2.3593770734115096e-07, 4.902592771903246e-07, 1.3803847716624324e-06, 1.7618671264361927e-06, 2.397671051059127e-06, 2.524831835983714e-06, 2.6519926209083006e-06, 3.224216153068941e-06, 3.4785377229181147e-06, 4.241502432465636e-06, 4.432243609852516e-06, 4.813725964626277e-06, 5.5131102817115036e-06, 5.831012244022971e-06, 6.0853338138721455e-06, 6.5939769535704915e-06, 7.293361270655719e-06, 7.293361270655719e-06, 7.929165195278655e-06, 8.374227942514706e-06, 8.946451474675348e-06, 9.645835791760577e-06, 1.0027318146534337e-05, 1.0281639716383509e-05, 1.0726702463619564e-05, 1.0917443641006444e-05, 1.1934729920403138e-05, 1.1680408350553965e-05, 1.2761275022412952e-05, 1.2506953452563778e-05, 1.3587820124422765e-05, 1.3460659339498179e-05, 1.5177329935980101e-05, 1.4795847581206341e-05, 1.536807111336698e-05, 1.5685973075678448e-05, 1.5876714253065328e-05, 1.6703259355075142e-05, 1.7211902494773492e-05, 1.81020279892456e-05, 1.8229188774170186e-05, 1.8419929951557066e-05, 1.9119314268642293e-05, 1.9755118193265227e-05, 1.9564377015878346e-05, 2.0899565257586507e-05, 2.0772404472661924e-05, 2.1726110359596324e-05, 2.2171173106832378e-05, 2.2361914284219258e-05, 2.2552655461606138e-05, 2.3951424095776592e-05, 2.3824263310852005e-05, 2.4332906450550352e-05, 2.446006723547494e-05, 2.57952554771831e-05, 2.6431059401806036e-05, 2.6367479009343743e-05, 2.6621800579192916e-05, 2.7003282933966676e-05, 2.7702667251051903e-05, 2.8274890783212547e-05, 2.8656373137986307e-05, 2.8656373137986307e-05, 2.9610079024920704e-05, 3.056378491185511e-05, 3.100884765909116e-05, 3.126316922894033e-05, 3.1390330013864925e-05, 3.196255354602556e-05, 3.234403590079932e-05, 3.310700061034684e-05, 3.3424902572658306e-05, 3.425144767466813e-05, 3.431502806713042e-05, 3.495083199175335e-05, 3.54594751314517e-05, 3.660392219577298e-05, 3.660392219577298e-05, 3.6921824158084444e-05, 3.781194965255656e-05, 3.806627122240573e-05, 3.825701239979261e-05, 3.889281632441554e-05, 3.965578103396306e-05, 4.035516535104829e-05, 4.048232613597288e-05, 4.0609486920897466e-05, 4.143603202290728e-05, 4.308912222692691e-05, 4.2898381049540034e-05, 4.283480065707774e-05, 4.32162830118515e-05, 4.391566732893673e-05, 4.499653400079571e-05, 4.467863203848425e-05, 4.525085557064489e-05, 4.5950239887730115e-05, 4.6649624204815345e-05, 4.684036538220222e-05, 4.734900852190057e-05, 4.7857651661598916e-05, 4.849345558622185e-05, 4.842987519375956e-05, 4.9002098725920196e-05, 4.9828643827930007e-05, 5.078234971486441e-05, 5.0973090892251294e-05, 5.0909510499789e-05, 5.103667128471359e-05, 5.2117537956572574e-05, 5.2880502666120095e-05, 5.3198404628431565e-05, 5.38342085530545e-05, 5.434285169275284e-05, 5.47879144399889e-05, 5.510581640230036e-05, 5.5487298757074126e-05, 5.574162032692329e-05, 5.6377424251546226e-05, 5.733113013848063e-05, 5.758545170832981e-05, 5.809409484802815e-05, 5.815767524049045e-05, 5.8729898772651084e-05, 5.892063995003797e-05, 6.012866740682154e-05, 5.993792622943466e-05, 6.089163211636906e-05, 6.089163211636906e-05, 6.24175615354641e-05, 6.184533800330346e-05, 6.298978506762475e-05, 6.298978506762475e-05, 6.407065173948374e-05, 6.34348478148608e-05, 6.457929487918209e-05, 6.464287527164437e-05, 6.591448312089024e-05, 6.597806351335255e-05, 6.661386743797547e-05, 6.705893018521152e-05, 6.782189489475904e-05, 6.782189489475904e-05, 6.871202038923116e-05, 6.902992235154262e-05, 6.934782431385409e-05, 6.992004784601473e-05, 7.068301255556225e-05, 7.068301255556225e-05, 7.138239687264747e-05, 7.144597726510977e-05, 7.163671844249665e-05, 7.201820079727041e-05, 7.271758511435564e-05, 7.367129100129003e-05, 7.335338903897856e-05, 7.411635374852608e-05, 7.443425571083755e-05, 7.519722042038509e-05, 7.500647924299821e-05, 7.589660473747031e-05, 7.646882826963094e-05, 7.710463219425388e-05, 7.685031062440471e-05, 7.716821258671618e-05, 7.812191847365058e-05, 7.863056161334892e-05, 7.875772239827352e-05, 7.907562436058499e-05, 7.977500867767021e-05, 7.990216946259479e-05, 8.066513417214231e-05, 8.041081260229314e-05, 8.155525966661442e-05, 8.212748319877507e-05, 8.17460008440013e-05, 8.263612633847341e-05, 8.2763287123398e-05, 8.390773418771928e-05, 8.346267144048322e-05, 8.37169930103324e-05, 8.486144007465368e-05, 8.524292242942745e-05, 8.511576164450285e-05, 8.54972439992766e-05, 8.613304792389955e-05, 8.721391459575854e-05, 8.746823616560771e-05, 8.740465577314541e-05, 8.772255773545688e-05, 8.804045969776835e-05, 8.835836166007982e-05, 8.810404009023065e-05, 8.95028087244011e-05, 8.962996950932569e-05, 9.013861264902404e-05, 9.001145186409944e-05, 9.052009500379779e-05, 9.115589892842073e-05, 9.160096167565678e-05, 9.179170285304366e-05, 9.172812246058136e-05, 9.255466756259118e-05, 9.293614991736495e-05, 9.312689109475182e-05, 9.312689109475182e-05, 9.414417737414852e-05, 9.446207933645999e-05, 9.43349185515354e-05, 9.490714208369604e-05, 9.560652640078126e-05, 9.560652640078126e-05, 9.63059107178665e-05, 9.586084797063045e-05, 9.63059107178665e-05, 9.71960362123386e-05, 9.694171464248942e-05, 9.795900092188612e-05, 9.814974209927301e-05, 9.82133224917353e-05, 9.865838523897134e-05, 9.884912641635823e-05, 9.935776955605658e-05, 9.973925191083035e-05, 0.00010037505583545327, 0.00010018431465806641, 0.00010018431465806641, 0.00010113802054500078, 0.00010088369897515162, 0.00010113802054500078, 0.00010158308329223684, 0.00010247320878670896, 0.00010215530682439749, 0.00010279111074902041, 0.00010298185192640732, 0.00010266394996409585, 0.00010317259310379418, 0.00010329975388871877, 0.00010355407545856795, 0.00010463494213042692, 0.00010444420095304006, 0.0001049528440927384, 0.00010463494213042692, 0.00010539790683997446, 0.0001058429695872105, 0.0001058429695872105, 0.00010597013037213509, 0.00010628803233444656, 0.00010673309508168262, 0.00010673309508168262, 0.00010724173822138097, 0.00010762322057615474, 0.00010762322057615474, 0.00010730531861384327, 0.00010844976567816454, 0.00010825902450077766, 0.0001086405068555514, 0.0001086405068555514, 0.00010908556960278747, 0.0001088948284254006, 0.00010953063235002353, 0.00010933989117263664, 0.00010953063235002353, 0.00011023001666710874, 0.00010997569509725958, 0.00010959421274248581, 0.00011042075784449564, 0.00011105656176911857, 0.00011118372255404315, 0.0001107386598068071, 0.00011118372255404315, 0.00011162878530127921, 0.00011207384804851525, 0.00011137446373143004, 0.00011156520490881692, 0.00011213742844097755, 0.00011315471472037425, 0.00011264607158067591, 0.00011213742844097755, 0.00011290039315052508, 0.00011328187550529882, 0.00011309113432791196, 0.00011302755393544966, 0.00011372693825253489, 0.000114617063747007, 0.00011353619707514802, 0.00011328187550529882, 0.00011340903629022341, 0.00011499854610178075, 0.00011442632256962012, 0.00011398125982238406, 0.00011423558139223323, 0.00011518928727916763, 0.00011506212649424306, 0.000114617063747007, 0.00011512570688670536, 0.00011487138531685616, 0.00011569793041886599, 0.00011493496570931846, 0.00011563435002640369, 0.00011576151081132829, 0.00011588867159625287, 0.00011531644806409222, 0.00011601583238117746, 0.00011595225198871516, 0.00011627015395102663, 0.0001163973147359512, 0.00011582509120379057, 0.00011633373434348893, 0.00011633373434348893, 0.00011658805591333809, 0.00011671521669826267, 0.00011652447552087579, 0.00011684237748318726, 0.00011703311866057414, 0.0001166516363058004, 0.00011658805591333809, 0.00011684237748318726, 0.00011677879709072497, 0.00011684237748318726, 0.00011722385983796103, 0.00011684237748318726, 0.00011703311866057414, 0.00011671521669826267, 0.0001166516363058004, 0.0001174146010153479, 0.00011766892258519707, 0.00011696953826811186, 0.00011703311866057414, 0.0001174146010153479, 0.00011728744023042333, 0.00011722385983796103, 0.0001174781814078102, 0.0001175417618002725, 0.00011703311866057414, 0.00011690595787564956, 0.00011690595787564956, 0.00011728744023042333, 0.00011728744023042333, 0.00011703311866057414, 0.00011703311866057414, 0.00011728744023042333, 0.00011684237748318726, 0.00011671521669826267, 0.00011696953826811186, 0.00011671521669826267, 0.00011684237748318726, 0.0001174146010153479, 0.00011690595787564956, 0.00011703311866057414, 0.00011677879709072497, 0.00011677879709072497, 0.00011652447552087579, 0.00011627015395102663, 0.00011633373434348893, 0.00011671521669826267, 0.00011582509120379057, 0.00011588867159625287, 0.00011620657355856434, 0.00011588867159625287, 0.00011563435002640369, 0.00011588867159625287, 0.00011588867159625287, 0.00011538002845655452, 0.0001155707696339414, 0.00011531644806409222, 0.00011601583238117746, 0.0001155707696339414, 0.00011512570688670536, 0.0001155707696339414, 0.00011563435002640369, 0.00011518928727916763, 0.00011474422453193159, 0.00011480780492439389, 0.00011448990296208242, 0.00011429916178469553, 0.00011448990296208242, 0.00011448990296208242, 0.00011423558139223323, 0.00011366335786007259, 0.00011321829511283655, 0.00011359977746761029, 0.00011340903629022341, 0.00011353619707514802, 0.00011283681275806278, 0.00011258249118821361, 0.00011264607158067591, 0.00011251891079575131, 0.00011239175001082672, 0.00011162878530127921, 0.00011194668726359068, 0.00011169236569374151, 0.00011143804412389232, 0.00011143804412389232, 0.00011143804412389232, 0.00011137446373143004, 0.00011092940098419398, 0.0001106750794143448, 0.0001107386598068071, 0.00011092940098419398, 0.00010997569509725958, 0.00011003927548972188, 0.0001097213735274104, 0.00010997569509725958, 0.00010959421274248581, 0.00010933989117263664, 0.0001086405068555514, 0.00010914914999524976, 0.00010819544410831537, 0.00010813186371585307, 0.00010851334607062684, 0.00010838618528570224, 0.000107686800968617, 0.00010749605979123013, 0.00010743247939876783, 0.00010717815782891867, 0.00010717815782891867, 0.00010641519311937115, 0.00010558864801736133, 0.0001060972911570597, 0.00010552506762489902, 0.00010552506762489902, 0.00010457136173796463, 0.00010508000487766299, 0.00010508000487766299, 0.00010418987938319089, 0.00010387197742087942, 0.0001040627185982663, 0.00010412629899072859, 0.00010323617349625648, 0.00010272753035655812, 0.00010234604800178438, 0.00010298185192640732, 0.0001020281460394729, 0.00010190098525454831, 0.00010190098525454831, 0.00010151950289977455, 0.00010158308329223684, 0.00010069295779776474, 0.00010024789505052868, 0.00010043863622791557, 9.980283230329264e-05, 9.954851073344347e-05, 9.91034479862074e-05, 9.891270680882053e-05, 9.840406366912217e-05, 9.853122445404676e-05, 9.783184013696154e-05, 9.738677738972549e-05, 9.72596166048009e-05, 9.71960362123386e-05, 9.675097346510255e-05, 9.668739307264026e-05, 9.573368718570585e-05, 9.509788326108293e-05, 9.497072247615833e-05, 9.490714208369604e-05, 9.420775776661081e-05, 9.427133815907311e-05, 9.376269501937475e-05, 9.312689109475182e-05, 9.363553423445017e-05, 9.249108717012888e-05, 9.299973030982723e-05, 9.14738008907322e-05, 9.210960481535513e-05, 9.141022049826989e-05, 9.083799696610926e-05, 9.096515775103384e-05, 9.045651461133551e-05, 8.95028087244011e-05, 8.994787147163716e-05, 8.924848715455192e-05, 8.880342440731587e-05, 8.829478126761753e-05, 8.829478126761753e-05, 8.746823616560771e-05, 8.721391459575854e-05, 8.670527145606019e-05, 8.727749498822083e-05, 8.575156556912579e-05, 8.511576164450285e-05, 8.524292242942745e-05, 8.46706988972668e-05, 8.46071185048045e-05, 8.441637732741763e-05, 8.339909104802093e-05, 8.301760869324717e-05, 8.346267144048322e-05, 8.289044790832259e-05, 8.111019691937837e-05, 8.142809888168984e-05, 8.136451848922755e-05, 8.066513417214231e-05, 7.990216946259479e-05, 7.996574985505709e-05, 7.926636553797186e-05, 7.952068710782104e-05, 7.780401651133912e-05, 7.7994757688726e-05, 7.780401651133912e-05, 7.723179297917846e-05, 7.6913891016867e-05, 7.621450669978178e-05, 7.621450669978178e-05, 7.596018512993261e-05, 7.570586356008342e-05, 7.456141649576215e-05, 7.481573806561132e-05, 7.456141649576215e-05, 7.386203217867692e-05, 7.297190668420481e-05, 7.271758511435564e-05, 7.246326354450646e-05, 7.176387922742124e-05, 7.125523608772289e-05, 7.087375373294913e-05, 7.093733412541142e-05, 6.992004784601473e-05, 6.947498509877868e-05, 6.92206635289295e-05, 6.877560078169346e-05, 6.871202038923116e-05, 6.763115371737217e-05, 6.699534979274923e-05, 6.705893018521152e-05, 6.667744783043776e-05, 6.591448312089024e-05, 6.559658115857878e-05, 6.483361644903126e-05, 6.483361644903126e-05, 6.387991056209685e-05, 6.318052624501163e-05, 6.279904389023787e-05, 6.318052624501163e-05, 6.171817721837888e-05, 6.152743604099199e-05, 6.108237329375594e-05, 6.101879290129366e-05, 5.993792622943466e-05, 6.0065087014359255e-05, 5.9492863482198604e-05, 5.892063995003797e-05, 5.847557720280192e-05, 5.7966934063103564e-05, 5.726754974601835e-05, 5.733113013848063e-05, 5.6377424251546226e-05, 5.580520071938559e-05, 5.504223600983807e-05, 5.504223600983807e-05, 5.4724334047526606e-05, 5.389778894551679e-05, 5.357988698320532e-05, 5.313482423596927e-05, 5.2880502666120095e-05, 5.230827913395945e-05, 5.179963599426111e-05, 5.154531442441193e-05, 5.084593010732671e-05, 5.014654579024148e-05, 4.963790265054314e-05, 4.957432225808084e-05, 4.89385183334579e-05, 4.912925951084478e-05, 4.817555362391038e-05, 4.7094686952051395e-05, 4.7412588914362866e-05, 4.69675261671268e-05, 4.6013820280192405e-05, 4.525085557064489e-05, 4.518727517818259e-05, 4.4106408506323604e-05, 4.429714968371049e-05, 4.3343443796776084e-05, 4.2898381049540034e-05, 4.21989967324548e-05, 4.1690353592756456e-05, 4.0990969275671226e-05, 4.143603202290728e-05, 4.0673067313359756e-05, 4.0164424173661416e-05, 3.889281632441554e-05, 3.8702075147028665e-05, 3.863849475456637e-05, 3.781194965255656e-05, 3.762120847516968e-05, 3.730330651285821e-05, 3.634960062592381e-05, 3.6031698663612344e-05, 3.495083199175335e-05, 3.495083199175335e-05, 3.45057692445173e-05, 3.399712610481895e-05, 3.3806384927432066e-05, 3.348848296512061e-05, 3.2216875115874735e-05, 3.1771812368638685e-05, 3.132674962140263e-05, 3.126316922894033e-05, 3.075452608924199e-05, 3.0245882949543638e-05, 3.005514177215676e-05, 2.9610079024920704e-05, 2.8465631960599424e-05, 2.859279274552401e-05, 2.7194024111353553e-05, 2.7511926073665023e-05, 2.7257604503815853e-05, 2.6367479009343743e-05, 2.6113157439494566e-05, 2.5668094692258516e-05, 2.5223031945022462e-05, 2.458722802039953e-05, 2.376068291838971e-05, 2.318845938622907e-05, 2.2679816246530725e-05, 2.261623585406843e-05, 2.2171173106832378e-05, 2.1598949574671734e-05, 2.147178878974715e-05, 2.0136600548038987e-05, 2.00094397631144e-05, 1.962795740834064e-05, 1.937363583849147e-05, 1.8038447596783306e-05, 1.8229188774170186e-05, 1.7656965242009546e-05, 1.752980445708496e-05, 1.6894000532462022e-05, 1.5813133860603035e-05, 1.5622392683216155e-05, 1.5177329935980101e-05, 1.4923008366130928e-05, 1.4414365226432581e-05, 1.3587820124422765e-05, 1.3460659339498179e-05, 1.3269918162111299e-05, 1.2379792667639192e-05, 1.2189051490252312e-05, 1.174398874301626e-05, 1.13625063882425e-05, 1.0726702463619564e-05, 1.0535961286232684e-05, 9.836576969147457e-06, 9.582255399298282e-06, 9.010031867137642e-06, 8.628549512363882e-06, 8.374227942514706e-06, 6.911878915881959e-06, 7.4841024480425994e-06, 6.784718130957372e-06, 6.5939769535704915e-06, 6.5303965611082e-06, 5.5131102817115036e-06, 4.368663217390223e-06, 4.6229847872393965e-06, 3.987180862616462e-06, 3.7964396852295824e-06, 3.0334749756820612e-06, 2.5884122284460073e-06, 2.524831835983714e-06, 2.5884122284460073e-06, 1.1260632018132587e-06, 1.1260632018132587e-06, 1.2532239867378456e-06, -1.838386250802265e-08, -1.838386250802265e-08, -4.6344660974407653e-07, -1.1628309268293042e-06, -1.4807328891407712e-06, -1.6078936740653577e-06, -2.3072779911505857e-06, -2.498019168537466e-06, -2.7523407383866393e-06, -3.0702427006981065e-06, -4.023948587632507e-06, -4.341850549943974e-06, -4.659752512255442e-06, -4.659752512255442e-06, -5.486297614265256e-06, -5.35913682934067e-06, -6.249262323812777e-06, -6.694325071048832e-06, -6.885066248435712e-06, -7.457289780596351e-06, -8.15667409768158e-06, -8.15667409768158e-06, -8.856058414766806e-06, -8.919638807229101e-06, -9.746183909238913e-06, -9.491862339389741e-06, -9.873344694163502e-06, -1.0254827048937262e-05, -1.0954211366022489e-05, -1.1272113328333956e-05, -1.1907917252956891e-05, -1.1653595683107716e-05, -1.2289399607730651e-05, -1.2670881962504411e-05, -1.2925203532353586e-05, -1.3561007456976522e-05, -1.3306685887127346e-05, -1.4006070204212573e-05, -1.4069650596674869e-05, -1.432397216652404e-05, -1.5214097660996149e-05, -1.5659160408232203e-05, -1.6231383940392843e-05, -1.6040642763005963e-05, -1.654928590270431e-05, -1.705792904240266e-05, -1.7630152574563297e-05, -1.7884474144412474e-05, -1.7948054536874767e-05, -1.8202376106723937e-05, -1.9092501601196047e-05, -1.896534081627146e-05, -1.9283242778582927e-05, -1.9601144740894394e-05, -1.9855466310743568e-05, -2.0364109450441915e-05, -2.0364109450441915e-05, -2.1190654552451732e-05, -2.099991337506485e-05, -2.1381395729838612e-05, -2.125423494491402e-05, -2.2398682009235306e-05, -2.2589423186622186e-05, -2.2907325148933652e-05, -2.284374475647136e-05, -2.3543129073556586e-05, -2.3543129073556586e-05, -2.4306093783104106e-05, -2.4306093783104106e-05, -2.4242513390641813e-05, -2.494189770772704e-05, -2.494189770772704e-05, -2.494189770772704e-05, -2.5386960454963094e-05, -2.6022764379586027e-05, -2.6340666341897494e-05, -2.621350555697291e-05, -2.6340666341897494e-05, -2.742153301375648e-05, -2.704005065898272e-05, -2.754869379868107e-05, -2.7485113406218774e-05, -2.8184497723304008e-05, -2.7993756545917125e-05, -2.8629560470540058e-05, -2.8438819293153178e-05, -2.9138203610238405e-05, -2.9328944787625285e-05, -2.9138203610238405e-05, -2.9837587927323632e-05, -2.9265364395162995e-05, -2.9710427142399045e-05, -3.01554898896351e-05, -3.0346231067021982e-05, -3.0219070282097392e-05, -3.104561538410721e-05, -3.11091957765695e-05, -3.104561538410721e-05, -3.1554258523805556e-05, -3.21264820559662e-05, -3.1935740878579316e-05, -3.187216048611702e-05, -3.2889446765513713e-05, -3.238080362581537e-05, -3.30801879429006e-05, -3.244438401827766e-05, -3.3143768335362894e-05, -3.295302715797601e-05, -3.384315265244812e-05, -3.409747422229729e-05, -3.441537618460876e-05, -3.3588831082598944e-05, -3.441537618460876e-05, -3.454253696953335e-05, -3.422463500722188e-05, -3.4288215399684174e-05, -3.49875997167694e-05, -3.479685853938252e-05, -3.505118010923169e-05, -3.536908207154316e-05, -3.562340364139233e-05, -3.568698403385463e-05, -3.549624285646775e-05, -3.575056442631692e-05, -3.632278795847756e-05, -3.587772521124151e-05, -3.613204678109068e-05, -3.613204678109068e-05, -3.6577109528326735e-05, -3.644994874340215e-05, -3.6577109528326735e-05, -3.6958591883100495e-05, -3.714933306048737e-05, -3.6513529135864445e-05, -3.6895011490638205e-05, -3.753081541526114e-05, -3.721291345294967e-05, -3.708575266802508e-05, -3.7340074237874256e-05, -3.753081541526114e-05, -3.746723502279884e-05, -3.7657976200185726e-05, -3.753081541526114e-05, -3.829378012480866e-05, -3.753081541526114e-05, -3.759439580772343e-05, -3.7721556592648016e-05, -3.829378012480866e-05, -3.8484521302195536e-05, -3.753081541526114e-05, -3.823019973234637e-05, -3.759439580772343e-05, -3.8420940909733246e-05, -3.8548101694657826e-05, -3.823019973234637e-05, -3.867526247958242e-05, -3.835736051727095e-05, -3.867526247958242e-05, -3.823019973234637e-05, -3.8484521302195536e-05, -3.8548101694657826e-05, -3.873884287204471e-05, -3.829378012480866e-05, -3.8548101694657826e-05, -3.829378012480866e-05, -3.8484521302195536e-05, -3.823019973234637e-05, -3.8420940909733246e-05, -3.873884287204471e-05, -3.892958404943159e-05, -3.797587816249719e-05, -3.797587816249719e-05, -3.867526247958242e-05, -3.8484521302195536e-05, -3.8420940909733246e-05, -3.8166619339884066e-05, -3.892958404943159e-05, -3.8166619339884066e-05, -3.8039458554959486e-05, -3.8420940909733246e-05, -3.829378012480866e-05, -3.873884287204471e-05, -3.797587816249719e-05, -3.823019973234637e-05, -3.8039458554959486e-05, -3.8548101694657826e-05, -3.8548101694657826e-05, -3.746723502279884e-05, -3.8039458554959486e-05, -3.79122977700349e-05, -3.823019973234637e-05, -3.7022172275562785e-05, -3.8039458554959486e-05, -3.7276493845411966e-05, -3.721291345294967e-05, -3.759439580772343e-05, -3.708575266802508e-05, -3.6895011490638205e-05, -3.7022172275562785e-05, -3.683143109817591e-05, -3.683143109817591e-05, -3.676785070571361e-05, -3.721291345294967e-05, -3.613204678109068e-05, -3.683143109817591e-05, -3.6577109528326735e-05, -3.632278795847756e-05, -3.59413056037038e-05, -3.568698403385463e-05, -3.6195627173552975e-05, -3.555982324893004e-05, -3.543266246400545e-05, -3.543266246400545e-05, -3.524192128661857e-05, -3.517834089415628e-05, -3.49875997167694e-05, -3.4733278146920224e-05, -3.511476050169399e-05, -3.492401932430711e-05, -3.422463500722188e-05, -3.4288215399684174e-05, -3.422463500722188e-05, -3.384315265244812e-05, -3.377957225998583e-05, -3.3588831082598944e-05, -3.3588831082598944e-05, -3.3143768335362894e-05, -3.30801879429006e-05, -3.269870558812684e-05, -3.2825866373051424e-05, -3.225364284089078e-05, -3.263512519566454e-05, -3.2825866373051424e-05, -3.225364284089078e-05, -3.1554258523805556e-05, -3.187216048611702e-05, -3.1554258523805556e-05, -3.149067813134326e-05, -3.0918454599182616e-05, -3.01554898896351e-05, -3.0473391851946566e-05, -2.9837587927323632e-05, -3.0028329104710516e-05, -2.9646846749936755e-05, -2.9646846749936755e-05, -2.9456105572549872e-05, -2.9201784002700695e-05, -2.8883882040389235e-05, -2.8057336938379418e-05, -2.8629560470540058e-05, -2.8883882040389235e-05, -2.780301536853024e-05, -2.6912889874058138e-05, -2.7294372228831898e-05, -2.697647026652043e-05, -2.6785729089133547e-05, -2.6340666341897494e-05, -2.621350555697291e-05, -2.62770859494352e-05, -2.5895603594661444e-05, -2.545054084742539e-05, -2.5386960454963094e-05, -2.494189770772704e-05, -2.5005478100189333e-05, -2.4306093783104106e-05, -2.4051772213254933e-05, -2.360670946601888e-05, -2.379745064340576e-05, -2.3225227111245116e-05, -2.2780164364009066e-05, -2.2589423186622186e-05, -2.233510161677301e-05, -2.2017199654461542e-05, -2.1635717299687782e-05, -2.189003886953696e-05, -2.1381395729838612e-05, -2.099991337506485e-05, -2.0554850627828795e-05, -2.0554850627828795e-05, -2.030052905797962e-05, -1.95375643484321e-05, -1.934682317104522e-05, -1.877459963888458e-05, -1.9028921208733754e-05, -1.8138795714261647e-05, -1.8393117284110817e-05, -1.7248670219789537e-05, -1.7439411397176417e-05, -1.7185089827327247e-05, -1.686718786501578e-05, -1.635854472531743e-05, -1.635854472531743e-05, -1.5849901585619083e-05, -1.5023356483609269e-05, -1.47054545212978e-05, -1.4959776091146976e-05, -1.4387552558986334e-05, -1.3497427064514227e-05, -1.3497427064514227e-05, -1.3052364317278173e-05, -1.2798042747428998e-05, -1.2098658430343771e-05, -1.171717607557001e-05, -1.1844336860494596e-05, -1.1399274113258544e-05, -1.0954211366022489e-05, -1.0000505479088088e-05, -1.0318407441399557e-05, -1.0000505479088088e-05, -9.301121162002861e-06, -9.046799592153686e-06, -8.919638807229101e-06, -8.856058414766806e-06, -7.457289780596351e-06, -7.330128995671764e-06, -7.075807425822592e-06, -7.20296821074718e-06, -6.440003501199657e-06, -5.994940753963603e-06, -5.35913682934067e-06, -5.613458399189843e-06, -4.659752512255442e-06, -4.023948587632507e-06, -4.151109372557094e-06, -3.451725055471867e-06, -3.0702427006981065e-06, -2.3072779911505857e-06, -2.243697598688292e-06, -1.6078936740653577e-06, -1.3535721042161843e-06, -6.541877871309568e-07, -1.0992505343670106e-06, -2.727054323571963e-07, 4.266788847280312e-07, 6.174200621149115e-07, 8.71741631964085e-07, 2.0161886962853666e-06, 2.397671051059127e-06, 2.524831835983714e-06, 2.6519926209083006e-06, 3.097055368144355e-06, 3.987180862616462e-06, 4.114341647541049e-06, 4.432243609852516e-06, 5.131627926937744e-06, 5.131627926937744e-06, 5.640271066636091e-06, 6.148914206334438e-06, 6.721137738495079e-06, 7.4841024480425994e-06, 7.356941663118012e-06, 7.67484362542948e-06, 8.501388727439295e-06, 8.819290689750762e-06, 9.137192652062229e-06, 9.836576969147457e-06, 1.0218059323921217e-05, 1.0345220108845804e-05, 1.117176521085562e-05, 1.1934729920403138e-05, 1.2189051490252312e-05, 1.2570533845026072e-05, 1.3524239731960474e-05, 1.3460659339498179e-05, 1.3778561301809646e-05, 1.435078483397029e-05, 1.4923008366130928e-05, 1.536807111336698e-05, 1.6131035822914505e-05, 1.5940294645527625e-05, 1.7021161317386612e-05, 1.733906327969808e-05, 1.7466224064622666e-05, 1.8165608381707893e-05, 1.867425152140624e-05, 1.943721623095376e-05, 1.943721623095376e-05, 2.0073020155576697e-05, 2.0518082902812747e-05, 2.1153886827435684e-05, 2.1217467219897974e-05, 2.2171173106832378e-05, 2.2171173106832378e-05, 2.376068291838971e-05, 2.3252039778691365e-05, 2.376068291838971e-05, 2.4142165273163472e-05, 2.5477353514871632e-05, 2.535019272994705e-05, 2.5731675084720806e-05, 2.5668094692258516e-05, 2.6812541756579793e-05, 2.7003282933966676e-05, 2.7384765288740437e-05, 2.8402051568137134e-05, 2.8910694707835477e-05, 2.9037855492760067e-05, 2.9292177062609237e-05, 3.0118722164619055e-05, 3.113600844401575e-05, 3.1072428051553455e-05, 3.126316922894033e-05, 3.1453910406327215e-05, 3.278909864803538e-05, 3.3297741787733726e-05, 3.348848296512061e-05, 3.399712610481895e-05, 3.469651042190418e-05, 3.501441238421564e-05, 3.54594751314517e-05, 3.558663591637629e-05, 3.628602023346152e-05, 3.755762808270738e-05, 3.73668869053205e-05, 3.749404769024509e-05, 3.806627122240573e-05, 3.9846522211349946e-05, 3.9846522211349946e-05, 3.9401459464113895e-05, 4.041874574351059e-05, 4.1054549668133516e-05, 4.149961241536957e-05, 4.181751437768104e-05, 4.238973790984168e-05, 4.2898381049540034e-05, 4.3343443796776084e-05, 4.3788506544012134e-05, 4.423356929124819e-05, 4.518727517818259e-05, 4.537801635556947e-05, 4.569591831788094e-05, 4.6331722242503875e-05, 4.690394577466451e-05, 4.7094686952051395e-05, 4.7794071269136626e-05, 4.8302714408834966e-05, 4.887493794099561e-05, 4.9065679118382486e-05, 4.963790265054314e-05, 5.052802814501524e-05, 5.084593010732671e-05, 5.0909510499789e-05, 5.122741246210046e-05, 5.1736055601798814e-05, 5.2880502666120095e-05, 5.3198404628431565e-05, 5.3707047768129905e-05, 5.447001247767743e-05, 5.47879144399889e-05, 5.529655757968724e-05, 5.555087914953642e-05, 5.6377424251546226e-05, 5.6504585036470826e-05, 5.682248699878228e-05, 5.733113013848063e-05, 5.76490321007921e-05, 5.8284836025415034e-05, 5.8984220342500264e-05, 5.923854191234944e-05, 5.987434583697237e-05, 5.9747185052047784e-05, 6.101879290129366e-05, 6.0828051723906775e-05, 6.184533800330346e-05, 6.216323996561493e-05, 6.24811419279264e-05, 6.298978506762475e-05, 6.368916938470997e-05, 6.407065173948374e-05, 6.451571448671979e-05, 6.496077723395584e-05, 6.553300076611648e-05, 6.585090272842795e-05, 6.64231262605886e-05, 6.73132517550607e-05, 6.674102822290005e-05, 6.756757332490987e-05, 6.83305380344574e-05, 6.839411842691969e-05, 6.941140470631638e-05, 6.947498509877868e-05, 7.02379498083262e-05, 6.992004784601473e-05, 7.112807530279831e-05, 7.11916556952606e-05, 7.220894197465729e-05, 7.189104001234583e-05, 7.265400472189335e-05, 7.233610275958188e-05, 7.322622825405398e-05, 7.456141649576215e-05, 7.437067531837527e-05, 7.481573806561132e-05, 7.532438120530967e-05, 7.602376552239489e-05, 7.602376552239489e-05, 7.678673023194241e-05, 7.723179297917846e-05, 7.7994757688726e-05, 7.748611454902765e-05, 7.818549886611287e-05, 7.913920475304727e-05, 7.920278514550957e-05, 7.920278514550957e-05, 7.971142828520791e-05, 8.066513417214231e-05, 8.142809888168984e-05, 8.161884005907671e-05, 8.18731616289259e-05, 8.206390280631277e-05, 8.314476947817175e-05, 8.244538516108654e-05, 8.339909104802093e-05, 8.384415379525699e-05, 8.479785968219138e-05, 8.441637732741763e-05, 8.492502046711598e-05, 8.537008321435203e-05, 8.587872635405037e-05, 8.606946753143726e-05, 8.626020870882413e-05, 8.689601263344707e-05, 8.721391459575854e-05, 8.727749498822083e-05, 8.797687930530606e-05, 8.804045969776835e-05, 8.905774597716505e-05, 8.861268322992898e-05, 8.95028087244011e-05, 9.064725578872237e-05, 9.039293421887321e-05, 9.064725578872237e-05, 9.109231853595843e-05, 9.134664010580761e-05, 9.179170285304366e-05, 9.23639263852043e-05, 9.249108717012888e-05, 9.261824795505348e-05, 9.325405187967642e-05, 9.344479305706329e-05, 9.420775776661081e-05, 9.446207933645999e-05, 9.490714208369604e-05, 9.535220483093209e-05, 9.54157852233944e-05, 9.554294600831898e-05, 9.62423303254042e-05, 9.63059107178665e-05, 9.662381268017797e-05, 9.732319699726319e-05, 9.738677738972549e-05, 9.80861617068107e-05, 9.789542052942383e-05, 9.834048327665987e-05, 9.840406366912217e-05, 9.884912641635823e-05, 9.954851073344347e-05, 9.9230608771132e-05, 9.91034479862074e-05, 0.0001000571538731418, 0.00010062937740530245, 0.00010075653819022704, 0.00010094727936761392, 0.00010094727936761392, 0.00010145592250731225, 0.00010253678917917125, 0.00010234604800178438, 0.00010272753035655812, 0.00010266394996409585, 0.00010291827153394502, 0.00010342691467364335, 0.00010368123624349253, 0.00010387197742087942, 0.00010393555781334169, 0.00010438062056057775, 0.0001048892637002761, 0.00010469852252288922, 0.00010508000487766299, 0.00010565222840982363, 0.00010577938919474823, 0.00010635161272690886, 0.0001058429695872105, 0.00010616087154952196, 0.00010749605979123013, 0.00010743247939876783, 0.00010705099704399407, 0.00010762322057615474, 0.000107686800968617, 0.00010819544410831537, 0.00010794112253846619, 0.00010813186371585307, 0.00010832260489323995, 0.0001086405068555514, 0.00010857692646308913, 0.00010965779313494811, 0.00010997569509725958, 0.00010965779313494811, 0.00011029359705957104, 0.0001097849539198727, 0.00011010285588218417, 0.00011042075784449564, 0.00011029359705957104, 0.00011118372255404315, 0.00011086582059173168, 0.00011175594608620378, 0.00011124730294650545, 0.00011086582059173168, 0.00011150162451635462, 0.00011239175001082672, 0.00011175594608620378, 0.00011239175001082672, 0.00011239175001082672, 0.00011277323236560049, 0.00011245533040328902, 0.00011296397354298738, 0.00011290039315052508, 0.00011328187550529882, 0.00011379051864499718, 0.00011334545589776112, 0.00011379051864499718, 0.00011417200099977095, 0.00011429916178469553, 0.00011404484021484636, 0.00011423558139223323, 0.00011474422453193159, 0.00011493496570931846, 0.00011442632256962012, 0.0001146806441394693, 0.00011544360884901682, 0.00011531644806409222, 0.00011487138531685616, 0.00011563435002640369, 0.00011518928727916763, 0.0001155707696339414, 0.00011588867159625287, 0.0001155707696339414, 0.00011601583238117746, 0.00011563435002640369, 0.00011633373434348893, 0.00011588867159625287, 0.00011601583238117746, 0.00011607941277363976, 0.00011652447552087579, 0.00011607941277363976, 0.00011633373434348893, 0.00011696953826811186, 0.0001163973147359512, 0.00011658805591333809, 0.0001163973147359512, 0.00011696953826811186, 0.00011671521669826267, 0.00011703311866057414, 0.00011677879709072497, 0.00011728744023042333, 0.00011703311866057414, 0.00011728744023042333, 0.00011696953826811186, 0.0001174146010153479, 0.0001174146010153479, 0.00011703311866057414, 0.0001166516363058004, 0.00011703311866057414, 0.00011703311866057414, 0.00011722385983796103, 0.00011703311866057414, 0.00011766892258519707, 0.00011677879709072497, 0.00011728744023042333, 0.00011766892258519707, 0.00011722385983796103, 0.00011722385983796103, 0.00011696953826811186, 0.00011696953826811186, 0.00011677879709072497, 0.00011684237748318726, 0.00011684237748318726, 0.00011703311866057414, 0.00011703311866057414, 0.00011696953826811186, 0.00011671521669826267, 0.00011671521669826267, 0.00011684237748318726, 0.00011652447552087579, 0.00011671521669826267, 0.0001164608951284135, 0.00011703311866057414, 0.00011658805591333809, 0.0001163973147359512, 0.00011633373434348893, 0.00011658805591333809, 0.00011582509120379057, 0.00011627015395102663, 0.00011620657355856434, 0.00011633373434348893, 0.0001155707696339414, 0.00011563435002640369, 0.00011512570688670536, 0.00011563435002640369, 0.00011601583238117746, 0.0001155071892414791, 0.00011531644806409222, 0.00011563435002640369, 0.00011595225198871516, 0.00011493496570931846, 0.000114617063747007, 0.00011518928727916763, 0.00011493496570931846, 0.00011385409903745948, 0.000114617063747007, 0.00011442632256962012, 0.0001146806441394693, 0.00011398125982238406, 0.00011417200099977095, 0.00011359977746761029, 0.00011359977746761029, 0.00011334545589776112, 0.00011296397354298738, 0.00011283681275806278, 0.00011309113432791196, 0.00011277323236560049, 0.00011283681275806278, 0.00011239175001082672, 0.00011277323236560049, 0.00011239175001082672, 0.00011137446373143004, 0.00011137446373143004, 0.00011188310687112837, 0.00011143804412389232, 0.00011112014216158085, 0.00011118372255404315, 0.00011080224019926938, 0.00011118372255404315, 0.0001106750794143448, 0.00011023001666710874, 0.0001106750794143448, 0.00011023001666710874, 0.00011003927548972188, 0.00010933989117263664, 0.00010927631078017434, 0.00010953063235002353, 0.00010902198921032517, 0.00010857692646308913, 0.00010819544410831537, 0.00010902198921032517, 0.00010794112253846619, 0.00010749605979123013, 0.00010724173822138097, 0.00010800470293092848, 0.00010743247939876783, 0.0001067966754741449, 0.0001067966754741449, 0.0001069238362590695, 0.00010666951468922033, 0.0001058429695872105, 0.00010520716566258757, 0.00010527074605504986, 0.00010514358527012528, 0.00010457136173796463, 0.00010463494213042692, 0.00010469852252288922, 0.00010393555781334169, 0.00010418987938319089, 0.00010279111074902041, 0.00010342691467364335, 0.00010272753035655812, 0.00010298185192640732, 0.00010209172643193519, 0.00010260036957163355, 0.00010183740486208602, 0.00010158308329223684, 0.00010164666368469914, 0.00010164666368469914, 0.00010094727936761392, 0.00010031147544299098, 0.00010024789505052868, 9.992999308821721e-05, 9.967567151836804e-05, 9.935776955605658e-05, 9.846764406158446e-05, 9.878554602389594e-05, 9.80861617068107e-05, 9.789542052942383e-05, 9.738677738972549e-05, 9.713245581987631e-05, 9.668739307264026e-05, 9.62423303254042e-05, 9.611516954047961e-05, 9.579726757816815e-05, 9.554294600831898e-05, 9.490714208369604e-05, 9.509788326108293e-05, 9.43349185515354e-05, 9.420775776661081e-05, 9.376269501937475e-05, 9.369911462691247e-05, 9.325405187967642e-05, 9.230034599274202e-05, 9.223676560027971e-05, 9.179170285304366e-05, 9.223676560027971e-05, 9.15373812831945e-05, 9.134664010580761e-05, 8.988429107917486e-05, 9.007503225656174e-05, 8.975713029425027e-05, 8.982071068671257e-05, 8.880342440731587e-05, 8.873984401485358e-05, 8.886700479977817e-05, 8.75953969505323e-05, 8.721391459575854e-05, 8.734107538068313e-05, 8.695959302590936e-05, 8.676885184852249e-05, 8.575156556912579e-05, 8.537008321435203e-05, 8.575156556912579e-05, 8.486144007465368e-05, 8.397131458018157e-05, 8.390773418771928e-05, 8.409847536510616e-05, 8.37169930103324e-05, 8.2763287123398e-05, 8.263612633847341e-05, 8.18731616289259e-05, 8.18731616289259e-05, 8.066513417214231e-05, 8.123735770430295e-05, 7.996574985505709e-05, 8.07922949570669e-05, 7.952068710782104e-05, 7.920278514550957e-05, 7.901204396812269e-05, 7.837624004349975e-05, 7.78675969038014e-05, 7.735895376410307e-05, 7.716821258671618e-05, 7.716821258671618e-05, 7.596018512993261e-05, 7.557870277515884e-05, 7.557870277515884e-05, 7.532438120530967e-05, 7.39891929636015e-05, 7.392561257113922e-05, 7.392561257113922e-05, 7.31626478615917e-05, 7.278116550681793e-05, 7.201820079727041e-05, 7.201820079727041e-05, 7.163671844249665e-05, 7.106449491033602e-05, 7.055585177063766e-05, 7.01743694158639e-05, 6.947498509877868e-05, 6.928424392139179e-05, 6.839411842691969e-05, 6.807621646460822e-05, 6.782189489475904e-05, 6.718609097013612e-05, 6.699534979274923e-05, 6.616880469073941e-05, 6.667744783043776e-05, 6.553300076611648e-05, 6.489719684149356e-05, 6.489719684149356e-05, 6.438855370179521e-05, 6.34348478148608e-05, 6.318052624501163e-05, 6.273546349777558e-05, 6.235398114300181e-05, 6.197249878822804e-05, 6.146385564852971e-05, 6.089163211636906e-05, 6.070089093898219e-05, 6.0065087014359255e-05, 5.917496151988714e-05, 5.8984220342500264e-05, 5.847557720280192e-05, 5.803051445556587e-05, 5.758545170832981e-05, 5.77126124932544e-05, 5.6631745821395406e-05, 5.631384385908394e-05, 5.504223600983807e-05, 5.5487298757074126e-05, 5.453359287013972e-05, 5.434285169275284e-05, 5.357988698320532e-05, 5.307124384350698e-05, 5.2880502666120095e-05, 5.205395756411028e-05, 5.154531442441193e-05, 5.103667128471359e-05, 5.0655188929939824e-05, 4.98922242203923e-05, 4.98922242203923e-05, 4.9002098725920196e-05, 4.9002098725920196e-05, 4.8620616371146436e-05, 4.773049087667433e-05, 4.6649624204815345e-05, 4.7094686952051395e-05, 4.7031106559589105e-05, 4.575949871034323e-05, 4.550517714049406e-05, 4.499653400079571e-05, 4.493295360833342e-05, 4.347060458170067e-05, 4.3407024189238374e-05, 4.308912222692691e-05, 4.308912222692691e-05, 4.21989967324548e-05, 4.118171045305811e-05, 4.0990969275671226e-05, 4.080022809828435e-05, 4.041874574351059e-05, 3.9465039856576185e-05, 3.8702075147028665e-05, 3.9019977109340135e-05, 3.8320592792254905e-05, 3.749404769024509e-05, 3.698540455054674e-05, 3.6921824158084444e-05, 3.660392219577298e-05, 3.520515356160253e-05, 3.482367120682877e-05, 3.431502806713042e-05, 3.431502806713042e-05, 3.386996531989437e-05, 3.310700061034684e-05, 3.2598357470648496e-05, 3.247119668572391e-05, 3.1771812368638685e-05, 3.075452608924199e-05, 3.0245882949543638e-05, 3.06273653043174e-05, 2.9355757455071534e-05, 2.9355757455071534e-05, 2.8465631960599424e-05, 2.87199535304486e-05, 2.7702667251051903e-05, 2.7257604503815853e-05, 2.6876122149042086e-05, 2.6494639794268326e-05, 2.592241626210769e-05, 2.5477353514871632e-05, 2.496871037517329e-05, 2.407858488070118e-05, 2.3697102525927422e-05, 2.3506361348540538e-05, 2.2934137816379898e-05, 2.261623585406843e-05, 2.2107592714370084e-05, 2.1980431929445498e-05, 2.1153886827435684e-05, 2.0772404472661924e-05, 2.0581663295275044e-05, 1.943721623095376e-05, 1.905573387618e-05, 1.848351034401936e-05, 1.8610671128943946e-05, 1.8229188774170186e-05, 1.772054563447184e-05, 1.7402643672160372e-05, 1.6512518177688262e-05, 1.5940294645527625e-05, 1.6131035822914505e-05, 1.5113749543517808e-05, 1.4414365226432581e-05, 1.4096463264121114e-05, 1.3206337769649007e-05, 1.3142757377186714e-05, 1.2634114237488367e-05, 1.2570533845026072e-05, 1.1680408350553965e-05, 1.0726702463619564e-05, 1.1235345603317911e-05, 1.0599541678694976e-05, 1.0281639716383509e-05, 9.073612259599933e-06, 9.327933829449109e-06, 8.310647550052415e-06, 7.992745587740946e-06, 7.5476828405048945e-06, 6.975459308344252e-06, 6.975459308344252e-06, 6.33965538372132e-06, 5.449529889249211e-06, 5.576690674173798e-06, 5.5131102817115036e-06, 4.49582400231481e-06, 4.177922040003342e-06, 3.9236004701541695e-06, 2.9698945832197674e-06, 2.5884122284460073e-06, 2.7791534058328874e-06, 2.334090658596834e-06, 1.4439651641247257e-06, 1.1896435942755523e-06, 4.902592771903246e-07, 6.81000454577205e-07, -1.838386250802265e-08, -5.2702700220637e-07, -7.813485720555435e-07, -1.4807328891407712e-06, -1.6714740665276513e-06, -1.6714740665276513e-06, -2.3072779911505857e-06, -3.0702427006981065e-06, -3.769627017783334e-06, -3.769627017783334e-06, -4.278270157481682e-06, -4.5961721197931484e-06, -4.659752512255442e-06, -5.422717221802962e-06, -5.8677799690390165e-06, -6.12210153888819e-06, -5.994940753963603e-06, -7.393709388134059e-06, -7.0122270333602995e-06, -7.902352527832407e-06, -8.22025449014387e-06, -8.665317237379926e-06, -9.301121162002861e-06, -9.237540769540566e-06, -9.555442731852033e-06, -1.0191246656474968e-05, -1.0509148618786437e-05, -1.0890630973560197e-05, -1.0954211366022489e-05, -1.171717607557001e-05, -1.1844336860494596e-05, -1.2480140785117531e-05, -1.2352980000192946e-05, -1.3115944709740466e-05, -1.3243105494665053e-05, -1.3942489811750282e-05, -1.3370266279589638e-05, -1.4769034913760095e-05, -1.508693687607156e-05, -1.540483883838303e-05, -1.5849901585619083e-05, -1.5913481978081376e-05, -1.6485705510242016e-05, -1.654928590270431e-05, -1.7248670219789537e-05, -1.7630152574563297e-05, -1.7757313359487887e-05, -1.8075215321799354e-05, -1.8011634929337057e-05, -1.8329536891648527e-05, -1.934682317104522e-05, -1.95375643484321e-05, -1.934682317104522e-05, -1.9601144740894394e-05, -2.0236948665517328e-05, -2.0745591805215675e-05, -2.068201141275338e-05, -2.106349376752714e-05, -2.169929769215008e-05, -2.189003886953696e-05, -2.189003886953696e-05, -2.2207940831848425e-05, -2.24622624016976e-05, -2.3098066326320533e-05, -2.3225227111245116e-05, -2.3352387896169706e-05, -2.3543129073556586e-05, -2.4242513390641813e-05, -2.4623995745415573e-05, -2.4751156530340163e-05, -2.4687576137877863e-05, -2.570486241727456e-05, -2.570486241727456e-05, -2.5259799670038507e-05, -2.608634477204832e-05, -2.6022764379586027e-05, -2.621350555697291e-05, -2.697647026652043e-05, -2.793017615345483e-05, -2.704005065898272e-05, -2.8184497723304008e-05, -2.7485113406218774e-05, -2.8184497723304008e-05, -2.8502399685615468e-05, -2.8629560470540058e-05, -2.8756721255464645e-05, -2.8883882040389235e-05, -2.939252518008758e-05, -2.9456105572549872e-05, -2.9519685965012165e-05, -2.9646846749936755e-05, -2.9964748712248222e-05, -3.0219070282097392e-05, -3.060055263687115e-05, -3.149067813134326e-05, -3.072771342179574e-05, -3.0791293814258036e-05, -3.1236356561494086e-05, -3.129993695395638e-05, -3.21264820559662e-05, -3.238080362581537e-05, -3.257154480320225e-05, -3.263512519566454e-05, -3.2825866373051424e-05, -3.295302715797601e-05, -3.250796441073995e-05, -3.339808990521207e-05, -3.346167029767436e-05, -3.339808990521207e-05, -3.371599186752353e-05, -3.371599186752353e-05, -3.3970313437372704e-05, -3.4033893829834994e-05, -3.441537618460876e-05, -3.4733278146920224e-05, -3.505118010923169e-05, -3.517834089415628e-05, -3.511476050169399e-05, -3.492401932430711e-05, -3.562340364139233e-05, -3.562340364139233e-05, -3.562340364139233e-05, -3.587772521124151e-05, -3.613204678109068e-05, -3.59413056037038e-05, -3.59413056037038e-05, -3.575056442631692e-05, -3.664068992078903e-05, -3.644994874340215e-05, -3.6577109528326735e-05, -3.638636835093985e-05, -3.644994874340215e-05, -3.721291345294967e-05, -3.6895011490638205e-05, -3.7276493845411966e-05, -3.7721556592648016e-05, -3.7721556592648016e-05, -3.7276493845411966e-05, -3.6895011490638205e-05, -3.753081541526114e-05, -3.7721556592648016e-05, -3.79122977700349e-05, -3.676785070571361e-05, -3.7721556592648016e-05, -3.79122977700349e-05, -3.867526247958242e-05, -3.7785136985110306e-05, -3.78487173775726e-05, -3.823019973234637e-05, -3.79122977700349e-05, -3.78487173775726e-05, -3.79122977700349e-05, -3.899316444189388e-05, -3.829378012480866e-05, -3.823019973234637e-05, -3.8166619339884066e-05, -3.873884287204471e-05, -3.873884287204471e-05, -3.8548101694657826e-05, -3.759439580772343e-05, -3.867526247958242e-05, -3.8548101694657826e-05, -3.892958404943159e-05, -3.8420940909733246e-05, -3.8866003656969296e-05, -3.873884287204471e-05, -3.8484521302195536e-05, -3.8166619339884066e-05, -3.8548101694657826e-05, -3.873884287204471e-05, -3.8166619339884066e-05, -3.8484521302195536e-05, -3.8420940909733246e-05, -3.8166619339884066e-05, -3.873884287204471e-05, -3.829378012480866e-05, -3.861168208712012e-05, -3.823019973234637e-05, -3.8484521302195536e-05, -3.797587816249719e-05, -3.8166619339884066e-05, -3.78487173775726e-05, -3.8420940909733246e-05, -3.8420940909733246e-05, -3.78487173775726e-05, -3.8166619339884066e-05, -3.861168208712012e-05, -3.7785136985110306e-05, -3.759439580772343e-05, -3.753081541526114e-05, -3.78487173775726e-05, -3.746723502279884e-05, -3.753081541526114e-05, -3.7785136985110306e-05, -3.7022172275562785e-05, -3.714933306048737e-05, -3.708575266802508e-05, -3.7340074237874256e-05, -3.714933306048737e-05, -3.6577109528326735e-05, -3.664068992078903e-05, -3.676785070571361e-05, -3.613204678109068e-05, -3.664068992078903e-05, -3.6195627173552975e-05, -3.625920756601527e-05, -3.6195627173552975e-05, -3.632278795847756e-05, -3.575056442631692e-05, -3.587772521124151e-05, -3.5814144818779215e-05, -3.530550167908087e-05, -3.505118010923169e-05, -3.536908207154316e-05, -3.517834089415628e-05, -3.479685853938252e-05, -3.511476050169399e-05, -3.492401932430711e-05, -3.4669697754457934e-05, -3.4351795792146464e-05, -3.409747422229729e-05, -3.3970313437372704e-05, -3.384315265244812e-05, -3.3525250690136654e-05, -3.3588831082598944e-05, -3.3652411475061234e-05, -3.333450951274977e-05, -3.3143768335362894e-05, -3.238080362581537e-05, -3.269870558812684e-05, -3.244438401827766e-05, -3.21264820559662e-05, -3.129993695395638e-05, -3.180858009365473e-05, -3.1617838916267846e-05, -3.168141930873014e-05, -3.0346231067021982e-05, -3.0854874206720326e-05, -3.0536972244408856e-05, -3.0536972244408856e-05, -2.9710427142399045e-05, -3.0536972244408856e-05, -3.0028329104710516e-05, -2.9646846749936755e-05, -2.9138203610238405e-05, -2.8629560470540058e-05, -2.9138203610238405e-05, -2.8883882040389235e-05, -2.869314086300235e-05, -2.793017615345483e-05, -2.8057336938379418e-05, -2.7294372228831898e-05, -2.7612274191143365e-05, -2.7103631051445014e-05, -2.697647026652043e-05, -2.6849309481595844e-05, -2.659498791174667e-05, -2.5895603594661444e-05, -2.621350555697291e-05, -2.5895603594661444e-05, -2.53233800625008e-05, -2.5132638885113923e-05, -2.4242513390641813e-05, -2.4687576137877863e-05, -2.456041535295328e-05, -2.4051772213254933e-05, -2.3225227111245116e-05, -2.3098066326320533e-05, -2.3098066326320533e-05, -2.2780164364009066e-05, -2.214436043938613e-05, -2.214436043938613e-05, -2.214436043938613e-05, -2.1444976122300902e-05, -2.176287808461237e-05, -2.0936332982602555e-05, -2.099991337506485e-05, -2.0364109450441915e-05, -2.0046207488130448e-05, -1.934682317104522e-05, -1.934682317104522e-05, -1.9219662386120634e-05, -1.8647438853959994e-05, -1.8265956499186234e-05, -1.7948054536874767e-05, -1.8265956499186234e-05, -1.6994348649940363e-05, -1.7248670219789537e-05, -1.6803607472553483e-05, -1.6040642763005963e-05, -1.6040642763005963e-05, -1.559558001576991e-05, -1.559558001576991e-05, -1.5214097660996149e-05, -1.432397216652404e-05, -1.3751748634363402e-05, -1.3370266279589638e-05, -1.3942489811750282e-05, -1.2861623139891293e-05, -1.241656039265524e-05, -1.241656039265524e-05, -1.2098658430343771e-05, -1.1653595683107716e-05, -1.1335693720796249e-05, -1.0445568226324142e-05, -1.0763470188635609e-05, -9.936925086625793e-06, -1.0000505479088088e-05, -9.619023124314328e-06, -9.619023124314328e-06, -8.919638807229101e-06, -8.856058414766806e-06, -7.520870173058644e-06, -7.330128995671764e-06, -7.139387818284884e-06, -6.757905463511124e-06, -6.376423108737364e-06, -5.8677799690390165e-06, -5.74061918411443e-06, -5.35913682934067e-06, -4.659752512255442e-06, -4.5961721197931484e-06, -4.405430942406268e-06, -4.023948587632507e-06, -3.0702427006981065e-06, -2.1801172062259986e-06, -2.1801172062259986e-06, -1.798634851452238e-06, -1.6714740665276513e-06, -7.813485720555435e-07, -6.541877871309568e-07, -8.196425497031607e-08, 4.902592771903246e-07, 8.081612395017916e-07, 1.1896435942755523e-06, 1.316804379200139e-06, 1.9526083038230732e-06, 2.0161886962853666e-06, 2.715573013370594e-06, 3.0334749756820612e-06, 3.9236004701541695e-06, 3.7328592927672886e-06, 4.6229847872393965e-06, 5.131627926937744e-06, 5.7038514590983845e-06, 5.767431851560678e-06, 6.212494598796732e-06, 7.229780878193427e-06, 7.166200485731132e-06, 7.293361270655719e-06, 8.119906372665535e-06, 8.628549512363882e-06, 8.628549512363882e-06, 9.327933829449109e-06, 9.900157361609749e-06, 1.0345220108845804e-05, 1.1044604425931031e-05, 1.1108184818393324e-05, 1.1807569135478551e-05, 1.2189051490252312e-05, 1.2570533845026072e-05, 1.2570533845026072e-05, 1.3778561301809646e-05, 1.403288287165882e-05, 1.4605106403819461e-05, 1.4414365226432581e-05, 1.5177329935980101e-05, 1.6003875037989915e-05, 1.6321777000301385e-05, 1.6448937785225972e-05, 1.7021161317386612e-05, 1.778412602693413e-05, 1.8356349559094773e-05, 1.867425152140624e-05, 1.924647505356688e-05, 1.981869858572752e-05, 2.0263761332963577e-05, 2.0263761332963577e-05, 2.0899565257586507e-05, 2.166252996713403e-05, 2.242549467668155e-05, 2.2298333891756964e-05, 2.2934137816379898e-05, 2.3824263310852005e-05, 2.420574566562577e-05, 2.420574566562577e-05, 2.4905129982710996e-05, 2.541377312240934e-05, 2.57952554771831e-05, 2.630389861688145e-05, 2.6812541756579793e-05, 2.7321184896278143e-05, 2.782982803597649e-05, 2.8147729998287957e-05, 2.8529212353061717e-05, 2.9419337847533828e-05, 2.9800820202307588e-05, 3.075452608924199e-05, 3.0690945696779695e-05, 3.094526726662887e-05, 3.2153294723412445e-05, 3.170823197617639e-05, 3.234403590079932e-05, 3.240761629326161e-05, 3.393354571235666e-05, 3.4060706497281246e-05, 3.431502806713042e-05, 3.501441238421564e-05, 3.5395894738989403e-05, 3.5777377093763164e-05, 3.6540341803310684e-05, 3.6921824158084444e-05, 3.762120847516968e-05, 3.793911043748114e-05, 3.857491436210408e-05, 3.921071828672701e-05, 3.959220064150077e-05, 3.9910102603812235e-05, 4.0291584958585996e-05, 4.073664770582206e-05, 4.149961241536957e-05, 4.156319280783187e-05, 4.283480065707774e-05, 4.2898381049540034e-05, 4.359776536662526e-05, 4.429714968371049e-05, 4.455147125355966e-05, 4.467863203848425e-05, 4.544159674803177e-05, 4.588665949526782e-05, 4.6395302634966165e-05, 4.7094686952051395e-05, 4.7539749699287446e-05, 4.842987519375956e-05, 4.8302714408834966e-05, 4.849345558622185e-05, 4.970148304300542e-05, 4.98922242203923e-05, 4.99558046128546e-05, 5.040086736009066e-05, 5.0909510499789e-05, 5.154531442441193e-05, 5.2499020311346334e-05, 5.256260070380863e-05, 5.307124384350698e-05, 5.3707047768129905e-05, 5.402494973044137e-05, 5.466075365506431e-05, 5.504223600983807e-05, 5.580520071938559e-05, 5.574162032692329e-05, 5.6186683074159356e-05, 5.726754974601835e-05, 5.7966934063103564e-05, 5.752187131586751e-05, 5.85391575952642e-05, 5.9047800734962554e-05, 5.923854191234944e-05, 6.019224779928384e-05, 5.9747185052047784e-05, 6.070089093898219e-05, 6.178175761084118e-05, 6.152743604099199e-05, 6.165459682591659e-05, 6.311694585254933e-05, 6.311694585254933e-05, 6.362558899224769e-05, 6.356200859978538e-05, 6.477003605656896e-05, 6.521509880380503e-05, 6.553300076611648e-05, 6.616880469073941e-05, 6.667744783043776e-05, 6.750399293244757e-05, 6.756757332490987e-05, 6.801263607214593e-05, 6.82669576419951e-05, 6.852127921184427e-05, 6.992004784601473e-05, 6.902992235154262e-05, 6.998362823847703e-05, 7.068301255556225e-05, 7.157313805003436e-05, 7.087375373294913e-05, 7.176387922742124e-05, 7.259042432943104e-05, 7.297190668420481e-05, 7.290832629174251e-05, 7.322622825405398e-05, 7.437067531837527e-05, 7.437067531837527e-05, 7.519722042038509e-05, 7.551512238269654e-05, 7.564228316762114e-05, 7.640524787716866e-05, 7.646882826963094e-05, 7.710463219425388e-05, 7.754969494148993e-05, 7.856698122088664e-05, 7.850340082842434e-05, 7.856698122088664e-05, 7.920278514550957e-05, 8.002933024751937e-05, 7.971142828520791e-05, 8.060155377968003e-05, 8.104661652691608e-05, 8.142809888168984e-05, 8.098303613445378e-05, 8.257254594601112e-05, 8.2763287123398e-05, 8.238180476862423e-05, 8.314476947817175e-05, 8.37169930103324e-05, 8.378057340279469e-05, 8.435279693495533e-05, 8.454353811234221e-05, 8.524292242942745e-05, 8.575156556912579e-05, 8.626020870882413e-05, 8.670527145606019e-05, 8.670527145606019e-05, 8.676885184852249e-05, 8.75953969505323e-05, 8.829478126761753e-05, 8.829478126761753e-05, 8.835836166007982e-05, 8.988429107917486e-05, 8.969354990178797e-05, 9.013861264902404e-05, 9.045651461133551e-05, 9.071083618118468e-05, 9.071083618118468e-05, 9.166454206811908e-05, 9.141022049826989e-05, 9.210960481535513e-05, 9.223676560027971e-05, 9.299973030982723e-05, 9.325405187967642e-05, 9.363553423445017e-05, 9.401701658922394e-05, 9.414417737414852e-05, 9.465282051384688e-05, 9.54157852233944e-05, 9.579726757816815e-05, 9.516146365354521e-05, 9.63059107178665e-05, 9.643307150279108e-05, 9.649665189525337e-05, 9.649665189525337e-05, 9.72596166048009e-05, 9.795900092188612e-05, 9.82769028841976e-05, 9.859480484650907e-05, 9.783184013696154e-05, 9.884912641635823e-05, 9.980283230329264e-05, 9.980283230329264e-05, 9.935776955605658e-05, 9.99935734806795e-05, 0.00010107444015253851, 0.00010094727936761392, 0.00010113802054500078, 0.00010132876172238768, 0.00010247320878670896, 0.0001020281460394729, 0.00010215530682439749, 0.00010240962839424666, 0.00010266394996409585, 0.00010304543231886959, 0.00010285469114148271, 0.00010368123624349253, 0.00010387197742087942, 0.0001048892637002761, 0.000103999138205804, 0.00010438062056057775, 0.0001049528440927384, 0.00010520716566258757, 0.00010508000487766299, 0.0001058429695872105, 0.00010628803233444656, 0.00010641519311937115, 0.00010635161272690886, 0.00010717815782891867, 0.00010673309508168262, 0.0001077503813610793, 0.00010755964018369243, 0.00010755964018369243, 0.00010813186371585307, 0.00010794112253846619, 0.00010857692646308913, 0.00010844976567816454, 0.0001087040872480137, 0.00010959421274248581, 0.00010927631078017434, 0.00010953063235002353, 0.00010902198921032517, 0.00010997569509725958, 0.00011023001666710874, 0.00011029359705957104, 0.00011042075784449564, 0.00011118372255404315, 0.00011048433823695791, 0.00011099298137665627, 0.00011143804412389232, 0.00011181952647866608, 0.00011143804412389232, 0.00011143804412389232, 0.00011201026765605298, 0.00011245533040328902, 0.00011226458922590214, 0.00011251891079575131, 0.00011239175001082672, 0.00011283681275806278, 0.00011277323236560049, 0.00011321829511283655, 0.00011302755393544966, 0.00011379051864499718, 0.00011353619707514802, 0.00011347261668268573, 0.00011436274217715783, 0.00011448990296208242, 0.00011417200099977095, 0.00011423558139223323, 0.00011429916178469553, 0.00011423558139223323, 0.0001146806441394693, 0.00011493496570931846, 0.0001146806441394693, 0.00011448990296208242, 0.00011518928727916763, 0.00011493496570931846, 0.0001155707696339414, 0.00011518928727916763, 0.00011601583238117746, 0.00011538002845655452, 0.00011582509120379057, 0.00011633373434348893, 0.00011620657355856434, 0.00011620657355856434, 0.00011620657355856434, 0.00011633373434348893, 0.00011582509120379057, 0.0001166516363058004, 0.00011614299316610203, 0.00011633373434348893, 0.00011582509120379057, 0.00011614299316610203, 0.0001164608951284135, 0.00011703311866057414, 0.00011703311866057414, 0.00011677879709072497, 0.0001166516363058004, 0.00011633373434348893, 0.00011709669905303644, 0.00011703311866057414, 0.00011703311866057414, 0.00011696953826811186, 0.00011696953826811186, 0.00011696953826811186, 0.00011696953826811186, 0.00011684237748318726, 0.00011728744023042333, 0.00011677879709072497, 0.00011703311866057414, 0.00011716027944549873, 0.00011728744023042333, 0.00011716027944549873, 0.00011671521669826267, 0.00011716027944549873, 0.00011728744023042333, 0.0001174146010153479, 0.00011696953826811186, 0.00011703311866057414, 0.00011728744023042333, 0.00011728744023042333, 0.0001166516363058004, 0.00011703311866057414, 0.00011703311866057414, 0.0001163973147359512, 0.00011684237748318726, 0.00011658805591333809, 0.00011690595787564956, 0.00011716027944549873, 0.0001163973147359512, 0.0001166516363058004, 0.00011671521669826267, 0.00011658805591333809, 0.00011607941277363976, 0.00011607941277363976, 0.00011607941277363976, 0.00011684237748318726, 0.00011614299316610203, 0.00011601583238117746, 0.00011576151081132829, 0.00011620657355856434, 0.00011601583238117746, 0.00011512570688670536, 0.00011563435002640369, 0.00011595225198871516, 0.00011582509120379057, 0.00011493496570931846, 0.00011531644806409222, 0.00011538002845655452, 0.00011493496570931846, 0.00011493496570931846, 0.000114617063747007, 0.00011525286767162993, 0.00011423558139223323, 0.00011474422453193159, 0.00011423558139223323, 0.00011423558139223323, 0.00011417200099977095, 0.00011410842060730865, 0.00011321829511283655, 0.00011353619707514802, 0.00011328187550529882, 0.00011334545589776112, 0.00011283681275806278, 0.00011309113432791196, 0.00011277323236560049, 0.00011194668726359068, 0.00011251891079575131, 0.00011258249118821361, 0.00011194668726359068, 0.00011124730294650545, 0.00011201026765605298, 0.00011181952647866608, 0.00011162878530127921, 0.00011118372255404315, 0.00011137446373143004, 0.00011080224019926938, 0.00011029359705957104, 0.00011061149902188251, 0.00011048433823695791, 0.00011003927548972188, 0.00011029359705957104, 0.00010921273038771207, 0.00010965779313494811, 0.00010902198921032517, 0.0001087040872480137, 0.00010832260489323995, 0.00010857692646308913, 0.00010844976567816454, 0.00010844976567816454, 0.00010755964018369243, 0.00010762322057615474, 0.00010755964018369243, 0.00010762322057615474, 0.00010660593429675803, 0.00010647877351183344, 0.0001067966754741449, 0.00010654235390429573, 0.00010577938919474823, 0.00010533432644751216, 0.00010552506762489902, 0.00010514358527012528, 0.0001049528440927384, 0.00010444420095304006, 0.00010431704016811545, 0.00010444420095304006, 0.00010368123624349253, 0.00010349049506610565, 0.00010355407545856795, 0.00010298185192640732, 0.00010317259310379418, 0.00010247320878670896, 0.00010196456564701061, 0.0001020281460394729, 0.00010171024407716144, 0.00010139234211484998, 0.00010107444015253851, 0.00010075653819022704, 0.00010094727936761392, 9.992999308821721e-05, 9.954851073344347e-05, 9.884912641635823e-05, 9.967567151836804e-05, 9.834048327665987e-05, 9.865838523897134e-05, 9.814974209927301e-05, 9.80861617068107e-05, 9.783184013696154e-05, 9.770467935203694e-05, 9.668739307264026e-05, 9.687813425002713e-05, 9.605158914801732e-05, 9.573368718570585e-05, 9.560652640078126e-05, 9.54157852233944e-05, 9.503430286862063e-05, 9.446207933645999e-05, 9.458924012138457e-05, 9.388985580429934e-05, 9.350837344952559e-05, 9.306331070228954e-05, 9.198244403043055e-05, 9.255466756259118e-05, 9.230034599274202e-05, 9.166454206811908e-05, 9.15373812831945e-05, 9.083799696610926e-05, 9.096515775103384e-05, 9.039293421887321e-05, 8.994787147163716e-05, 8.969354990178797e-05, 8.912132636962734e-05, 8.823120087515523e-05, 8.816762048269293e-05, 8.75953969505323e-05, 8.765897734299459e-05, 8.715033420329624e-05, 8.670527145606019e-05, 8.651453027867331e-05, 8.600588713897497e-05, 8.55608243917389e-05, 8.511576164450285e-05, 8.486144007465368e-05, 8.454353811234221e-05, 8.46071185048045e-05, 8.327193026309636e-05, 8.327193026309636e-05, 8.314476947817175e-05, 8.244538516108654e-05, 8.18731616289259e-05, 8.18095812364636e-05, 8.130093809676525e-05, 8.028365181736856e-05, 8.047439299475543e-05, 7.964784789274562e-05, 7.932994593043416e-05, 7.926636553797186e-05, 7.88213027907358e-05, 7.856698122088664e-05, 7.780401651133912e-05, 7.735895376410307e-05, 7.70410518017916e-05, 7.621450669978178e-05, 7.646882826963094e-05, 7.589660473747031e-05, 7.545154199023426e-05, 7.526080081284737e-05, 7.40527733560638e-05, 7.392561257113922e-05, 7.348054982390317e-05, 7.290832629174251e-05, 7.328980864651628e-05, 7.220894197465729e-05, 7.182745961988354e-05, 7.176387922742124e-05, 7.157313805003436e-05, 7.01743694158639e-05, 7.03015302007885e-05, 6.972930666862785e-05, 6.902992235154262e-05, 6.877560078169346e-05, 6.83305380344574e-05, 6.807621646460822e-05, 6.775831450229675e-05, 6.693176940028694e-05, 6.616880469073941e-05, 6.572374194350336e-05, 6.559658115857878e-05, 6.527867919626731e-05, 6.43249733093329e-05, 6.387991056209685e-05, 6.362558899224769e-05, 6.34984282073231e-05, 6.24811419279264e-05, 6.178175761084118e-05, 6.197249878822804e-05, 6.140027525606741e-05, 6.063731054651989e-05, 6.000150662189696e-05, 6.0255828191746125e-05, 5.987434583697237e-05, 5.885705955757567e-05, 5.803051445556587e-05, 5.76490321007921e-05, 5.77126124932544e-05, 5.726754974601835e-05, 5.5932361504310176e-05, 5.6186683074159356e-05, 5.574162032692329e-05, 5.542371836461183e-05, 5.4724334047526606e-05, 5.402494973044137e-05, 5.37706281605922e-05, 5.3198404628431565e-05, 5.2499020311346334e-05, 5.224469874149716e-05, 5.2117537956572574e-05, 5.0909510499789e-05, 5.052802814501524e-05, 5.014654579024148e-05, 4.957432225808084e-05, 4.944716147315625e-05, 4.855703597868414e-05, 4.842987519375956e-05, 4.7794071269136626e-05, 4.760333009174974e-05, 4.6395302634966165e-05, 4.652246341989075e-05, 4.588665949526782e-05, 4.569591831788094e-05, 4.467863203848425e-05, 4.455147125355966e-05, 4.4106408506323604e-05, 4.359776536662526e-05, 4.238973790984168e-05, 4.21989967324548e-05, 4.21989967324548e-05, 4.181751437768104e-05, 4.0927388883208936e-05, 4.0291584958585996e-05, 4.0228004566123706e-05, 3.959220064150077e-05, 3.876565553949096e-05, 3.825701239979261e-05, 3.825701239979261e-05, 3.755762808270738e-05, 3.711256533547133e-05, 3.6413181018386104e-05, 3.590453787868776e-05, 3.5650216308838584e-05, 3.488725159929106e-05, 3.488725159929106e-05, 3.3806384927432066e-05, 3.3742804534969776e-05, 3.310700061034684e-05, 3.266193786311079e-05, 3.1771812368638685e-05, 3.170823197617639e-05, 3.056378491185511e-05, 3.1390330013864925e-05, 3.0118722164619055e-05, 2.992798098723217e-05, 2.9292177062609237e-05, 2.87199535304486e-05, 2.795698882090108e-05, 2.7511926073665023e-05, 2.706686332642897e-05, 2.706686332642897e-05, 2.6494639794268326e-05, 2.592241626210769e-05, 2.541377312240934e-05, 2.515945155256017e-05, 2.446006723547494e-05, 2.426932605808806e-05, 2.356994174100283e-05, 2.299771820884219e-05, 2.2361914284219258e-05, 2.223475349929467e-05, 2.1535369182209444e-05, 2.0708824080199627e-05, 2.0963145650048804e-05, 2.0645243687737337e-05, 1.962795740834064e-05, 1.9119314268642293e-05, 1.9310055446029173e-05, 1.8419929951557066e-05, 1.7656965242009546e-05, 1.7593384849547252e-05, 1.6576098570150555e-05, 1.6321777000301385e-05, 1.5622392683216155e-05, 1.5431651505829275e-05, 1.5113749543517808e-05, 1.42236240490457e-05, 1.4287204441507994e-05, 1.3460659339498179e-05, 1.3142757377186714e-05, 1.2634114237488367e-05, 1.2443373060101487e-05, 1.1616827958091671e-05, 1.1044604425931031e-05, 1.0726702463619564e-05, 1.0599541678694976e-05, 9.645835791760577e-06, 9.772996576685162e-06, 8.692129904826175e-06, 8.692129904826175e-06, 7.802004410354066e-06, 7.4841024480425994e-06, 6.975459308344252e-06, 7.229780878193427e-06, 6.021753421409851e-06, 5.576690674173798e-06, 5.576690674173798e-06, 5.449529889249211e-06, 4.050761255078756e-06, 4.177922040003342e-06, 3.7328592927672886e-06, 3.414957330455822e-06, 2.906314190757474e-06, 2.5884122284460073e-06, 2.27051026613454e-06, 1.4439651641247257e-06, 1.3803847716624324e-06, 4.902592771903246e-07, -8.196425497031607e-08, 2.3593770734115096e-07, -2.0912503989490288e-07, -1.3535721042161843e-06, -1.798634851452238e-06, -1.6078936740653577e-06, -2.498019168537466e-06, -2.8159211308489326e-06, -3.1974034856226932e-06, -3.2609838780849866e-06, -3.7060466253210405e-06, -4.341850549943974e-06, -4.405430942406268e-06, -5.295556436878375e-06, -5.804199576576723e-06, -6.12210153888819e-06, -6.694325071048832e-06, -6.312842716275069e-06, -7.139387818284884e-06, -8.410995667530754e-06, -8.15667409768158e-06, -8.474576059993046e-06, -8.474576059993046e-06, -9.301121162002861e-06, -9.619023124314328e-06, -1.0191246656474968e-05, -1.0191246656474968e-05, -9.746183909238913e-06, -1.0954211366022489e-05, -1.1399274113258544e-05, -1.0954211366022489e-05, -1.2352980000192946e-05, -1.2352980000192946e-05, -1.3052364317278173e-05, -1.2861623139891293e-05, -1.3370266279589638e-05, -1.4006070204212573e-05, -1.47054545212978e-05, -1.413323098913716e-05, -1.5150517268533856e-05, -1.489619569868468e-05, -1.5913481978081376e-05, -1.635854472531743e-05, -1.6104223155468256e-05, -1.6104223155468256e-05, -1.7375831004714127e-05, -1.7439411397176417e-05, -1.7757313359487887e-05, -1.750299178963871e-05, -1.8329536891648527e-05, -1.8393117284110817e-05, -1.896534081627146e-05, -1.9473983955969808e-05, -1.9664725133356688e-05, -1.9982627095668154e-05, -2.010978788059274e-05, -2.1127074159989435e-05, -2.1127074159989435e-05, -2.169929769215008e-05, -2.1127074159989435e-05, -2.214436043938613e-05, -2.2207940831848425e-05, -2.233510161677301e-05, -2.252584279415989e-05, -2.284374475647136e-05, -2.3352387896169706e-05, -2.3733870250943466e-05, -2.3670289858481173e-05, -2.4623995745415573e-05, -2.4242513390641813e-05, -2.4433254568028693e-05, -2.5386960454963094e-05, -2.5132638885113923e-05, -2.570486241727456e-05, -2.53233800625008e-05, -2.5577701632349974e-05, -2.6340666341897494e-05, -2.6785729089133547e-05, -2.6849309481595844e-05, -2.6849309481595844e-05, -2.786659576099254e-05, -2.780301536853024e-05, -2.7612274191143365e-05, -2.7993756545917125e-05, -2.8502399685615468e-05, -2.869314086300235e-05, -2.9328944787625285e-05, -2.8883882040389235e-05, -2.9328944787625285e-05, -2.9583266357474462e-05, -2.9710427142399045e-05, -3.0028329104710516e-05]
here
